******************************************************************************
                  TI ARM Linker PC v5.2.5                      
******************************************************************************
>> Linked Fri Oct 28 15:21:42 2016

OUTPUT FILE NAME:   <Stickman_V2.out>
ENTRY POINT SYMBOL: "_c_int00"  address: 2001101d


MEMORY CONFIGURATION

         name            origin    length      used     unused   attr    fill
----------------------  --------  ---------  --------  --------  ----  --------
  SRAM_CODE             20004000   00013000  00011a70  00001590  RW X
  SRAM_DATA             20017000   00019000  0000bf03  0000d0fd  RW X


SEGMENT ALLOCATION MAP

run origin  load origin   length   init length attrs members
----------  ----------- ---------- ----------- ----- -------
20004000    20004000    00011a80   00011a80    r-x
  20004000    20004000    0000030c   0000030c    r-- .resetVecs
  20004310    20004310    0000ed2a   0000ed2a    r-x .text
  20013040    20013040    00002662   00002662    r-- .const
  200156a8    200156a8    000003d8   000003d8    r-- .cinit
20017000    20017000    00009f04   00000000    rw-
  20017000    20017000    000098df   00000000    rw- .bss
  200208e0    200208e0    00000624   00000000    rw- .data
2002e000    2002e000    00002000   00000000    rw-
  2002e000    2002e000    00002000   00000000    rw- .stack


SECTION ALLOCATION MAP

 output                                  attributes/
section   page    origin      length       input sections
--------  ----  ----------  ----------   ----------------
.init_array 
*          0    20004000    00000000     UNINITIALIZED

.resetVecs 
*          0    20004000    0000030c     
                  20004000    0000030c     app_pem4.oem4 (.resetVecs)

.text      0    20004310    0000ed2a     
                  20004310    000010a6     rtsv7M4_T_le_eabi.lib : _printfi.obj (.text)
                  200053b6    00000002                           : i_div0.obj (.text)
                  200053b8    000006e4     Effect.obj (.text)
                  20005a9c    00000590     simplelink.a : driver.obj (.text:_SlDrvMsgRead)
                  2000602c    00000544     ti_rtos.a : osi_tirtos.obj (.text)
                  20006570    00000480     rtsv7M4_T_le_eabi.lib : pow.obj (.text)
                  200069f0    00000430     sysbios.aem4 : BIOS.obj (.text:ti_sysbios_family_arm_m3_Hwi_excDumpRegs__I)
                  20006e20    0000039c     task_wifi.obj (.text)
                  200071bc    0000034c     ti.targets.arm.rtsarm.aem4 : System.oem4 (.text:xdc_runtime_System_doPrint__I)
                  20007508    00000314     sysbios.aem4 : BIOS.obj (.text:ti_sysbios_knl_Semaphore_pend__E)
                  2000781c    000002e4     rtsv7M4_T_le_eabi.lib : xlog.obj (.text)
                  20007b00    000002d4                           : trgdrv.obj (.text)
                  20007dd4    000002b4     MSGEQ7.obj (.text)
                  20008088    000002ac     APA102.obj (.text)
                  20008334    00000004     app_pem4.oem4 (.text:ti_sysbios_BIOS_RtsGateProxy_enter__E)
                  20008338    00000254     sysbios.aem4 : BIOS.obj (.text:ti_sysbios_heaps_HeapMem_free__E)
                  2000858c    00000004     app_pem4.oem4 (.text:ti_sysbios_BIOS_RtsGateProxy_leave__E)
                  20008590    00000248     sysbios.aem4 : BIOS.obj (.text:ti_sysbios_heaps_HeapMem_alloc__E)
                  200087d8    0000022c                  : BIOS.obj (.text:ti_sysbios_knl_Task_Instance_finalize__E)
                  20008a04    0000020c     Spectrum.obj (.text)
                  20008c10    00000200     sysbios.aem4 : BIOS.obj (.text:ti_sysbios_knl_Task_sleep__E)
                  20008e10    000001fc     simplelink.a : driver.obj (.text:_SlDrvRxHdrRead)
                  2000900c    000001fc     rtsv7M4_T_le_eabi.lib : xexp.obj (.text)
                  20009208    000001fc     sysbios.aem4 : BIOS.obj (.text:ti_sysbios_family_arm_m3_Hwi_excHandlerMax__I)
                  20009404    000001f4     rtsv7M4_T_le_eabi.lib : ull_div_t2.obj (.text)
                  200095f8    000001f0     Communicator.obj (.text)
                  200097e8    000001e0     simplelink.a : driver.obj (.text:_SlDrvDataReadOp)
                  200099c8    000001d0                  : driver.obj (.text:_SlDrvReleasePoolObj)
                  20009b98    000001c8     sysbios.aem4 : BIOS.obj (.text:ti_sysbios_knl_Task_Instance_init__E)
                  20009d60    000001b6     rtsv7M4_T_le_eabi.lib : fd_add_t2.obj (.text)
                  20009f16    00000002     app_pem4.oem4 (.text:ti_sysbios_BIOS_nullFunc__I)
                  20009f18    000001a0     simplelink.a : socket.obj (.text:sl_Accept)
                  2000a0b8    0000019c                  : driver.obj (.text:_SlDrvMsgWrite)
                  2000a254    00000004     app_pem4.oem4 (.text:ti_sysbios_family_arm_m3_Hwi_delete)
                  2000a258    0000019c     sysbios.aem4 : BIOS.obj (.text:ti_sysbios_knl_Task_Module_startup__E)
                  2000a3f4    00000190     simplelink.a : driver.obj (.text:_SlDrvDriverCBInit)
                  2000a584    00000190                  : driver.obj (.text:_SlDrvWaitForPoolObj)
                  2000a714    0000018c     rom_pin_mux_config.obj (.text)
                  2000a8a0    00000178     driverlib.a : prcm.obj (.text:PRCMCC3200MCUInit)
                  2000aa18    00000174     sysbios.aem4 : BIOS.obj (.text:ti_sysbios_family_arm_m3_Hwi_excBusFault__I)
                  2000ab8c    00000170     simplelink.a : driver.obj (.text:_SlFindAndSetActiveObj)
                  2000acfc    00000004     app_pem4.oem4 (.text:ti_sysbios_family_arm_m3_TaskSupport_Module__startupDone__S)
                  2000ad00    00000164     sysbios.aem4 : BIOS.obj (.text:ti_sysbios_family_arm_m3_Hwi_excUsageFault__I)
                  2000ae64    00000004     app_pem4.oem4 (.text:ti_sysbios_heaps_HeapMem_Module_GateProxy_enter__E)
                  2000ae68    00000158     sysbios.aem4 : BIOS.obj (.text:ti_sysbios_knl_Mailbox_Instance_init__E)
                  2000afc0    00000150     simplelink.a : cc_pal.obj (.text:spi_Open)
                  2000b110    0000014c                  : driver.obj (.text:_SlDrvDataWriteOp)
                  2000b25c    00000004     app_pem4.oem4 (.text:ti_sysbios_heaps_HeapMem_Module_GateProxy_leave__E)
                  2000b260    00000148     sysbios.aem4 : BIOS.obj (.text:ti_sysbios_family_arm_m3_Hwi_excMemFault__I)
                  2000b3a8    00000140                  : BIOS.obj (.text:ti_sysbios_knl_Semaphore_post__E)
                  2000b4e8    0000013c                  : BIOS.obj (.text:ti_sysbios_heaps_HeapMem_Instance_init__E)
                  2000b624    00000138     BatteryMonitor.obj (.text)
                  2000b75c    00000004     app_pem4.oem4 (.text:ti_sysbios_knl_Clock_TimerProxy_getMaxTicks__E)
                  2000b760    00000138     sysbios.aem4 : BIOS.obj (.text:ti_sysbios_family_arm_m3_Hwi_dispatchC__I)
                  2000b898    00000138     ti.targets.arm.rtsarm.aem4 : LoggerBuf.oem4 (.text:xdc_runtime_LoggerBuf_write8__E)
                  2000b9d0    00000136     rtsv7M4_T_le_eabi.lib : fd_div_t2.obj (.text)
                  2000bb06    00000002     app_pem4.oem4 (.text:xdc_runtime_Startup_reset__I)
                  2000bb08    00000134     sysbios.aem4 : BIOS.obj (.text:ti_sysbios_knl_Clock_workFunc__E)
                  2000bc3c    00000120     simplelink.a : driver.obj (.text:_SlDrvMsgReadCmdCtx)
                  2000bd5c    00000004     app_pem4.oem4 (.text:ti_sysbios_knl_Mailbox_delete)
                  2000bd60    0000011c     sysbios.aem4 : BIOS.obj (.text:ti_sysbios_knl_Swi_run__I)
                  2000be7c    00000118     simplelink.a : driver.obj (.text:_SlDrvDriverCBDeinit)
                  2000bf94    00000118                  : socket.obj (.text:sl_Send)
                  2000c0ac    00000118     ti.targets.arm.rtsarm.aem4 : Error.oem4 (.text:xdc_runtime_Error_policyDefault__E)
                  2000c1c4    00000110     BeatDetect.obj (.text)
                  2000c2d4    00000110     rtsv7M4_T_le_eabi.lib : xdscale.obj (.text)
                  2000c3e4    00000104     simplelink.a : netapp.obj (.text:_SlDrvNetAppEventHandler)
                  2000c4e8    00000100     ti.targets.arm.rtsarm.aem4 : Core-mem.oem4 (.text:xdc_runtime_Core_createObject__I)
                  2000c5e8    000000fc     rtsv7M4_T_le_eabi.lib : fd_mul_t2.obj (.text)
                  2000c6e4    000000fa                           : fs_add_t2.obj (.text)
                  2000c7de    00000002     --HOLE-- [fill = 0]
                  2000c7e0    000000f8     ti.targets.arm.rtsarm.aem4 : Startup.oem4 (.text:xdc_runtime_Startup_startMods__I)
                  2000c8d8    000000f8     app_pem4.oem4 (.text:xdc_runtime_System_printfExtend__I)
                  2000c9d0    000000f0     driverlib.a : udma.obj (.text:uDMAChannelTransferSet)
                  2000cac0    000000e8     simplelink.a : driver.obj (.text:_SlAsyncEventGenericHandler)
                  2000cba8    000000e4                  : device.obj (.text:sl_Stop)
                  2000cc8c    000000e0                  : device.obj (.text:sl_Start)
                  2000cd6c    000000dc                  : driver.obj (.text:_SlDrvClassifyRxMsg)
                  2000ce48    000000dc                  : cc_pal.obj (.text:spi_Read)
                  2000cf24    000000d4                  : driver.obj (.text:_SlDrvMsgReadSpawnCtx)
                  2000cff8    000000d4     ti.targets.arm.rtsarm.aem4 : LoggerBuf.oem4 (.text:xdc_runtime_LoggerBuf_write4__E)
                  2000d0cc    000000d0     driverlib.a : spi.obj (.text:SPITransfer32)
                  2000d19c    00000004     app_pem4.oem4 (.text:ti_sysbios_knl_Queue_destruct)
                  2000d1a0    000000d0     sysbios.aem4 : BIOS.obj (.text:ti_sysbios_family_arm_m3_Hwi_Module_startup__E)
                  2000d270    000000d0                  : m3_Hwi_asm.obj (.text:ti_sysbios_family_arm_m3_Hwi_dispatch__I)
                  2000d340    000000ce     driverlib.a : spi.obj (.text:SPITransfer16)
                  2000d40e    00000002     --HOLE-- [fill = 0]
                  2000d410    000000cc     simplelink.a : netapp.obj (.text:_sl_HandleAsync_DnsGetHostByService)
                  2000d4dc    00000004     app_pem4.oem4 (.text:ti_sysbios_knl_Semaphore_delete)
                  2000d4e0    000000cc     sysbios.aem4 : BIOS.obj (.text:ti_sysbios_knl_Task_schedule__I)
                  2000d5ac    000000cc     ti.targets.arm.rtsarm.aem4 : Core-smem.oem4 (.text:xdc_runtime_Core_constructObject__I)
                  2000d678    000000c4     simplelink.a : driver.obj (.text:_SlRemoveFromList)
                  2000d73c    000000c0                  : driver.obj (.text:_SlDrvCmdOp)
                  2000d7fc    000000c0     rtsv7M4_T_le_eabi.lib : xdint.obj (.text)
                  2000d8bc    000000be                           : xdnorm.obj (.text)
                  2000d97a    00000006     driverlib.a : utils.obj (.text:UtilsDelay)
                  2000d980    000000bc     sysbios.aem4 : BIOS.obj (.text:ti_sysbios_family_arm_m3_Hwi_excDebugMon__I)
                  2000da3c    00000004     app_pem4.oem4 (.text:ti_sysbios_knl_Semaphore_destruct)
                  2000da40    000000bc     sysbios.aem4 : BIOS.obj (.text:ti_sysbios_family_arm_m3_Hwi_excHardFault__I)
                  2000dafc    00000004     app_pem4.oem4 (.text:ti_sysbios_knl_Task_delete)
                  2000db00    000000bc     sysbios.aem4 : BIOS.obj (.text:ti_sysbios_knl_Task_startCore__E)
                  2000dbbc    000000b8     driverlib.a : spi.obj (.text:SPITransfer8)
                  2000dc74    00000004     ti.targets.arm.rtsarm.aem4 : Error.oem4 (.text:xdc_runtime_Error_getSite__E)
                  2000dc78    000000b4     sysbios.aem4 : BIOS.obj (.text:ti_sysbios_gates_GateMutex_enter__E)
                  2000dd2c    00000004     app_pem4.oem4 (.text:xdc_runtime_LoggerBuf_Module_GateProxy_enter__E)
                  2000dd30    000000b4     sysbios.aem4 : BIOS.obj (.text:ti_sysbios_knl_Task_checkStacks__E)
                  2000dde4    00000004     app_pem4.oem4 (.text:xdc_runtime_LoggerBuf_Module_GateProxy_leave__E)
                  2000dde8    000000b4     sysbios.aem4 : BIOS.obj (.text:ti_sysbios_knl_Task_yield__E)
                  2000de9c    000000b0     main.obj (.text)
                  2000df4c    00000004     app_pem4.oem4 (.text:xdc_runtime_System_Module_GateProxy_enter__E)
                  2000df50    000000ac     sysbios.aem4 : BIOS.obj (.text:ti_sysbios_knl_Swi_post__E)
                  2000dffc    000000a8     driverlib.a : interrupt.obj (.text:IntEnable)
                  2000e0a4    00000004     app_pem4.oem4 (.text:xdc_runtime_System_Module_GateProxy_leave__E)
                  2000e0a8    000000a8     sysbios.aem4 : BIOS.obj (.text:ti_sysbios_knl_Task_blockI__E)
                  2000e150    000000a8                  : BIOS.obj (.text:ti_sysbios_knl_Task_postInit__I)
                  2000e1f8    000000a2     Matrix.obj (.text)
                  2000e29a    00000002     --HOLE-- [fill = 0]
                  2000e29c    000000a0     driverlib.a : spi.obj (.text:SPIConfigSetExpClk)
                  2000e33c    000000a0     simplelink.a : driver.obj (.text:_SlDriverHandleError)
                  2000e3dc    000000a0     auto_init.aem4 : auto_init.oem4 (.text)
                  2000e47c    000000a0     ti.targets.arm.rtsarm.aem4 : Text.oem4 (.text:xdc_runtime_Text_putMod__E)
                  2000e51c    0000009c     rtsv7M4_T_le_eabi.lib : memcpy_t2.obj (.text)
                  2000e5b8    0000009c     simplelink.a : socket.obj (.text:sl_Bind)
                  2000e654    00000004     ti.targets.arm.rtsarm.aem4 : System.oem4 (.text:xdc_runtime_System_aprintf_va__F)
                  2000e658    0000009c     sysbios.aem4 : BIOS.obj (.text:ti_sysbios_knl_Semaphore_Instance_init__E)
                  2000e6f4    0000009c     ti.targets.arm.rtsarm.aem4 : LoggerBuf.oem4 (.text:xdc_runtime_LoggerBuf_setFilterLevel__E)
                  2000e790    0000009a     simplelink.a : device.obj (.text:_SlDrvDeviceEventHandler)
                  2000e82a    00000002     --HOLE-- [fill = 0]
                  2000e82c    0000009a     ti.targets.arm.rtsarm.aem4 : Text.oem4 (.text:xdc_runtime_Text_putSite__E)
                  2000e8c6    00000002     --HOLE-- [fill = 0]
                  2000e8c8    00000098     sysbios.aem4 : BIOS.obj (.text:ti_sysbios_knl_Mailbox_post__E)
                  2000e960    00000094     driverlib.a : prcm.obj (.text:PRCMPeripheralClockGet)
                  2000e9f4    00000004     ti.targets.arm.rtsarm.aem4 : System.oem4 (.text:xdc_runtime_System_printf_va__F)
                  2000e9f8    00000094     sysbios.aem4 : BIOS.obj (.text:ti_sysbios_family_arm_m3_Hwi_Instance_init__E)
                  2000ea8c    00000004     --HOLE-- [fill = 0]
                  2000ea90    00000094                  : BIOS.obj (.text:ti_sysbios_knl_Task_exit__E)
                  2000eb24    00000092     rtsv7M4_T_le_eabi.lib : fs_div_t2.obj (.text)
                  2000ebb6    00000002     --HOLE-- [fill = 0]
                  2000ebb8    00000090     simplelink.a : netapp.obj (.text:_sl_HandleAsync_DnsGetHostByName)
                  2000ec48    00000090                  : netapp.obj (.text:_sl_HandleAsync_PingResponse)
                  2000ecd8    00000090     sysbios.aem4 : BIOS.obj (.text:ti_sysbios_knl_Task_unblockI__E)
                  2000ed68    0000008c     simplelink.a : cc_pal.obj (.text:SetupDMAReceive)
                  2000edf4    0000008c                  : cc_pal.obj (.text:SetupDMASend)
                  2000ee80    0000008c                  : cc_pal.obj (.text:spi_Write)
                  2000ef0c    00000004     --HOLE-- [fill = 0]
                  2000ef10    0000008c     sysbios.aem4 : BIOS.obj (.text:ti_sysbios_knl_Mailbox_pend__E)
                  2000ef9c    00000088     driverlib.a : pin.obj (.text:PinConfigSet)
                  2000f024    00000088                 : spi.obj (.text:SPITransfer)
                  2000f0ac    00000088     simplelink.a : socket.obj (.text:sl_Recv)
                  2000f134    00000004     --HOLE-- [fill = 0]
                  2000f138    00000088     sysbios.aem4 : BIOS.obj (.text:ti_sysbios_family_arm_m3_Hwi_initNVIC__E)
                  2000f1c0    00000088                  : BIOS.obj (.text:ti_sysbios_knl_Mailbox_Module_startup__E)
                  2000f248    00000086     rtsv7M4_T_le_eabi.lib : fd_cmp_t2.obj (.text:__aeabi_cdcmple)
                  2000f2ce    00000086                           : fd_cmp_t2.obj (.text:__aeabi_cdrcmple)
                  2000f354    00000004     --HOLE-- [fill = 0]
                  2000f358    00000084     sysbios.aem4 : BIOS.obj (.text:ti_sysbios_family_arm_m3_Hwi_postInit__I)
                  2000f3dc    00000080     simplelink.a : socket.obj (.text:_sl_HandleAsync_Connect)
                  2000f45c    00000080                  : device.obj (.text:_sl_HandleAsync_InitComplete)
                  2000f4dc    00000080                  : cc_pal.obj (.text:spi_Read_CPU)
                  2000f55c    00000080                  : cc_pal.obj (.text:spi_Write_CPU)
                  2000f5dc    0000007c                  : socket.obj (.text:sl_SetSockOpt)
                  2000f658    0000007c                  : wlan.obj (.text:sl_WlanSet)
                  2000f6d4    00000004     --HOLE-- [fill = 0]
                  2000f6d8    0000007c     sysbios.aem4 : BIOS.obj (.text:ti_sysbios_family_arm_m3_TimestampProvider_get64__E)
                  2000f754    0000007a     rtsv7M4_T_le_eabi.lib : fs_mul_t2.obj (.text)
                  2000f7ce    0000007a                           : memset_t2.obj (.text)
                  2000f848    00000078     Console.obj (.text)
                  2000f8c0    00000078     simplelink.a : cc_pal.obj (.text:spi_Close)
                  2000f938    00000076     driverlib.a : uart.obj (.text:UARTConfigSetExpClk)
                  2000f9ae    00000002     --HOLE-- [fill = 0]
                  2000f9b0    00000074     ti.targets.arm.rtsarm.aem4 : LoggerBuf.oem4 (.text:xdc_runtime_LoggerBuf_getFilterLevel__E)
                  2000fa24    00000070     driverlib.a : timer.obj (.text:TimerIntRegister)
                  2000fa94    00000070     simplelink.a : socket.obj (.text:sl_Socket)
                  2000fb04    00000004     --HOLE-- [fill = 0]
                  2000fb08    00000070     sysbios.aem4 : BIOS.obj (.text:ti_sysbios_knl_Mailbox_Instance_finalize__E)
                  2000fb78    0000006d     ti.targets.arm.rtsarm.aem4 : System.oem4 (.text:xdc_runtime_System_formatNum__I)
                  2000fbe5    00000003     --HOLE-- [fill = 0]
                  2000fbe8    0000006c     simplelink.a : driver.obj (.text:_SlDrvCmdSend)
                  2000fc54    0000006c                  : netapp.obj (.text:_sl_NetAppSendTokenValue)
                  2000fcc0    0000006c     sysbios.aem4 : BIOS.obj (.text:ti_sysbios_knl_Swi_restoreHwi__E)
                  2000fd2c    0000006c     ti.targets.arm.rtsarm.aem4 : Error.oem4 (.text:xdc_runtime_Error_print__E)
                  2000fd98    0000006c                                : Memory.oem4 (.text:xdc_runtime_Memory_alloc__E)
                  2000fe04    0000006a     rtsv7M4_T_le_eabi.lib : copy_decompress_rle.obj (.text)
                  2000fe6e    00000002     --HOLE-- [fill = 0]
                  2000fe70    00000068     driverlib.a : adc.obj (.text:ADCIntEnable)
                  2000fed8    00000068     rtsv7M4_T_le_eabi.lib : trgmsg.obj (.text)
                  2000ff40    00000066                           : xdunscal.obj (.text)
                  2000ffa6    00000066     ti.targets.arm.rtsarm.aem4 : Core-mem.oem4 (.text:xdc_runtime_Core_deleteObject__I)
                  2001000c    00000064     simplelink.a : socket.obj (.text:_sl_HandleAsync_Accept)
                  20010070    00000064     app_pem4.oem4 (.text:ti_sysbios_family_arm_m3_Hwi_create)
                  200100d4    00000064     app_pem4.oem4 (.text:ti_sysbios_knl_Mailbox_create)
                  20010138    00000064     driverlib.a : udma.obj (.text:uDMAChannelAttributeDisable)
                  2001019c    00000064                 : udma.obj (.text:uDMAChannelAttributeEnable)
                  20010200    00000060     rtsv7M4_T_le_eabi.lib : fs_cmp_t2.obj (.text:__aeabi_cfcmple)
                  20010260    00000060                           : fs_cmp_t2.obj (.text:__aeabi_cfrcmple)
                  200102c0    00000060     sysbios.aem4 : BIOS.obj (.text:ti_sysbios_knl_Clock_logTick__E)
                  20010320    0000005c     driverlib.a : adc.obj (.text:ADCIntStatus)
                  2001037c    00000004     --HOLE-- [fill = 0]
                  20010380    0000005c     sysbios.aem4 : BIOS.obj (.text:ti_sysbios_knl_Swi_schedule__I)
                  200103dc    0000005c     app_pem4.oem4 (.text:ti_sysbios_knl_Task_create)
                  20010438    0000005c     app_pem4.oem4 (.text:xdc_runtime_LoggerBuf_Object__create__S)
                  20010494    0000005b     ti.targets.arm.rtsarm.aem4 : Text.oem4 (.text:xdc_runtime_Text_putLab__E)
                  200104ef    00000001     --HOLE-- [fill = 0]
                  200104f0    00000058     driverlib.a : adc.obj (.text:ADCIntClear)
                  20010548    00000058                 : interrupt.obj (.text:IntPendClear)
                  200105a0    00000058                 : prcm.obj (.text:PRCMPeripheralReset)
                  200105f8    00000058     sysbios.aem4 : BIOS.obj (.text:ti_sysbios_family_arm_m3_Timer_setPeriod__E)
                  20010650    00000056     rtsv7M4_T_le_eabi.lib : ltoa.obj (.text)
                  200106a6    00000002     --HOLE-- [fill = 0]
                  200106a8    00000054     simplelink.a : socket.obj (.text:_sl_HandleAsync_Select)
                  200106fc    00000004     --HOLE-- [fill = 0]
                  20010700    00000054     sysbios.aem4 : BIOS.obj (.text:ti_sysbios_family_arm_m3_Timer_start__E)
                  20010754    00000054     ti.targets.arm.rtsarm.aem4 : Assert.oem4 (.text:xdc_runtime_Assert_raise__I)
                  200107a8    00000050     simplelink.a : driver.obj (.text:_SlDrvRxIrqHandler)
                  200107f8    00000050                  : device.obj (.text:_sl_HandleAsync_Stop)
                  20010848    00000050                  : socket.obj (.text:sl_Listen)
                  20010898    00000050     ti.targets.arm.rtsarm.aem4 : Startup.oem4 (.text:xdc_runtime_Startup_exec__E)
                  200108e8    00000050                                : Text.oem4 (.text:xdc_runtime_Text_visitRope2__I)
                  20010938    0000004c     driverlib.a : spi.obj (.text:SPIIntEnable)
                  20010984    0000004c     simplelink.a : driver.obj (.text:_SlDrvProtectAsyncRespSetting)
                  200109d0    0000004c                  : socket.obj (.text:_sl_BuildAddress)
                  20010a1c    0000004c     rtsv7M4_T_le_eabi.lib : atoi.obj (.text)
                  20010a68    0000004c                           : cpy_tbl.obj (.text)
                  20010ab4    0000004c     sysbios.aem4 : m3_TaskSupport_asm.obj (.text:ti_sysbios_family_arm_m3_TaskSupport_buildTaskStack)
                  20010b00    0000004c                  : BIOS.obj (.text:ti_sysbios_heaps_HeapMem_getStats__E)
                  20010b4c    00000004     --HOLE-- [fill = 0]
                  20010b50    0000004c                  : BIOS.obj (.text:ti_sysbios_knl_Swi_runLoop__I)
                  20010b9c    00000004     --HOLE-- [fill = 0]
                  20010ba0    0000004c                  : BIOS.obj (.text:ti_sysbios_knl_Task_allBlockedFunction__I)
                  20010bec    0000004c     driverlib.a : udma.obj (.text:uDMAChannelAssign)
                  20010c38    00000048                 : spi.obj (.text:SPIIntClear)
                  20010c80    00000048     rtsv7M4_T_le_eabi.lib : fd_toi_t2.obj (.text)
                  20010cc8    00000048                           : fd_tos_t2.obj (.text)
                  20010d10    00000048                           : vsprintf.obj (.text)
                  20010d58    00000048     sysbios.aem4 : BIOS.obj (.text:ti_sysbios_family_arm_m3_Hwi_disableInterrupt__E)
                  20010da0    00000048                  : BIOS.obj (.text:ti_sysbios_family_arm_m3_Hwi_enableInterrupt__E)
                  20010de8    00000048                  : BIOS.obj (.text:ti_sysbios_family_arm_m3_Hwi_excReserved__I)
                  20010e30    00000048                  : m3_Hwi_asm_switch.obj (.text:ti_sysbios_family_arm_m3_Hwi_initStacks__E)
                  20010e78    00000048                  : BIOS.obj (.text:ti_sysbios_family_arm_m3_Timer_initDevice__I)
                  20010ec0    00000046     rtsv7M4_T_le_eabi.lib : fmax.obj (.text)
                  20010f06    00000046                           : ldexp.obj (.text)
                  20010f4c    00000046     ti.targets.arm.rtsarm.aem4 : Core-params.oem4 (.text:xdc_runtime_Core_assignParams__I)
                  20010f92    00000002     --HOLE-- [fill = 0]
                  20010f94    00000044     driverlib.a : spi.obj (.text:SPIDmaMaskGet)
                  20010fd8    00000044                 : timer.obj (.text:TimerConfigure)
                  2001101c    00000044     boot.aem4 : boot.oem4 (.text)
                  20011060    00000044     simplelink.a : cc_pal.obj (.text:cc_SetupTransfer)
                  200110a4    00000044     rtsv7M4_T_le_eabi.lib : exit.obj (.text)
                  200110e8    00000044                           : fd_tou_t2.obj (.text)
                  2001112c    00000044     simplelink.a : socket.obj (.text:sl_Close)
                  20011170    00000044                  : wlan.obj (.text:sl_WlanSetMode)
                  200111b4    00000004     --HOLE-- [fill = 0]
                  200111b8    00000044     sysbios.aem4 : BIOS.obj (.text:ti_sysbios_family_arm_m3_Hwi_getStackInfo__E)
                  200111fc    00000004     --HOLE-- [fill = 0]
                  20011200    00000044                  : BIOS.obj (.text:ti_sysbios_knl_Mailbox_postInit__I)
                  20011244    00000044     ti.targets.arm.rtsarm.aem4 : Error.oem4 (.text:xdc_runtime_Error_setX__E)
                  20011288    00000044                                : LoggerBuf.oem4 (.text:xdc_runtime_LoggerBuf_filterOutEvent__I)
                  200112cc    00000044                                : SysMin.oem4 (.text:xdc_runtime_SysMin_flush__E)
                  20011310    00000044                                : Text.oem4 (.text:xdc_runtime_Text_xprintf__I)
                  20011354    00000040     driverlib.a : pin.obj (.text:PinModeSet)
                  20011394    00000040     simplelink.a : driver.obj (.text:_SlDrvSyncObjWaitTimeout)
                  200113d4    00000040                  : socket.obj (.text:_sl_TruncatePayloadByProtocol)
                  20011414    00000040     rtsv7M4_T_le_eabi.lib : signal.obj (.text)
                  20011454    00000040                           : u_divt2.obj (.text)
                  20011494    00000040     simplelink.a : netapp.obj (.text:sl_NetAppStart)
                  200114d4    00000004     --HOLE-- [fill = 0]
                  200114d8    00000040     sysbios.aem4 : BIOS.obj (.text:ti_sysbios_family_arm_m3_Timer_Module_startup__E)
                  20011518    0000003e     driverlib.a : adc.obj (.text:ADCIntRegister)
                  20011556    0000003c     simplelink.a : netapp.obj (.text:CopyPingResultsToReport)
                  20011592    00000002     --HOLE-- [fill = 0]
                  20011594    0000003c     driverlib.a : prcm.obj (.text:PRCMPeripheralClkEnable)
                  200115d0    0000003c     simplelink.a : socket.obj (.text:sl_Htons)
                  2001160c    00000004     --HOLE-- [fill = 0]
                  20011610    0000003c     sysbios.aem4 : BIOS.obj (.text:ti_sysbios_family_arm_m3_Hwi_excSvCall__I)
                  2001164c    00000004     --HOLE-- [fill = 0]
                  20011650    0000003c                  : BIOS.obj (.text:ti_sysbios_heaps_HeapMem_init__I)
                  2001168c    00000004     --HOLE-- [fill = 0]
                  20011690    0000003c                  : BIOS.obj (.text:ti_sysbios_knl_Swi_startup__E)
                  200116cc    0000003c     driverlib.a : udma.obj (.text:uDMAChannelControlSet)
                  20011708    0000003a     ti.targets.arm.rtsarm.aem4 : LoggerBuf.oem4 (.text:xdc_runtime_LoggerBuf_Instance_init__E)
                  20011742    00000038     driverlib.a : adc.obj (.text:ADCChannelEnable)
                  2001177a    00000002     --HOLE-- [fill = 0]
                  2001177c    00000038     simplelink.a : cc_pal.obj (.text:NwpPowerOff)
                  200117b4    00000038     rtsv7M4_T_le_eabi.lib : fs_tod_t2.obj (.text)
                  200117ec    00000038                           : fs_toi_t2.obj (.text)
                  20011824    00000004     --HOLE-- [fill = 0]
                  20011828    00000038     sysbios.aem4 : BIOS.obj (.text:ti_sysbios_family_arm_m3_Hwi_excNoIsr__I)
                  20011860    00000038                  : BIOS.obj (.text:ti_sysbios_knl_Task_processVitalTaskFlag__I)
                  20011898    00000038     ti.targets.arm.rtsarm.aem4 : SysMin.oem4 (.text:xdc_runtime_SysMin_putch__E)
                  200118d0    00000038                                : System.oem4 (.text:xdc_runtime_System_atexit__E)
                  20011908    00000036     driverlib.a : gpio.obj (.text:GPIODirModeSet)
                  2001193e    00000002     --HOLE-- [fill = 0]
                  20011940    00000034                 : prcm.obj (.text:PRCMPeripheralStatusGet)
                  20011974    00000034                 : spi.obj (.text:SPIFIFOLevelSet)
                  200119a8    00000034     rtsv7M4_T_le_eabi.lib : feraiseexcept.obj (.text)
                  200119dc    00000034                           : fs_tou_t2.obj (.text)
                  20011a10    00000034     sysbios.aem4 : BIOS.obj (.text:ti_sysbios_family_arm_m3_Hwi_Instance_finalize__E)
                  20011a44    00000004     --HOLE-- [fill = 0]
                  20011a48    00000034                  : BIOS.obj (.text:ti_sysbios_family_arm_m3_Hwi_excNmi__I)
                  20011a7c    00000004     --HOLE-- [fill = 0]
                  20011a80    00000034                  : BIOS.obj (.text:ti_sysbios_family_arm_m3_Timer_periodicStub__I)
                  20011ab4    00000004     --HOLE-- [fill = 0]
                  20011ab8    00000034                  : BIOS.obj (.text:ti_sysbios_hal_Hwi_checkStack)
                  20011aec    00000034     app_pem4.oem4 (.text:ti_sysbios_knl_Semaphore_create)
                  20011b20    00000034     ti.targets.arm.rtsarm.aem4 : Core-label.oem4 (.text:xdc_runtime_Core_assignLabel__I)
                  20011b54    00000033                                : Text.oem4 (.text:xdc_runtime_Text_printVisFxn__I)
                  20011b87    00000001     --HOLE-- [fill = 0]
                  20011b88    00000032     sysbios.aem4 : BIOS.obj (.text:ti_sysbios_hal_Hwi_initStack)
                  20011bba    00000006     ti.targets.arm.rtsarm.aem4 : xdc_noinit.oem4 (.text:__xdc__init)
                  20011bc0    00000032     sysbios.aem4 : BIOS.obj (.text:ti_sysbios_knl_Semaphore_pendTimeout__I)
                  20011bf2    00000030     driverlib.a : pin.obj (.text:PinTypeGPIO)
                  20011c22    00000002     --HOLE-- [fill = 0]
                  20011c24    00000030                 : uart.obj (.text:UARTDisable)
                  20011c54    00000030     rtsv7M4_T_le_eabi.lib : xferaise.obj (.text)
                  20011c84    00000030     app_pem4.oem4 (.text:ti_sysbios_BIOS_atExitFunc__I)
                  20011cb4    00000004     --HOLE-- [fill = 0]
                  20011cb8    00000030     sysbios.aem4 : BIOS.obj (.text:ti_sysbios_family_arm_m3_TaskSupport_start__E)
                  20011ce8    00000030     app_pem4.oem4 (.text:ti_sysbios_gates_GateHwi_Object__create__S)
                  20011d18    00000030     app_pem4.oem4 (.text:ti_sysbios_gates_GateMutex_Object__create__S)
                  20011d48    00000030     app_pem4.oem4 (.text:ti_sysbios_heaps_HeapMem_Object__create__S)
                  20011d78    00000030     app_pem4.oem4 (.text:ti_sysbios_knl_Semaphore_construct)
                  20011da8    00000030     ti.targets.arm.rtsarm.aem4 : SysMin.oem4 (.text:xdc_runtime_SysMin_abort__E)
                  20011dd8    00000030                                : System.oem4 (.text:xdc_runtime_System_processAtExit__E)
                  20011e08    0000002e     app_pem4.oem4 (.text:malloc)
                  20011e36    0000002e     rtsv7M4_T_le_eabi.lib : i_tofd_t2.obj (.text)
                  20011e64    0000002e                           : raise.obj (.text)
                  20011e92    00000002     --HOLE-- [fill = 0]
                  20011e94    0000002c     simplelink.a : cc_pal.obj (.text:DmaSpiSwIntHandler)
                  20011ec0    0000002c     driverlib.a : prcm.obj (.text:PRCMSysResetCauseGet)
                  20011eec    0000002c     app_pem4.oem4 (.text:ti_sysbios_knl_Clock_doTick__I)
                  20011f18    0000002c     app_pem4.oem4 (.text:ti_sysbios_knl_Queue_construct)
                  20011f44    00000004     --HOLE-- [fill = 0]
                  20011f48    0000002c     sysbios.aem4 : BIOS.obj (.text:ti_sysbios_knl_Task_restore__E)
                  20011f74    0000002c     ti.targets.arm.rtsarm.aem4 : Text.oem4 (.text:xdc_runtime_Text_cordText__E)
                  20011fa0    0000002a     driverlib.a : timer.obj (.text:TimerLoadSet)
                  20011fca    0000002a     rtsv7M4_T_le_eabi.lib : xdclass.obj (.text)
                  20011ff4    0000002a     ti.targets.arm.rtsarm.aem4 : System.oem4 (.text:xdc_runtime_System_putchar__I)
                  2001201e    00000002     --HOLE-- [fill = 0]
                  20012020    00000028     driverlib.a : prcm.obj (.text:PRCMPeripheralClkDisable)
                  20012048    00000028     simplelink.a : driver.obj (.text:_SlDrvObjGlobalLockWaitForever)
                  20012070    00000028                  : driver.obj (.text:_SlDrvProtectionObjLockWaitForever)
                  20012098    00000028     sysbios.aem4 : BIOS.obj (.text:ti_sysbios_knl_Swi_Module_startup__E)
                  200120c0    00000028     ti.targets.arm.rtsarm.aem4 : LoggerBuf.oem4 (.text:xdc_runtime_LoggerBuf_Module_startup__E)
                  200120e8    00000026     simplelink.a : cc_pal.obj (.text:NwpRegisterInterruptHandler)
                  2001210e    00000026     ti.targets.arm.rtsarm.aem4 : System.oem4 (.text:xdc_runtime_System_avprintf__E)
                  20012134    00000024     driverlib.a : uart.obj (.text:UARTEnable)
                  20012158    00000024     simplelink.a : driver.obj (.text:_SlDrvGlobalObjUnLock)
                  2001217c    00000024                  : driver.obj (.text:_SlDrvProtectionObjUnLock)
                  200121a0    00000024                  : driver.obj (.text:_SlDrvSyncObjWaitForever)
                  200121c4    00000024     rtsv7M4_T_le_eabi.lib : u_tofs_t2.obj (.text)
                  200121e8    00000024     app_pem4.oem4 (.text:ti_sysbios_BIOS_errorRaiseHook__I)
                  2001220c    00000024     app_pem4.oem4 (.text:ti_sysbios_BIOS_registerRTSLock__I)
                  20012230    00000024     app_pem4.oem4 (.text:ti_sysbios_BIOS_removeRTSLock__I)
                  20012254    00000024     app_pem4.oem4 (.text:ti_sysbios_BIOS_startFunc__I)
                  20012278    00000024     sysbios.aem4 : BIOS.obj (.text:ti_sysbios_family_arm_m3_Hwi_doTaskRestore__I)
                  2001229c    00000004     --HOLE-- [fill = 0]
                  200122a0    00000024                  : BIOS.obj (.text:ti_sysbios_family_arm_m3_Timer_startup__E)
                  200122c4    00000024     app_pem4.oem4 (.text:ti_sysbios_gates_GateMutex_Object__delete__S)
                  200122e8    00000024     sysbios.aem4 : BIOS.obj (.text:ti_sysbios_knl_Clock_Module_startup__E)
                  2001230c    00000024     app_pem4.oem4 (.text:ti_sysbios_knl_Semaphore_Object__delete__S)
                  20012330    00000024     ti.targets.arm.rtsarm.aem4 : System.oem4 (.text:xdc_runtime_System_vprintf__E)
                  20012354    00000022     driverlib.a : spi.obj (.text:SPIReset)
                  20012376    00000022                 : spi.obj (.text:SPIWordCountSet)
                  20012398    00000022     simplelink.a : driver.obj (.text:_SlDrvObjLockWaitForever)
                  200123ba    00000022     rtsv7M4_T_le_eabi.lib : frexp.obj (.text)
                  200123dc    00000022     app_pem4.oem4 (.text:xdc_runtime_SysMin_output__I)
                  200123fe    00000020     driverlib.a : gpio.obj (.text:GPIOPinWrite)
                  2001241e    00000002     --HOLE-- [fill = 0]
                  20012420    00000020                 : interrupt.obj (.text:IntRegister)
                  20012440    00000020     simplelink.a : cc_pal.obj (.text:NwpPowerOn)
                  20012460    00000020     app_pem4.oem4 (.text:ti_sysbios_BIOS_rtsLock__I)
                  20012480    00000020     app_pem4.oem4 (.text:ti_sysbios_family_arm_m3_Hwi_Object__delete__S)
                  200124a0    00000020     sysbios.aem4 : m3_Hwi_asm.obj (.text:ti_sysbios_family_arm_m3_Hwi_excHandlerAsm__I)
                  200124c0    00000020                  : BIOS.obj (.text:ti_sysbios_family_arm_m3_Hwi_excHandler__I)
                  200124e0    00000020                  : BIOS.obj (.text:ti_sysbios_family_arm_m3_TimestampProvider_Module_startup__E)
                  20012500    00000020     app_pem4.oem4 (.text:ti_sysbios_gates_GateHwi_Object__delete__S)
                  20012520    00000020     app_pem4.oem4 (.text:ti_sysbios_heaps_HeapMem_Object__delete__S)
                  20012540    00000020     sysbios.aem4 : BIOS.obj (.text:ti_sysbios_knl_Idle_run__E)
                  20012560    00000020     app_pem4.oem4 (.text:ti_sysbios_knl_Mailbox_Object__delete__S)
                  20012580    00000020     app_pem4.oem4 (.text:ti_sysbios_knl_Semaphore_Object__destruct__S)
                  200125a0    00000020     app_pem4.oem4 (.text:ti_sysbios_knl_Task_Object__delete__S)
                  200125c0    00000020     app_pem4.oem4 (.text:xdc_runtime_LoggerBuf_Object__delete__S)
                  200125e0    00000020     ti.targets.arm.rtsarm.aem4 : LoggerBuf.oem4 (.text:xdc_runtime_LoggerBuf_reset__E)
                  20012600    00000020                                : Registry.oem4 (.text:xdc_runtime_Registry_findById__E)
                  20012620    00000020                                : SysMin.oem4 (.text:xdc_runtime_SysMin_Module_startup__E)
                  20012640    0000001e     driverlib.a : timer.obj (.text:TimerEnable)
                  2001265e    0000001e                 : timer.obj (.text:TimerIntStatus)
                  2001267c    0000001e                 : uart.obj (.text:UARTCharPut)
                  2001269a    0000001e     simplelink.a : driver.obj (.text:_SlDrvObjUnLock)
                  200126b8    0000001e                  : driver.obj (.text:_SlDrvSyncObjSignal)
                  200126d6    0000001e                  : cc_pal.obj (.text:cc_UDMAChannelSelect)
                  200126f4    0000001e     sysbios.aem4 : m3_Hwi_asm_switch.obj (.text:ti_sysbios_family_xxx_Hwi_switchAndRunFunc)
                  20012712    0000001c     driverlib.a : adc.obj (.text:ADCFIFOLvlGet)
                  2001272e    0000001c                 : timer.obj (.text:TimerValueGet)
                  2001274a    0000001c     rtsv7M4_T_le_eabi.lib : memccpy.obj (.text)
                  20012766    00000002     --HOLE-- [fill = 0]
                  20012768    0000001c     sysbios.aem4 : BIOS.obj (.text:ti_sysbios_family_arm_m3_Hwi_setPriority__E)
                  20012784    00000004     --HOLE-- [fill = 0]
                  20012788    0000001c                  : BIOS.obj (.text:ti_sysbios_gates_GateMutex_Instance_init__E)
                  200127a4    0000001c     app_pem4.oem4 (.text:ti_sysbios_knl_Queue_Object__destruct__S)
                  200127c0    0000001c     sysbios.aem4 : BIOS.obj (.text:ti_sysbios_knl_Task_enter__I)
                  200127dc    0000001c     driverlib.a : udma.obj (.text:uDMAChannelEnable)
                  200127f8    0000001c     ti.targets.arm.rtsarm.aem4 : Error.oem4 (.text:xdc_runtime_Error_raiseX__E)
                  20012814    0000001c                                : Memory.oem4 (.text:xdc_runtime_Memory_valloc__E)
                  20012830    0000001c                                : SysMin.oem4 (.text:xdc_runtime_SysMin_exit__E)
                  2001284c    0000001c                                : System.oem4 (.text:xdc_runtime_System_abort__E)
                  20012868    0000001a     driverlib.a : pin.obj (.text:PinTypeSPI)
                  20012882    0000001a                 : spi.obj (.text:SPIDmaDisable)
                  2001289c    0000001a                 : spi.obj (.text:SPIDmaEnable)
                  200128b6    0000001a                 : spi.obj (.text:SPIFIFODisable)
                  200128d0    0000001a                 : spi.obj (.text:SPIFIFOEnable)
                  200128ea    0000001a     app_pem4.oem4 (.text:ti_sysbios_family_arm_m3_Hwi_Handle__label__S)
                  20012904    0000001a     sysbios.aem4 : m3_Hwi_asm.obj (.text:ti_sysbios_family_arm_m3_Hwi_pendSV__I)
                  2001291e    0000001a     app_pem4.oem4 (.text:ti_sysbios_gates_GateHwi_Handle__label__S)
                  20012938    0000001a     app_pem4.oem4 (.text:ti_sysbios_gates_GateMutex_Handle__label__S)
                  20012952    0000001a     app_pem4.oem4 (.text:ti_sysbios_heaps_HeapMem_Handle__label__S)
                  2001296c    0000001a     app_pem4.oem4 (.text:ti_sysbios_knl_Swi_Handle__label__S)
                  20012986    0000001a     app_pem4.oem4 (.text:ti_sysbios_knl_Task_Handle__label__S)
                  200129a0    0000001a     sysbios.aem4 : BIOS.obj (.text:ti_sysbios_knl_Task_sleepTimeout__I)
                  200129ba    0000001a     app_pem4.oem4 (.text:xdc_runtime_LoggerBuf_Handle__label__S)
                  200129d4    0000001a     app_pem4.oem4 (.text:xdc_runtime_System_aprintf__E)
                  200129ee    0000001a     app_pem4.oem4 (.text:xdc_runtime_System_printf__E)
                  20012a08    00000018     driverlib.a : adc.obj (.text:ADCFIFORead)
                  20012a20    00000018                 : spi.obj (.text:SPICSDisable)
                  20012a38    00000018                 : spi.obj (.text:SPICSEnable)
                  20012a50    00000018                 : spi.obj (.text:SPIDisable)
                  20012a68    00000018                 : spi.obj (.text:SPIEnable)
                  20012a80    00000018                 : timer.obj (.text:TimerIntEnable)
                  20012a98    00000018                 : uart.obj (.text:UARTFIFOLevelSet)
                  20012ab0    00000018     simplelink.a : device.obj (.text:_sl_GetStartResponseConvert)
                  20012ac8    00000018     app_pem4.oem4 (.text:free)
                  20012ae0    00000018     rtsv7M4_T_le_eabi.lib : args_main.obj (.text)
                  20012af8    00000018     app_pem4.oem4 (.text:ti_sysbios_BIOS_rtsUnlock__I)
                  20012b10    00000018     app_pem4.oem4 (.text:ti_sysbios_family_arm_m3_Hwi_Module__startupDone__F)
                  20012b28    00000018     app_pem4.oem4 (.text:ti_sysbios_family_arm_m3_Timer_Module__startupDone__F)
                  20012b40    00000018     sysbios.aem4 : BIOS.obj (.text:ti_sysbios_gates_GateMutex_leave__E)
                  20012b58    00000018     ti.targets.arm.rtsarm.aem4 : Error.oem4 (.text:xdc_runtime_Error_check__E)
                  20012b70    00000018                                : System.oem4 (.text:xdc_runtime_System_exit__E)
                  20012b88    00000018                                : Text.oem4 (.text:xdc_runtime_Text_ropeText__E)
                  20012ba0    00000016     driverlib.a : prcm.obj (.text:PRCMHIBRegRead)
                  20012bb6    00000016                 : prcm.obj (.text:PRCMHIBRegWrite)
                  20012bcc    00000016                 : uart.obj (.text:UARTFIFOEnable)
                  20012be2    00000016     simplelink.a : driver.obj (.text:_SlDrvMemZero)
                  20012bf8    00000016     rtsv7M4_T_le_eabi.lib : strchr.obj (.text)
                  20012c0e    00000016     app_pem4.oem4 (.text:ti_sysbios_BIOS_exitFunc__I)
                  20012c24    00000014     driverlib.a : adc.obj (.text:ADCEnable)
                  20012c38    00000014                 : cpu.obj (.text:CPUcpsie)
                  20012c4c    00000014                 : pin.obj (.text:PinTypeADC)
                  20012c60    00000014     rtsv7M4_T_le_eabi.lib : _lock.obj (.text)
                  20012c74    00000014                           : strcpy.obj (.text)
                  20012c88    00000014                           : strlen.obj (.text)
                  20012c9c    00000014     app_pem4.oem4 (.text:ti_sysbios_family_arm_m3_Hwi_Object__get__S)
                  20012cb0    00000014     sysbios.aem4 : BIOS.obj (.text:ti_sysbios_family_arm_m3_Hwi_switchFromBootStack__E)
                  20012cc4    00000014     app_pem4.oem4 (.text:ti_sysbios_heaps_HeapMem_Object__get__S)
                  20012cd8    00000014     app_pem4.oem4 (.text:ti_sysbios_knl_Swi_Object__get__S)
                  20012cec    00000014     app_pem4.oem4 (.text:xdc_runtime_LoggerBuf_Object__get__S)
                  20012d00    00000012     driverlib.a : timer.obj (.text:TimerIntClear)
                  20012d12    00000006     rtsv7M4_T_le_eabi.lib : copy_decompress_rle.obj (.text:decompress:rle24)
                  20012d18    00000012     sysbios.aem4 : BIOS.obj (.text:ti_sysbios_hal_Hwi_Module_startup__E)
                  20012d2a    00000006     rtsv7M4_T_le_eabi.lib : log.obj (.text)
                  20012d30    00000012     sysbios.aem4 : BIOS.obj (.text:ti_sysbios_hal_Timer_Module_startup__E)
                  20012d42    00000012     ti.targets.arm.rtsarm.aem4 : LoggerBuf.oem4 (.text:xdc_runtime_LoggerBuf_Instance_finalize__E)
                  20012d54    00000012                                : LoggerBuf.oem4 (.text:xdc_runtime_LoggerBuf_write1__E)
                  20012d66    00000012                                : LoggerBuf.oem4 (.text:xdc_runtime_LoggerBuf_write2__E)
                  20012d78    00000012     app_pem4.oem4 (.text:xdc_runtime_Startup_exec__I)
                  20012d8a    00000010     simplelink.a : driver.obj (.text:_SlDrvDispatchHttpServerEvents)
                  20012d9a    00000006     rtsv7M4_T_le_eabi.lib : log10.obj (.text)
                  20012da0    00000010     sysbios.aem4 : BIOS.obj (.text:ti_sysbios_BIOS_setThreadType__E)
                  20012db0    00000010                  : BIOS.obj (.text:ti_sysbios_BIOS_start__E)
                  20012dc0    00000010                  : BIOS.obj (.text:ti_sysbios_family_arm_m3_Hwi_getHandle__E)
                  20012dd0    00000010                  : m3_TaskSupport_asm.obj (.text:ti_sysbios_family_arm_m3_TaskSupport_glue)
                  20012de0    00000010                  : m3_TaskSupport_asm.obj (.text:ti_sysbios_family_arm_m3_TaskSupport_swap__E)
                  20012df0    00000010                  : BIOS.obj (.text:ti_sysbios_gates_GateMutex_Instance_finalize__E)
                  20012e00    00000010     app_pem4.oem4 (.text:ti_sysbios_knl_Mailbox_Object__get__S)
                  20012e10    00000010     sysbios.aem4 : BIOS.obj (.text:ti_sysbios_knl_Semaphore_Instance_finalize__E)
                  20012e20    00000010                  : BIOS.obj (.text:ti_sysbios_knl_Swi_disable__E)
                  20012e30    00000010     app_pem4.oem4 (.text:ti_sysbios_knl_Task_Object__get__S)
                  20012e40    00000010     sysbios.aem4 : BIOS.obj (.text:ti_sysbios_knl_Task_disable__E)
                  20012e50    00000010     ti.targets.arm.rtsarm.aem4 : Gate.oem4 (.text:xdc_runtime_Gate_leaveSystem__E)
                  20012e60    00000010                                : LoggerBuf.oem4 (.text:xdc_runtime_LoggerBuf_write0__E)
                  20012e70    00000010                                : Memory.oem4 (.text:xdc_runtime_Memory_free__E)
                  20012e80    00000010                                : SysMin.oem4 (.text:xdc_runtime_SysMin_ready__E)
                  20012e90    00000010                                : System.oem4 (.text:xdc_runtime_System_vsnprintf__E)
                  20012ea0    00000010     app_pem4.oem4 (.text:xdc_runtime_Text_visitRope__I)
                  20012eb0    0000000e     simplelink.a : driver.obj (.text:_SlDrvResetCmdExt)
                  20012ebe    0000000e     rtsv7M4_T_le_eabi.lib : copy_decompress_none.obj (.text:decompress:none)
                  20012ecc    00000004     --HOLE-- [fill = 0]
                  20012ed0    0000000e     sysbios.aem4 : BIOS.obj (.text:ti_sysbios_knl_Idle_loop__E)
                  20012ede    00000002     --HOLE-- [fill = 0]
                  20012ee0    0000000e                  : BIOS.obj (.text:ti_sysbios_knl_Queue_empty__E)
                  20012eee    00000002     --HOLE-- [fill = 0]
                  20012ef0    0000000c     simplelink.a : cc_pal.obj (.text:NwpMaskInterrupt)
                  20012efc    0000000c                  : cc_pal.obj (.text:NwpUnMaskInterrupt)
                  20012f08    0000000c     rtsv7M4_T_le_eabi.lib : copy_zero_init.obj (.text:decompress:ZI)
                  20012f14    0000000c     app_pem4.oem4 (.text:ti_sysbios_family_arm_m3_Hwi_Params__init__S)
                  20012f20    0000000c     sysbios.aem4 : BIOS.obj (.text:ti_sysbios_family_arm_m3_Hwi_disableFxn__E)
                  20012f2c    00000004     --HOLE-- [fill = 0]
                  20012f30    0000000c                  : BIOS.obj (.text:ti_sysbios_family_arm_m3_TaskSupport_checkStack__E)
                  20012f3c    00000004     --HOLE-- [fill = 0]
                  20012f40    0000000c                  : BIOS.obj (.text:ti_sysbios_family_arm_m3_TaskSupport_getStackAlignment__E)
                  20012f4c    00000004     --HOLE-- [fill = 0]
                  20012f50    0000000c                  : BIOS.obj (.text:ti_sysbios_gates_GateHwi_enter__E)
                  20012f5c    0000000c     app_pem4.oem4 (.text:ti_sysbios_knl_Queue_Object__get__S)
                  20012f68    0000000c     app_pem4.oem4 (.text:ti_sysbios_knl_Semaphore_Params__init__S)
                  20012f74    0000000c     app_pem4.oem4 (.text:ti_sysbios_knl_Task_Params__init__S)
                  20012f80    0000000c     ti.targets.arm.rtsarm.aem4 : Error.oem4 (.text:xdc_runtime_Error_init__E)
                  20012f8c    0000000c                                : Gate.oem4 (.text:xdc_runtime_Gate_enterSystem__E)
                  20012f98    0000000c                                : Memory.oem4 (.text:xdc_runtime_Memory_calloc__E)
                  20012fa4    0000000c                                : Memory.oem4 (.text:xdc_runtime_Memory_getMaxDefaultTypeAlign__E)
                  20012fb0    0000000a     driverlib.a : interrupt.obj (.text:IntMasterEnable)
                  20012fba    0000000a     app_pem4.oem4 (.text:xdc_runtime_IHeap_alloc)
                  20012fc4    0000000a     app_pem4.oem4 (.text:xdc_runtime_IHeap_free)
                  20012fce    0000000a     ti.targets.arm.rtsarm.aem4 : LoggerBuf.oem4 (.text:xdc_runtime_LoggerBuf_disable__E)
                  20012fd8    0000000a                                : LoggerBuf.oem4 (.text:xdc_runtime_LoggerBuf_enable__E)
                  20012fe2    00000006                                : System.oem4 (.text:xdc_runtime_System_Module_startup__E)
                  20012fe8    00000008     sysbios.aem4 : BIOS.obj (.text:ti_sysbios_family_arm_m3_Hwi_doSwiRestore__I)
                  20012ff0    00000008                  : BIOS.obj (.text:ti_sysbios_family_arm_m3_Hwi_startup__E)
                  20012ff8    00000006                  : BIOS.obj (.text:ti_sysbios_family_arm_m3_Hwi_restoreFxn__E)
                  20012ffe    00000002     --HOLE-- [fill = 0]
                  20013000    00000006                  : BIOS.obj (.text:ti_sysbios_gates_GateHwi_leave__E)
                  20013006    00000002     --HOLE-- [fill = 0]
                  20013008    00000006                  : BIOS.obj (.text:ti_sysbios_heaps_HeapMem_isBlocking__E)
                  2001300e    00000002     --HOLE-- [fill = 0]
                  20013010    00000006                  : BIOS.obj (.text:ti_sysbios_knl_Queue_Instance_init__E)
                  20013016    00000002     --HOLE-- [fill = 0]
                  20013018    00000004                  : BIOS.obj (.text:ti_sysbios_family_arm_m3_Timer_getMaxTicks__E)
                  2001301c    00000004     --HOLE-- [fill = 0]
                  20013020    00000004                  : BIOS.obj (.text:ti_sysbios_gates_GateHwi_query__E)
                  20013024    00000004     --HOLE-- [fill = 0]
                  20013028    00000004                  : BIOS.obj (.text:ti_sysbios_gates_GateMutex_query__E)
                  2001302c    00000004     --HOLE-- [fill = 0]
                  20013030    00000004                  : BIOS.obj (.text:ti_sysbios_knl_Task_startup__E)
                  20013034    00000004     --HOLE-- [fill = 0]
                  20013038    00000002                  : BIOS.obj (.text:ti_sysbios_gates_GateHwi_Instance_init__E)

.const     0    20013040    00002662     
                  20013040    000018cb     app_pem4.oem4 (.const:xdc_runtime_Text_charTab__A)
                  2001490b    00000101     rtsv7M4_T_le_eabi.lib : ctype.obj (.const:.string:_ctypes_)
                  20014a0c    00000100     driverlib.a : pin.obj (.const:g_ulPinToPadMap)
                  20014b0c    000000b8     app_pem4.oem4 (.const:xdc_runtime_Text_nodeTab__A)
                  20014bc4    000000a8     driverlib.a : prcm.obj (.const:PRCM_PeriphRegsList)
                  20014c6c    00000080                 : interrupt.obj (.const)
                  20014cec    00000058     Effect.obj (.const:.string)
                  20014d44    00000050     Effect.obj (.const:_effects)
                  20014d94    00000048     app_pem4.oem4 (.const:.string)
                  20014ddc    00000004     app_pem4.oem4 (.const:ti_sysbios_family_arm_m3_Hwi_E_NMI__C)
                  20014de0    00000048     rtsv7M4_T_le_eabi.lib : xexp.obj (.const)
                  20014e28    0000003c     simplelink.a : driver.obj (.const:OpcodeTranslateTable)
                  20014e64    0000003c                  : wlan.obj (.const)
                  20014ea0    0000003c     app_pem4.oem4 (.const:ti_sysbios_knl_Task_Object__PARAMS__C)
                  20014edc    0000003c     app_pem4.oem4 (.const:xdc_runtime_LoggerBuf_Module__FXNS__C)
                  20014f18    00000038     simplelink.a : driver.obj (.const:_SlActionLookupTable)
                  20014f50    00000038     rtsv7M4_T_le_eabi.lib : xlog.obj (.const:p)
                  20014f88    00000034     simplelink.a : socket.obj (.const)
                  20014fbc    00000034     app_pem4.oem4 (.const:ti_sysbios_knl_Mailbox_Object__PARAMS__C)
                  20014ff0    00000030     Spectrum.obj (.const)
                  20015020    00000030     rtsv7M4_T_le_eabi.lib : xdint.obj (.const)
                  20015050    00000030     simplelink.a : driver.obj (.const)
                  20015080    00000030     app_pem4.oem4 (.const:ti_sysbios_family_arm_m3_Hwi_Object__PARAMS__C)
                  200150b0    00000030     app_pem4.oem4 (.const:xdc_runtime_Startup_sfxnTab__A)
                  200150e0    00000028     simplelink.a : netapp.obj (.const)
                  20015108    00000028     app_pem4.oem4 (.const:ti_sysbios_heaps_HeapMem_Module__FXNS__C)
                  20015130    00000024     app_pem4.oem4 (.const:ti_sysbios_gates_GateHwi_Module__FXNS__C)
                  20015154    00000024     app_pem4.oem4 (.const:ti_sysbios_gates_GateMutex_Module__FXNS__C)
                  20015178    00000024     app_pem4.oem4 (.const:ti_sysbios_heaps_HeapMem_Object__PARAMS__C)
                  2001519c    00000024     app_pem4.oem4 (.const:ti_sysbios_knl_Semaphore_Object__PARAMS__C)
                  200151c0    00000024     app_pem4.oem4 (.const:xdc_runtime_LoggerBuf_Object__PARAMS__C)
                  200151e4    00000020     app_pem4.oem4 (.const:ti_sysbios_family_arm_m3_Hwi_Object__DESC__C)
                  20015204    00000020     app_pem4.oem4 (.const:ti_sysbios_gates_GateHwi_Object__DESC__C)
                  20015224    00000020     app_pem4.oem4 (.const:ti_sysbios_gates_GateMutex_Object__DESC__C)
                  20015244    00000020     app_pem4.oem4 (.const:ti_sysbios_heaps_HeapMem_Object__DESC__C)
                  20015264    00000020     app_pem4.oem4 (.const:ti_sysbios_knl_Mailbox_Object__DESC__C)
                  20015284    00000020     app_pem4.oem4 (.const:ti_sysbios_knl_Queue_Object__DESC__C)
                  200152a4    00000020     app_pem4.oem4 (.const:ti_sysbios_knl_Semaphore_Object__DESC__C)
                  200152c4    00000020     app_pem4.oem4 (.const:ti_sysbios_knl_Task_Object__DESC__C)
                  200152e4    00000020     app_pem4.oem4 (.const:xdc_runtime_LoggerBuf_Object__DESC__C)
                  20015304    0000001c     simplelink.a : device.obj (.const)
                  20015320    00000018     driverlib.a : spi.obj (.const)
                  20015338    00000018     app_pem4.oem4 (.const:ti_sysbios_gates_GateHwi_Object__PARAMS__C)
                  20015350    00000018     app_pem4.oem4 (.const:ti_sysbios_gates_GateMutex_Object__PARAMS__C)
                  20015368    00000018     app_pem4.oem4 (.const:ti_sysbios_knl_Queue_Object__PARAMS__C)
                  20015380    00000018     app_pem4.oem4 (.const:xdc_runtime_Startup_sfxnRts__A)
                  20015398    00000015     rom_pin_mux_config.obj (.const)
                  200153ad    00000010     simplelink.a : socket.obj (.const:.string)
                  200153bd    00000001     app_pem4.oem4 (.const:xdc_runtime_Error_policy__C)
                  200153be    00000002     app_pem4.oem4 (.const:ti_sysbios_family_arm_m3_Hwi_Module__id__C)
                  200153c0    0000000c     BatteryMonitor.obj (.const)
                  200153cc    0000000c     app_pem4.oem4 (.const:xdc_runtime_Startup_firstFxns__A)
                  200153d8    00000008     app_pem4.oem4 (.const:ti_sysbios_family_arm_m3_Hwi_excHookFuncs__A)
                  200153e0    00000008     app_pem4.oem4 (.const:ti_sysbios_knl_Idle_funcList__C)
                  200153e8    00000008     app_pem4.oem4 (.const:xdc_runtime_Startup_firstFxns__C)
                  200153f0    00000008     app_pem4.oem4 (.const:xdc_runtime_Startup_lastFxns__C)
                  200153f8    00000005     rom_pin_mux_config.obj (.const:.string)
                  200153fd    00000001     --HOLE-- [fill = 0]
                  200153fe    00000002     app_pem4.oem4 (.const:ti_sysbios_family_arm_m3_Hwi_Module__loggerDefined__C)
                  20015400    00000004     app_pem4.oem4 (.const:ti_sysbios_family_arm_m3_Hwi_E_alreadyDefined__C)
                  20015404    00000004     app_pem4.oem4 (.const:ti_sysbios_family_arm_m3_Hwi_E_busFault__C)
                  20015408    00000004     app_pem4.oem4 (.const:ti_sysbios_family_arm_m3_Hwi_E_debugMon__C)
                  2001540c    00000004     app_pem4.oem4 (.const:ti_sysbios_family_arm_m3_Hwi_E_hardFault__C)
                  20015410    00000004     app_pem4.oem4 (.const:ti_sysbios_family_arm_m3_Hwi_E_memFault__C)
                  20015414    00000004     app_pem4.oem4 (.const:ti_sysbios_family_arm_m3_Hwi_E_noIsr__C)
                  20015418    00000004     app_pem4.oem4 (.const:ti_sysbios_family_arm_m3_Hwi_E_reserved__C)
                  2001541c    00000004     app_pem4.oem4 (.const:ti_sysbios_family_arm_m3_Hwi_E_svCall__C)
                  20015420    00000004     app_pem4.oem4 (.const:ti_sysbios_family_arm_m3_Hwi_E_usageFault__C)
                  20015424    00000004     app_pem4.oem4 (.const:ti_sysbios_family_arm_m3_Hwi_LD_end__C)
                  20015428    00000004     app_pem4.oem4 (.const:ti_sysbios_family_arm_m3_Hwi_LM_begin__C)
                  2001542c    00000004     app_pem4.oem4 (.const:ti_sysbios_family_arm_m3_Hwi_Module__diagsEnabled__C)
                  20015430    00000004     app_pem4.oem4 (.const:ti_sysbios_family_arm_m3_Hwi_Module__diagsIncluded__C)
                  20015434    00000004     app_pem4.oem4 (.const:ti_sysbios_family_arm_m3_Hwi_Module__diagsMask__C)
                  20015438    00000004     app_pem4.oem4 (.const:ti_sysbios_family_arm_m3_Hwi_Module__loggerFxn1__C)
                  2001543c    00000004     app_pem4.oem4 (.const:ti_sysbios_family_arm_m3_Hwi_Module__loggerFxn8__C)
                  20015440    00000004     app_pem4.oem4 (.const:ti_sysbios_family_arm_m3_Hwi_Module__loggerObj__C)
                  20015444    00000004     app_pem4.oem4 (.const:ti_sysbios_family_arm_m3_Hwi_NUM_INTERRUPTS__C)
                  20015448    00000004     app_pem4.oem4 (.const:ti_sysbios_family_arm_m3_Hwi_Object__count__C)
                  2001544c    00000004     app_pem4.oem4 (.const:ti_sysbios_family_arm_m3_Hwi_ccr__C)
                  20015450    00000004     app_pem4.oem4 (.const:ti_sysbios_family_arm_m3_Hwi_excHandlerFunc__C)
                  20015454    00000004     app_pem4.oem4 (.const:ti_sysbios_family_arm_m3_Hwi_excHookFuncs__C)
                  20015458    00000004     app_pem4.oem4 (.const:ti_sysbios_family_arm_m3_Hwi_nullIsrFunc__C)
                  2001545c    00000004     app_pem4.oem4 (.const:ti_sysbios_family_arm_m3_Hwi_priGroup__C)
                  20015460    00000004     app_pem4.oem4 (.const:ti_sysbios_family_arm_m3_TaskSupport_stackAlignment__C)
                  20015464    00000004     app_pem4.oem4 (.const:ti_sysbios_family_arm_m3_Timer_E_cannotSupport__C)
                  20015468    00000004     app_pem4.oem4 (.const:ti_sysbios_family_arm_m3_Timer_startupNeeded__C)
                  2001546c    00000004     app_pem4.oem4 (.const:ti_sysbios_gates_GateMutex_A_badContext__C)
                  20015470    00000004     app_pem4.oem4 (.const:ti_sysbios_gates_GateMutex_Instance_State_sem__O)
                  20015474    00000004     app_pem4.oem4 (.const:ti_sysbios_gates_GateMutex_Module__diagsEnabled__C)
                  20015478    00000004     app_pem4.oem4 (.const:ti_sysbios_gates_GateMutex_Module__diagsIncluded__C)
                  2001547c    00000004     app_pem4.oem4 (.const:ti_sysbios_gates_GateMutex_Module__diagsMask__C)
                  20015480    00000004     app_pem4.oem4 (.const:ti_sysbios_hal_Hwi_E_stackOverflow__C)
                  20015484    00000004     app_pem4.oem4 (.const:ti_sysbios_heaps_HeapMem_A_align__C)
                  20015488    00000004     app_pem4.oem4 (.const:ti_sysbios_heaps_HeapMem_A_heapSize__C)
                  2001548c    00000004     app_pem4.oem4 (.const:ti_sysbios_heaps_HeapMem_A_invalidFree__C)
                  20015490    00000004     app_pem4.oem4 (.const:ti_sysbios_heaps_HeapMem_A_zeroBlock__C)
                  20015494    00000004     app_pem4.oem4 (.const:ti_sysbios_heaps_HeapMem_E_memory__C)
                  20015498    00000004     app_pem4.oem4 (.const:ti_sysbios_heaps_HeapMem_Module__diagsEnabled__C)
                  2001549c    00000004     app_pem4.oem4 (.const:ti_sysbios_heaps_HeapMem_Module__diagsIncluded__C)
                  200154a0    00000004     app_pem4.oem4 (.const:ti_sysbios_heaps_HeapMem_Module__diagsMask__C)
                  200154a4    00000004     app_pem4.oem4 (.const:ti_sysbios_heaps_HeapMem_Module__gateObj__C)
                  200154a8    00000004     app_pem4.oem4 (.const:ti_sysbios_heaps_HeapMem_Object__count__C)
                  200154ac    00000004     app_pem4.oem4 (.const:ti_sysbios_heaps_HeapMem_reqAlign__C)
                  200154b0    00000004     app_pem4.oem4 (.const:ti_sysbios_knl_Clock_LM_begin__C)
                  200154b4    00000004     app_pem4.oem4 (.const:ti_sysbios_knl_Clock_LM_tick__C)
                  200154b8    00000004     app_pem4.oem4 (.const:ti_sysbios_knl_Clock_LW_delayed__C)
                  200154bc    00000004     app_pem4.oem4 (.const:ti_sysbios_knl_Clock_Module_State_clockQ__O)
                  200154c0    00000004     app_pem4.oem4 (.const:ti_sysbios_knl_Clock_Module__diagsEnabled__C)
                  200154c4    00000004     app_pem4.oem4 (.const:ti_sysbios_knl_Clock_Module__diagsIncluded__C)
                  200154c8    00000004     app_pem4.oem4 (.const:ti_sysbios_knl_Clock_Module__diagsMask__C)
                  200154cc    00000004     app_pem4.oem4 (.const:ti_sysbios_knl_Clock_Module__loggerFxn1__C)
                  200154d0    00000004     app_pem4.oem4 (.const:ti_sysbios_knl_Clock_Module__loggerFxn2__C)
                  200154d4    00000004     app_pem4.oem4 (.const:ti_sysbios_knl_Clock_Module__loggerObj__C)
                  200154d8    00000004     app_pem4.oem4 (.const:ti_sysbios_knl_Clock_tickPeriod__C)
                  200154dc    00000004     app_pem4.oem4 (.const:ti_sysbios_knl_Idle_funcList__A)
                  200154e0    00000004     app_pem4.oem4 (.const:ti_sysbios_knl_Mailbox_A_invalidBufSize__C)
                  200154e4    00000004     app_pem4.oem4 (.const:ti_sysbios_knl_Mailbox_Instance_State_dataQue__O)
                  200154e8    00000004     app_pem4.oem4 (.const:ti_sysbios_knl_Mailbox_Instance_State_dataSem__O)
                  200154ec    00000004     app_pem4.oem4 (.const:ti_sysbios_knl_Mailbox_Instance_State_freeQue__O)
                  200154f0    00000004     app_pem4.oem4 (.const:ti_sysbios_knl_Mailbox_Instance_State_freeSem__O)
                  200154f4    00000004     app_pem4.oem4 (.const:ti_sysbios_knl_Mailbox_Module__diagsEnabled__C)
                  200154f8    00000004     app_pem4.oem4 (.const:ti_sysbios_knl_Mailbox_Module__diagsIncluded__C)
                  200154fc    00000004     app_pem4.oem4 (.const:ti_sysbios_knl_Mailbox_Module__diagsMask__C)
                  20015500    00000004     app_pem4.oem4 (.const:ti_sysbios_knl_Mailbox_Object__count__C)
                  20015504    00000004     app_pem4.oem4 (.const:ti_sysbios_knl_Mailbox_maxTypeAlign__C)
                  20015508    00000004     app_pem4.oem4 (.const:ti_sysbios_knl_Semaphore_A_badContext__C)
                  2001550c    00000004     app_pem4.oem4 (.const:ti_sysbios_knl_Semaphore_A_noEvents__C)
                  20015510    00000004     app_pem4.oem4 (.const:ti_sysbios_knl_Semaphore_A_overflow__C)
                  20015514    00000004     app_pem4.oem4 (.const:ti_sysbios_knl_Semaphore_A_pendTaskDisabled__C)
                  20015518    00000004     app_pem4.oem4 (.const:ti_sysbios_knl_Semaphore_Instance_State_pendQ__O)
                  2001551c    00000004     app_pem4.oem4 (.const:ti_sysbios_knl_Semaphore_LM_pend__C)
                  20015520    00000004     app_pem4.oem4 (.const:ti_sysbios_knl_Semaphore_LM_post__C)
                  20015524    00000004     app_pem4.oem4 (.const:ti_sysbios_knl_Semaphore_Module__diagsEnabled__C)
                  20015528    00000004     app_pem4.oem4 (.const:ti_sysbios_knl_Semaphore_Module__diagsIncluded__C)
                  2001552c    00000004     app_pem4.oem4 (.const:ti_sysbios_knl_Semaphore_Module__diagsMask__C)
                  20015530    00000004     app_pem4.oem4 (.const:ti_sysbios_knl_Semaphore_Module__loggerFxn2__C)
                  20015534    00000004     app_pem4.oem4 (.const:ti_sysbios_knl_Semaphore_Module__loggerFxn4__C)
                  20015538    00000004     app_pem4.oem4 (.const:ti_sysbios_knl_Semaphore_Module__loggerObj__C)
                  2001553c    00000004     app_pem4.oem4 (.const:ti_sysbios_knl_Swi_LD_end__C)
                  20015540    00000004     app_pem4.oem4 (.const:ti_sysbios_knl_Swi_LM_begin__C)
                  20015544    00000004     app_pem4.oem4 (.const:ti_sysbios_knl_Swi_LM_post__C)
                  20015548    00000004     app_pem4.oem4 (.const:ti_sysbios_knl_Swi_Module__diagsEnabled__C)
                  2001554c    00000004     app_pem4.oem4 (.const:ti_sysbios_knl_Swi_Module__diagsIncluded__C)
                  20015550    00000004     app_pem4.oem4 (.const:ti_sysbios_knl_Swi_Module__diagsMask__C)
                  20015554    00000004     app_pem4.oem4 (.const:ti_sysbios_knl_Swi_Module__loggerFxn1__C)
                  20015558    00000004     app_pem4.oem4 (.const:ti_sysbios_knl_Swi_Module__loggerFxn4__C)
                  2001555c    00000004     app_pem4.oem4 (.const:ti_sysbios_knl_Swi_Module__loggerObj__C)
                  20015560    00000004     app_pem4.oem4 (.const:ti_sysbios_knl_Swi_Object__count__C)
                  20015564    00000004     app_pem4.oem4 (.const:ti_sysbios_knl_Task_A_badPriority__C)
                  20015568    00000004     app_pem4.oem4 (.const:ti_sysbios_knl_Task_A_badTaskState__C)
                  2001556c    00000004     app_pem4.oem4 (.const:ti_sysbios_knl_Task_A_badThreadType__C)
                  20015570    00000004     app_pem4.oem4 (.const:ti_sysbios_knl_Task_A_badTimeout__C)
                  20015574    00000004     app_pem4.oem4 (.const:ti_sysbios_knl_Task_A_noPendElem__C)
                  20015578    00000004     app_pem4.oem4 (.const:ti_sysbios_knl_Task_A_sleepTaskDisabled__C)
                  2001557c    00000004     app_pem4.oem4 (.const:ti_sysbios_knl_Task_E_spOutOfBounds__C)
                  20015580    00000004     app_pem4.oem4 (.const:ti_sysbios_knl_Task_E_stackOverflow__C)
                  20015584    00000004     app_pem4.oem4 (.const:ti_sysbios_knl_Task_LD_block__C)
                  20015588    00000004     app_pem4.oem4 (.const:ti_sysbios_knl_Task_LD_exit__C)
                  2001558c    00000004     app_pem4.oem4 (.const:ti_sysbios_knl_Task_LD_ready__C)
                  20015590    00000004     app_pem4.oem4 (.const:ti_sysbios_knl_Task_LM_sleep__C)
                  20015594    00000004     app_pem4.oem4 (.const:ti_sysbios_knl_Task_LM_switch__C)
                  20015598    00000004     app_pem4.oem4 (.const:ti_sysbios_knl_Task_LM_yield__C)
                  2001559c    00000004     app_pem4.oem4 (.const:ti_sysbios_knl_Task_Module_State_inactiveQ__O)
                  200155a0    00000004     app_pem4.oem4 (.const:ti_sysbios_knl_Task_Module__diagsEnabled__C)
                  200155a4    00000004     app_pem4.oem4 (.const:ti_sysbios_knl_Task_Module__diagsIncluded__C)
                  200155a8    00000004     app_pem4.oem4 (.const:ti_sysbios_knl_Task_Module__diagsMask__C)
                  200155ac    00000004     app_pem4.oem4 (.const:ti_sysbios_knl_Task_Module__loggerFxn2__C)
                  200155b0    00000004     app_pem4.oem4 (.const:ti_sysbios_knl_Task_Module__loggerFxn4__C)
                  200155b4    00000004     app_pem4.oem4 (.const:ti_sysbios_knl_Task_Module__loggerObj__C)
                  200155b8    00000004     app_pem4.oem4 (.const:ti_sysbios_knl_Task_Object__count__C)
                  200155bc    00000004     app_pem4.oem4 (.const:ti_sysbios_knl_Task_allBlockedFunc__C)
                  200155c0    00000004     app_pem4.oem4 (.const:ti_sysbios_knl_Task_defaultStackHeap__C)
                  200155c4    00000004     app_pem4.oem4 (.const:ti_sysbios_knl_Task_defaultStackSize__C)
                  200155c8    00000004     app_pem4.oem4 (.const:ti_sysbios_knl_Task_numConstructedTasks__C)
                  200155cc    00000004     app_pem4.oem4 (.const:xdc_runtime_Assert_E_assertFailed__C)
                  200155d0    00000004     app_pem4.oem4 (.const:xdc_runtime_Core_A_initializedParams__C)
                  200155d4    00000004     app_pem4.oem4 (.const:xdc_runtime_Core_Module__diagsEnabled__C)
                  200155d8    00000004     app_pem4.oem4 (.const:xdc_runtime_Core_Module__diagsIncluded__C)
                  200155dc    00000004     app_pem4.oem4 (.const:xdc_runtime_Core_Module__diagsMask__C)
                  200155e0    00000004     app_pem4.oem4 (.const:xdc_runtime_Error_E_memory__C)
                  200155e4    00000004     app_pem4.oem4 (.const:xdc_runtime_Error_Module__diagsEnabled__C)
                  200155e8    00000004     app_pem4.oem4 (.const:xdc_runtime_Error_Module__diagsIncluded__C)
                  200155ec    00000004     app_pem4.oem4 (.const:xdc_runtime_Error_Module__diagsMask__C)
                  200155f0    00000004     app_pem4.oem4 (.const:xdc_runtime_Error_Module__loggerFxn8__C)
                  200155f4    00000004     app_pem4.oem4 (.const:xdc_runtime_Error_Module__loggerObj__C)
                  200155f8    00000004     app_pem4.oem4 (.const:xdc_runtime_Error_policyFxn__C)
                  200155fc    00000004     app_pem4.oem4 (.const:xdc_runtime_Error_raiseHook__C)
                  20015600    00000004     app_pem4.oem4 (.const:xdc_runtime_IFilterLogger_Interface__BASE__C)
                  20015604    00000004     app_pem4.oem4 (.const:xdc_runtime_IGateProvider_Interface__BASE__C)
                  20015608    00000004     app_pem4.oem4 (.const:xdc_runtime_IHeap_Interface__BASE__C)
                  2001560c    00000004     app_pem4.oem4 (.const:xdc_runtime_ILogger_Interface__BASE__C)
                  20015610    00000004     app_pem4.oem4 (.const:xdc_runtime_IModule_Interface__BASE__C)
                  20015614    00000004     app_pem4.oem4 (.const:xdc_runtime_Log_L_error__C)
                  20015618    00000004     app_pem4.oem4 (.const:xdc_runtime_LoggerBuf_E_badLevel__C)
                  2001561c    00000004     app_pem4.oem4 (.const:xdc_runtime_LoggerBuf_Module__gateObj__C)
                  20015620    00000004     app_pem4.oem4 (.const:xdc_runtime_LoggerBuf_Object__count__C)
                  20015624    00000004     app_pem4.oem4 (.const:xdc_runtime_LoggerBuf_statusLogger__C)
                  20015628    00000004     app_pem4.oem4 (.const:xdc_runtime_Memory_defaultHeapInstance__C)
                  2001562c    00000004     app_pem4.oem4 (.const:xdc_runtime_Startup_execImpl__C)
                  20015630    00000004     app_pem4.oem4 (.const:xdc_runtime_Startup_maxPasses__C)
                  20015634    00000004     app_pem4.oem4 (.const:xdc_runtime_Startup_sfxnRts__C)
                  20015638    00000004     app_pem4.oem4 (.const:xdc_runtime_Startup_sfxnTab__C)
                  2001563c    00000004     app_pem4.oem4 (.const:xdc_runtime_SysMin_bufSize__C)
                  20015640    00000004     app_pem4.oem4 (.const:xdc_runtime_SysMin_outputFunc__C)
                  20015644    00000004     app_pem4.oem4 (.const:xdc_runtime_System_Module__gateObj__C)
                  20015648    00000004     app_pem4.oem4 (.const:xdc_runtime_System_abortFxn__C)
                  2001564c    00000004     app_pem4.oem4 (.const:xdc_runtime_System_exitFxn__C)
                  20015650    00000004     app_pem4.oem4 (.const:xdc_runtime_System_extendFxn__C)
                  20015654    00000004     app_pem4.oem4 (.const:xdc_runtime_System_maxAtexitHandlers__C)
                  20015658    00000004     app_pem4.oem4 (.const:xdc_runtime_Text_charTab__C)
                  2001565c    00000004     app_pem4.oem4 (.const:xdc_runtime_Text_nameEmpty__C)
                  20015660    00000004     app_pem4.oem4 (.const:xdc_runtime_Text_nameStatic__C)
                  20015664    00000004     app_pem4.oem4 (.const:xdc_runtime_Text_nameUnknown__C)
                  20015668    00000004     app_pem4.oem4 (.const:xdc_runtime_Text_nodeTab__C)
                  2001566c    00000004     app_pem4.oem4 (.const:xdc_runtime_Text_visitRopeFxn__C)
                  20015670    00000002     app_pem4.oem4 (.const:ti_sysbios_family_arm_m3_Timer_Module__id__C)
                  20015672    00000002     app_pem4.oem4 (.const:ti_sysbios_family_arm_m3_TimestampProvider_configTimer__C)
                  20015674    00000002     app_pem4.oem4 (.const:ti_sysbios_gates_GateMutex_Module__id__C)
                  20015676    00000002     app_pem4.oem4 (.const:ti_sysbios_hal_Hwi_Module__id__C)
                  20015678    00000002     app_pem4.oem4 (.const:ti_sysbios_heaps_HeapMem_Module__id__C)
                  2001567a    00000002     app_pem4.oem4 (.const:ti_sysbios_knl_Clock_Module__id__C)
                  2001567c    00000002     app_pem4.oem4 (.const:ti_sysbios_knl_Clock_Module__loggerDefined__C)
                  2001567e    00000002     app_pem4.oem4 (.const:ti_sysbios_knl_Mailbox_Module__id__C)
                  20015680    00000002     app_pem4.oem4 (.const:ti_sysbios_knl_Semaphore_Module__id__C)
                  20015682    00000002     app_pem4.oem4 (.const:ti_sysbios_knl_Semaphore_Module__loggerDefined__C)
                  20015684    00000002     app_pem4.oem4 (.const:ti_sysbios_knl_Swi_Module__id__C)
                  20015686    00000002     app_pem4.oem4 (.const:ti_sysbios_knl_Swi_Module__loggerDefined__C)
                  20015688    00000002     app_pem4.oem4 (.const:ti_sysbios_knl_Task_Module__id__C)
                  2001568a    00000002     app_pem4.oem4 (.const:ti_sysbios_knl_Task_Module__loggerDefined__C)
                  2001568c    00000002     app_pem4.oem4 (.const:xdc_runtime_Core_Module__id__C)
                  2001568e    00000002     app_pem4.oem4 (.const:xdc_runtime_Error_Module__loggerDefined__C)
                  20015690    00000002     app_pem4.oem4 (.const:xdc_runtime_Error_maxDepth__C)
                  20015692    00000002     app_pem4.oem4 (.const:xdc_runtime_LoggerBuf_Module__id__C)
                  20015694    00000002     app_pem4.oem4 (.const:xdc_runtime_LoggerBuf_filterByLevel__C)
                  20015696    00000002     app_pem4.oem4 (.const:xdc_runtime_Memory_Module__id__C)
                  20015698    00000002     app_pem4.oem4 (.const:xdc_runtime_SysMin_flushAtExit__C)
                  2001569a    00000002     app_pem4.oem4 (.const:xdc_runtime_Text_charCnt__C)
                  2001569c    00000002     app_pem4.oem4 (.const:xdc_runtime_Text_isLoaded__C)
                  2001569e    00000002     app_pem4.oem4 (.const:xdc_runtime_Text_registryModsLastId__C)
                  200156a0    00000002     app_pem4.oem4 (.const:xdc_runtime_Text_unnamedModsLastId__C)

.cinit     0    200156a8    000003d8     
                  200156a8    000003ad     (.cinit..data.load) [load image, compression = rle]
                  20015a55    00000003     --HOLE-- [fill = 0]
                  20015a58    0000000c     (__TI_handler_table)
                  20015a64    00000004     --HOLE-- [fill = 0]
                  20015a68    00000008     (.cinit..bss.load) [load image, compression = zero_init]
                  20015a70    00000010     (__TI_cinit_table)

.bss       0    20017000    000098df     UNINITIALIZED
                  20017000    00008000     app_pem4.oem4 (.bss:ti_sysbios_heaps_HeapMem_Instance_State_0_buf__A)
                  2001f000    00000800     app_pem4.oem4 (.bss:taskStackSection)
[...]
20015420  ti_sysbios_family_arm_m3_Hwi_E_usageFault__C                
20015424  ti_sysbios_family_arm_m3_Hwi_LD_end__C                      
20015428  ti_sysbios_family_arm_m3_Hwi_LM_begin__C                    
2001542c  ti_sysbios_family_arm_m3_Hwi_Module__diagsEnabled__C        
20015430  ti_sysbios_family_arm_m3_Hwi_Module__diagsIncluded__C       
20015434  ti_sysbios_family_arm_m3_Hwi_Module__diagsMask__C           
20015438  ti_sysbios_family_arm_m3_Hwi_Module__loggerFxn1__C          
2001543c  ti_sysbios_family_arm_m3_Hwi_Module__loggerFxn8__C          
20015440  ti_sysbios_family_arm_m3_Hwi_Module__loggerObj__C           
20015444  ti_sysbios_family_arm_m3_Hwi_NUM_INTERRUPTS__C              
20015448  ti_sysbios_family_arm_m3_Hwi_Object__count__C               
2001544c  ti_sysbios_family_arm_m3_Hwi_ccr__C                         
20015450  ti_sysbios_family_arm_m3_Hwi_excHandlerFunc__C              
20015454  ti_sysbios_family_arm_m3_Hwi_excHookFuncs__C                
20015458  ti_sysbios_family_arm_m3_Hwi_nullIsrFunc__C                 
2001545c  ti_sysbios_family_arm_m3_Hwi_priGroup__C                    
20015460  ti_sysbios_family_arm_m3_TaskSupport_stackAlignment__C      
20015464  ti_sysbios_family_arm_m3_Timer_E_cannotSupport__C           
20015468  ti_sysbios_family_arm_m3_Timer_startupNeeded__C             
2001546c  ti_sysbios_gates_GateMutex_A_badContext__C                  
20015470  ti_sysbios_gates_GateMutex_Instance_State_sem__O            
20015474  ti_sysbios_gates_GateMutex_Module__diagsEnabled__C          
20015478  ti_sysbios_gates_GateMutex_Module__diagsIncluded__C         
2001547c  ti_sysbios_gates_GateMutex_Module__diagsMask__C             
20015480  ti_sysbios_hal_Hwi_E_stackOverflow__C                       
20015484  ti_sysbios_heaps_HeapMem_A_align__C                         
20015488  ti_sysbios_heaps_HeapMem_A_heapSize__C                      
2001548c  ti_sysbios_heaps_HeapMem_A_invalidFree__C                   
20015490  ti_sysbios_heaps_HeapMem_A_zeroBlock__C                     
20015494  ti_sysbios_heaps_HeapMem_E_memory__C                        
20015498  ti_sysbios_heaps_HeapMem_Module__diagsEnabled__C            
2001549c  ti_sysbios_heaps_HeapMem_Module__diagsIncluded__C           
200154a0  ti_sysbios_heaps_HeapMem_Module__diagsMask__C               
200154a4  ti_sysbios_heaps_HeapMem_Module__gateObj__C                 
200154a8  ti_sysbios_heaps_HeapMem_Object__count__C                   
200154ac  ti_sysbios_heaps_HeapMem_reqAlign__C                        
200154b0  ti_sysbios_knl_Clock_LM_begin__C                            
200154b4  ti_sysbios_knl_Clock_LM_tick__C                             
200154b8  ti_sysbios_knl_Clock_LW_delayed__C                          
200154bc  ti_sysbios_knl_Clock_Module_State_clockQ__O                 
200154c0  ti_sysbios_knl_Clock_Module__diagsEnabled__C                
200154c4  ti_sysbios_knl_Clock_Module__diagsIncluded__C               
200154c8  ti_sysbios_knl_Clock_Module__diagsMask__C                   
200154cc  ti_sysbios_knl_Clock_Module__loggerFxn1__C                  
200154d0  ti_sysbios_knl_Clock_Module__loggerFxn2__C                  
200154d4  ti_sysbios_knl_Clock_Module__loggerObj__C                   
200154d8  ti_sysbios_knl_Clock_tickPeriod__C                          
200154dc  ti_sysbios_knl_Idle_funcList__A                             
200154e0  ti_sysbios_knl_Mailbox_A_invalidBufSize__C                  
200154e4  ti_sysbios_knl_Mailbox_Instance_State_dataQue__O            
200154e8  ti_sysbios_knl_Mailbox_Instance_State_dataSem__O            
200154ec  ti_sysbios_knl_Mailbox_Instance_State_freeQue__O            
200154f0  ti_sysbios_knl_Mailbox_Instance_State_freeSem__O            
200154f4  ti_sysbios_knl_Mailbox_Module__diagsEnabled__C              
200154f8  ti_sysbios_knl_Mailbox_Module__diagsIncluded__C             
200154fc  ti_sysbios_knl_Mailbox_Module__diagsMask__C                 
20015500  ti_sysbios_knl_Mailbox_Object__count__C                     
20015504  ti_sysbios_knl_Mailbox_maxTypeAlign__C                      
20015508  ti_sysbios_knl_Semaphore_A_badContext__C                    
2001550c  ti_sysbios_knl_Semaphore_A_noEvents__C                      
20015510  ti_sysbios_knl_Semaphore_A_overflow__C                      
20015514  ti_sysbios_knl_Semaphore_A_pendTaskDisabled__C              
20015518  ti_sysbios_knl_Semaphore_Instance_State_pendQ__O            
2001551c  ti_sysbios_knl_Semaphore_LM_pend__C                         
20015520  ti_sysbios_knl_Semaphore_LM_post__C                         
20015524  ti_sysbios_knl_Semaphore_Module__diagsEnabled__C            
20015528  ti_sysbios_knl_Semaphore_Module__diagsIncluded__C           
2001552c  ti_sysbios_knl_Semaphore_Module__diagsMask__C               
20015530  ti_sysbios_knl_Semaphore_Module__loggerFxn2__C              
20015534  ti_sysbios_knl_Semaphore_Module__loggerFxn4__C              
20015538  ti_sysbios_knl_Semaphore_Module__loggerObj__C               
2001553c  ti_sysbios_knl_Swi_LD_end__C                                
20015540  ti_sysbios_knl_Swi_LM_begin__C                              
20015544  ti_sysbios_knl_Swi_LM_post__C                               
20015548  ti_sysbios_knl_Swi_Module__diagsEnabled__C                  
2001554c  ti_sysbios_knl_Swi_Module__diagsIncluded__C                 
20015550  ti_sysbios_knl_Swi_Module__diagsMask__C                     
20015554  ti_sysbios_knl_Swi_Module__loggerFxn1__C                    
20015558  ti_sysbios_knl_Swi_Module__loggerFxn4__C                    
2001555c  ti_sysbios_knl_Swi_Module__loggerObj__C                     
20015560  ti_sysbios_knl_Swi_Object__count__C                         
20015564  ti_sysbios_knl_Task_A_badPriority__C                        
20015568  ti_sysbios_knl_Task_A_badTaskState__C                       
2001556c  ti_sysbios_knl_Task_A_badThreadType__C                      
20015570  ti_sysbios_knl_Task_A_badTimeout__C                         
20015574  ti_sysbios_knl_Task_A_noPendElem__C                         
20015578  ti_sysbios_knl_Task_A_sleepTaskDisabled__C                  
2001557c  ti_sysbios_knl_Task_E_spOutOfBounds__C                      
20015580  ti_sysbios_knl_Task_E_stackOverflow__C                      
20015584  ti_sysbios_knl_Task_LD_block__C                             
20015588  ti_sysbios_knl_Task_LD_exit__C                              
2001558c  ti_sysbios_knl_Task_LD_ready__C                             
20015590  ti_sysbios_knl_Task_LM_sleep__C                             
20015594  ti_sysbios_knl_Task_LM_switch__C                            
20015598  ti_sysbios_knl_Task_LM_yield__C                             
2001559c  ti_sysbios_knl_Task_Module_State_inactiveQ__O               
200155a0  ti_sysbios_knl_Task_Module__diagsEnabled__C                 
200155a4  ti_sysbios_knl_Task_Module__diagsIncluded__C                
200155a8  ti_sysbios_knl_Task_Module__diagsMask__C                    
200155ac  ti_sysbios_knl_Task_Module__loggerFxn2__C                   
200155b0  ti_sysbios_knl_Task_Module__loggerFxn4__C                   
200155b4  ti_sysbios_knl_Task_Module__loggerObj__C                    
200155b8  ti_sysbios_knl_Task_Object__count__C                        
200155bc  ti_sysbios_knl_Task_allBlockedFunc__C                       
200155c0  ti_sysbios_knl_Task_defaultStackHeap__C                     
200155c4  ti_sysbios_knl_Task_defaultStackSize__C                     
200155c8  ti_sysbios_knl_Task_numConstructedTasks__C                  
200155cc  xdc_runtime_Assert_E_assertFailed__C                        
200155d0  xdc_runtime_Core_A_initializedParams__C                     
200155d4  xdc_runtime_Core_Module__diagsEnabled__C                    
200155d8  xdc_runtime_Core_Module__diagsIncluded__C                   
200155dc  xdc_runtime_Core_Module__diagsMask__C                       
200155e0  xdc_runtime_Error_E_memory__C                               
200155e4  xdc_runtime_Error_Module__diagsEnabled__C                   
200155e8  xdc_runtime_Error_Module__diagsIncluded__C                  
200155ec  xdc_runtime_Error_Module__diagsMask__C                      
200155f0  xdc_runtime_Error_Module__loggerFxn8__C                     
200155f4  xdc_runtime_Error_Module__loggerObj__C                      
200155f8  xdc_runtime_Error_policyFxn__C                              
200155fc  xdc_runtime_Error_raiseHook__C                              
20015600  xdc_runtime_IFilterLogger_Interface__BASE__C                
20015604  xdc_runtime_IGateProvider_Interface__BASE__C                
20015608  xdc_runtime_IHeap_Interface__BASE__C                        
2001560c  xdc_runtime_ILogger_Interface__BASE__C                      
20015610  xdc_runtime_IModule_Interface__BASE__C                      
20015614  xdc_runtime_Log_L_error__C                                  
20015618  xdc_runtime_LoggerBuf_E_badLevel__C                         
2001561c  xdc_runtime_LoggerBuf_Module__gateObj__C                    
20015620  xdc_runtime_LoggerBuf_Object__count__C                      
20015624  xdc_runtime_LoggerBuf_statusLogger__C                       
20015628  xdc_runtime_Memory_defaultHeapInstance__C                   
2001562c  xdc_runtime_Startup_execImpl__C                             
20015630  xdc_runtime_Startup_maxPasses__C                            
20015634  xdc_runtime_Startup_sfxnRts__C                              
20015638  xdc_runtime_Startup_sfxnTab__C                              
2001563c  xdc_runtime_SysMin_bufSize__C                               
20015640  xdc_runtime_SysMin_outputFunc__C                            
20015644  xdc_runtime_System_Module__gateObj__C                       
20015648  xdc_runtime_System_abortFxn__C                              
2001564c  xdc_runtime_System_exitFxn__C                               
20015650  xdc_runtime_System_extendFxn__C                             
20015654  xdc_runtime_System_maxAtexitHandlers__C                     
20015658  xdc_runtime_Text_charTab__C                                 
2001565c  xdc_runtime_Text_nameEmpty__C                               
20015660  xdc_runtime_Text_nameStatic__C                              
20015664  xdc_runtime_Text_nameUnknown__C                             
20015668  xdc_runtime_Text_nodeTab__C                                 
2001566c  xdc_runtime_Text_visitRopeFxn__C                            
20015670  ti_sysbios_family_arm_m3_Timer_Module__id__C                
20015672  ti_sysbios_family_arm_m3_TimestampProvider_configTimer__C   
20015674  ti_sysbios_gates_GateMutex_Module__id__C                    
20015676  ti_sysbios_hal_Hwi_Module__id__C                            
20015678  ti_sysbios_heaps_HeapMem_Module__id__C                      
2001567a  ti_sysbios_knl_Clock_Module__id__C                          
2001567c  ti_sysbios_knl_Clock_Module__loggerDefined__C               
2001567e  ti_sysbios_knl_Mailbox_Module__id__C                        
20015680  ti_sysbios_knl_Semaphore_Module__id__C                      
20015682  ti_sysbios_knl_Semaphore_Module__loggerDefined__C           
20015684  ti_sysbios_knl_Swi_Module__id__C                            
20015686  ti_sysbios_knl_Swi_Module__loggerDefined__C                 
20015688  ti_sysbios_knl_Task_Module__id__C                           
2001568a  ti_sysbios_knl_Task_Module__loggerDefined__C                
2001568c  xdc_runtime_Core_Module__id__C                              
2001568e  xdc_runtime_Error_Module__loggerDefined__C                  
20015690  xdc_runtime_Error_maxDepth__C                               
20015692  xdc_runtime_LoggerBuf_Module__id__C                         
20015694  xdc_runtime_LoggerBuf_filterByLevel__C                      
20015696  xdc_runtime_Memory_Module__id__C                            
20015698  xdc_runtime_SysMin_flushAtExit__C                           
2001569a  xdc_runtime_Text_charCnt__C                                 
2001569c  xdc_runtime_Text_isLoaded__C                                
2001569e  xdc_runtime_Text_registryModsLastId__C                      
200156a0  xdc_runtime_Text_unnamedModsLastId__C                       
200156a8  __TI_static_base__                                          
20015a58  __TI_Handler_Table_Base                                     
20015a64  __TI_Handler_Table_Limit                                    
20015a70  __TI_CINIT_Base                                             
20015a80  __TI_CINIT_Limit                                            
20017000  ti_sysbios_heaps_HeapMem_Instance_State_0_buf__A            
2001f000  ti_sysbios_knl_Task_Instance_State_0_stack__A               
2001f800  xdc_runtime_LoggerBuf_Instance_State_0_entryArr__A          
2001fc00  xdc_runtime_SysMin_Module_State_0_outbuf__A                 
20020000  ti_sysbios_family_arm_m3_Hwi_dispatchTable                  
20020484  __CIOBUF_                                                   
20020774  g_ucDinDout                                                 
2002085c  _effectData                                                 
200208b4  DMAMsgQ                                                     
200208b8  SimpleLinkSpawnTaskHndl                                     
200208c0  _clientSocket                                               
200208c4  _socketTaskHandle                                           
200208c8  _tick                                                       
200208d0  g_cDummy                                                    
200208d4  simpleLink_mailbox                                          
200208da  RxIrqCnt                                                    
200208dd  g_bDeviceRestartIsRequired                                  
200208e0  ti_sysbios_family_arm_m3_Hwi_Module__root__V                
200208e8  ti_sysbios_family_arm_m3_Hwi_Object__table__V               
20020900  ti_sysbios_family_arm_m3_Hwi_Module_State_0_excActive__A    
20020904  ti_sysbios_family_arm_m3_Hwi_Module_State_0_excContext__A   
20020908  ti_sysbios_family_arm_m3_Hwi_Module_State_0_excStack__A     
2002090c  ti_sysbios_family_arm_m3_Timer_Module__root__V              
20020914  ti_sysbios_family_arm_m3_Timer_Module__state__V             
20020920  ti_sysbios_family_arm_m3_TimestampProvider_Module__state__V 
20020924  ti_sysbios_gates_GateHwi_Module__root__V                    
2002092c  ti_sysbios_gates_GateHwi_Object__table__V                   
20020930  ti_sysbios_gates_GateMutex_Module__root__V                  
20020938  ti_sysbios_hal_Hwi_Module__root__V                          
20020940  ti_sysbios_hal_Timer_Module__root__V                        
20020948  ti_sysbios_heaps_HeapMem_Module__root__V                    
20020950  ti_sysbios_heaps_HeapMem_Object__table__V                   
20020968  ti_sysbios_knl_Clock_Module__root__V                        
20020970  ti_sysbios_knl_Event_Module__root__V                        
20020978  ti_sysbios_knl_Mailbox_Module__root__V                      
20020980  ti_sysbios_knl_Queue_Module__root__V                        
20020988  ti_sysbios_knl_Semaphore_Module__root__V                    
20020990  ti_sysbios_knl_Swi_Module__root__V                          
20020998  ti_sysbios_knl_Swi_Module__state__V                         
200209b4  ti_sysbios_knl_Task_Module__root__V                         
200209bc  ti_sysbios_knl_Task_Module_State_0_idleTask__A              
200209c0  xdc_runtime_Error_Module__state__V                          
200209c4  xdc_runtime_LoggerBuf_Module__root__V                       
200209cc  xdc_runtime_LoggerBuf_Module__state__V                      
200209d4  xdc_runtime_Memory_Module__state__V                         
200209d8  xdc_runtime_Registry_Module__state__V                       
200209e0  xdc_runtime_Startup_Module__state__V                        
200209e8  xdc_runtime_SysMin_Module__state__V                         
200209f4  xdc_runtime_System_Module_State_0_atexitHandlers__A         
20020a04  xdc_runtime_System_Module__state__V                         
20020a0c  xdc_runtime_Text_Module__state__V                           
20020a14  __xdc__init__addr                                           
20020ac8  _Denorm                                                     
20020ad8  _Eps                                                        
20020ae8  _Hugeval                                                    
20020af8  _Inf                                                        
20020b08  _Nan                                                        
20020b18  _Snan                                                       
20020b28  _Rteps                                                      
20020b38  _Xbig                                                       
20020b40  _Zero                                                       
20020b48  ti_sysbios_knl_Swi_Module_State_0_readyQ__A                 
20020bc8  ti_sysbios_knl_Task_Module_State_0_readyQ__A                
20020c48  _FDenorm                                                    
20020c58  _FEps                                                       
20020c68  _FInf                                                       
20020c78  _FNan                                                       
20020c88  _FSnan                                                      
20020c98  _FRteps                                                     
20020ca8  _FXbig                                                      
20020cac  _FZero                                                      
20020cb0  ti_sysbios_knl_Task_Object__table__V                        
20020cfc  ti_sysbios_knl_Task_Module__state__V                        
20020d40  ti_sysbios_gates_GateMutex_Object__table__V                 
20020d78  ti_sysbios_family_arm_m3_Hwi_Module__state__V               
20020dac  ti_sysbios_family_arm_m3_Timer_Object__table__V             
20020ddc  ti_sysbios_knl_Swi_Object__table__V                         
20020e0c  ti_sysbios_knl_Clock_Module__state__V                       
20020e60  ti_sysbios_BIOS_Module__state__V                            
20020e84  xdc_runtime_LoggerBuf_Object__table__V                      
20020ebd  _apState                                                    
20020ebe  _socketState                                                
20020ecc  g_SpiFd                                                     
20020ed0  g_pHostIntHdl                                               
20020ed4  g_ucDMAEnabled                                              
20020ed8  g_pCB                                                       
20020edc  pPingCallBackFunc                                           
20020ee4  _lock                                                       
20020ee8  _unlock                                                     
20020eec  __TI_cleanup_ptr                                            
20020ef0  __TI_dtors_ptr                                              
20020ef4  _Fenv                                                       
20020ef8  _Tls_setup__Fenv                                            
20020efc  _Errno                                                      
20020f00  main_func_sp                                                
2002e000  __stack                                                     
20030000  __STACK_END                                                 
e000e000  ti_sysbios_family_arm_m3_Hwi_nvic                           
ffffffff  __binit__                                                   
ffffffff  __c_args__                                                  
ffffffff  binit                                                       
UNDEFED   SHT$$INIT_ARRAY$$Base                                       
UNDEFED   SHT$$INIT_ARRAY$$Limit                                      

[933 symbols]
