******************************************************************************
                  TI ARM Linker PC v5.2.5                      
******************************************************************************
>> Linked Thu Oct 27 05:15:56 2016

OUTPUT FILE NAME:   <Stickman_V2.out>
ENTRY POINT SYMBOL: "_c_int00"  address: 2000d4e9


MEMORY CONFIGURATION

         name            origin    length      used     unused   attr    fill
----------------------  --------  ---------  --------  --------  ----  --------
  SRAM_CODE             20004000   00013000  0000d726  000058da  RW X
  SRAM_DATA             20017000   00019000  0000bc28  0000d3d8  RW X


SEGMENT ALLOCATION MAP

run origin  load origin   length   init length attrs members
----------  ----------- ---------- ----------- ----- -------
20004000    20004000    0000d730   0000d730    r-x
  20004000    20004000    0000030c   0000030c    r-- .resetVecs
  20004310    20004310    0000ac12   0000ac12    r-x .text
  2000ef28    2000ef28    00002460   00002460    r-- .const
  20011388    20011388    000003a8   000003a8    r-- .cinit
20017000    20017000    00009c2b   00000000    rw-
  20017000    20017000    00009665   00000000    rw- .bss
  20020668    20020668    000005c3   00000000    rw- .data
2002e000    2002e000    00002000   00000000    rw-
  2002e000    2002e000    00002000   00000000    rw- .stack


SECTION ALLOCATION MAP

 output                                  attributes/
section   page    origin      length       input sections
--------  ----  ----------  ----------   ----------------
.init_array 
*          0    20004000    00000000     UNINITIALIZED

.resetVecs 
*          0    20004000    0000030c     
                  20004000    0000030c     app_pem4.oem4 (.resetVecs)

.text      0    20004310    0000ac12     
                  20004310    000010a6     rtsv7M4_T_le_eabi.lib : _printfi.obj (.text)
                  200053b6    00000002                           : i_div0.obj (.text)
                  200053b8    00000544     ti_rtos.a : osi_tirtos.obj (.text)
                  200058fc    00000480     rtsv7M4_T_le_eabi.lib : pow.obj (.text)
                  20005d7c    00000004     app_pem4.oem4 (.text:ti_sysbios_BIOS_RtsGateProxy_enter__E)
                  20005d80    00000430     sysbios.aem4 : BIOS.obj (.text:ti_sysbios_family_arm_m3_Hwi_excDumpRegs__I)
                  200061b0    0000038c     Effect.obj (.text)
                  2000653c    0000034c     ti.targets.arm.rtsarm.aem4 : System.oem4 (.text:xdc_runtime_System_doPrint__I)
                  20006888    00000314     sysbios.aem4 : BIOS.obj (.text:ti_sysbios_knl_Semaphore_pend__E)
                  20006b9c    000002e4     rtsv7M4_T_le_eabi.lib : xlog.obj (.text)
                  20006e80    000002d4                           : trgdrv.obj (.text)
                  20007154    000002b4     MSGEQ7.obj (.text)
                  20007408    000002ac     APA102.obj (.text)
                  200076b4    00000004     app_pem4.oem4 (.text:ti_sysbios_BIOS_RtsGateProxy_leave__E)
                  200076b8    00000254     sysbios.aem4 : BIOS.obj (.text:ti_sysbios_heaps_HeapMem_free__E)
                  2000790c    00000004     app_pem4.oem4 (.text:ti_sysbios_family_arm_m3_Hwi_delete)
                  20007910    00000248     sysbios.aem4 : BIOS.obj (.text:ti_sysbios_heaps_HeapMem_alloc__E)
                  20007b58    0000022c                  : BIOS.obj (.text:ti_sysbios_knl_Task_Instance_finalize__E)
                  20007d84    00000004     app_pem4.oem4 (.text:ti_sysbios_family_arm_m3_TaskSupport_Module__startupDone__S)
                  20007d88    00000200     sysbios.aem4 : BIOS.obj (.text:ti_sysbios_knl_Task_sleep__E)
                  20007f88    000001fc     rtsv7M4_T_le_eabi.lib : xexp.obj (.text)
                  20008184    00000004     app_pem4.oem4 (.text:ti_sysbios_heaps_HeapMem_Module_GateProxy_enter__E)
                  20008188    000001fc     sysbios.aem4 : BIOS.obj (.text:ti_sysbios_family_arm_m3_Hwi_excHandlerMax__I)
                  20008384    000001f4     rtsv7M4_T_le_eabi.lib : ull_div_t2.obj (.text)
                  20008578    000001d0     Spectrum.obj (.text)
                  20008748    000001c8     sysbios.aem4 : BIOS.obj (.text:ti_sysbios_knl_Task_Instance_init__E)
                  20008910    000001b6     rtsv7M4_T_le_eabi.lib : fd_add_t2.obj (.text)
                  20008ac6    00000002     app_pem4.oem4 (.text:ti_sysbios_BIOS_nullFunc__I)
                  20008ac8    0000019c     sysbios.aem4 : BIOS.obj (.text:ti_sysbios_knl_Task_Module_startup__E)
                  20008c64    0000018c     rom_pin_mux_config.obj (.text)
                  20008df0    00000178     driverlib.a : prcm.obj (.text:PRCMCC3200MCUInit)
                  20008f68    00000174     sysbios.aem4 : BIOS.obj (.text:ti_sysbios_family_arm_m3_Hwi_excBusFault__I)
                  200090dc    00000004     app_pem4.oem4 (.text:ti_sysbios_heaps_HeapMem_Module_GateProxy_leave__E)
                  200090e0    00000164     sysbios.aem4 : BIOS.obj (.text:ti_sysbios_family_arm_m3_Hwi_excUsageFault__I)
                  20009244    00000004     app_pem4.oem4 (.text:ti_sysbios_knl_Clock_TimerProxy_getMaxTicks__E)
                  20009248    00000158     sysbios.aem4 : BIOS.obj (.text:ti_sysbios_knl_Mailbox_Instance_init__E)
                  200093a0    00000148                  : BIOS.obj (.text:ti_sysbios_family_arm_m3_Hwi_excMemFault__I)
                  200094e8    00000140                  : BIOS.obj (.text:ti_sysbios_knl_Semaphore_post__E)
                  20009628    0000013c                  : BIOS.obj (.text:ti_sysbios_heaps_HeapMem_Instance_init__E)
                  20009764    00000004     app_pem4.oem4 (.text:ti_sysbios_knl_Mailbox_delete)
                  20009768    00000138     sysbios.aem4 : BIOS.obj (.text:ti_sysbios_family_arm_m3_Hwi_dispatchC__I)
                  200098a0    00000138     ti.targets.arm.rtsarm.aem4 : LoggerBuf.oem4 (.text:xdc_runtime_LoggerBuf_write8__E)
                  200099d8    00000136     rtsv7M4_T_le_eabi.lib : fd_div_t2.obj (.text)
                  20009b0e    00000002     app_pem4.oem4 (.text:xdc_runtime_Startup_reset__I)
                  20009b10    00000134     sysbios.aem4 : BIOS.obj (.text:ti_sysbios_knl_Clock_workFunc__E)
                  20009c44    00000004     app_pem4.oem4 (.text:ti_sysbios_knl_Queue_destruct)
                  20009c48    0000011c     sysbios.aem4 : BIOS.obj (.text:ti_sysbios_knl_Swi_run__I)
                  20009d64    00000118     ti.targets.arm.rtsarm.aem4 : Error.oem4 (.text:xdc_runtime_Error_policyDefault__E)
                  20009e7c    00000110     BeatDetect.obj (.text)
                  20009f8c    00000110     rtsv7M4_T_le_eabi.lib : xdscale.obj (.text)
                  2000a09c    00000100     ti.targets.arm.rtsarm.aem4 : Core-mem.oem4 (.text:xdc_runtime_Core_createObject__I)
                  2000a19c    000000fc     rtsv7M4_T_le_eabi.lib : fd_mul_t2.obj (.text)
                  2000a298    000000fa                           : fs_add_t2.obj (.text)
                  2000a392    00000002     --HOLE-- [fill = 0]
                  2000a394    000000f8     ti.targets.arm.rtsarm.aem4 : Startup.oem4 (.text:xdc_runtime_Startup_startMods__I)
                  2000a48c    000000f8     app_pem4.oem4 (.text:xdc_runtime_System_printfExtend__I)
                  2000a584    000000d4     ti.targets.arm.rtsarm.aem4 : LoggerBuf.oem4 (.text:xdc_runtime_LoggerBuf_write4__E)
                  2000a658    000000d0     driverlib.a : spi.obj (.text:SPITransfer32)
                  2000a728    000000d0     sysbios.aem4 : BIOS.obj (.text:ti_sysbios_family_arm_m3_Hwi_Module_startup__E)
                  2000a7f8    000000d0                  : m3_Hwi_asm.obj (.text:ti_sysbios_family_arm_m3_Hwi_dispatch__I)
                  2000a8c8    000000ce     driverlib.a : spi.obj (.text:SPITransfer16)
                  2000a996    00000002     --HOLE-- [fill = 0]
                  2000a998    000000cc     sysbios.aem4 : BIOS.obj (.text:ti_sysbios_knl_Task_schedule__I)
                  2000aa64    000000cc     ti.targets.arm.rtsarm.aem4 : Core-smem.oem4 (.text:xdc_runtime_Core_constructObject__I)
                  2000ab30    000000c0     rtsv7M4_T_le_eabi.lib : xdint.obj (.text)
                  2000abf0    000000be                           : xdnorm.obj (.text)
                  2000acae    00000002     --HOLE-- [fill = 0]
                  2000acb0    000000bc     sysbios.aem4 : BIOS.obj (.text:ti_sysbios_family_arm_m3_Hwi_excDebugMon__I)
                  2000ad6c    00000004     app_pem4.oem4 (.text:ti_sysbios_knl_Semaphore_delete)
                  2000ad70    000000bc     sysbios.aem4 : BIOS.obj (.text:ti_sysbios_family_arm_m3_Hwi_excHardFault__I)
                  2000ae2c    00000004     app_pem4.oem4 (.text:ti_sysbios_knl_Semaphore_destruct)
                  2000ae30    000000bc     sysbios.aem4 : BIOS.obj (.text:ti_sysbios_knl_Task_startCore__E)
                  2000aeec    000000b8     driverlib.a : spi.obj (.text:SPITransfer8)
                  2000afa4    00000004     app_pem4.oem4 (.text:ti_sysbios_knl_Task_delete)
                  2000afa8    000000b4     sysbios.aem4 : BIOS.obj (.text:ti_sysbios_gates_GateMutex_enter__E)
                  2000b05c    00000004     ti.targets.arm.rtsarm.aem4 : Error.oem4 (.text:xdc_runtime_Error_getSite__E)
                  2000b060    000000b4     sysbios.aem4 : BIOS.obj (.text:ti_sysbios_knl_Task_checkStacks__E)
                  2000b114    00000004     app_pem4.oem4 (.text:xdc_runtime_LoggerBuf_Module_GateProxy_enter__E)
                  2000b118    000000b4     sysbios.aem4 : BIOS.obj (.text:ti_sysbios_knl_Task_yield__E)
                  2000b1cc    000000ac     main.obj (.text)
                  2000b278    000000ac     sysbios.aem4 : BIOS.obj (.text:ti_sysbios_knl_Swi_post__E)
                  2000b324    000000a8     driverlib.a : interrupt.obj (.text:IntEnable)
                  2000b3cc    00000004     app_pem4.oem4 (.text:xdc_runtime_LoggerBuf_Module_GateProxy_leave__E)
                  2000b3d0    000000a8     sysbios.aem4 : BIOS.obj (.text:ti_sysbios_knl_Task_blockI__E)
                  2000b478    000000a8                  : BIOS.obj (.text:ti_sysbios_knl_Task_postInit__I)
                  2000b520    000000a2     Matrix.obj (.text)
                  2000b5c2    00000002     --HOLE-- [fill = 0]
                  2000b5c4    000000a0     driverlib.a : spi.obj (.text:SPIConfigSetExpClk)
                  2000b664    000000a0     auto_init.aem4 : auto_init.oem4 (.text)
                  2000b704    000000a0     ti.targets.arm.rtsarm.aem4 : Text.oem4 (.text:xdc_runtime_Text_putMod__E)
                  2000b7a4    0000009c     rtsv7M4_T_le_eabi.lib : memcpy_t2.obj (.text)
                  2000b840    0000009c     sysbios.aem4 : BIOS.obj (.text:ti_sysbios_knl_Semaphore_Instance_init__E)
                  2000b8dc    0000009c     ti.targets.arm.rtsarm.aem4 : LoggerBuf.oem4 (.text:xdc_runtime_LoggerBuf_setFilterLevel__E)
                  2000b978    0000009a                                : Text.oem4 (.text:xdc_runtime_Text_putSite__E)
                  2000ba12    00000006     driverlib.a : utils.obj (.text:UtilsDelay)
                  2000ba18    00000098     sysbios.aem4 : BIOS.obj (.text:ti_sysbios_knl_Mailbox_post__E)
                  2000bab0    00000094     driverlib.a : prcm.obj (.text:PRCMPeripheralClockGet)
                  2000bb44    00000004     app_pem4.oem4 (.text:xdc_runtime_System_Module_GateProxy_enter__E)
                  2000bb48    00000094     sysbios.aem4 : BIOS.obj (.text:ti_sysbios_family_arm_m3_Hwi_Instance_init__E)
                  2000bbdc    00000004     app_pem4.oem4 (.text:xdc_runtime_System_Module_GateProxy_leave__E)
                  2000bbe0    00000094     sysbios.aem4 : BIOS.obj (.text:ti_sysbios_knl_Task_exit__E)
                  2000bc74    00000092     rtsv7M4_T_le_eabi.lib : fs_div_t2.obj (.text)
                  2000bd06    00000002     --HOLE-- [fill = 0]
                  2000bd08    00000090     sysbios.aem4 : BIOS.obj (.text:ti_sysbios_knl_Task_unblockI__E)
                  2000bd98    0000008c                  : BIOS.obj (.text:ti_sysbios_knl_Mailbox_pend__E)
                  2000be24    00000088     driverlib.a : pin.obj (.text:PinConfigSet)
                  2000beac    00000088                 : spi.obj (.text:SPITransfer)
                  2000bf34    00000004     ti.targets.arm.rtsarm.aem4 : System.oem4 (.text:xdc_runtime_System_aprintf_va__F)
                  2000bf38    00000088     sysbios.aem4 : BIOS.obj (.text:ti_sysbios_family_arm_m3_Hwi_initNVIC__E)
                  2000bfc0    00000088                  : BIOS.obj (.text:ti_sysbios_knl_Mailbox_Module_startup__E)
                  2000c048    00000086     rtsv7M4_T_le_eabi.lib : fd_cmp_t2.obj (.text:__aeabi_cdcmple)
                  2000c0ce    00000086                           : fd_cmp_t2.obj (.text:__aeabi_cdrcmple)
                  2000c154    00000004     ti.targets.arm.rtsarm.aem4 : System.oem4 (.text:xdc_runtime_System_printf_va__F)
                  2000c158    00000084     sysbios.aem4 : BIOS.obj (.text:ti_sysbios_family_arm_m3_Hwi_postInit__I)
                  2000c1dc    00000004     --HOLE-- [fill = 0]
                  2000c1e0    0000007c                  : BIOS.obj (.text:ti_sysbios_family_arm_m3_TimestampProvider_get64__E)
                  2000c25c    0000007a     rtsv7M4_T_le_eabi.lib : fs_mul_t2.obj (.text)
                  2000c2d6    0000007a                           : memset_t2.obj (.text)
                  2000c350    00000078     Console.obj (.text)
                  2000c3c8    00000076     driverlib.a : uart.obj (.text:UARTConfigSetExpClk)
                  2000c43e    00000002     --HOLE-- [fill = 0]
                  2000c440    00000074     ti.targets.arm.rtsarm.aem4 : LoggerBuf.oem4 (.text:xdc_runtime_LoggerBuf_getFilterLevel__E)
                  2000c4b4    00000070     driverlib.a : timer.obj (.text:TimerIntRegister)
                  2000c524    00000004     --HOLE-- [fill = 0]
                  2000c528    00000070     sysbios.aem4 : BIOS.obj (.text:ti_sysbios_knl_Mailbox_Instance_finalize__E)
                  2000c598    0000006d     ti.targets.arm.rtsarm.aem4 : System.oem4 (.text:xdc_runtime_System_formatNum__I)
                  2000c605    00000003     --HOLE-- [fill = 0]
                  2000c608    0000006c     sysbios.aem4 : BIOS.obj (.text:ti_sysbios_knl_Swi_restoreHwi__E)
                  2000c674    0000006c     ti.targets.arm.rtsarm.aem4 : Error.oem4 (.text:xdc_runtime_Error_print__E)
                  2000c6e0    0000006c                                : Memory.oem4 (.text:xdc_runtime_Memory_alloc__E)
                  2000c74c    0000006a     rtsv7M4_T_le_eabi.lib : copy_decompress_rle.obj (.text)
                  2000c7b6    00000002     --HOLE-- [fill = 0]
                  2000c7b8    00000068     driverlib.a : adc.obj (.text:ADCIntEnable)
                  2000c820    00000068     rtsv7M4_T_le_eabi.lib : trgmsg.obj (.text)
                  2000c888    00000066                           : xdunscal.obj (.text)
                  2000c8ee    00000066     ti.targets.arm.rtsarm.aem4 : Core-mem.oem4 (.text:xdc_runtime_Core_deleteObject__I)
                  2000c954    00000064     app_pem4.oem4 (.text:ti_sysbios_family_arm_m3_Hwi_create)
                  2000c9b8    00000064     app_pem4.oem4 (.text:ti_sysbios_knl_Mailbox_create)
                  2000ca1c    00000060     rtsv7M4_T_le_eabi.lib : fs_cmp_t2.obj (.text:__aeabi_cfcmple)
                  2000ca7c    00000060                           : fs_cmp_t2.obj (.text:__aeabi_cfrcmple)
                  2000cadc    00000004     --HOLE-- [fill = 0]
                  2000cae0    00000060     sysbios.aem4 : BIOS.obj (.text:ti_sysbios_knl_Clock_logTick__E)
                  2000cb40    0000005c     driverlib.a : adc.obj (.text:ADCIntStatus)
                  2000cb9c    00000004     --HOLE-- [fill = 0]
                  2000cba0    0000005c     sysbios.aem4 : BIOS.obj (.text:ti_sysbios_knl_Swi_schedule__I)
                  2000cbfc    0000005c     app_pem4.oem4 (.text:ti_sysbios_knl_Task_create)
                  2000cc58    0000005c     app_pem4.oem4 (.text:xdc_runtime_LoggerBuf_Object__create__S)
                  2000ccb4    0000005b     ti.targets.arm.rtsarm.aem4 : Text.oem4 (.text:xdc_runtime_Text_putLab__E)
                  2000cd0f    00000001     --HOLE-- [fill = 0]
                  2000cd10    00000058     driverlib.a : adc.obj (.text:ADCIntClear)
                  2000cd68    00000058                 : prcm.obj (.text:PRCMPeripheralReset)
                  2000cdc0    00000058     sysbios.aem4 : BIOS.obj (.text:ti_sysbios_family_arm_m3_Timer_setPeriod__E)
                  2000ce18    00000056     rtsv7M4_T_le_eabi.lib : ltoa.obj (.text)
                  2000ce6e    00000002     --HOLE-- [fill = 0]
                  2000ce70    00000054     sysbios.aem4 : BIOS.obj (.text:ti_sysbios_family_arm_m3_Timer_start__E)
                  2000cec4    00000054     ti.targets.arm.rtsarm.aem4 : Assert.oem4 (.text:xdc_runtime_Assert_raise__I)
                  2000cf18    00000050                                : Startup.oem4 (.text:xdc_runtime_Startup_exec__E)
                  2000cf68    00000050                                : Text.oem4 (.text:xdc_runtime_Text_visitRope2__I)
                  2000cfb8    0000004c     rtsv7M4_T_le_eabi.lib : atoi.obj (.text)
                  2000d004    0000004c                           : cpy_tbl.obj (.text)
                  2000d050    0000004c     sysbios.aem4 : m3_TaskSupport_asm.obj (.text:ti_sysbios_family_arm_m3_TaskSupport_buildTaskStack)
                  2000d09c    00000004     --HOLE-- [fill = 0]
                  2000d0a0    0000004c                  : BIOS.obj (.text:ti_sysbios_heaps_HeapMem_getStats__E)
                  2000d0ec    00000004     --HOLE-- [fill = 0]
                  2000d0f0    0000004c                  : BIOS.obj (.text:ti_sysbios_knl_Swi_runLoop__I)
                  2000d13c    00000004     --HOLE-- [fill = 0]
                  2000d140    0000004c                  : BIOS.obj (.text:ti_sysbios_knl_Task_allBlockedFunction__I)
                  2000d18c    00000048     rtsv7M4_T_le_eabi.lib : fd_toi_t2.obj (.text)
                  2000d1d4    00000048                           : fd_tos_t2.obj (.text)
                  2000d21c    00000048                           : vsprintf.obj (.text)
                  2000d264    00000004     --HOLE-- [fill = 0]
                  2000d268    00000048     sysbios.aem4 : BIOS.obj (.text:ti_sysbios_family_arm_m3_Hwi_disableInterrupt__E)
                  2000d2b0    00000048                  : BIOS.obj (.text:ti_sysbios_family_arm_m3_Hwi_enableInterrupt__E)
                  2000d2f8    00000048                  : BIOS.obj (.text:ti_sysbios_family_arm_m3_Hwi_excReserved__I)
                  2000d340    00000048                  : m3_Hwi_asm_switch.obj (.text:ti_sysbios_family_arm_m3_Hwi_initStacks__E)
                  2000d388    00000048                  : BIOS.obj (.text:ti_sysbios_family_arm_m3_Timer_initDevice__I)
                  2000d3d0    00000046     rtsv7M4_T_le_eabi.lib : fmax.obj (.text)
                  2000d416    00000046                           : ldexp.obj (.text)
                  2000d45c    00000046     ti.targets.arm.rtsarm.aem4 : Core-params.oem4 (.text:xdc_runtime_Core_assignParams__I)
                  2000d4a2    00000002     --HOLE-- [fill = 0]
                  2000d4a4    00000044     driverlib.a : timer.obj (.text:TimerConfigure)
                  2000d4e8    00000044     boot.aem4 : boot.oem4 (.text)
                  2000d52c    00000044     rtsv7M4_T_le_eabi.lib : exit.obj (.text)
                  2000d570    00000044                           : fd_tou_t2.obj (.text)
                  2000d5b4    00000004     --HOLE-- [fill = 0]
                  2000d5b8    00000044     sysbios.aem4 : BIOS.obj (.text:ti_sysbios_family_arm_m3_Hwi_getStackInfo__E)
                  2000d5fc    00000004     --HOLE-- [fill = 0]
                  2000d600    00000044                  : BIOS.obj (.text:ti_sysbios_knl_Mailbox_postInit__I)
                  2000d644    00000044     ti.targets.arm.rtsarm.aem4 : Error.oem4 (.text:xdc_runtime_Error_setX__E)
                  2000d688    00000044                                : LoggerBuf.oem4 (.text:xdc_runtime_LoggerBuf_filterOutEvent__I)
                  2000d6cc    00000044                                : SysMin.oem4 (.text:xdc_runtime_SysMin_flush__E)
                  2000d710    00000044                                : Text.oem4 (.text:xdc_runtime_Text_xprintf__I)
                  2000d754    00000040     driverlib.a : pin.obj (.text:PinModeSet)
                  2000d794    00000040     rtsv7M4_T_le_eabi.lib : signal.obj (.text)
                  2000d7d4    00000040                           : u_divt2.obj (.text)
                  2000d814    00000004     --HOLE-- [fill = 0]
                  2000d818    00000040     sysbios.aem4 : BIOS.obj (.text:ti_sysbios_family_arm_m3_Timer_Module_startup__E)
                  2000d858    0000003e     driverlib.a : adc.obj (.text:ADCIntRegister)
                  2000d896    00000002     --HOLE-- [fill = 0]
                  2000d898    0000003c                 : prcm.obj (.text:PRCMPeripheralClkEnable)
                  2000d8d4    00000004     --HOLE-- [fill = 0]
                  2000d8d8    0000003c     sysbios.aem4 : BIOS.obj (.text:ti_sysbios_family_arm_m3_Hwi_excSvCall__I)
                  2000d914    00000004     --HOLE-- [fill = 0]
                  2000d918    0000003c                  : BIOS.obj (.text:ti_sysbios_heaps_HeapMem_init__I)
                  2000d954    00000004     --HOLE-- [fill = 0]
                  2000d958    0000003c                  : BIOS.obj (.text:ti_sysbios_knl_Swi_startup__E)
                  2000d994    0000003a     ti.targets.arm.rtsarm.aem4 : LoggerBuf.oem4 (.text:xdc_runtime_LoggerBuf_Instance_init__E)
                  2000d9ce    00000038     driverlib.a : adc.obj (.text:ADCChannelEnable)
                  2000da06    00000038     rtsv7M4_T_le_eabi.lib : fs_tod_t2.obj (.text)
                  2000da3e    00000038                           : fs_toi_t2.obj (.text)
                  2000da76    00000002     --HOLE-- [fill = 0]
                  2000da78    00000038     sysbios.aem4 : BIOS.obj (.text:ti_sysbios_family_arm_m3_Hwi_excNoIsr__I)
                  2000dab0    00000038                  : BIOS.obj (.text:ti_sysbios_knl_Task_processVitalTaskFlag__I)
                  2000dae8    00000038     ti.targets.arm.rtsarm.aem4 : SysMin.oem4 (.text:xdc_runtime_SysMin_putch__E)
                  2000db20    00000038                                : System.oem4 (.text:xdc_runtime_System_atexit__E)
                  2000db58    00000036     driverlib.a : gpio.obj (.text:GPIODirModeSet)
                  2000db8e    00000002     --HOLE-- [fill = 0]
                  2000db90    00000034     rtsv7M4_T_le_eabi.lib : feraiseexcept.obj (.text)
                  2000dbc4    00000034                           : fs_tou_t2.obj (.text)
                  2000dbf8    00000034     sysbios.aem4 : BIOS.obj (.text:ti_sysbios_family_arm_m3_Hwi_Instance_finalize__E)
                  2000dc2c    00000004     --HOLE-- [fill = 0]
                  2000dc30    00000034                  : BIOS.obj (.text:ti_sysbios_family_arm_m3_Hwi_excNmi__I)
                  2000dc64    00000004     --HOLE-- [fill = 0]
                  2000dc68    00000034                  : BIOS.obj (.text:ti_sysbios_family_arm_m3_Timer_periodicStub__I)
                  2000dc9c    00000004     --HOLE-- [fill = 0]
                  2000dca0    00000034                  : BIOS.obj (.text:ti_sysbios_hal_Hwi_checkStack)
                  2000dcd4    00000034     app_pem4.oem4 (.text:ti_sysbios_knl_Semaphore_create)
                  2000dd08    00000034     ti.targets.arm.rtsarm.aem4 : Core-label.oem4 (.text:xdc_runtime_Core_assignLabel__I)
                  2000dd3c    00000033                                : Text.oem4 (.text:xdc_runtime_Text_printVisFxn__I)
                  2000dd6f    00000001     --HOLE-- [fill = 0]
                  2000dd70    00000032     sysbios.aem4 : BIOS.obj (.text:ti_sysbios_hal_Hwi_initStack)
                  2000dda2    00000006     ti.targets.arm.rtsarm.aem4 : xdc_noinit.oem4 (.text:__xdc__init)
                  2000dda8    00000032     sysbios.aem4 : BIOS.obj (.text:ti_sysbios_knl_Semaphore_pendTimeout__I)
                  2000ddda    00000030     driverlib.a : pin.obj (.text:PinTypeGPIO)
                  2000de0a    00000002     --HOLE-- [fill = 0]
                  2000de0c    00000030                 : uart.obj (.text:UARTDisable)
                  2000de3c    00000030     rtsv7M4_T_le_eabi.lib : xferaise.obj (.text)
                  2000de6c    00000030     app_pem4.oem4 (.text:ti_sysbios_BIOS_atExitFunc__I)
                  2000de9c    00000004     --HOLE-- [fill = 0]
                  2000dea0    00000030     sysbios.aem4 : BIOS.obj (.text:ti_sysbios_family_arm_m3_TaskSupport_start__E)
                  2000ded0    00000030     app_pem4.oem4 (.text:ti_sysbios_gates_GateHwi_Object__create__S)
                  2000df00    00000030     app_pem4.oem4 (.text:ti_sysbios_gates_GateMutex_Object__create__S)
                  2000df30    00000030     app_pem4.oem4 (.text:ti_sysbios_heaps_HeapMem_Object__create__S)
                  2000df60    00000030     app_pem4.oem4 (.text:ti_sysbios_knl_Semaphore_construct)
                  2000df90    00000030     ti.targets.arm.rtsarm.aem4 : SysMin.oem4 (.text:xdc_runtime_SysMin_abort__E)
                  2000dfc0    00000030                                : System.oem4 (.text:xdc_runtime_System_processAtExit__E)
                  2000dff0    0000002e     app_pem4.oem4 (.text:malloc)
                  2000e01e    0000002e     rtsv7M4_T_le_eabi.lib : i_tofd_t2.obj (.text)
                  2000e04c    0000002e                           : raise.obj (.text)
                  2000e07a    00000002     --HOLE-- [fill = 0]
                  2000e07c    0000002c     driverlib.a : prcm.obj (.text:PRCMSysResetCauseGet)
                  2000e0a8    0000002c     app_pem4.oem4 (.text:ti_sysbios_knl_Clock_doTick__I)
                  2000e0d4    0000002c     app_pem4.oem4 (.text:ti_sysbios_knl_Queue_construct)
                  2000e100    0000002c     sysbios.aem4 : BIOS.obj (.text:ti_sysbios_knl_Task_restore__E)
                  2000e12c    0000002c     ti.targets.arm.rtsarm.aem4 : Text.oem4 (.text:xdc_runtime_Text_cordText__E)
                  2000e158    0000002a     driverlib.a : timer.obj (.text:TimerLoadSet)
                  2000e182    0000002a     rtsv7M4_T_le_eabi.lib : xdclass.obj (.text)
                  2000e1ac    0000002a     ti.targets.arm.rtsarm.aem4 : System.oem4 (.text:xdc_runtime_System_putchar__I)
                  2000e1d6    00000002     --HOLE-- [fill = 0]
                  2000e1d8    00000028     driverlib.a : prcm.obj (.text:PRCMPeripheralClkDisable)
                  2000e200    00000028     sysbios.aem4 : BIOS.obj (.text:ti_sysbios_knl_Swi_Module_startup__E)
                  2000e228    00000028     ti.targets.arm.rtsarm.aem4 : LoggerBuf.oem4 (.text:xdc_runtime_LoggerBuf_Module_startup__E)
                  2000e250    00000026                                : System.oem4 (.text:xdc_runtime_System_avprintf__E)
                  2000e276    00000024     driverlib.a : uart.obj (.text:UARTEnable)
                  2000e29a    00000024     rtsv7M4_T_le_eabi.lib : u_tofs_t2.obj (.text)
                  2000e2be    00000002     --HOLE-- [fill = 0]
                  2000e2c0    00000024     app_pem4.oem4 (.text:ti_sysbios_BIOS_errorRaiseHook__I)
                  2000e2e4    00000024     app_pem4.oem4 (.text:ti_sysbios_BIOS_registerRTSLock__I)
                  2000e308    00000024     app_pem4.oem4 (.text:ti_sysbios_BIOS_removeRTSLock__I)
                  2000e32c    00000024     app_pem4.oem4 (.text:ti_sysbios_BIOS_startFunc__I)
                  2000e350    00000024     sysbios.aem4 : BIOS.obj (.text:ti_sysbios_family_arm_m3_Hwi_doTaskRestore__I)
                  2000e374    00000004     --HOLE-- [fill = 0]
                  2000e378    00000024                  : BIOS.obj (.text:ti_sysbios_family_arm_m3_Timer_startup__E)
                  2000e39c    00000024     app_pem4.oem4 (.text:ti_sysbios_gates_GateMutex_Object__delete__S)
                  2000e3c0    00000024     sysbios.aem4 : BIOS.obj (.text:ti_sysbios_knl_Clock_Module_startup__E)
                  2000e3e4    00000024     app_pem4.oem4 (.text:ti_sysbios_knl_Semaphore_Object__delete__S)
                  2000e408    00000024     ti.targets.arm.rtsarm.aem4 : System.oem4 (.text:xdc_runtime_System_vprintf__E)
                  2000e42c    00000022     rtsv7M4_T_le_eabi.lib : frexp.obj (.text)
                  2000e44e    00000022     app_pem4.oem4 (.text:xdc_runtime_SysMin_output__I)
                  2000e470    00000020     driverlib.a : gpio.obj (.text:GPIOPinWrite)
                  2000e490    00000020                 : interrupt.obj (.text:IntRegister)
                  2000e4b0    00000020     app_pem4.oem4 (.text:ti_sysbios_BIOS_rtsLock__I)
                  2000e4d0    00000020     app_pem4.oem4 (.text:ti_sysbios_family_arm_m3_Hwi_Object__delete__S)
                  2000e4f0    00000020     sysbios.aem4 : m3_Hwi_asm.obj (.text:ti_sysbios_family_arm_m3_Hwi_excHandlerAsm__I)
                  2000e510    00000020                  : BIOS.obj (.text:ti_sysbios_family_arm_m3_Hwi_excHandler__I)
                  2000e530    00000020                  : BIOS.obj (.text:ti_sysbios_family_arm_m3_TimestampProvider_Module_startup__E)
                  2000e550    00000020     app_pem4.oem4 (.text:ti_sysbios_gates_GateHwi_Object__delete__S)
                  2000e570    00000020     app_pem4.oem4 (.text:ti_sysbios_heaps_HeapMem_Object__delete__S)
                  2000e590    00000020     sysbios.aem4 : BIOS.obj (.text:ti_sysbios_knl_Idle_run__E)
                  2000e5b0    00000020     app_pem4.oem4 (.text:ti_sysbios_knl_Mailbox_Object__delete__S)
                  2000e5d0    00000020     app_pem4.oem4 (.text:ti_sysbios_knl_Semaphore_Object__destruct__S)
                  2000e5f0    00000020     app_pem4.oem4 (.text:ti_sysbios_knl_Task_Object__delete__S)
                  2000e610    00000020     app_pem4.oem4 (.text:xdc_runtime_LoggerBuf_Object__delete__S)
                  2000e630    00000020     ti.targets.arm.rtsarm.aem4 : LoggerBuf.oem4 (.text:xdc_runtime_LoggerBuf_reset__E)
                  2000e650    00000020                                : Registry.oem4 (.text:xdc_runtime_Registry_findById__E)
                  2000e670    00000020                                : SysMin.oem4 (.text:xdc_runtime_SysMin_Module_startup__E)
                  2000e690    0000001e     driverlib.a : timer.obj (.text:TimerEnable)
                  2000e6ae    0000001e                 : timer.obj (.text:TimerIntStatus)
                  2000e6cc    0000001e                 : uart.obj (.text:UARTCharPut)
                  2000e6ea    0000001e     sysbios.aem4 : m3_Hwi_asm_switch.obj (.text:ti_sysbios_family_xxx_Hwi_switchAndRunFunc)
                  2000e708    0000001c     driverlib.a : adc.obj (.text:ADCFIFOLvlGet)
                  2000e724    0000001c                 : timer.obj (.text:TimerValueGet)
                  2000e740    0000001c     rtsv7M4_T_le_eabi.lib : memccpy.obj (.text)
                  2000e75c    00000004     --HOLE-- [fill = 0]
                  2000e760    0000001c     sysbios.aem4 : BIOS.obj (.text:ti_sysbios_family_arm_m3_Hwi_setPriority__E)
                  2000e77c    00000004     --HOLE-- [fill = 0]
                  2000e780    0000001c                  : BIOS.obj (.text:ti_sysbios_gates_GateMutex_Instance_init__E)
                  2000e79c    0000001c     app_pem4.oem4 (.text:ti_sysbios_knl_Queue_Object__destruct__S)
                  2000e7b8    0000001c     sysbios.aem4 : BIOS.obj (.text:ti_sysbios_knl_Task_enter__I)
                  2000e7d4    0000001c     ti.targets.arm.rtsarm.aem4 : Error.oem4 (.text:xdc_runtime_Error_raiseX__E)
                  2000e7f0    0000001c                                : Memory.oem4 (.text:xdc_runtime_Memory_valloc__E)
                  2000e80c    0000001c                                : SysMin.oem4 (.text:xdc_runtime_SysMin_exit__E)
                  2000e828    0000001c                                : System.oem4 (.text:xdc_runtime_System_abort__E)
                  2000e844    0000001a     driverlib.a : pin.obj (.text:PinTypeSPI)
                  2000e85e    0000001a                 : spi.obj (.text:SPIFIFOEnable)
                  2000e878    0000001a     app_pem4.oem4 (.text:ti_sysbios_family_arm_m3_Hwi_Handle__label__S)
                  2000e892    0000001a     sysbios.aem4 : m3_Hwi_asm.obj (.text:ti_sysbios_family_arm_m3_Hwi_pendSV__I)
                  2000e8ac    0000001a     app_pem4.oem4 (.text:ti_sysbios_gates_GateHwi_Handle__label__S)
                  2000e8c6    0000001a     app_pem4.oem4 (.text:ti_sysbios_gates_GateMutex_Handle__label__S)
                  2000e8e0    0000001a     app_pem4.oem4 (.text:ti_sysbios_heaps_HeapMem_Handle__label__S)
                  2000e8fa    0000001a     app_pem4.oem4 (.text:ti_sysbios_knl_Swi_Handle__label__S)
                  2000e914    0000001a     app_pem4.oem4 (.text:ti_sysbios_knl_Task_Handle__label__S)
                  2000e92e    00000002     --HOLE-- [fill = 0]
                  2000e930    0000001a     sysbios.aem4 : BIOS.obj (.text:ti_sysbios_knl_Task_sleepTimeout__I)
                  2000e94a    0000001a     app_pem4.oem4 (.text:xdc_runtime_LoggerBuf_Handle__label__S)
                  2000e964    0000001a     app_pem4.oem4 (.text:xdc_runtime_System_aprintf__E)
                  2000e97e    0000001a     app_pem4.oem4 (.text:xdc_runtime_System_printf__E)
                  2000e998    00000018     driverlib.a : adc.obj (.text:ADCFIFORead)
                  2000e9b0    00000018                 : spi.obj (.text:SPIEnable)
                  2000e9c8    00000018                 : timer.obj (.text:TimerIntEnable)
                  2000e9e0    00000018                 : uart.obj (.text:UARTFIFOLevelSet)
                  2000e9f8    00000018     app_pem4.oem4 (.text:free)
                  2000ea10    00000018     rtsv7M4_T_le_eabi.lib : args_main.obj (.text)
                  2000ea28    00000018     app_pem4.oem4 (.text:ti_sysbios_BIOS_rtsUnlock__I)
                  2000ea40    00000018     app_pem4.oem4 (.text:ti_sysbios_family_arm_m3_Hwi_Module__startupDone__F)
                  2000ea58    00000018     app_pem4.oem4 (.text:ti_sysbios_family_arm_m3_Timer_Module__startupDone__F)
                  2000ea70    00000018     sysbios.aem4 : BIOS.obj (.text:ti_sysbios_gates_GateMutex_leave__E)
                  2000ea88    00000018     ti.targets.arm.rtsarm.aem4 : Error.oem4 (.text:xdc_runtime_Error_check__E)
                  2000eaa0    00000018                                : System.oem4 (.text:xdc_runtime_System_exit__E)
                  2000eab8    00000018                                : Text.oem4 (.text:xdc_runtime_Text_ropeText__E)
                  2000ead0    00000016     driverlib.a : prcm.obj (.text:PRCMHIBRegRead)
                  2000eae6    00000016                 : prcm.obj (.text:PRCMHIBRegWrite)
                  2000eafc    00000016                 : uart.obj (.text:UARTFIFOEnable)
                  2000eb12    00000016     rtsv7M4_T_le_eabi.lib : strchr.obj (.text)
                  2000eb28    00000016     app_pem4.oem4 (.text:ti_sysbios_BIOS_exitFunc__I)
                  2000eb3e    00000014     driverlib.a : adc.obj (.text:ADCEnable)
                  2000eb52    00000014                 : cpu.obj (.text:CPUcpsie)
                  2000eb66    00000014                 : pin.obj (.text:PinTypeADC)
                  2000eb7a    00000002     --HOLE-- [fill = 0]
                  2000eb7c    00000014     rtsv7M4_T_le_eabi.lib : _lock.obj (.text)
                  2000eb90    00000014                           : strcpy.obj (.text)
                  2000eba4    00000014                           : strlen.obj (.text)
                  2000ebb8    00000014     app_pem4.oem4 (.text:ti_sysbios_family_arm_m3_Hwi_Object__get__S)
                  2000ebcc    00000004     --HOLE-- [fill = 0]
                  2000ebd0    00000014     sysbios.aem4 : BIOS.obj (.text:ti_sysbios_family_arm_m3_Hwi_switchFromBootStack__E)
                  2000ebe4    00000014     app_pem4.oem4 (.text:ti_sysbios_heaps_HeapMem_Object__get__S)
                  2000ebf8    00000014     app_pem4.oem4 (.text:ti_sysbios_knl_Swi_Object__get__S)
                  2000ec0c    00000014     app_pem4.oem4 (.text:xdc_runtime_LoggerBuf_Object__get__S)
                  2000ec20    00000012     driverlib.a : timer.obj (.text:TimerIntClear)
                  2000ec32    00000006     rtsv7M4_T_le_eabi.lib : copy_decompress_rle.obj (.text:decompress:rle24)
                  2000ec38    00000012     sysbios.aem4 : BIOS.obj (.text:ti_sysbios_hal_Hwi_Module_startup__E)
                  2000ec4a    00000006     rtsv7M4_T_le_eabi.lib : log.obj (.text)
                  2000ec50    00000012     sysbios.aem4 : BIOS.obj (.text:ti_sysbios_hal_Timer_Module_startup__E)
                  2000ec62    00000012     ti.targets.arm.rtsarm.aem4 : LoggerBuf.oem4 (.text:xdc_runtime_LoggerBuf_Instance_finalize__E)
                  2000ec74    00000012                                : LoggerBuf.oem4 (.text:xdc_runtime_LoggerBuf_write1__E)
                  2000ec86    00000012                                : LoggerBuf.oem4 (.text:xdc_runtime_LoggerBuf_write2__E)
                  2000ec98    00000012     app_pem4.oem4 (.text:xdc_runtime_Startup_exec__I)
                  2000ecaa    00000006     rtsv7M4_T_le_eabi.lib : log10.obj (.text)
                  2000ecb0    00000010     sysbios.aem4 : BIOS.obj (.text:ti_sysbios_BIOS_setThreadType__E)
                  2000ecc0    00000010                  : BIOS.obj (.text:ti_sysbios_BIOS_start__E)
                  2000ecd0    00000010                  : BIOS.obj (.text:ti_sysbios_family_arm_m3_Hwi_getHandle__E)
                  2000ece0    00000010                  : m3_TaskSupport_asm.obj (.text:ti_sysbios_family_arm_m3_TaskSupport_glue)
                  2000ecf0    00000010                  : m3_TaskSupport_asm.obj (.text:ti_sysbios_family_arm_m3_TaskSupport_swap__E)
                  2000ed00    00000010                  : BIOS.obj (.text:ti_sysbios_gates_GateMutex_Instance_finalize__E)
                  2000ed10    00000010     app_pem4.oem4 (.text:ti_sysbios_knl_Mailbox_Object__get__S)
                  2000ed20    00000010     sysbios.aem4 : BIOS.obj (.text:ti_sysbios_knl_Semaphore_Instance_finalize__E)
                  2000ed30    00000010                  : BIOS.obj (.text:ti_sysbios_knl_Swi_disable__E)
                  2000ed40    00000010     app_pem4.oem4 (.text:ti_sysbios_knl_Task_Object__get__S)
                  2000ed50    00000010     sysbios.aem4 : BIOS.obj (.text:ti_sysbios_knl_Task_disable__E)
                  2000ed60    00000010     ti.targets.arm.rtsarm.aem4 : Gate.oem4 (.text:xdc_runtime_Gate_leaveSystem__E)
                  2000ed70    00000010                                : LoggerBuf.oem4 (.text:xdc_runtime_LoggerBuf_write0__E)
                  2000ed80    00000010                                : Memory.oem4 (.text:xdc_runtime_Memory_free__E)
                  2000ed90    00000010                                : SysMin.oem4 (.text:xdc_runtime_SysMin_ready__E)
                  2000eda0    00000010                                : System.oem4 (.text:xdc_runtime_System_vsnprintf__E)
                  2000edb0    00000010     app_pem4.oem4 (.text:xdc_runtime_Text_visitRope__I)
                  2000edc0    0000000e     rtsv7M4_T_le_eabi.lib : copy_decompress_none.obj (.text:decompress:none)
                  2000edce    00000002     --HOLE-- [fill = 0]
                  2000edd0    0000000e     sysbios.aem4 : BIOS.obj (.text:ti_sysbios_knl_Idle_loop__E)
                  2000edde    00000002     --HOLE-- [fill = 0]
                  2000ede0    0000000e                  : BIOS.obj (.text:ti_sysbios_knl_Queue_empty__E)
                  2000edee    0000000c     rtsv7M4_T_le_eabi.lib : copy_zero_init.obj (.text:decompress:ZI)
                  2000edfa    00000002     --HOLE-- [fill = 0]
                  2000edfc    0000000c     app_pem4.oem4 (.text:ti_sysbios_family_arm_m3_Hwi_Params__init__S)
                  2000ee08    0000000c     sysbios.aem4 : BIOS.obj (.text:ti_sysbios_family_arm_m3_Hwi_disableFxn__E)
                  2000ee14    00000004     --HOLE-- [fill = 0]
                  2000ee18    0000000c                  : BIOS.obj (.text:ti_sysbios_family_arm_m3_TaskSupport_checkStack__E)
                  2000ee24    00000004     --HOLE-- [fill = 0]
                  2000ee28    0000000c                  : BIOS.obj (.text:ti_sysbios_family_arm_m3_TaskSupport_getStackAlignment__E)
                  2000ee34    00000004     --HOLE-- [fill = 0]
                  2000ee38    0000000c                  : BIOS.obj (.text:ti_sysbios_gates_GateHwi_enter__E)
                  2000ee44    0000000c     app_pem4.oem4 (.text:ti_sysbios_knl_Queue_Object__get__S)
                  2000ee50    0000000c     app_pem4.oem4 (.text:ti_sysbios_knl_Semaphore_Params__init__S)
                  2000ee5c    0000000c     app_pem4.oem4 (.text:ti_sysbios_knl_Task_Params__init__S)
                  2000ee68    0000000c     ti.targets.arm.rtsarm.aem4 : Error.oem4 (.text:xdc_runtime_Error_init__E)
                  2000ee74    0000000c                                : Gate.oem4 (.text:xdc_runtime_Gate_enterSystem__E)
                  2000ee80    0000000c                                : Memory.oem4 (.text:xdc_runtime_Memory_calloc__E)
                  2000ee8c    0000000c                                : Memory.oem4 (.text:xdc_runtime_Memory_getMaxDefaultTypeAlign__E)
                  2000ee98    0000000a     driverlib.a : interrupt.obj (.text:IntMasterEnable)
                  2000eea2    0000000a     app_pem4.oem4 (.text:xdc_runtime_IHeap_alloc)
                  2000eeac    0000000a     app_pem4.oem4 (.text:xdc_runtime_IHeap_free)
                  2000eeb6    0000000a     ti.targets.arm.rtsarm.aem4 : LoggerBuf.oem4 (.text:xdc_runtime_LoggerBuf_disable__E)
                  2000eec0    0000000a                                : LoggerBuf.oem4 (.text:xdc_runtime_LoggerBuf_enable__E)
                  2000eeca    00000006                                : System.oem4 (.text:xdc_runtime_System_Module_startup__E)
                  2000eed0    00000008     sysbios.aem4 : BIOS.obj (.text:ti_sysbios_family_arm_m3_Hwi_doSwiRestore__I)
                  2000eed8    00000008                  : BIOS.obj (.text:ti_sysbios_family_arm_m3_Hwi_startup__E)
                  2000eee0    00000006                  : BIOS.obj (.text:ti_sysbios_family_arm_m3_Hwi_restoreFxn__E)
                  2000eee6    00000002     --HOLE-- [fill = 0]
                  2000eee8    00000006                  : BIOS.obj (.text:ti_sysbios_gates_GateHwi_leave__E)
                  2000eeee    00000002     --HOLE-- [fill = 0]
                  2000eef0    00000006                  : BIOS.obj (.text:ti_sysbios_heaps_HeapMem_isBlocking__E)
                  2000eef6    00000002     --HOLE-- [fill = 0]
                  2000eef8    00000006                  : BIOS.obj (.text:ti_sysbios_knl_Queue_Instance_init__E)
                  2000eefe    00000002     --HOLE-- [fill = 0]
                  2000ef00    00000004                  : BIOS.obj (.text:ti_sysbios_family_arm_m3_Timer_getMaxTicks__E)
                  2000ef04    00000004     --HOLE-- [fill = 0]
                  2000ef08    00000004                  : BIOS.obj (.text:ti_sysbios_gates_GateHwi_query__E)
                  2000ef0c    00000004     --HOLE-- [fill = 0]
                  2000ef10    00000004                  : BIOS.obj (.text:ti_sysbios_gates_GateMutex_query__E)
                  2000ef14    00000004     --HOLE-- [fill = 0]
                  2000ef18    00000004                  : BIOS.obj (.text:ti_sysbios_knl_Task_startup__E)
                  2000ef1c    00000004     --HOLE-- [fill = 0]
                  2000ef20    00000002                  : BIOS.obj (.text:ti_sysbios_gates_GateHwi_Instance_init__E)

.const     0    2000ef28    00002460     
                  2000ef28    000018cb     app_pem4.oem4 (.const:xdc_runtime_Text_charTab__A)
                  200107f3    00000101     rtsv7M4_T_le_eabi.lib : ctype.obj (.const:.string:_ctypes_)
                  200108f4    00000100     driverlib.a : pin.obj (.const:g_ulPinToPadMap)
                  200109f4    000000b8     app_pem4.oem4 (.const:xdc_runtime_Text_nodeTab__A)
                  20010aac    000000a8     driverlib.a : prcm.obj (.const:PRCM_PeriphRegsList)
                  20010b54    00000080                 : interrupt.obj (.const)
                  20010bd4    00000050     Effect.obj (.const:_effects)
                  20010c24    00000048     app_pem4.oem4 (.const:.string)
                  20010c6c    00000004     app_pem4.oem4 (.const:ti_sysbios_family_arm_m3_Hwi_E_NMI__C)
                  20010c70    00000048     rtsv7M4_T_le_eabi.lib : xexp.obj (.const)
                  20010cb8    0000003c     app_pem4.oem4 (.const:ti_sysbios_knl_Task_Object__PARAMS__C)
                  20010cf4    0000003c     app_pem4.oem4 (.const:xdc_runtime_LoggerBuf_Module__FXNS__C)
                  20010d30    00000038     rtsv7M4_T_le_eabi.lib : xlog.obj (.const:p)
                  20010d68    00000034     app_pem4.oem4 (.const:ti_sysbios_knl_Mailbox_Object__PARAMS__C)
                  20010d9c    00000030     rtsv7M4_T_le_eabi.lib : xdint.obj (.const)
                  20010dcc    00000030     app_pem4.oem4 (.const:ti_sysbios_family_arm_m3_Hwi_Object__PARAMS__C)
                  20010dfc    00000030     app_pem4.oem4 (.const:xdc_runtime_Startup_sfxnTab__A)
                  20010e2c    00000028     app_pem4.oem4 (.const:ti_sysbios_heaps_HeapMem_Module__FXNS__C)
                  20010e54    00000024     app_pem4.oem4 (.const:ti_sysbios_gates_GateHwi_Module__FXNS__C)
                  20010e78    00000024     app_pem4.oem4 (.const:ti_sysbios_gates_GateMutex_Module__FXNS__C)
                  20010e9c    00000024     app_pem4.oem4 (.const:ti_sysbios_heaps_HeapMem_Object__PARAMS__C)
                  20010ec0    00000024     app_pem4.oem4 (.const:ti_sysbios_knl_Semaphore_Object__PARAMS__C)
                  20010ee4    00000024     app_pem4.oem4 (.const:xdc_runtime_LoggerBuf_Object__PARAMS__C)
                  20010f08    00000020     app_pem4.oem4 (.const:ti_sysbios_family_arm_m3_Hwi_Object__DESC__C)
                  20010f28    00000020     app_pem4.oem4 (.const:ti_sysbios_gates_GateHwi_Object__DESC__C)
                  20010f48    00000020     app_pem4.oem4 (.const:ti_sysbios_gates_GateMutex_Object__DESC__C)
                  20010f68    00000020     app_pem4.oem4 (.const:ti_sysbios_heaps_HeapMem_Object__DESC__C)
                  20010f88    00000020     app_pem4.oem4 (.const:ti_sysbios_knl_Mailbox_Object__DESC__C)
                  20010fa8    00000020     app_pem4.oem4 (.const:ti_sysbios_knl_Queue_Object__DESC__C)
                  20010fc8    00000020     app_pem4.oem4 (.const:ti_sysbios_knl_Semaphore_Object__DESC__C)
                  20010fe8    00000020     app_pem4.oem4 (.const:ti_sysbios_knl_Task_Object__DESC__C)
                  20011008    00000020     app_pem4.oem4 (.const:xdc_runtime_LoggerBuf_Object__DESC__C)
                  20011028    00000018     app_pem4.oem4 (.const:ti_sysbios_gates_GateHwi_Object__PARAMS__C)
                  20011040    00000018     app_pem4.oem4 (.const:ti_sysbios_gates_GateMutex_Object__PARAMS__C)
                  20011058    00000018     app_pem4.oem4 (.const:ti_sysbios_knl_Queue_Object__PARAMS__C)
                  20011070    00000018     app_pem4.oem4 (.const:xdc_runtime_Startup_sfxnRts__A)
                  20011088    00000015     rom_pin_mux_config.obj (.const)
                  2001109d    00000012     Effect.obj (.const:.string)
                  200110af    00000001     app_pem4.oem4 (.const:xdc_runtime_Error_policy__C)
                  200110b0    0000000c     app_pem4.oem4 (.const:xdc_runtime_Startup_firstFxns__A)
                  200110bc    00000008     app_pem4.oem4 (.const:ti_sysbios_family_arm_m3_Hwi_excHookFuncs__A)
                  200110c4    00000008     app_pem4.oem4 (.const:ti_sysbios_knl_Idle_funcList__C)
                  200110cc    00000008     app_pem4.oem4 (.const:xdc_runtime_Startup_firstFxns__C)
                  200110d4    00000008     app_pem4.oem4 (.const:xdc_runtime_Startup_lastFxns__C)
                  200110dc    00000005     rom_pin_mux_config.obj (.const:.string)
                  200110e1    00000001     --HOLE-- [fill = 0]
                  200110e2    00000002     app_pem4.oem4 (.const:ti_sysbios_family_arm_m3_Hwi_Module__id__C)
                  200110e4    00000004     app_pem4.oem4 (.const:ti_sysbios_family_arm_m3_Hwi_E_alreadyDefined__C)
                  200110e8    00000004     app_pem4.oem4 (.const:ti_sysbios_family_arm_m3_Hwi_E_busFault__C)
                  200110ec    00000004     app_pem4.oem4 (.const:ti_sysbios_family_arm_m3_Hwi_E_debugMon__C)
                  200110f0    00000004     app_pem4.oem4 (.const:ti_sysbios_family_arm_m3_Hwi_E_hardFault__C)
                  200110f4    00000004     app_pem4.oem4 (.const:ti_sysbios_family_arm_m3_Hwi_E_memFault__C)
                  200110f8    00000004     app_pem4.oem4 (.const:ti_sysbios_family_arm_m3_Hwi_E_noIsr__C)
                  200110fc    00000004     app_pem4.oem4 (.const:ti_sysbios_family_arm_m3_Hwi_E_reserved__C)
                  20011100    00000004     app_pem4.oem4 (.const:ti_sysbios_family_arm_m3_Hwi_E_svCall__C)
                  20011104    00000004     app_pem4.oem4 (.const:ti_sysbios_family_arm_m3_Hwi_E_usageFault__C)
                  20011108    00000004     app_pem4.oem4 (.const:ti_sysbios_family_arm_m3_Hwi_LD_end__C)
                  2001110c    00000004     app_pem4.oem4 (.const:ti_sysbios_family_arm_m3_Hwi_LM_begin__C)
                  20011110    00000004     app_pem4.oem4 (.const:ti_sysbios_family_arm_m3_Hwi_Module__diagsEnabled__C)
                  20011114    00000004     app_pem4.oem4 (.const:ti_sysbios_family_arm_m3_Hwi_Module__diagsIncluded__C)
                  20011118    00000004     app_pem4.oem4 (.const:ti_sysbios_family_arm_m3_Hwi_Module__diagsMask__C)
                  2001111c    00000004     app_pem4.oem4 (.const:ti_sysbios_family_arm_m3_Hwi_Module__loggerFxn1__C)
                  20011120    00000004     app_pem4.oem4 (.const:ti_sysbios_family_arm_m3_Hwi_Module__loggerFxn8__C)
                  20011124    00000004     app_pem4.oem4 (.const:ti_sysbios_family_arm_m3_Hwi_Module__loggerObj__C)
                  20011128    00000004     app_pem4.oem4 (.const:ti_sysbios_family_arm_m3_Hwi_NUM_INTERRUPTS__C)
                  2001112c    00000004     app_pem4.oem4 (.const:ti_sysbios_family_arm_m3_Hwi_Object__count__C)
                  20011130    00000004     app_pem4.oem4 (.const:ti_sysbios_family_arm_m3_Hwi_ccr__C)
                  20011134    00000004     app_pem4.oem4 (.const:ti_sysbios_family_arm_m3_Hwi_excHandlerFunc__C)
                  20011138    00000004     app_pem4.oem4 (.const:ti_sysbios_family_arm_m3_Hwi_excHookFuncs__C)
                  2001113c    00000004     app_pem4.oem4 (.const:ti_sysbios_family_arm_m3_Hwi_nullIsrFunc__C)
                  20011140    00000004     app_pem4.oem4 (.const:ti_sysbios_family_arm_m3_Hwi_priGroup__C)
                  20011144    00000004     app_pem4.oem4 (.const:ti_sysbios_family_arm_m3_TaskSupport_stackAlignment__C)
                  20011148    00000004     app_pem4.oem4 (.const:ti_sysbios_family_arm_m3_Timer_E_cannotSupport__C)
                  2001114c    00000004     app_pem4.oem4 (.const:ti_sysbios_family_arm_m3_Timer_startupNeeded__C)
                  20011150    00000004     app_pem4.oem4 (.const:ti_sysbios_gates_GateMutex_A_badContext__C)
                  20011154    00000004     app_pem4.oem4 (.const:ti_sysbios_gates_GateMutex_Instance_State_sem__O)
                  20011158    00000004     app_pem4.oem4 (.const:ti_sysbios_gates_GateMutex_Module__diagsEnabled__C)
                  2001115c    00000004     app_pem4.oem4 (.const:ti_sysbios_gates_GateMutex_Module__diagsIncluded__C)
                  20011160    00000004     app_pem4.oem4 (.const:ti_sysbios_gates_GateMutex_Module__diagsMask__C)
                  20011164    00000004     app_pem4.oem4 (.const:ti_sysbios_hal_Hwi_E_stackOverflow__C)
                  20011168    00000004     app_pem4.oem4 (.const:ti_sysbios_heaps_HeapMem_A_align__C)
                  2001116c    00000004     app_pem4.oem4 (.const:ti_sysbios_heaps_HeapMem_A_heapSize__C)
                  20011170    00000004     app_pem4.oem4 (.const:ti_sysbios_heaps_HeapMem_A_invalidFree__C)
                  20011174    00000004     app_pem4.oem4 (.const:ti_sysbios_heaps_HeapMem_A_zeroBlock__C)
                  20011178    00000004     app_pem4.oem4 (.const:ti_sysbios_heaps_HeapMem_E_memory__C)
                  2001117c    00000004     app_pem4.oem4 (.const:ti_sysbios_heaps_HeapMem_Module__diagsEnabled__C)
                  20011180    00000004     app_pem4.oem4 (.const:ti_sysbios_heaps_HeapMem_Module__diagsIncluded__C)
                  20011184    00000004     app_pem4.oem4 (.const:ti_sysbios_heaps_HeapMem_Module__diagsMask__C)
                  20011188    00000004     app_pem4.oem4 (.const:ti_sysbios_heaps_HeapMem_Module__gateObj__C)
                  2001118c    00000004     app_pem4.oem4 (.const:ti_sysbios_heaps_HeapMem_Object__count__C)
                  20011190    00000004     app_pem4.oem4 (.const:ti_sysbios_heaps_HeapMem_reqAlign__C)
                  20011194    00000004     app_pem4.oem4 (.const:ti_sysbios_knl_Clock_LM_begin__C)
                  20011198    00000004     app_pem4.oem4 (.const:ti_sysbios_knl_Clock_LM_tick__C)
                  2001119c    00000004     app_pem4.oem4 (.const:ti_sysbios_knl_Clock_LW_delayed__C)
                  200111a0    00000004     app_pem4.oem4 (.const:ti_sysbios_knl_Clock_Module_State_clockQ__O)
                  200111a4    00000004     app_pem4.oem4 (.const:ti_sysbios_knl_Clock_Module__diagsEnabled__C)
                  200111a8    00000004     app_pem4.oem4 (.const:ti_sysbios_knl_Clock_Module__diagsIncluded__C)
                  200111ac    00000004     app_pem4.oem4 (.const:ti_sysbios_knl_Clock_Module__diagsMask__C)
                  200111b0    00000004     app_pem4.oem4 (.const:ti_sysbios_knl_Clock_Module__loggerFxn1__C)
                  200111b4    00000004     app_pem4.oem4 (.const:ti_sysbios_knl_Clock_Module__loggerFxn2__C)
                  200111b8    00000004     app_pem4.oem4 (.const:ti_sysbios_knl_Clock_Module__loggerObj__C)
                  200111bc    00000004     app_pem4.oem4 (.const:ti_sysbios_knl_Clock_tickPeriod__C)
                  200111c0    00000004     app_pem4.oem4 (.const:ti_sysbios_knl_Idle_funcList__A)
                  200111c4    00000004     app_pem4.oem4 (.const:ti_sysbios_knl_Mailbox_A_invalidBufSize__C)
                  200111c8    00000004     app_pem4.oem4 (.const:ti_sysbios_knl_Mailbox_Instance_State_dataQue__O)
                  200111cc    00000004     app_pem4.oem4 (.const:ti_sysbios_knl_Mailbox_Instance_State_dataSem__O)
                  200111d0    00000004     app_pem4.oem4 (.const:ti_sysbios_knl_Mailbox_Instance_State_freeQue__O)
                  200111d4    00000004     app_pem4.oem4 (.const:ti_sysbios_knl_Mailbox_Instance_State_freeSem__O)
                  200111d8    00000004     app_pem4.oem4 (.const:ti_sysbios_knl_Mailbox_Module__diagsEnabled__C)
                  200111dc    00000004     app_pem4.oem4 (.const:ti_sysbios_knl_Mailbox_Module__diagsIncluded__C)
                  200111e0    00000004     app_pem4.oem4 (.const:ti_sysbios_knl_Mailbox_Module__diagsMask__C)
                  200111e4    00000004     app_pem4.oem4 (.const:ti_sysbios_knl_Mailbox_Object__count__C)
                  200111e8    00000004     app_pem4.oem4 (.const:ti_sysbios_knl_Mailbox_maxTypeAlign__C)
                  200111ec    00000004     app_pem4.oem4 (.const:ti_sysbios_knl_Semaphore_A_badContext__C)
                  200111f0    00000004     app_pem4.oem4 (.const:ti_sysbios_knl_Semaphore_A_noEvents__C)
                  200111f4    00000004     app_pem4.oem4 (.const:ti_sysbios_knl_Semaphore_A_overflow__C)
                  200111f8    00000004     app_pem4.oem4 (.const:ti_sysbios_knl_Semaphore_A_pendTaskDisabled__C)
                  200111fc    00000004     app_pem4.oem4 (.const:ti_sysbios_knl_Semaphore_Instance_State_pendQ__O)
                  20011200    00000004     app_pem4.oem4 (.const:ti_sysbios_knl_Semaphore_LM_pend__C)
                  20011204    00000004     app_pem4.oem4 (.const:ti_sysbios_knl_Semaphore_LM_post__C)
                  20011208    00000004     app_pem4.oem4 (.const:ti_sysbios_knl_Semaphore_Module__diagsEnabled__C)
                  2001120c    00000004     app_pem4.oem4 (.const:ti_sysbios_knl_Semaphore_Module__diagsIncluded__C)
                  20011210    00000004     app_pem4.oem4 (.const:ti_sysbios_knl_Semaphore_Module__diagsMask__C)
                  20011214    00000004     app_pem4.oem4 (.const:ti_sysbios_knl_Semaphore_Module__loggerFxn2__C)
                  20011218    00000004     app_pem4.oem4 (.const:ti_sysbios_knl_Semaphore_Module__loggerFxn4__C)
                  2001121c    00000004     app_pem4.oem4 (.const:ti_sysbios_knl_Semaphore_Module__loggerObj__C)
                  20011220    00000004     app_pem4.oem4 (.const:ti_sysbios_knl_Swi_LD_end__C)
                  20011224    00000004     app_pem4.oem4 (.const:ti_sysbios_knl_Swi_LM_begin__C)
                  20011228    00000004     app_pem4.oem4 (.const:ti_sysbios_knl_Swi_LM_post__C)
                  2001122c    00000004     app_pem4.oem4 (.const:ti_sysbios_knl_Swi_Module__diagsEnabled__C)
                  20011230    00000004     app_pem4.oem4 (.const:ti_sysbios_knl_Swi_Module__diagsIncluded__C)
                  20011234    00000004     app_pem4.oem4 (.const:ti_sysbios_knl_Swi_Module__diagsMask__C)
                  20011238    00000004     app_pem4.oem4 (.const:ti_sysbios_knl_Swi_Module__loggerFxn1__C)
                  2001123c    00000004     app_pem4.oem4 (.const:ti_sysbios_knl_Swi_Module__loggerFxn4__C)
                  20011240    00000004     app_pem4.oem4 (.const:ti_sysbios_knl_Swi_Module__loggerObj__C)
                  20011244    00000004     app_pem4.oem4 (.const:ti_sysbios_knl_Swi_Object__count__C)
                  20011248    00000004     app_pem4.oem4 (.const:ti_sysbios_knl_Task_A_badPriority__C)
                  2001124c    00000004     app_pem4.oem4 (.const:ti_sysbios_knl_Task_A_badTaskState__C)
                  20011250    00000004     app_pem4.oem4 (.const:ti_sysbios_knl_Task_A_badThreadType__C)
                  20011254    00000004     app_pem4.oem4 (.const:ti_sysbios_knl_Task_A_badTimeout__C)
                  20011258    00000004     app_pem4.oem4 (.const:ti_sysbios_knl_Task_A_noPendElem__C)
                  2001125c    00000004     app_pem4.oem4 (.const:ti_sysbios_knl_Task_A_sleepTaskDisabled__C)
                  20011260    00000004     app_pem4.oem4 (.const:ti_sysbios_knl_Task_E_spOutOfBounds__C)
                  20011264    00000004     app_pem4.oem4 (.const:ti_sysbios_knl_Task_E_stackOverflow__C)
                  20011268    00000004     app_pem4.oem4 (.const:ti_sysbios_knl_Task_LD_block__C)
                  2001126c    00000004     app_pem4.oem4 (.const:ti_sysbios_knl_Task_LD_exit__C)
                  20011270    00000004     app_pem4.oem4 (.const:ti_sysbios_knl_Task_LD_ready__C)
                  20011274    00000004     app_pem4.oem4 (.const:ti_sysbios_knl_Task_LM_sleep__C)
                  20011278    00000004     app_pem4.oem4 (.const:ti_sysbios_knl_Task_LM_switch__C)
                  2001127c    00000004     app_pem4.oem4 (.const:ti_sysbios_knl_Task_LM_yield__C)
                  20011280    00000004     app_pem4.oem4 (.const:ti_sysbios_knl_Task_Module_State_inactiveQ__O)
                  20011284    00000004     app_pem4.oem4 (.const:ti_sysbios_knl_Task_Module__diagsEnabled__C)
                  20011288    00000004     app_pem4.oem4 (.const:ti_sysbios_knl_Task_Module__diagsIncluded__C)
                  2001128c    00000004     app_pem4.oem4 (.const:ti_sysbios_knl_Task_Module__diagsMask__C)
                  20011290    00000004     app_pem4.oem4 (.const:ti_sysbios_knl_Task_Module__loggerFxn2__C)
                  20011294    00000004     app_pem4.oem4 (.const:ti_sysbios_knl_Task_Module__loggerFxn4__C)
                  20011298    00000004     app_pem4.oem4 (.const:ti_sysbios_knl_Task_Module__loggerObj__C)
                  2001129c    00000004     app_pem4.oem4 (.const:ti_sysbios_knl_Task_Object__count__C)
                  200112a0    00000004     app_pem4.oem4 (.const:ti_sysbios_knl_Task_allBlockedFunc__C)
                  200112a4    00000004     app_pem4.oem4 (.const:ti_sysbios_knl_Task_defaultStackHeap__C)
                  200112a8    00000004     app_pem4.oem4 (.const:ti_sysbios_knl_Task_defaultStackSize__C)
                  200112ac    00000004     app_pem4.oem4 (.const:ti_sysbios_knl_Task_numConstructedTasks__C)
                  200112b0    00000004     app_pem4.oem4 (.const:xdc_runtime_Assert_E_assertFailed__C)
                  200112b4    00000004     app_pem4.oem4 (.const:xdc_runtime_Core_A_initializedParams__C)
                  200112b8    00000004     app_pem4.oem4 (.const:xdc_runtime_Core_Module__diagsEnabled__C)
                  200112bc    00000004     app_pem4.oem4 (.const:xdc_runtime_Core_Module__diagsIncluded__C)
                  200112c0    00000004     app_pem4.oem4 (.const:xdc_runtime_Core_Module__diagsMask__C)
                  200112c4    00000004     app_pem4.oem4 (.const:xdc_runtime_Error_E_memory__C)
                  200112c8    00000004     app_pem4.oem4 (.const:xdc_runtime_Error_Module__diagsEnabled__C)
                  200112cc    00000004     app_pem4.oem4 (.const:xdc_runtime_Error_Module__diagsIncluded__C)
                  200112d0    00000004     app_pem4.oem4 (.const:xdc_runtime_Error_Module__diagsMask__C)
                  200112d4    00000004     app_pem4.oem4 (.const:xdc_runtime_Error_Module__loggerFxn8__C)
                  200112d8    00000004     app_pem4.oem4 (.const:xdc_runtime_Error_Module__loggerObj__C)
                  200112dc    00000004     app_pem4.oem4 (.const:xdc_runtime_Error_policyFxn__C)
                  200112e0    00000004     app_pem4.oem4 (.const:xdc_runtime_Error_raiseHook__C)
                  200112e4    00000004     app_pem4.oem4 (.const:xdc_runtime_IFilterLogger_Interface__BASE__C)
                  200112e8    00000004     app_pem4.oem4 (.const:xdc_runtime_IGateProvider_Interface__BASE__C)
                  200112ec    00000004     app_pem4.oem4 (.const:xdc_runtime_IHeap_Interface__BASE__C)
                  200112f0    00000004     app_pem4.oem4 (.const:xdc_runtime_ILogger_Interface__BASE__C)
                  200112f4    00000004     app_pem4.oem4 (.const:xdc_runtime_IModule_Interface__BASE__C)
                  200112f8    00000004     app_pem4.oem4 (.const:xdc_runtime_Log_L_error__C)
                  200112fc    00000004     app_pem4.oem4 (.const:xdc_runtime_LoggerBuf_E_badLevel__C)
                  20011300    00000004     app_pem4.oem4 (.const:xdc_runtime_LoggerBuf_Module__gateObj__C)
                  20011304    00000004     app_pem4.oem4 (.const:xdc_runtime_LoggerBuf_Object__count__C)
                  20011308    00000004     app_pem4.oem4 (.const:xdc_runtime_LoggerBuf_statusLogger__C)
                  2001130c    00000004     app_pem4.oem4 (.const:xdc_runtime_Memory_defaultHeapInstance__C)
                  20011310    00000004     app_pem4.oem4 (.const:xdc_runtime_Startup_execImpl__C)
                  20011314    00000004     app_pem4.oem4 (.const:xdc_runtime_Startup_maxPasses__C)
                  20011318    00000004     app_pem4.oem4 (.const:xdc_runtime_Startup_sfxnRts__C)
                  2001131c    00000004     app_pem4.oem4 (.const:xdc_runtime_Startup_sfxnTab__C)
                  20011320    00000004     app_pem4.oem4 (.const:xdc_runtime_SysMin_bufSize__C)
                  20011324    00000004     app_pem4.oem4 (.const:xdc_runtime_SysMin_outputFunc__C)
                  20011328    00000004     app_pem4.oem4 (.const:xdc_runtime_System_Module__gateObj__C)
                  2001132c    00000004     app_pem4.oem4 (.const:xdc_runtime_System_abortFxn__C)
                  20011330    00000004     app_pem4.oem4 (.const:xdc_runtime_System_exitFxn__C)
                  20011334    00000004     app_pem4.oem4 (.const:xdc_runtime_System_extendFxn__C)
                  20011338    00000004     app_pem4.oem4 (.const:xdc_runtime_System_maxAtexitHandlers__C)
                  2001133c    00000004     app_pem4.oem4 (.const:xdc_runtime_Text_charTab__C)
                  20011340    00000004     app_pem4.oem4 (.const:xdc_runtime_Text_nameEmpty__C)
                  20011344    00000004     app_pem4.oem4 (.const:xdc_runtime_Text_nameStatic__C)
                  20011348    00000004     app_pem4.oem4 (.const:xdc_runtime_Text_nameUnknown__C)
                  2001134c    00000004     app_pem4.oem4 (.const:xdc_runtime_Text_nodeTab__C)
                  20011350    00000004     app_pem4.oem4 (.const:xdc_runtime_Text_visitRopeFxn__C)
                  20011354    00000002     app_pem4.oem4 (.const:ti_sysbios_family_arm_m3_Hwi_Module__loggerDefined__C)
                  20011356    00000002     app_pem4.oem4 (.const:ti_sysbios_family_arm_m3_Timer_Module__id__C)
                  20011358    00000002     app_pem4.oem4 (.const:ti_sysbios_family_arm_m3_TimestampProvider_configTimer__C)
                  2001135a    00000002     app_pem4.oem4 (.const:ti_sysbios_gates_GateMutex_Module__id__C)
                  2001135c    00000002     app_pem4.oem4 (.const:ti_sysbios_hal_Hwi_Module__id__C)
                  2001135e    00000002     app_pem4.oem4 (.const:ti_sysbios_heaps_HeapMem_Module__id__C)
                  20011360    00000002     app_pem4.oem4 (.const:ti_sysbios_knl_Clock_Module__id__C)
                  20011362    00000002     app_pem4.oem4 (.const:ti_sysbios_knl_Clock_Module__loggerDefined__C)
                  20011364    00000002     app_pem4.oem4 (.const:ti_sysbios_knl_Mailbox_Module__id__C)
                  20011366    00000002     app_pem4.oem4 (.const:ti_sysbios_knl_Semaphore_Module__id__C)
                  20011368    00000002     app_pem4.oem4 (.const:ti_sysbios_knl_Semaphore_Module__loggerDefined__C)
                  2001136a    00000002     app_pem4.oem4 (.const:ti_sysbios_knl_Swi_Module__id__C)
                  2001136c    00000002     app_pem4.oem4 (.const:ti_sysbios_knl_Swi_Module__loggerDefined__C)
                  2001136e    00000002     app_pem4.oem4 (.const:ti_sysbios_knl_Task_Module__id__C)
                  20011370    00000002     app_pem4.oem4 (.const:ti_sysbios_knl_Task_Module__loggerDefined__C)
                  20011372    00000002     app_pem4.oem4 (.const:xdc_runtime_Core_Module__id__C)
                  20011374    00000002     app_pem4.oem4 (.const:xdc_runtime_Error_Module__loggerDefined__C)
                  20011376    00000002     app_pem4.oem4 (.const:xdc_runtime_Error_maxDepth__C)
                  20011378    00000002     app_pem4.oem4 (.const:xdc_runtime_LoggerBuf_Module__id__C)
                  2001137a    00000002     app_pem4.oem4 (.const:xdc_runtime_LoggerBuf_filterByLevel__C)
                  2001137c    00000002     app_pem4.oem4 (.const:xdc_runtime_Memory_Module__id__C)
                  2001137e    00000002     app_pem4.oem4 (.const:xdc_runtime_SysMin_flushAtExit__C)
                  20011380    00000002     app_pem4.oem4 (.const:xdc_runtime_Text_charCnt__C)
                  20011382    00000002     app_pem4.oem4 (.const:xdc_runtime_Text_isLoaded__C)
                  20011384    00000002     app_pem4.oem4 (.const:xdc_runtime_Text_registryModsLastId__C)
                  20011386    00000002     app_pem4.oem4 (.const:xdc_runtime_Text_unnamedModsLastId__C)

.cinit     0    20011388    000003a8     
                  20011388    0000037e     (.cinit..data.load) [load image, compression = rle]
                  20011706    00000002     --HOLE-- [fill = 0]
                  20011708    0000000c     (__TI_handler_table)
                  20011714    00000004     --HOLE-- [fill = 0]
                  20011718    00000008     (.cinit..bss.load) [load image, compression = zero_init]
                  20011720    00000010     (__TI_cinit_table)

.bss       0    20017000    00009665     UNINITIALIZED
                  20017000    00008000     app_pem4.oem4 (.bss:ti_sysbios_heaps_HeapMem_Instance_State_0_buf__A)
                  2001f000    00000800     app_pem4.oem4 (.bss:taskStackSection)
                  2001f800    00000400     app_pem4.oem4 (.bss:xdc_runtime_LoggerBuf_Instance_State_0_entryArr__A)
                  2001fc00    00000400     app_pem4.oem4 (.bss:xdc_runtime_SysMin_Module_State_0_outbuf__A)
                  20020000    0000030c     app_pem4.oem4 (.bss:ti_sysbios_family_arm_m3_Hwi_dispatchTable)
                  2002030c    00000120     rtsv7M4_T_le_eabi.lib : trgmsg.obj (.bss:__CIOBUF_)
                  2002042c    00000100     APA102.obj (.bss:_gamma)
                  2002052c    00000050     Effect.obj (.bss:bassBeat$6)
                  2002057c    00000050     Effect.obj (.bss:trebbleBeat$7)
                  200205cc    0000001c     (.common:_levels)
                  200205e8    00000014     (.common:spectrum$5)
                  200205fc    00000010     (.common:_effectData)
                  2002060c    00000010     (.common:matrix)
                  2002061c    0000000c     (.common:armLeft)
                  20020628    0000000c     (.common:armRight)
                  20020634    0000000c     (.common:legLeft)
                  20020640    0000000c     (.common:legRight)
                  2002064c    00000008     (.common:parmbuf)
                  20020654    00000004     (.common:SimpleLinkSpawnTaskHndl)
                  20020658    00000004     (.common:_adcCount)
                  2002065c    00000004     (.common:_tick)
                  20020660    00000004     (.common:simpleLink_mailbox)
                  20020664    00000001     (.common:_state)

.data      0    20020668    000005c3     UNINITIALIZED
                  20020668    00000138     app_pem4.oem4 (.data)
                  200207a0    000000b0     rtsv7M4_T_le_eabi.lib : signal.obj (.data:sigtable)
                  20020850    00000080                           : xvalues.obj (.data)
                  200208d0    00000080     app_pem4.oem4 (.data:ti_sysbios_knl_Swi_Module_State_0_readyQ__A)
                  20020950    00000080     app_pem4.oem4 (.data:ti_sysbios_knl_Task_Module_State_0_readyQ__A)
                  200209d0    00000068     rtsv7M4_T_le_eabi.lib : xfvalues.obj (.data)
                  20020a38    0000004c     app_pem4.oem4 (.data:ti_sysbios_knl_Task_Object__table__V)
                  20020a84    00000044     app_pem4.oem4 (.data:ti_sysbios_knl_Task_Module__state__V)
                  20020ac8    00000038     app_pem4.oem4 (.data:ti_sysbios_gates_GateMutex_Object__table__V)
                  20020b00    00000034     app_pem4.oem4 (.data:ti_sysbios_family_arm_m3_Hwi_Module__state__V)
                  20020b34    00000030     app_pem4.oem4 (.data:ti_sysbios_family_arm_m3_Timer_Object__table__V)
                  20020b64    00000030     app_pem4.oem4 (.data:ti_sysbios_knl_Swi_Object__table__V)
                  20020b94    0000002c     app_pem4.oem4 (.data:ti_sysbios_knl_Clock_Module__state__V)
                  20020bc0    00000024     app_pem4.oem4 (.data:ti_sysbios_BIOS_Module__state__V)
                  20020be4    00000024     app_pem4.oem4 (.data:xdc_runtime_LoggerBuf_Object__table__V)
                  20020c08    00000008     rtsv7M4_T_le_eabi.lib : _lock.obj (.data)
                  20020c10    00000008                           : exit.obj (.data)
                  20020c18    00000008                           : feraiseexcept.obj (.data)
                  20020c20    00000004                           : errno.obj (.data)
                  20020c24    00000004                           : stkdepth_vars.obj (.data)
                  20020c28    00000003     Effect.obj (.data)

.stack     0    2002e000    00002000     UNINITIALIZED
                  2002e000    00002000     --HOLE--

.bootVecs 
*          0    00000000    00000008     DSECT
                  00000000    00000008     boot.aem4 : boot.oem4 (.bootVecs)

.vecs      0    20004000    00000000     DSECT

xdc.meta   0    00000000    000000f8     COPY SECTION
                  00000000    000000f8     app_pem4.oem4 (xdc.meta)

.TI.noinit 
*          0    20017000    00000000     UNINITIALIZED

.TI.persistent 
*          0    20020668    00000000     UNINITIALIZED


LINKER GENERATED COPY TABLES

__TI_cinit_table @ 20011720 records: 2, size/record: 8, table size: 16
	.data: load addr=20011388, load size=0000037e bytes, run addr=20020668, run size=000005c3 bytes, compression=rle
	.bss: load addr=20011718, load size=00000008 bytes, run addr=20017000, run size=00009665 bytes, compression=zero_init


LINKER GENERATED HANDLER TABLE

__TI_handler_table @ 20011708 records: 3, size/record: 4, table size: 12
	index: 0, handler: __TI_decompress_rle24
	index: 1, handler: __TI_decompress_none
	index: 2, handler: __TI_zero_init


GLOBAL SYMBOLS: SORTED ALPHABETICALLY BY Name 

address   name                                                        
-------   ----                                                        
2000d9cf  ADCChannelEnable                                            
2000eb3f  ADCEnable                                                   
2000e709  ADCFIFOLvlGet                                               
2000e999  ADCFIFORead                                                 
2000cd11  ADCIntClear                                                 
2000c7b9  ADCIntEnable                                                
2000d859  ADCIntRegister                                              
2000cb41  ADCIntStatus                                                
20007533  APA102_clearStrip                                           
20007409  APA102_init                                                 
200074c7  APA102_initStrip                                            
200075b9  APA102_setAll                                               
2000756f  APA102_setColor                                             
2000761d  APA102_updateStrip                                          
20009ed7  BeatDetector_detect                                         
20009e7d  BeatDetector_init                                           
2000d52d  C$$EXIT                                                     
2000c84f  C$$IO$$                                                     
2000eb53  CPUcpsie                                                    
2001109c  CS_COUNT                                                    
200110dc  CS_PIN                                                      
20011088  CS_PORT                                                     
2000c351  Console_init                                                
2000c397  Console_printf                                              
2000c379  Console_puts                                                
200061b1  Effect_start                                                
2000db59  GPIODirModeSet                                              
2000e471  GPIOPinWrite                                                
2000710d  HOSTclock                                                   
200070d5  HOSTclose                                                   
20007097  HOSTgetenv                                                  
2000703b  HOSTlseek                                                   
20006fe9  HOSTopen                                                    
20006f9d  HOSTread                                                    
20006f3f  HOSTrename                                                  
20006f05  HOSTtime                                                    
20006ecd  HOSTunlink                                                  
20006e81  HOSTwrite                                                   
2000b325  IntEnable                                                   
2000ee99  IntMasterEnable                                             
2000e491  IntRegister                                                 
2000e631  LoggerBuf_instanceStartup                                   
200071ff  MSGEQ7_get                                                  
20007155  MSGEQ7_init                                                 
2000b559  Matrix_clear                                                
2000b521  Matrix_init                                                 
2000b565  Matrix_setPixel                                             
2000b5b7  Matrix_update                                               
20008df1  PRCMCC3200MCUInit                                           
2000ead1  PRCMHIBRegRead                                              
2000eae7  PRCMHIBRegWrite                                             
2000e1d9  PRCMPeripheralClkDisable                                    
2000d899  PRCMPeripheralClkEnable                                     
2000bab1  PRCMPeripheralClockGet                                      
2000cd69  PRCMPeripheralReset                                         
2000e07d  PRCMSysResetCauseGet                                        
2000be25  PinConfigSet                                                
2000d755  PinModeSet                                                  
20008c65  PinMuxConfig                                                
2000eb67  PinTypeADC                                                  
2000dddb  PinTypeGPIO                                                 
2000e845  PinTypeSPI                                                  
UNDEFED   SHT$$INIT_ARRAY$$Base                                       
UNDEFED   SHT$$INIT_ARRAY$$Limit                                      
2000b5c5  SPIConfigSetExpClk                                          
2000e9b1  SPIEnable                                                   
2000e85f  SPIFIFOEnable                                               
2000bead  SPITransfer                                                 
20020654  SimpleLinkSpawnTaskHndl                                     
200085af  Spectrum_fromMSGEQ7                                         
20008579  Spectrum_init                                               
20007241  Spectrum_toDb                                               
2000d4a5  TimerConfigure                                              
2000e691  TimerEnable                                                 
2000ec21  TimerIntClear                                               
2000e9c9  TimerIntEnable                                              
2000c4b5  TimerIntRegister                                            
2000e6af  TimerIntStatus                                              
[...]
200110c4  ti_sysbios_knl_Idle_funcList__C                             
200110cc  xdc_runtime_Startup_firstFxns__C                            
200110d4  xdc_runtime_Startup_lastFxns__C                             
200110dc  CS_PIN                                                      
200110e2  ti_sysbios_family_arm_m3_Hwi_Module__id__C                  
200110e4  ti_sysbios_family_arm_m3_Hwi_E_alreadyDefined__C            
200110e8  ti_sysbios_family_arm_m3_Hwi_E_busFault__C                  
200110ec  ti_sysbios_family_arm_m3_Hwi_E_debugMon__C                  
200110f0  ti_sysbios_family_arm_m3_Hwi_E_hardFault__C                 
200110f4  ti_sysbios_family_arm_m3_Hwi_E_memFault__C                  
200110f8  ti_sysbios_family_arm_m3_Hwi_E_noIsr__C                     
200110fc  ti_sysbios_family_arm_m3_Hwi_E_reserved__C                  
20011100  ti_sysbios_family_arm_m3_Hwi_E_svCall__C                    
20011104  ti_sysbios_family_arm_m3_Hwi_E_usageFault__C                
20011108  ti_sysbios_family_arm_m3_Hwi_LD_end__C                      
2001110c  ti_sysbios_family_arm_m3_Hwi_LM_begin__C                    
20011110  ti_sysbios_family_arm_m3_Hwi_Module__diagsEnabled__C        
20011114  ti_sysbios_family_arm_m3_Hwi_Module__diagsIncluded__C       
20011118  ti_sysbios_family_arm_m3_Hwi_Module__diagsMask__C           
2001111c  ti_sysbios_family_arm_m3_Hwi_Module__loggerFxn1__C          
20011120  ti_sysbios_family_arm_m3_Hwi_Module__loggerFxn8__C          
20011124  ti_sysbios_family_arm_m3_Hwi_Module__loggerObj__C           
20011128  ti_sysbios_family_arm_m3_Hwi_NUM_INTERRUPTS__C              
2001112c  ti_sysbios_family_arm_m3_Hwi_Object__count__C               
20011130  ti_sysbios_family_arm_m3_Hwi_ccr__C                         
20011134  ti_sysbios_family_arm_m3_Hwi_excHandlerFunc__C              
20011138  ti_sysbios_family_arm_m3_Hwi_excHookFuncs__C                
2001113c  ti_sysbios_family_arm_m3_Hwi_nullIsrFunc__C                 
20011140  ti_sysbios_family_arm_m3_Hwi_priGroup__C                    
20011144  ti_sysbios_family_arm_m3_TaskSupport_stackAlignment__C      
20011148  ti_sysbios_family_arm_m3_Timer_E_cannotSupport__C           
2001114c  ti_sysbios_family_arm_m3_Timer_startupNeeded__C             
20011150  ti_sysbios_gates_GateMutex_A_badContext__C                  
20011154  ti_sysbios_gates_GateMutex_Instance_State_sem__O            
20011158  ti_sysbios_gates_GateMutex_Module__diagsEnabled__C          
2001115c  ti_sysbios_gates_GateMutex_Module__diagsIncluded__C         
20011160  ti_sysbios_gates_GateMutex_Module__diagsMask__C             
20011164  ti_sysbios_hal_Hwi_E_stackOverflow__C                       
20011168  ti_sysbios_heaps_HeapMem_A_align__C                         
2001116c  ti_sysbios_heaps_HeapMem_A_heapSize__C                      
20011170  ti_sysbios_heaps_HeapMem_A_invalidFree__C                   
20011174  ti_sysbios_heaps_HeapMem_A_zeroBlock__C                     
20011178  ti_sysbios_heaps_HeapMem_E_memory__C                        
2001117c  ti_sysbios_heaps_HeapMem_Module__diagsEnabled__C            
20011180  ti_sysbios_heaps_HeapMem_Module__diagsIncluded__C           
20011184  ti_sysbios_heaps_HeapMem_Module__diagsMask__C               
20011188  ti_sysbios_heaps_HeapMem_Module__gateObj__C                 
2001118c  ti_sysbios_heaps_HeapMem_Object__count__C                   
20011190  ti_sysbios_heaps_HeapMem_reqAlign__C                        
20011194  ti_sysbios_knl_Clock_LM_begin__C                            
20011198  ti_sysbios_knl_Clock_LM_tick__C                             
2001119c  ti_sysbios_knl_Clock_LW_delayed__C                          
200111a0  ti_sysbios_knl_Clock_Module_State_clockQ__O                 
200111a4  ti_sysbios_knl_Clock_Module__diagsEnabled__C                
200111a8  ti_sysbios_knl_Clock_Module__diagsIncluded__C               
200111ac  ti_sysbios_knl_Clock_Module__diagsMask__C                   
200111b0  ti_sysbios_knl_Clock_Module__loggerFxn1__C                  
200111b4  ti_sysbios_knl_Clock_Module__loggerFxn2__C                  
200111b8  ti_sysbios_knl_Clock_Module__loggerObj__C                   
200111bc  ti_sysbios_knl_Clock_tickPeriod__C                          
200111c0  ti_sysbios_knl_Idle_funcList__A                             
200111c4  ti_sysbios_knl_Mailbox_A_invalidBufSize__C                  
200111c8  ti_sysbios_knl_Mailbox_Instance_State_dataQue__O            
200111cc  ti_sysbios_knl_Mailbox_Instance_State_dataSem__O            
200111d0  ti_sysbios_knl_Mailbox_Instance_State_freeQue__O            
200111d4  ti_sysbios_knl_Mailbox_Instance_State_freeSem__O            
200111d8  ti_sysbios_knl_Mailbox_Module__diagsEnabled__C              
200111dc  ti_sysbios_knl_Mailbox_Module__diagsIncluded__C             
200111e0  ti_sysbios_knl_Mailbox_Module__diagsMask__C                 
200111e4  ti_sysbios_knl_Mailbox_Object__count__C                     
200111e8  ti_sysbios_knl_Mailbox_maxTypeAlign__C                      
200111ec  ti_sysbios_knl_Semaphore_A_badContext__C                    
200111f0  ti_sysbios_knl_Semaphore_A_noEvents__C                      
200111f4  ti_sysbios_knl_Semaphore_A_overflow__C                      
200111f8  ti_sysbios_knl_Semaphore_A_pendTaskDisabled__C              
200111fc  ti_sysbios_knl_Semaphore_Instance_State_pendQ__O            
20011200  ti_sysbios_knl_Semaphore_LM_pend__C                         
20011204  ti_sysbios_knl_Semaphore_LM_post__C                         
20011208  ti_sysbios_knl_Semaphore_Module__diagsEnabled__C            
2001120c  ti_sysbios_knl_Semaphore_Module__diagsIncluded__C           
20011210  ti_sysbios_knl_Semaphore_Module__diagsMask__C               
20011214  ti_sysbios_knl_Semaphore_Module__loggerFxn2__C              
20011218  ti_sysbios_knl_Semaphore_Module__loggerFxn4__C              
2001121c  ti_sysbios_knl_Semaphore_Module__loggerObj__C               
20011220  ti_sysbios_knl_Swi_LD_end__C                                
20011224  ti_sysbios_knl_Swi_LM_begin__C                              
20011228  ti_sysbios_knl_Swi_LM_post__C                               
2001122c  ti_sysbios_knl_Swi_Module__diagsEnabled__C                  
20011230  ti_sysbios_knl_Swi_Module__diagsIncluded__C                 
20011234  ti_sysbios_knl_Swi_Module__diagsMask__C                     
20011238  ti_sysbios_knl_Swi_Module__loggerFxn1__C                    
2001123c  ti_sysbios_knl_Swi_Module__loggerFxn4__C                    
20011240  ti_sysbios_knl_Swi_Module__loggerObj__C                     
20011244  ti_sysbios_knl_Swi_Object__count__C                         
20011248  ti_sysbios_knl_Task_A_badPriority__C                        
2001124c  ti_sysbios_knl_Task_A_badTaskState__C                       
20011250  ti_sysbios_knl_Task_A_badThreadType__C                      
20011254  ti_sysbios_knl_Task_A_badTimeout__C                         
20011258  ti_sysbios_knl_Task_A_noPendElem__C                         
2001125c  ti_sysbios_knl_Task_A_sleepTaskDisabled__C                  
20011260  ti_sysbios_knl_Task_E_spOutOfBounds__C                      
20011264  ti_sysbios_knl_Task_E_stackOverflow__C                      
20011268  ti_sysbios_knl_Task_LD_block__C                             
2001126c  ti_sysbios_knl_Task_LD_exit__C                              
20011270  ti_sysbios_knl_Task_LD_ready__C                             
20011274  ti_sysbios_knl_Task_LM_sleep__C                             
20011278  ti_sysbios_knl_Task_LM_switch__C                            
2001127c  ti_sysbios_knl_Task_LM_yield__C                             
20011280  ti_sysbios_knl_Task_Module_State_inactiveQ__O               
20011284  ti_sysbios_knl_Task_Module__diagsEnabled__C                 
20011288  ti_sysbios_knl_Task_Module__diagsIncluded__C                
2001128c  ti_sysbios_knl_Task_Module__diagsMask__C                    
20011290  ti_sysbios_knl_Task_Module__loggerFxn2__C                   
20011294  ti_sysbios_knl_Task_Module__loggerFxn4__C                   
20011298  ti_sysbios_knl_Task_Module__loggerObj__C                    
2001129c  ti_sysbios_knl_Task_Object__count__C                        
200112a0  ti_sysbios_knl_Task_allBlockedFunc__C                       
200112a4  ti_sysbios_knl_Task_defaultStackHeap__C                     
200112a8  ti_sysbios_knl_Task_defaultStackSize__C                     
200112ac  ti_sysbios_knl_Task_numConstructedTasks__C                  
200112b0  xdc_runtime_Assert_E_assertFailed__C                        
200112b4  xdc_runtime_Core_A_initializedParams__C                     
200112b8  xdc_runtime_Core_Module__diagsEnabled__C                    
200112bc  xdc_runtime_Core_Module__diagsIncluded__C                   
200112c0  xdc_runtime_Core_Module__diagsMask__C                       
200112c4  xdc_runtime_Error_E_memory__C                               
200112c8  xdc_runtime_Error_Module__diagsEnabled__C                   
200112cc  xdc_runtime_Error_Module__diagsIncluded__C                  
200112d0  xdc_runtime_Error_Module__diagsMask__C                      
200112d4  xdc_runtime_Error_Module__loggerFxn8__C                     
200112d8  xdc_runtime_Error_Module__loggerObj__C                      
200112dc  xdc_runtime_Error_policyFxn__C                              
200112e0  xdc_runtime_Error_raiseHook__C                              
200112e4  xdc_runtime_IFilterLogger_Interface__BASE__C                
200112e8  xdc_runtime_IGateProvider_Interface__BASE__C                
200112ec  xdc_runtime_IHeap_Interface__BASE__C                        
200112f0  xdc_runtime_ILogger_Interface__BASE__C                      
200112f4  xdc_runtime_IModule_Interface__BASE__C                      
200112f8  xdc_runtime_Log_L_error__C                                  
200112fc  xdc_runtime_LoggerBuf_E_badLevel__C                         
20011300  xdc_runtime_LoggerBuf_Module__gateObj__C                    
20011304  xdc_runtime_LoggerBuf_Object__count__C                      
20011308  xdc_runtime_LoggerBuf_statusLogger__C                       
2001130c  xdc_runtime_Memory_defaultHeapInstance__C                   
20011310  xdc_runtime_Startup_execImpl__C                             
20011314  xdc_runtime_Startup_maxPasses__C                            
20011318  xdc_runtime_Startup_sfxnRts__C                              
2001131c  xdc_runtime_Startup_sfxnTab__C                              
20011320  xdc_runtime_SysMin_bufSize__C                               
20011324  xdc_runtime_SysMin_outputFunc__C                            
20011328  xdc_runtime_System_Module__gateObj__C                       
2001132c  xdc_runtime_System_abortFxn__C                              
20011330  xdc_runtime_System_exitFxn__C                               
20011334  xdc_runtime_System_extendFxn__C                             
20011338  xdc_runtime_System_maxAtexitHandlers__C                     
2001133c  xdc_runtime_Text_charTab__C                                 
20011340  xdc_runtime_Text_nameEmpty__C                               
20011344  xdc_runtime_Text_nameStatic__C                              
20011348  xdc_runtime_Text_nameUnknown__C                             
2001134c  xdc_runtime_Text_nodeTab__C                                 
20011350  xdc_runtime_Text_visitRopeFxn__C                            
20011354  ti_sysbios_family_arm_m3_Hwi_Module__loggerDefined__C       
20011356  ti_sysbios_family_arm_m3_Timer_Module__id__C                
20011358  ti_sysbios_family_arm_m3_TimestampProvider_configTimer__C   
2001135a  ti_sysbios_gates_GateMutex_Module__id__C                    
2001135c  ti_sysbios_hal_Hwi_Module__id__C                            
2001135e  ti_sysbios_heaps_HeapMem_Module__id__C                      
20011360  ti_sysbios_knl_Clock_Module__id__C                          
20011362  ti_sysbios_knl_Clock_Module__loggerDefined__C               
20011364  ti_sysbios_knl_Mailbox_Module__id__C                        
20011366  ti_sysbios_knl_Semaphore_Module__id__C                      
20011368  ti_sysbios_knl_Semaphore_Module__loggerDefined__C           
2001136a  ti_sysbios_knl_Swi_Module__id__C                            
2001136c  ti_sysbios_knl_Swi_Module__loggerDefined__C                 
2001136e  ti_sysbios_knl_Task_Module__id__C                           
20011370  ti_sysbios_knl_Task_Module__loggerDefined__C                
20011372  xdc_runtime_Core_Module__id__C                              
20011374  xdc_runtime_Error_Module__loggerDefined__C                  
20011376  xdc_runtime_Error_maxDepth__C                               
20011378  xdc_runtime_LoggerBuf_Module__id__C                         
2001137a  xdc_runtime_LoggerBuf_filterByLevel__C                      
2001137c  xdc_runtime_Memory_Module__id__C                            
2001137e  xdc_runtime_SysMin_flushAtExit__C                           
20011380  xdc_runtime_Text_charCnt__C                                 
20011382  xdc_runtime_Text_isLoaded__C                                
20011384  xdc_runtime_Text_registryModsLastId__C                      
20011386  xdc_runtime_Text_unnamedModsLastId__C                       
20011388  __TI_static_base__                                          
20011708  __TI_Handler_Table_Base                                     
20011714  __TI_Handler_Table_Limit                                    
20011720  __TI_CINIT_Base                                             
20011730  __TI_CINIT_Limit                                            
20017000  ti_sysbios_heaps_HeapMem_Instance_State_0_buf__A            
2001f000  ti_sysbios_knl_Task_Instance_State_0_stack__A               
2001f800  xdc_runtime_LoggerBuf_Instance_State_0_entryArr__A          
2001fc00  xdc_runtime_SysMin_Module_State_0_outbuf__A                 
20020000  ti_sysbios_family_arm_m3_Hwi_dispatchTable                  
2002030c  __CIOBUF_                                                   
200205fc  _effectData                                                 
20020654  SimpleLinkSpawnTaskHndl                                     
2002065c  _tick                                                       
20020660  simpleLink_mailbox                                          
20020668  ti_sysbios_family_arm_m3_Hwi_Module__root__V                
20020670  ti_sysbios_family_arm_m3_Hwi_Object__table__V               
20020688  ti_sysbios_family_arm_m3_Hwi_Module_State_0_excActive__A    
2002068c  ti_sysbios_family_arm_m3_Hwi_Module_State_0_excContext__A   
20020690  ti_sysbios_family_arm_m3_Hwi_Module_State_0_excStack__A     
20020694  ti_sysbios_family_arm_m3_Timer_Module__root__V              
2002069c  ti_sysbios_family_arm_m3_Timer_Module__state__V             
200206a8  ti_sysbios_family_arm_m3_TimestampProvider_Module__state__V 
200206ac  ti_sysbios_gates_GateHwi_Module__root__V                    
200206b4  ti_sysbios_gates_GateHwi_Object__table__V                   
200206b8  ti_sysbios_gates_GateMutex_Module__root__V                  
200206c0  ti_sysbios_hal_Hwi_Module__root__V                          
200206c8  ti_sysbios_hal_Timer_Module__root__V                        
200206d0  ti_sysbios_heaps_HeapMem_Module__root__V                    
200206d8  ti_sysbios_heaps_HeapMem_Object__table__V                   
200206f0  ti_sysbios_knl_Clock_Module__root__V                        
200206f8  ti_sysbios_knl_Event_Module__root__V                        
20020700  ti_sysbios_knl_Mailbox_Module__root__V                      
20020708  ti_sysbios_knl_Queue_Module__root__V                        
20020710  ti_sysbios_knl_Semaphore_Module__root__V                    
20020718  ti_sysbios_knl_Swi_Module__root__V                          
20020720  ti_sysbios_knl_Swi_Module__state__V                         
2002073c  ti_sysbios_knl_Task_Module__root__V                         
20020744  ti_sysbios_knl_Task_Module_State_0_idleTask__A              
20020748  xdc_runtime_Error_Module__state__V                          
2002074c  xdc_runtime_LoggerBuf_Module__root__V                       
20020754  xdc_runtime_LoggerBuf_Module__state__V                      
2002075c  xdc_runtime_Memory_Module__state__V                         
20020760  xdc_runtime_Registry_Module__state__V                       
20020768  xdc_runtime_Startup_Module__state__V                        
20020770  xdc_runtime_SysMin_Module__state__V                         
2002077c  xdc_runtime_System_Module_State_0_atexitHandlers__A         
2002078c  xdc_runtime_System_Module__state__V                         
20020794  xdc_runtime_Text_Module__state__V                           
2002079c  __xdc__init__addr                                           
20020850  _Denorm                                                     
20020860  _Eps                                                        
20020870  _Hugeval                                                    
20020880  _Inf                                                        
20020890  _Nan                                                        
200208a0  _Snan                                                       
200208b0  _Rteps                                                      
200208c0  _Xbig                                                       
200208c8  _Zero                                                       
200208d0  ti_sysbios_knl_Swi_Module_State_0_readyQ__A                 
20020950  ti_sysbios_knl_Task_Module_State_0_readyQ__A                
200209d0  _FDenorm                                                    
200209e0  _FEps                                                       
200209f0  _FInf                                                       
20020a00  _FNan                                                       
20020a10  _FSnan                                                      
20020a20  _FRteps                                                     
20020a30  _FXbig                                                      
20020a34  _FZero                                                      
20020a38  ti_sysbios_knl_Task_Object__table__V                        
20020a84  ti_sysbios_knl_Task_Module__state__V                        
20020ac8  ti_sysbios_gates_GateMutex_Object__table__V                 
20020b00  ti_sysbios_family_arm_m3_Hwi_Module__state__V               
20020b34  ti_sysbios_family_arm_m3_Timer_Object__table__V             
20020b64  ti_sysbios_knl_Swi_Object__table__V                         
20020b94  ti_sysbios_knl_Clock_Module__state__V                       
20020bc0  ti_sysbios_BIOS_Module__state__V                            
20020be4  xdc_runtime_LoggerBuf_Object__table__V                      
20020c08  _lock                                                       
20020c0c  _unlock                                                     
20020c10  __TI_cleanup_ptr                                            
20020c14  __TI_dtors_ptr                                              
20020c18  _Fenv                                                       
20020c1c  _Tls_setup__Fenv                                            
20020c20  _Errno                                                      
20020c24  main_func_sp                                                
2002e000  __stack                                                     
20030000  __STACK_END                                                 
e000e000  ti_sysbios_family_arm_m3_Hwi_nvic                           
ffffffff  __binit__                                                   
ffffffff  __c_args__                                                  
ffffffff  binit                                                       
UNDEFED   SHT$$INIT_ARRAY$$Base                                       
UNDEFED   SHT$$INIT_ARRAY$$Limit                                      

[821 symbols]
