******************************************************************************
                  TI ARM Linker PC v5.2.5                      
******************************************************************************
>> Linked Fri Oct 28 20:08:04 2016

OUTPUT FILE NAME:   <Stickman_V2.out>
ENTRY POINT SYMBOL: "_c_int00"  address: 200110b1


MEMORY CONFIGURATION

         name            origin    length      used     unused   attr    fill
----------------------  --------  ---------  --------  --------  ----  --------
  SRAM_CODE             20004000   00013000  00011bb8  00001448  RW X
  SRAM_DATA             20017000   00019000  0000bf08  0000d0f8  RW X


SEGMENT ALLOCATION MAP

run origin  load origin   length   init length attrs members
----------  ----------- ---------- ----------- ----- -------
20004000    20004000    00011bc8   00011bc8    r-x
  20004000    20004000    0000030c   0000030c    r-- .resetVecs
  20004310    20004310    0000ee62   0000ee62    r-x .text
  20013178    20013178    0000266a   0000266a    r-- .const
  200157e8    200157e8    000003e0   000003e0    r-- .cinit
20017000    20017000    00009f08   00000000    rw-
  20017000    20017000    000098e0   00000000    rw- .bss
  200208e0    200208e0    00000628   00000000    rw- .data
2002e000    2002e000    00002000   00000000    rw-
  2002e000    2002e000    00002000   00000000    rw- .stack


SECTION ALLOCATION MAP

 output                                  attributes/
section   page    origin      length       input sections
--------  ----  ----------  ----------   ----------------
.init_array 
*          0    20004000    00000000     UNINITIALIZED

.resetVecs 
*          0    20004000    0000030c     
                  20004000    0000030c     app_pem4.oem4 (.resetVecs)

.text      0    20004310    0000ee62     
                  20004310    000010a6     rtsv7M4_T_le_eabi.lib : _printfi.obj (.text)
                  200053b6    00000002                           : i_div0.obj (.text)
                  200053b8    0000072c     Effect.obj (.text)
                  20005ae4    00000590     simplelink.a : driver.obj (.text:_SlDrvMsgRead)
                  20006074    00000544     ti_rtos.a : osi_tirtos.obj (.text)
                  200065b8    00000480     rtsv7M4_T_le_eabi.lib : pow.obj (.text)
                  20006a38    00000430     sysbios.aem4 : BIOS.obj (.text:ti_sysbios_family_arm_m3_Hwi_excDumpRegs__I)
                  20006e68    0000039c     task_wifi.obj (.text)
                  20007204    0000034c     ti.targets.arm.rtsarm.aem4 : System.oem4 (.text:xdc_runtime_System_doPrint__I)
                  20007550    00000314     sysbios.aem4 : BIOS.obj (.text:ti_sysbios_knl_Semaphore_pend__E)
                  20007864    000002e4     rtsv7M4_T_le_eabi.lib : xlog.obj (.text)
                  20007b48    000002d4                           : trgdrv.obj (.text)
                  20007e1c    000002b4     MSGEQ7.obj (.text)
                  200080d0    000002ac     APA102.obj (.text)
                  2000837c    00000004     app_pem4.oem4 (.text:ti_sysbios_BIOS_RtsGateProxy_enter__E)
                  20008380    00000254     sysbios.aem4 : BIOS.obj (.text:ti_sysbios_heaps_HeapMem_free__E)
                  200085d4    00000004     app_pem4.oem4 (.text:ti_sysbios_BIOS_RtsGateProxy_leave__E)
                  200085d8    00000248     sysbios.aem4 : BIOS.obj (.text:ti_sysbios_heaps_HeapMem_alloc__E)
                  20008820    0000022c                  : BIOS.obj (.text:ti_sysbios_knl_Task_Instance_finalize__E)
                  20008a4c    0000020c     Spectrum.obj (.text)
                  20008c58    00000200     sysbios.aem4 : BIOS.obj (.text:ti_sysbios_knl_Task_sleep__E)
                  20008e58    000001fc     simplelink.a : driver.obj (.text:_SlDrvRxHdrRead)
                  20009054    000001fc     rtsv7M4_T_le_eabi.lib : xexp.obj (.text)
                  20009250    000001fc     sysbios.aem4 : BIOS.obj (.text:ti_sysbios_family_arm_m3_Hwi_excHandlerMax__I)
                  2000944c    000001f4     rtsv7M4_T_le_eabi.lib : ull_div_t2.obj (.text)
                  20009640    000001f0     Communicator.obj (.text)
                  20009830    000001e0     simplelink.a : driver.obj (.text:_SlDrvDataReadOp)
                  20009a10    000001d0                  : driver.obj (.text:_SlDrvReleasePoolObj)
                  20009be0    000001c8     sysbios.aem4 : BIOS.obj (.text:ti_sysbios_knl_Task_Instance_init__E)
                  20009da8    000001b6     rtsv7M4_T_le_eabi.lib : fd_add_t2.obj (.text)
                  20009f5e    00000002     app_pem4.oem4 (.text:ti_sysbios_BIOS_nullFunc__I)
                  20009f60    000001a0     simplelink.a : socket.obj (.text:sl_Accept)
                  2000a100    0000019c                  : driver.obj (.text:_SlDrvMsgWrite)
                  2000a29c    00000004     app_pem4.oem4 (.text:ti_sysbios_family_arm_m3_Hwi_delete)
                  2000a2a0    0000019c     sysbios.aem4 : BIOS.obj (.text:ti_sysbios_knl_Task_Module_startup__E)
                  2000a43c    00000190     simplelink.a : driver.obj (.text:_SlDrvDriverCBInit)
                  2000a5cc    00000190                  : driver.obj (.text:_SlDrvWaitForPoolObj)
                  2000a75c    0000018c     rom_pin_mux_config.obj (.text)
                  2000a8e8    00000178     driverlib.a : prcm.obj (.text:PRCMCC3200MCUInit)
                  2000aa60    00000174     sysbios.aem4 : BIOS.obj (.text:ti_sysbios_family_arm_m3_Hwi_excBusFault__I)
                  2000abd4    00000170     simplelink.a : driver.obj (.text:_SlFindAndSetActiveObj)
                  2000ad44    00000004     app_pem4.oem4 (.text:ti_sysbios_family_arm_m3_TaskSupport_Module__startupDone__S)
                  2000ad48    00000164     sysbios.aem4 : BIOS.obj (.text:ti_sysbios_family_arm_m3_Hwi_excUsageFault__I)
                  2000aeac    00000004     app_pem4.oem4 (.text:ti_sysbios_heaps_HeapMem_Module_GateProxy_enter__E)
                  2000aeb0    00000158     sysbios.aem4 : BIOS.obj (.text:ti_sysbios_knl_Mailbox_Instance_init__E)
                  2000b008    00000150     simplelink.a : cc_pal.obj (.text:spi_Open)
                  2000b158    0000014c                  : driver.obj (.text:_SlDrvDataWriteOp)
                  2000b2a4    00000004     app_pem4.oem4 (.text:ti_sysbios_heaps_HeapMem_Module_GateProxy_leave__E)
                  2000b2a8    00000148     sysbios.aem4 : BIOS.obj (.text:ti_sysbios_family_arm_m3_Hwi_excMemFault__I)
                  2000b3f0    00000140     BatteryMonitor.obj (.text)
                  2000b530    00000140     sysbios.aem4 : BIOS.obj (.text:ti_sysbios_knl_Semaphore_post__E)
                  2000b670    0000013c                  : BIOS.obj (.text:ti_sysbios_heaps_HeapMem_Instance_init__E)
                  2000b7ac    00000004     app_pem4.oem4 (.text:ti_sysbios_knl_Clock_TimerProxy_getMaxTicks__E)
                  2000b7b0    00000138     sysbios.aem4 : BIOS.obj (.text:ti_sysbios_family_arm_m3_Hwi_dispatchC__I)
                  2000b8e8    00000138     ti.targets.arm.rtsarm.aem4 : LoggerBuf.oem4 (.text:xdc_runtime_LoggerBuf_write8__E)
                  2000ba20    00000136     rtsv7M4_T_le_eabi.lib : fd_div_t2.obj (.text)
                  2000bb56    00000002     app_pem4.oem4 (.text:xdc_runtime_Startup_reset__I)
                  2000bb58    00000134     sysbios.aem4 : BIOS.obj (.text:ti_sysbios_knl_Clock_workFunc__E)
                  2000bc8c    00000120     simplelink.a : driver.obj (.text:_SlDrvMsgReadCmdCtx)
                  2000bdac    00000004     app_pem4.oem4 (.text:ti_sysbios_knl_Mailbox_delete)
                  2000bdb0    0000011c     sysbios.aem4 : BIOS.obj (.text:ti_sysbios_knl_Swi_run__I)
                  2000becc    00000118     simplelink.a : driver.obj (.text:_SlDrvDriverCBDeinit)
                  2000bfe4    00000118                  : socket.obj (.text:sl_Send)
                  2000c0fc    00000118     ti.targets.arm.rtsarm.aem4 : Error.oem4 (.text:xdc_runtime_Error_policyDefault__E)
                  2000c214    00000110     BeatDetect.obj (.text)
                  2000c324    00000110     rtsv7M4_T_le_eabi.lib : xdscale.obj (.text)
                  2000c434    00000104     simplelink.a : netapp.obj (.text:_SlDrvNetAppEventHandler)
                  2000c538    00000100     ti.targets.arm.rtsarm.aem4 : Core-mem.oem4 (.text:xdc_runtime_Core_createObject__I)
                  2000c638    000000fc     rtsv7M4_T_le_eabi.lib : fd_mul_t2.obj (.text)
                  2000c734    000000fa                           : fs_add_t2.obj (.text)
                  2000c82e    00000002     --HOLE-- [fill = 0]
                  2000c830    000000f8     ti.targets.arm.rtsarm.aem4 : Startup.oem4 (.text:xdc_runtime_Startup_startMods__I)
                  2000c928    000000f8     app_pem4.oem4 (.text:xdc_runtime_System_printfExtend__I)
                  2000ca20    000000f0     driverlib.a : udma.obj (.text:uDMAChannelTransferSet)
                  2000cb10    000000e8     simplelink.a : driver.obj (.text:_SlAsyncEventGenericHandler)
                  2000cbf8    000000e4                  : device.obj (.text:sl_Stop)
                  2000ccdc    000000e0                  : device.obj (.text:sl_Start)
                  2000cdbc    000000dc                  : driver.obj (.text:_SlDrvClassifyRxMsg)
                  2000ce98    000000dc                  : cc_pal.obj (.text:spi_Read)
                  2000cf74    000000d4                  : driver.obj (.text:_SlDrvMsgReadSpawnCtx)
                  2000d048    000000d4     ti.targets.arm.rtsarm.aem4 : LoggerBuf.oem4 (.text:xdc_runtime_LoggerBuf_write4__E)
                  2000d11c    000000d0     driverlib.a : spi.obj (.text:SPITransfer32)
                  2000d1ec    00000004     app_pem4.oem4 (.text:ti_sysbios_knl_Queue_destruct)
                  2000d1f0    000000d0     sysbios.aem4 : BIOS.obj (.text:ti_sysbios_family_arm_m3_Hwi_Module_startup__E)
                  2000d2c0    000000d0                  : m3_Hwi_asm.obj (.text:ti_sysbios_family_arm_m3_Hwi_dispatch__I)
                  2000d390    000000ce     driverlib.a : spi.obj (.text:SPITransfer16)
                  2000d45e    00000002     --HOLE-- [fill = 0]
                  2000d460    000000cc     simplelink.a : netapp.obj (.text:_sl_HandleAsync_DnsGetHostByService)
                  2000d52c    00000004     app_pem4.oem4 (.text:ti_sysbios_knl_Semaphore_delete)
                  2000d530    000000cc     sysbios.aem4 : BIOS.obj (.text:ti_sysbios_knl_Task_schedule__I)
                  2000d5fc    000000cc     ti.targets.arm.rtsarm.aem4 : Core-smem.oem4 (.text:xdc_runtime_Core_constructObject__I)
                  2000d6c8    000000c4     simplelink.a : driver.obj (.text:_SlRemoveFromList)
                  2000d78c    000000c0                  : driver.obj (.text:_SlDrvCmdOp)
                  2000d84c    000000c0     rtsv7M4_T_le_eabi.lib : xdint.obj (.text)
                  2000d90c    000000be                           : xdnorm.obj (.text)
                  2000d9ca    00000006     driverlib.a : utils.obj (.text:UtilsDelay)
                  2000d9d0    000000bc     sysbios.aem4 : BIOS.obj (.text:ti_sysbios_family_arm_m3_Hwi_excDebugMon__I)
                  2000da8c    00000004     app_pem4.oem4 (.text:ti_sysbios_knl_Semaphore_destruct)
                  2000da90    000000bc     sysbios.aem4 : BIOS.obj (.text:ti_sysbios_family_arm_m3_Hwi_excHardFault__I)
                  2000db4c    00000004     app_pem4.oem4 (.text:ti_sysbios_knl_Task_delete)
                  2000db50    000000bc     sysbios.aem4 : BIOS.obj (.text:ti_sysbios_knl_Task_startCore__E)
                  2000dc0c    000000b8     driverlib.a : spi.obj (.text:SPITransfer8)
                  2000dcc4    00000004     ti.targets.arm.rtsarm.aem4 : Error.oem4 (.text:xdc_runtime_Error_getSite__E)
                  2000dcc8    000000b4     sysbios.aem4 : BIOS.obj (.text:ti_sysbios_gates_GateMutex_enter__E)
                  2000dd7c    00000004     app_pem4.oem4 (.text:xdc_runtime_LoggerBuf_Module_GateProxy_enter__E)
                  2000dd80    000000b4     sysbios.aem4 : BIOS.obj (.text:ti_sysbios_knl_Task_checkStacks__E)
                  2000de34    00000004     app_pem4.oem4 (.text:xdc_runtime_LoggerBuf_Module_GateProxy_leave__E)
                  2000de38    000000b4     sysbios.aem4 : BIOS.obj (.text:ti_sysbios_knl_Task_yield__E)
                  2000deec    000000b0     main.obj (.text)
                  2000df9c    00000004     app_pem4.oem4 (.text:xdc_runtime_System_Module_GateProxy_enter__E)
                  2000dfa0    000000ac     sysbios.aem4 : BIOS.obj (.text:ti_sysbios_knl_Swi_post__E)
                  2000e04c    000000a8     driverlib.a : interrupt.obj (.text:IntEnable)
                  2000e0f4    00000004     app_pem4.oem4 (.text:xdc_runtime_System_Module_GateProxy_leave__E)
                  2000e0f8    000000a8     sysbios.aem4 : BIOS.obj (.text:ti_sysbios_knl_Task_blockI__E)
                  2000e1a0    000000a8                  : BIOS.obj (.text:ti_sysbios_knl_Task_postInit__I)
                  2000e248    000000a2     Matrix.obj (.text)
                  2000e2ea    00000002     --HOLE-- [fill = 0]
                  2000e2ec    000000a0     driverlib.a : spi.obj (.text:SPIConfigSetExpClk)
                  2000e38c    000000a0     simplelink.a : driver.obj (.text:_SlDriverHandleError)
                  2000e42c    000000a0     auto_init.aem4 : auto_init.oem4 (.text)
                  2000e4cc    000000a0     ti.targets.arm.rtsarm.aem4 : Text.oem4 (.text:xdc_runtime_Text_putMod__E)
                  2000e56c    0000009c     rtsv7M4_T_le_eabi.lib : memcpy_t2.obj (.text)
                  2000e608    0000009c     simplelink.a : socket.obj (.text:sl_Bind)
                  2000e6a4    00000004     ti.targets.arm.rtsarm.aem4 : System.oem4 (.text:xdc_runtime_System_aprintf_va__F)
                  2000e6a8    0000009c     sysbios.aem4 : BIOS.obj (.text:ti_sysbios_knl_Semaphore_Instance_init__E)
                  2000e744    0000009c     ti.targets.arm.rtsarm.aem4 : LoggerBuf.oem4 (.text:xdc_runtime_LoggerBuf_setFilterLevel__E)
                  2000e7e0    0000009a     simplelink.a : device.obj (.text:_SlDrvDeviceEventHandler)
                  2000e87a    00000002     --HOLE-- [fill = 0]
                  2000e87c    0000009a     ti.targets.arm.rtsarm.aem4 : Text.oem4 (.text:xdc_runtime_Text_putSite__E)
                  2000e916    00000002     --HOLE-- [fill = 0]
                  2000e918    00000098     sysbios.aem4 : BIOS.obj (.text:ti_sysbios_knl_Mailbox_post__E)
                  2000e9b0    00000094     driverlib.a : prcm.obj (.text:PRCMPeripheralClockGet)
                  2000ea44    00000004     ti.targets.arm.rtsarm.aem4 : System.oem4 (.text:xdc_runtime_System_printf_va__F)
                  2000ea48    00000094     sysbios.aem4 : BIOS.obj (.text:ti_sysbios_family_arm_m3_Hwi_Instance_init__E)
                  2000eadc    00000004     --HOLE-- [fill = 0]
                  2000eae0    00000094                  : BIOS.obj (.text:ti_sysbios_knl_Task_exit__E)
                  2000eb74    00000092     rtsv7M4_T_le_eabi.lib : fs_div_t2.obj (.text)
                  2000ec06    00000002     --HOLE-- [fill = 0]
                  2000ec08    00000090     simplelink.a : netapp.obj (.text:_sl_HandleAsync_DnsGetHostByName)
                  2000ec98    00000090                  : netapp.obj (.text:_sl_HandleAsync_PingResponse)
                  2000ed28    00000090     sysbios.aem4 : BIOS.obj (.text:ti_sysbios_knl_Task_unblockI__E)
                  2000edb8    0000008c     simplelink.a : cc_pal.obj (.text:SetupDMAReceive)
                  2000ee44    0000008c                  : cc_pal.obj (.text:SetupDMASend)
                  2000eed0    0000008c                  : cc_pal.obj (.text:spi_Write)
                  2000ef5c    00000004     --HOLE-- [fill = 0]
                  2000ef60    0000008c     sysbios.aem4 : BIOS.obj (.text:ti_sysbios_knl_Mailbox_pend__E)
                  2000efec    00000088     driverlib.a : pin.obj (.text:PinConfigSet)
                  2000f074    00000088                 : spi.obj (.text:SPITransfer)
                  2000f0fc    00000088     simplelink.a : socket.obj (.text:sl_Recv)
                  2000f184    00000004     --HOLE-- [fill = 0]
                  2000f188    00000088     sysbios.aem4 : BIOS.obj (.text:ti_sysbios_family_arm_m3_Hwi_initNVIC__E)
                  2000f210    00000088                  : BIOS.obj (.text:ti_sysbios_knl_Mailbox_Module_startup__E)
                  2000f298    00000086     rtsv7M4_T_le_eabi.lib : fd_cmp_t2.obj (.text:__aeabi_cdcmple)
                  2000f31e    00000086                           : fd_cmp_t2.obj (.text:__aeabi_cdrcmple)
                  2000f3a4    00000004     --HOLE-- [fill = 0]
                  2000f3a8    00000084     sysbios.aem4 : BIOS.obj (.text:ti_sysbios_family_arm_m3_Hwi_postInit__I)
                  2000f42c    00000080     simplelink.a : socket.obj (.text:_sl_HandleAsync_Connect)
                  2000f4ac    00000080                  : device.obj (.text:_sl_HandleAsync_InitComplete)
                  2000f52c    00000080                  : cc_pal.obj (.text:spi_Read_CPU)
                  2000f5ac    00000080                  : cc_pal.obj (.text:spi_Write_CPU)
                  2000f62c    0000007c                  : socket.obj (.text:sl_SetSockOpt)
                  2000f6a8    0000007c                  : wlan.obj (.text:sl_WlanSet)
                  2000f724    00000004     --HOLE-- [fill = 0]
                  2000f728    0000007c     sysbios.aem4 : BIOS.obj (.text:ti_sysbios_family_arm_m3_TimestampProvider_get64__E)
                  2000f7a4    0000007a     rtsv7M4_T_le_eabi.lib : fs_mul_t2.obj (.text)
                  2000f81e    0000007a                           : memset_t2.obj (.text)
                  2000f898    00000078     Console.obj (.text)
                  2000f910    00000078     simplelink.a : cc_pal.obj (.text:spi_Close)
                  2000f988    00000076     driverlib.a : uart.obj (.text:UARTConfigSetExpClk)
                  2000f9fe    00000002     --HOLE-- [fill = 0]
                  2000fa00    00000074     ti.targets.arm.rtsarm.aem4 : LoggerBuf.oem4 (.text:xdc_runtime_LoggerBuf_getFilterLevel__E)
                  2000fa74    00000070     driverlib.a : timer.obj (.text:TimerIntRegister)
                  2000fae4    00000070     simplelink.a : socket.obj (.text:sl_Socket)
                  2000fb54    00000004     --HOLE-- [fill = 0]
                  2000fb58    00000070     sysbios.aem4 : BIOS.obj (.text:ti_sysbios_knl_Mailbox_Instance_finalize__E)
                  2000fbc8    0000006d     ti.targets.arm.rtsarm.aem4 : System.oem4 (.text:xdc_runtime_System_formatNum__I)
                  2000fc35    00000003     --HOLE-- [fill = 0]
                  2000fc38    0000006c     simplelink.a : driver.obj (.text:_SlDrvCmdSend)
                  2000fca4    0000006c                  : netapp.obj (.text:_sl_NetAppSendTokenValue)
                  2000fd10    0000006c     sysbios.aem4 : BIOS.obj (.text:ti_sysbios_knl_Swi_restoreHwi__E)
                  2000fd7c    0000006c     ti.targets.arm.rtsarm.aem4 : Error.oem4 (.text:xdc_runtime_Error_print__E)
                  2000fde8    0000006c                                : Memory.oem4 (.text:xdc_runtime_Memory_alloc__E)
                  2000fe54    0000006a     rtsv7M4_T_le_eabi.lib : copy_decompress_rle.obj (.text)
                  2000febe    00000002     --HOLE-- [fill = 0]
                  2000fec0    00000068     driverlib.a : adc.obj (.text:ADCIntEnable)
                  2000ff28    00000068     rtsv7M4_T_le_eabi.lib : trgmsg.obj (.text)
                  2000ff90    00000066                           : xdunscal.obj (.text)
                  2000fff6    00000066     ti.targets.arm.rtsarm.aem4 : Core-mem.oem4 (.text:xdc_runtime_Core_deleteObject__I)
                  2001005c    00000064     simplelink.a : socket.obj (.text:_sl_HandleAsync_Accept)
                  200100c0    00000064     app_pem4.oem4 (.text:ti_sysbios_family_arm_m3_Hwi_create)
                  20010124    00000064     app_pem4.oem4 (.text:ti_sysbios_knl_Mailbox_create)
                  20010188    00000064     driverlib.a : udma.obj (.text:uDMAChannelAttributeDisable)
                  200101ec    00000064                 : udma.obj (.text:uDMAChannelAttributeEnable)
                  20010250    00000060     rtsv7M4_T_le_eabi.lib : fs_cmp_t2.obj (.text:__aeabi_cfcmple)
                  200102b0    00000060                           : fs_cmp_t2.obj (.text:__aeabi_cfrcmple)
                  20010310    00000060     sysbios.aem4 : BIOS.obj (.text:ti_sysbios_knl_Clock_logTick__E)
                  20010370    0000005c     driverlib.a : adc.obj (.text:ADCIntStatus)
                  200103cc    00000004     --HOLE-- [fill = 0]
                  200103d0    0000005c     sysbios.aem4 : BIOS.obj (.text:ti_sysbios_knl_Swi_schedule__I)
                  2001042c    0000005c     app_pem4.oem4 (.text:ti_sysbios_knl_Task_create)
                  20010488    0000005c     app_pem4.oem4 (.text:xdc_runtime_LoggerBuf_Object__create__S)
                  200104e4    0000005b     ti.targets.arm.rtsarm.aem4 : Text.oem4 (.text:xdc_runtime_Text_putLab__E)
                  2001053f    00000001     --HOLE-- [fill = 0]
                  20010540    00000058     driverlib.a : adc.obj (.text:ADCIntClear)
                  20010598    00000058                 : interrupt.obj (.text:IntPendClear)
                  200105f0    00000058                 : prcm.obj (.text:PRCMPeripheralReset)
                  20010648    00000058     sysbios.aem4 : BIOS.obj (.text:ti_sysbios_family_arm_m3_Timer_setPeriod__E)
                  200106a0    00000056     rtsv7M4_T_le_eabi.lib : ltoa.obj (.text)
                  200106f6    00000002     --HOLE-- [fill = 0]
                  200106f8    00000054     simplelink.a : socket.obj (.text:_sl_HandleAsync_Select)
                  2001074c    00000004     --HOLE-- [fill = 0]
                  20010750    00000054     sysbios.aem4 : BIOS.obj (.text:ti_sysbios_family_arm_m3_Timer_start__E)
                  200107a4    00000054     ti.targets.arm.rtsarm.aem4 : Assert.oem4 (.text:xdc_runtime_Assert_raise__I)
                  200107f8    00000050     simplelink.a : driver.obj (.text:_SlDrvRxIrqHandler)
                  20010848    00000050                  : device.obj (.text:_sl_HandleAsync_Stop)
                  20010898    00000050                  : socket.obj (.text:sl_Listen)
                  200108e8    00000050     ti.targets.arm.rtsarm.aem4 : Startup.oem4 (.text:xdc_runtime_Startup_exec__E)
                  20010938    00000050                                : Text.oem4 (.text:xdc_runtime_Text_visitRope2__I)
                  20010988    0000004c     driverlib.a : spi.obj (.text:SPIIntEnable)
                  200109d4    0000004c     simplelink.a : driver.obj (.text:_SlDrvProtectAsyncRespSetting)
                  20010a20    0000004c                  : socket.obj (.text:_sl_BuildAddress)
                  20010a6c    0000004c     rtsv7M4_T_le_eabi.lib : atoi.obj (.text)
                  20010ab8    0000004c                           : cpy_tbl.obj (.text)
                  20010b04    0000004c     sysbios.aem4 : m3_TaskSupport_asm.obj (.text:ti_sysbios_family_arm_m3_TaskSupport_buildTaskStack)
                  20010b50    0000004c                  : BIOS.obj (.text:ti_sysbios_heaps_HeapMem_getStats__E)
                  20010b9c    00000004     --HOLE-- [fill = 0]
                  20010ba0    0000004c                  : BIOS.obj (.text:ti_sysbios_knl_Swi_runLoop__I)
                  20010bec    00000004     --HOLE-- [fill = 0]
                  20010bf0    0000004c                  : BIOS.obj (.text:ti_sysbios_knl_Task_allBlockedFunction__I)
                  20010c3c    0000004c     driverlib.a : udma.obj (.text:uDMAChannelAssign)
                  20010c88    00000048                 : spi.obj (.text:SPIIntClear)
                  20010cd0    00000048     rtsv7M4_T_le_eabi.lib : fd_toi_t2.obj (.text)
                  20010d18    00000048                           : fd_tos_t2.obj (.text)
                  20010d60    00000048                           : vsprintf.obj (.text)
                  20010da8    00000048     sysbios.aem4 : BIOS.obj (.text:ti_sysbios_family_arm_m3_Hwi_disableInterrupt__E)
                  20010df0    00000048                  : BIOS.obj (.text:ti_sysbios_family_arm_m3_Hwi_enableInterrupt__E)
                  20010e38    00000048                  : BIOS.obj (.text:ti_sysbios_family_arm_m3_Hwi_excReserved__I)
                  20010e80    00000048                  : m3_Hwi_asm_switch.obj (.text:ti_sysbios_family_arm_m3_Hwi_initStacks__E)
                  20010ec8    00000048                  : BIOS.obj (.text:ti_sysbios_family_arm_m3_Timer_initDevice__I)
                  20010f10    00000046     rtsv7M4_T_le_eabi.lib : fmax.obj (.text)
                  20010f56    00000046                           : ldexp.obj (.text)
                  20010f9c    00000046     ti.targets.arm.rtsarm.aem4 : Core-params.oem4 (.text:xdc_runtime_Core_assignParams__I)
                  20010fe2    00000002     --HOLE-- [fill = 0]
                  20010fe4    00000044     driverlib.a : spi.obj (.text:SPIDmaMaskGet)
                  20011028    00000044                 : timer.obj (.text:TimerConfigure)
                  2001106c    00000044     simplelink.a : driver.obj (.text:_SlDrvHandleHttpServerEvents)
                  200110b0    00000044     boot.aem4 : boot.oem4 (.text)
                  200110f4    00000044     simplelink.a : cc_pal.obj (.text:cc_SetupTransfer)
                  20011138    00000044     rtsv7M4_T_le_eabi.lib : exit.obj (.text)
                  2001117c    00000044                           : fd_tou_t2.obj (.text)
                  200111c0    00000044     simplelink.a : socket.obj (.text:sl_Close)
                  20011204    00000044                  : wlan.obj (.text:sl_WlanSetMode)
                  20011248    00000044     sysbios.aem4 : BIOS.obj (.text:ti_sysbios_family_arm_m3_Hwi_getStackInfo__E)
                  2001128c    00000004     --HOLE-- [fill = 0]
                  20011290    00000044                  : BIOS.obj (.text:ti_sysbios_knl_Mailbox_postInit__I)
                  200112d4    00000044     ti.targets.arm.rtsarm.aem4 : Error.oem4 (.text:xdc_runtime_Error_setX__E)
                  20011318    00000044                                : LoggerBuf.oem4 (.text:xdc_runtime_LoggerBuf_filterOutEvent__I)
                  2001135c    00000044                                : SysMin.oem4 (.text:xdc_runtime_SysMin_flush__E)
                  200113a0    00000044                                : Text.oem4 (.text:xdc_runtime_Text_xprintf__I)
                  200113e4    00000040     driverlib.a : pin.obj (.text:PinModeSet)
                  20011424    00000040     simplelink.a : driver.obj (.text:_SlDrvHandleNetAppEvents)
                  20011464    00000040                  : driver.obj (.text:_SlDrvHandleWlanEvents)
                  200114a4    00000040                  : driver.obj (.text:_SlDrvSyncObjWaitTimeout)
                  200114e4    00000040                  : socket.obj (.text:_sl_TruncatePayloadByProtocol)
                  20011524    00000040     rtsv7M4_T_le_eabi.lib : signal.obj (.text)
                  20011564    00000040                           : u_divt2.obj (.text)
                  200115a4    00000040     simplelink.a : netapp.obj (.text:sl_NetAppStart)
                  200115e4    00000004     --HOLE-- [fill = 0]
                  200115e8    00000040     sysbios.aem4 : BIOS.obj (.text:ti_sysbios_family_arm_m3_Timer_Module_startup__E)
                  20011628    0000003e     driverlib.a : adc.obj (.text:ADCIntRegister)
                  20011666    0000003c     simplelink.a : netapp.obj (.text:CopyPingResultsToReport)
                  200116a2    00000002     --HOLE-- [fill = 0]
                  200116a4    0000003c     driverlib.a : prcm.obj (.text:PRCMPeripheralClkEnable)
                  200116e0    0000003c     simplelink.a : socket.obj (.text:sl_Htons)
                  2001171c    00000004     --HOLE-- [fill = 0]
                  20011720    0000003c     sysbios.aem4 : BIOS.obj (.text:ti_sysbios_family_arm_m3_Hwi_excSvCall__I)
                  2001175c    00000004     --HOLE-- [fill = 0]
                  20011760    0000003c                  : BIOS.obj (.text:ti_sysbios_heaps_HeapMem_init__I)
                  2001179c    00000004     --HOLE-- [fill = 0]
                  200117a0    0000003c                  : BIOS.obj (.text:ti_sysbios_knl_Swi_startup__E)
                  200117dc    0000003c     driverlib.a : udma.obj (.text:uDMAChannelControlSet)
                  20011818    0000003a     ti.targets.arm.rtsarm.aem4 : LoggerBuf.oem4 (.text:xdc_runtime_LoggerBuf_Instance_init__E)
                  20011852    00000038     driverlib.a : adc.obj (.text:ADCChannelEnable)
                  2001188a    00000002     --HOLE-- [fill = 0]
                  2001188c    00000038     simplelink.a : cc_pal.obj (.text:NwpPowerOff)
                  200118c4    00000038     rtsv7M4_T_le_eabi.lib : fs_tod_t2.obj (.text)
                  200118fc    00000038                           : fs_toi_t2.obj (.text)
                  20011934    00000004     --HOLE-- [fill = 0]
                  20011938    00000038     sysbios.aem4 : BIOS.obj (.text:ti_sysbios_family_arm_m3_Hwi_excNoIsr__I)
                  20011970    00000038                  : BIOS.obj (.text:ti_sysbios_knl_Task_processVitalTaskFlag__I)
                  200119a8    00000038     ti.targets.arm.rtsarm.aem4 : SysMin.oem4 (.text:xdc_runtime_SysMin_putch__E)
                  200119e0    00000038                                : System.oem4 (.text:xdc_runtime_System_atexit__E)
                  20011a18    00000036     driverlib.a : gpio.obj (.text:GPIODirModeSet)
                  20011a4e    00000002     --HOLE-- [fill = 0]
                  20011a50    00000034                 : prcm.obj (.text:PRCMPeripheralStatusGet)
                  20011a84    00000034                 : spi.obj (.text:SPIFIFOLevelSet)
                  20011ab8    00000034     rtsv7M4_T_le_eabi.lib : feraiseexcept.obj (.text)
                  20011aec    00000034                           : fs_tou_t2.obj (.text)
                  20011b20    00000034     sysbios.aem4 : BIOS.obj (.text:ti_sysbios_family_arm_m3_Hwi_Instance_finalize__E)
                  20011b54    00000004     --HOLE-- [fill = 0]
                  20011b58    00000034                  : BIOS.obj (.text:ti_sysbios_family_arm_m3_Hwi_excNmi__I)
                  20011b8c    00000004     --HOLE-- [fill = 0]
                  20011b90    00000034                  : BIOS.obj (.text:ti_sysbios_family_arm_m3_Timer_periodicStub__I)
                  20011bc4    00000004     --HOLE-- [fill = 0]
                  20011bc8    00000034                  : BIOS.obj (.text:ti_sysbios_hal_Hwi_checkStack)
                  20011bfc    00000034     app_pem4.oem4 (.text:ti_sysbios_knl_Semaphore_create)
                  20011c30    00000034     ti.targets.arm.rtsarm.aem4 : Core-label.oem4 (.text:xdc_runtime_Core_assignLabel__I)
                  20011c64    00000033                                : Text.oem4 (.text:xdc_runtime_Text_printVisFxn__I)
                  20011c97    00000001     --HOLE-- [fill = 0]
                  20011c98    00000032     sysbios.aem4 : BIOS.obj (.text:ti_sysbios_hal_Hwi_initStack)
                  20011cca    00000006     ti.targets.arm.rtsarm.aem4 : xdc_noinit.oem4 (.text:__xdc__init)
                  20011cd0    00000032     sysbios.aem4 : BIOS.obj (.text:ti_sysbios_knl_Semaphore_pendTimeout__I)
                  20011d02    00000030     driverlib.a : pin.obj (.text:PinTypeGPIO)
                  20011d32    00000002     --HOLE-- [fill = 0]
                  20011d34    00000030                 : uart.obj (.text:UARTDisable)
                  20011d64    00000030     rtsv7M4_T_le_eabi.lib : xferaise.obj (.text)
                  20011d94    00000030     app_pem4.oem4 (.text:ti_sysbios_BIOS_atExitFunc__I)
                  20011dc4    00000004     --HOLE-- [fill = 0]
                  20011dc8    00000030     sysbios.aem4 : BIOS.obj (.text:ti_sysbios_family_arm_m3_TaskSupport_start__E)
                  20011df8    00000030     app_pem4.oem4 (.text:ti_sysbios_gates_GateHwi_Object__create__S)
                  20011e28    00000030     app_pem4.oem4 (.text:ti_sysbios_gates_GateMutex_Object__create__S)
                  20011e58    00000030     app_pem4.oem4 (.text:ti_sysbios_heaps_HeapMem_Object__create__S)
                  20011e88    00000030     app_pem4.oem4 (.text:ti_sysbios_knl_Semaphore_construct)
                  20011eb8    00000030     ti.targets.arm.rtsarm.aem4 : SysMin.oem4 (.text:xdc_runtime_SysMin_abort__E)
                  20011ee8    00000030                                : System.oem4 (.text:xdc_runtime_System_processAtExit__E)
                  20011f18    0000002e     app_pem4.oem4 (.text:malloc)
                  20011f46    0000002e     rtsv7M4_T_le_eabi.lib : i_tofd_t2.obj (.text)
                  20011f74    0000002e                           : raise.obj (.text)
                  20011fa2    00000002     --HOLE-- [fill = 0]
                  20011fa4    0000002c     simplelink.a : cc_pal.obj (.text:DmaSpiSwIntHandler)
                  20011fd0    0000002c     driverlib.a : prcm.obj (.text:PRCMSysResetCauseGet)
                  20011ffc    0000002c     app_pem4.oem4 (.text:ti_sysbios_knl_Clock_doTick__I)
                  20012028    0000002c     app_pem4.oem4 (.text:ti_sysbios_knl_Queue_construct)
                  20012054    00000004     --HOLE-- [fill = 0]
                  20012058    0000002c     sysbios.aem4 : BIOS.obj (.text:ti_sysbios_knl_Task_restore__E)
                  20012084    0000002c     ti.targets.arm.rtsarm.aem4 : Text.oem4 (.text:xdc_runtime_Text_cordText__E)
                  200120b0    0000002a     driverlib.a : timer.obj (.text:TimerLoadSet)
                  200120da    0000002a     rtsv7M4_T_le_eabi.lib : xdclass.obj (.text)
                  20012104    0000002a     ti.targets.arm.rtsarm.aem4 : System.oem4 (.text:xdc_runtime_System_putchar__I)
                  2001212e    00000002     --HOLE-- [fill = 0]
                  20012130    00000028     driverlib.a : prcm.obj (.text:PRCMPeripheralClkDisable)
                  20012158    00000028     simplelink.a : driver.obj (.text:_SlDrvObjGlobalLockWaitForever)
                  20012180    00000028                  : driver.obj (.text:_SlDrvProtectionObjLockWaitForever)
                  200121a8    00000028     sysbios.aem4 : BIOS.obj (.text:ti_sysbios_knl_Swi_Module_startup__E)
                  200121d0    00000028     ti.targets.arm.rtsarm.aem4 : LoggerBuf.oem4 (.text:xdc_runtime_LoggerBuf_Module_startup__E)
                  200121f8    00000026     simplelink.a : cc_pal.obj (.text:NwpRegisterInterruptHandler)
                  2001221e    00000026     network_common.obj (.text)
                  20012244    00000026     ti.targets.arm.rtsarm.aem4 : System.oem4 (.text:xdc_runtime_System_avprintf__E)
                  2001226a    00000024     driverlib.a : uart.obj (.text:UARTEnable)
                  2001228e    00000002     --HOLE-- [fill = 0]
                  20012290    00000024     simplelink.a : driver.obj (.text:_SlDrvGlobalObjUnLock)
                  200122b4    00000024                  : driver.obj (.text:_SlDrvProtectionObjUnLock)
                  200122d8    00000024                  : driver.obj (.text:_SlDrvSyncObjWaitForever)
                  200122fc    00000024     rtsv7M4_T_le_eabi.lib : u_tofs_t2.obj (.text)
                  20012320    00000024     app_pem4.oem4 (.text:ti_sysbios_BIOS_errorRaiseHook__I)
                  20012344    00000024     app_pem4.oem4 (.text:ti_sysbios_BIOS_registerRTSLock__I)
                  20012368    00000024     app_pem4.oem4 (.text:ti_sysbios_BIOS_removeRTSLock__I)
                  2001238c    00000024     app_pem4.oem4 (.text:ti_sysbios_BIOS_startFunc__I)
                  200123b0    00000024     sysbios.aem4 : BIOS.obj (.text:ti_sysbios_family_arm_m3_Hwi_doTaskRestore__I)
                  200123d4    00000004     --HOLE-- [fill = 0]
                  200123d8    00000024                  : BIOS.obj (.text:ti_sysbios_family_arm_m3_Timer_startup__E)
                  200123fc    00000024     app_pem4.oem4 (.text:ti_sysbios_gates_GateMutex_Object__delete__S)
                  20012420    00000024     sysbios.aem4 : BIOS.obj (.text:ti_sysbios_knl_Clock_Module_startup__E)
                  20012444    00000024     app_pem4.oem4 (.text:ti_sysbios_knl_Semaphore_Object__delete__S)
                  20012468    00000024     ti.targets.arm.rtsarm.aem4 : System.oem4 (.text:xdc_runtime_System_vprintf__E)
                  2001248c    00000022     driverlib.a : spi.obj (.text:SPIReset)
                  200124ae    00000022                 : spi.obj (.text:SPIWordCountSet)
                  200124d0    00000022     simplelink.a : driver.obj (.text:_SlDrvObjLockWaitForever)
                  200124f2    00000022     rtsv7M4_T_le_eabi.lib : frexp.obj (.text)
                  20012514    00000022     app_pem4.oem4 (.text:xdc_runtime_SysMin_output__I)
                  20012536    00000020     driverlib.a : gpio.obj (.text:GPIOPinWrite)
                  20012556    00000002     --HOLE-- [fill = 0]
                  20012558    00000020                 : interrupt.obj (.text:IntRegister)
                  20012578    00000020     simplelink.a : cc_pal.obj (.text:NwpPowerOn)
                  20012598    00000020     app_pem4.oem4 (.text:ti_sysbios_BIOS_rtsLock__I)
                  200125b8    00000020     app_pem4.oem4 (.text:ti_sysbios_family_arm_m3_Hwi_Object__delete__S)
                  200125d8    00000020     sysbios.aem4 : m3_Hwi_asm.obj (.text:ti_sysbios_family_arm_m3_Hwi_excHandlerAsm__I)
                  200125f8    00000020                  : BIOS.obj (.text:ti_sysbios_family_arm_m3_Hwi_excHandler__I)
                  20012618    00000020                  : BIOS.obj (.text:ti_sysbios_family_arm_m3_TimestampProvider_Module_startup__E)
                  20012638    00000020     app_pem4.oem4 (.text:ti_sysbios_gates_GateHwi_Object__delete__S)
                  20012658    00000020     app_pem4.oem4 (.text:ti_sysbios_heaps_HeapMem_Object__delete__S)
                  20012678    00000020     sysbios.aem4 : BIOS.obj (.text:ti_sysbios_knl_Idle_run__E)
                  20012698    00000020     app_pem4.oem4 (.text:ti_sysbios_knl_Mailbox_Object__delete__S)
                  200126b8    00000020     app_pem4.oem4 (.text:ti_sysbios_knl_Semaphore_Object__destruct__S)
                  200126d8    00000020     app_pem4.oem4 (.text:ti_sysbios_knl_Task_Object__delete__S)
                  200126f8    00000020     app_pem4.oem4 (.text:xdc_runtime_LoggerBuf_Object__delete__S)
                  20012718    00000020     ti.targets.arm.rtsarm.aem4 : LoggerBuf.oem4 (.text:xdc_runtime_LoggerBuf_reset__E)
                  20012738    00000020                                : Registry.oem4 (.text:xdc_runtime_Registry_findById__E)
                  20012758    00000020                                : SysMin.oem4 (.text:xdc_runtime_SysMin_Module_startup__E)
                  20012778    0000001e     driverlib.a : timer.obj (.text:TimerEnable)
                  20012796    0000001e                 : timer.obj (.text:TimerIntStatus)
                  200127b4    0000001e                 : uart.obj (.text:UARTCharPut)
                  200127d2    0000001e     simplelink.a : driver.obj (.text:_SlDrvObjUnLock)
                  200127f0    0000001e                  : driver.obj (.text:_SlDrvSyncObjSignal)
                  2001280e    0000001e                  : cc_pal.obj (.text:cc_UDMAChannelSelect)
                  2001282c    0000001e     sysbios.aem4 : m3_Hwi_asm_switch.obj (.text:ti_sysbios_family_xxx_Hwi_switchAndRunFunc)
                  2001284a    0000001c     driverlib.a : adc.obj (.text:ADCFIFOLvlGet)
                  20012866    0000001c                 : timer.obj (.text:TimerValueGet)
                  20012882    0000001c     rtsv7M4_T_le_eabi.lib : memccpy.obj (.text)
                  2001289e    00000002     --HOLE-- [fill = 0]
                  200128a0    0000001c     sysbios.aem4 : BIOS.obj (.text:ti_sysbios_family_arm_m3_Hwi_setPriority__E)
                  200128bc    00000004     --HOLE-- [fill = 0]
                  200128c0    0000001c                  : BIOS.obj (.text:ti_sysbios_gates_GateMutex_Instance_init__E)
                  200128dc    0000001c     app_pem4.oem4 (.text:ti_sysbios_knl_Queue_Object__destruct__S)
                  200128f8    0000001c     sysbios.aem4 : BIOS.obj (.text:ti_sysbios_knl_Task_enter__I)
                  20012914    0000001c     driverlib.a : udma.obj (.text:uDMAChannelEnable)
                  20012930    0000001c     ti.targets.arm.rtsarm.aem4 : Error.oem4 (.text:xdc_runtime_Error_raiseX__E)
                  2001294c    0000001c                                : Memory.oem4 (.text:xdc_runtime_Memory_valloc__E)
                  20012968    0000001c                                : SysMin.oem4 (.text:xdc_runtime_SysMin_exit__E)
                  20012984    0000001c                                : System.oem4 (.text:xdc_runtime_System_abort__E)
                  200129a0    0000001a     driverlib.a : pin.obj (.text:PinTypeSPI)
                  200129ba    0000001a                 : spi.obj (.text:SPIDmaDisable)
                  200129d4    0000001a                 : spi.obj (.text:SPIDmaEnable)
                  200129ee    0000001a                 : spi.obj (.text:SPIFIFODisable)
                  20012a08    0000001a                 : spi.obj (.text:SPIFIFOEnable)
                  20012a22    0000001a     app_pem4.oem4 (.text:ti_sysbios_family_arm_m3_Hwi_Handle__label__S)
                  20012a3c    0000001a     sysbios.aem4 : m3_Hwi_asm.obj (.text:ti_sysbios_family_arm_m3_Hwi_pendSV__I)
                  20012a56    0000001a     app_pem4.oem4 (.text:ti_sysbios_gates_GateHwi_Handle__label__S)
                  20012a70    0000001a     app_pem4.oem4 (.text:ti_sysbios_gates_GateMutex_Handle__label__S)
                  20012a8a    0000001a     app_pem4.oem4 (.text:ti_sysbios_heaps_HeapMem_Handle__label__S)
                  20012aa4    0000001a     app_pem4.oem4 (.text:ti_sysbios_knl_Swi_Handle__label__S)
                  20012abe    0000001a     app_pem4.oem4 (.text:ti_sysbios_knl_Task_Handle__label__S)
                  20012ad8    0000001a     sysbios.aem4 : BIOS.obj (.text:ti_sysbios_knl_Task_sleepTimeout__I)
                  20012af2    0000001a     app_pem4.oem4 (.text:xdc_runtime_LoggerBuf_Handle__label__S)
                  20012b0c    0000001a     app_pem4.oem4 (.text:xdc_runtime_System_aprintf__E)
                  20012b26    0000001a     app_pem4.oem4 (.text:xdc_runtime_System_printf__E)
                  20012b40    00000018     driverlib.a : adc.obj (.text:ADCFIFORead)
                  20012b58    00000018                 : spi.obj (.text:SPICSDisable)
                  20012b70    00000018                 : spi.obj (.text:SPICSEnable)
                  20012b88    00000018                 : spi.obj (.text:SPIDisable)
                  20012ba0    00000018                 : spi.obj (.text:SPIEnable)
                  20012bb8    00000018                 : timer.obj (.text:TimerIntEnable)
                  20012bd0    00000018                 : uart.obj (.text:UARTFIFOLevelSet)
                  20012be8    00000018     simplelink.a : device.obj (.text:_sl_GetStartResponseConvert)
                  20012c00    00000018     app_pem4.oem4 (.text:free)
                  20012c18    00000018     rtsv7M4_T_le_eabi.lib : args_main.obj (.text)
                  20012c30    00000018     app_pem4.oem4 (.text:ti_sysbios_BIOS_rtsUnlock__I)
                  20012c48    00000018     app_pem4.oem4 (.text:ti_sysbios_family_arm_m3_Hwi_Module__startupDone__F)
                  20012c60    00000018     app_pem4.oem4 (.text:ti_sysbios_family_arm_m3_Timer_Module__startupDone__F)
                  20012c78    00000018     sysbios.aem4 : BIOS.obj (.text:ti_sysbios_gates_GateMutex_leave__E)
                  20012c90    00000018     ti.targets.arm.rtsarm.aem4 : Error.oem4 (.text:xdc_runtime_Error_check__E)
                  20012ca8    00000018                                : System.oem4 (.text:xdc_runtime_System_exit__E)
                  20012cc0    00000018                                : Text.oem4 (.text:xdc_runtime_Text_ropeText__E)
                  20012cd8    00000016     driverlib.a : prcm.obj (.text:PRCMHIBRegRead)
                  20012cee    00000016                 : prcm.obj (.text:PRCMHIBRegWrite)
                  20012d04    00000016                 : uart.obj (.text:UARTFIFOEnable)
                  20012d1a    00000016     simplelink.a : driver.obj (.text:_SlDrvMemZero)
                  20012d30    00000016     rtsv7M4_T_le_eabi.lib : strchr.obj (.text)
                  20012d46    00000016     app_pem4.oem4 (.text:ti_sysbios_BIOS_exitFunc__I)
                  20012d5c    00000014     driverlib.a : adc.obj (.text:ADCEnable)
                  20012d70    00000014                 : cpu.obj (.text:CPUcpsie)
                  20012d84    00000014                 : pin.obj (.text:PinTypeADC)
                  20012d98    00000014     rtsv7M4_T_le_eabi.lib : _lock.obj (.text)
                  20012dac    00000014                           : strcpy.obj (.text)
                  20012dc0    00000014                           : strlen.obj (.text)
                  20012dd4    00000014     app_pem4.oem4 (.text:ti_sysbios_family_arm_m3_Hwi_Object__get__S)
                  20012de8    00000014     sysbios.aem4 : BIOS.obj (.text:ti_sysbios_family_arm_m3_Hwi_switchFromBootStack__E)
                  20012dfc    00000014     app_pem4.oem4 (.text:ti_sysbios_heaps_HeapMem_Object__get__S)
                  20012e10    00000014     app_pem4.oem4 (.text:ti_sysbios_knl_Swi_Object__get__S)
                  20012e24    00000014     app_pem4.oem4 (.text:xdc_runtime_LoggerBuf_Object__get__S)
                  20012e38    00000012     driverlib.a : timer.obj (.text:TimerIntClear)
                  20012e4a    00000006     rtsv7M4_T_le_eabi.lib : copy_decompress_rle.obj (.text:decompress:rle24)
                  20012e50    00000012     sysbios.aem4 : BIOS.obj (.text:ti_sysbios_hal_Hwi_Module_startup__E)
                  20012e62    00000006     rtsv7M4_T_le_eabi.lib : log.obj (.text)
                  20012e68    00000012     sysbios.aem4 : BIOS.obj (.text:ti_sysbios_hal_Timer_Module_startup__E)
                  20012e7a    00000012     ti.targets.arm.rtsarm.aem4 : LoggerBuf.oem4 (.text:xdc_runtime_LoggerBuf_Instance_finalize__E)
                  20012e8c    00000012                                : LoggerBuf.oem4 (.text:xdc_runtime_LoggerBuf_write1__E)
                  20012e9e    00000012                                : LoggerBuf.oem4 (.text:xdc_runtime_LoggerBuf_write2__E)
                  20012eb0    00000012     app_pem4.oem4 (.text:xdc_runtime_Startup_exec__I)
                  20012ec2    00000010     simplelink.a : driver.obj (.text:_SlDrvDispatchHttpServerEvents)
                  20012ed2    00000006     rtsv7M4_T_le_eabi.lib : log10.obj (.text)
                  20012ed8    00000010     sysbios.aem4 : BIOS.obj (.text:ti_sysbios_BIOS_setThreadType__E)
                  20012ee8    00000010                  : BIOS.obj (.text:ti_sysbios_BIOS_start__E)
                  20012ef8    00000010                  : BIOS.obj (.text:ti_sysbios_family_arm_m3_Hwi_getHandle__E)
                  20012f08    00000010                  : m3_TaskSupport_asm.obj (.text:ti_sysbios_family_arm_m3_TaskSupport_glue)
                  20012f18    00000010                  : m3_TaskSupport_asm.obj (.text:ti_sysbios_family_arm_m3_TaskSupport_swap__E)
                  20012f28    00000010                  : BIOS.obj (.text:ti_sysbios_gates_GateMutex_Instance_finalize__E)
                  20012f38    00000010     app_pem4.oem4 (.text:ti_sysbios_knl_Mailbox_Object__get__S)
                  20012f48    00000010     sysbios.aem4 : BIOS.obj (.text:ti_sysbios_knl_Semaphore_Instance_finalize__E)
                  20012f58    00000010                  : BIOS.obj (.text:ti_sysbios_knl_Swi_disable__E)
                  20012f68    00000010     app_pem4.oem4 (.text:ti_sysbios_knl_Task_Object__get__S)
                  20012f78    00000010     sysbios.aem4 : BIOS.obj (.text:ti_sysbios_knl_Task_disable__E)
                  20012f88    00000010     ti.targets.arm.rtsarm.aem4 : Gate.oem4 (.text:xdc_runtime_Gate_leaveSystem__E)
                  20012f98    00000010                                : LoggerBuf.oem4 (.text:xdc_runtime_LoggerBuf_write0__E)
                  20012fa8    00000010                                : Memory.oem4 (.text:xdc_runtime_Memory_free__E)
                  20012fb8    00000010                                : SysMin.oem4 (.text:xdc_runtime_SysMin_ready__E)
                  20012fc8    00000010                                : System.oem4 (.text:xdc_runtime_System_vsnprintf__E)
                  20012fd8    00000010     app_pem4.oem4 (.text:xdc_runtime_Text_visitRope__I)
                  20012fe8    0000000e     simplelink.a : driver.obj (.text:_SlDrvResetCmdExt)
                  20012ff6    0000000e     rtsv7M4_T_le_eabi.lib : copy_decompress_none.obj (.text:decompress:none)
                  20013004    00000004     --HOLE-- [fill = 0]
                  20013008    0000000e     sysbios.aem4 : BIOS.obj (.text:ti_sysbios_knl_Idle_loop__E)
                  20013016    00000002     --HOLE-- [fill = 0]
                  20013018    0000000e                  : BIOS.obj (.text:ti_sysbios_knl_Queue_empty__E)
                  20013026    00000002     --HOLE-- [fill = 0]
                  20013028    0000000c     simplelink.a : cc_pal.obj (.text:NwpMaskInterrupt)
                  20013034    0000000c                  : cc_pal.obj (.text:NwpUnMaskInterrupt)
                  20013040    0000000c     rtsv7M4_T_le_eabi.lib : copy_zero_init.obj (.text:decompress:ZI)
                  2001304c    0000000c     app_pem4.oem4 (.text:ti_sysbios_family_arm_m3_Hwi_Params__init__S)
                  20013058    0000000c     sysbios.aem4 : BIOS.obj (.text:ti_sysbios_family_arm_m3_Hwi_disableFxn__E)
                  20013064    00000004     --HOLE-- [fill = 0]
                  20013068    0000000c                  : BIOS.obj (.text:ti_sysbios_family_arm_m3_TaskSupport_checkStack__E)
                  20013074    00000004     --HOLE-- [fill = 0]
                  20013078    0000000c                  : BIOS.obj (.text:ti_sysbios_family_arm_m3_TaskSupport_getStackAlignment__E)
                  20013084    00000004     --HOLE-- [fill = 0]
                  20013088    0000000c                  : BIOS.obj (.text:ti_sysbios_gates_GateHwi_enter__E)
                  20013094    0000000c     app_pem4.oem4 (.text:ti_sysbios_knl_Queue_Object__get__S)
                  200130a0    0000000c     app_pem4.oem4 (.text:ti_sysbios_knl_Semaphore_Params__init__S)
                  200130ac    0000000c     app_pem4.oem4 (.text:ti_sysbios_knl_Task_Params__init__S)
                  200130b8    0000000c     ti.targets.arm.rtsarm.aem4 : Error.oem4 (.text:xdc_runtime_Error_init__E)
                  200130c4    0000000c                                : Gate.oem4 (.text:xdc_runtime_Gate_enterSystem__E)
                  200130d0    0000000c                                : Memory.oem4 (.text:xdc_runtime_Memory_calloc__E)
                  200130dc    0000000c                                : Memory.oem4 (.text:xdc_runtime_Memory_getMaxDefaultTypeAlign__E)
                  200130e8    0000000a     driverlib.a : interrupt.obj (.text:IntMasterEnable)
                  200130f2    0000000a     app_pem4.oem4 (.text:xdc_runtime_IHeap_alloc)
                  200130fc    0000000a     app_pem4.oem4 (.text:xdc_runtime_IHeap_free)
                  20013106    0000000a     ti.targets.arm.rtsarm.aem4 : LoggerBuf.oem4 (.text:xdc_runtime_LoggerBuf_disable__E)
                  20013110    0000000a                                : LoggerBuf.oem4 (.text:xdc_runtime_LoggerBuf_enable__E)
                  2001311a    00000006                                : System.oem4 (.text:xdc_runtime_System_Module_startup__E)
                  20013120    00000008     sysbios.aem4 : BIOS.obj (.text:ti_sysbios_family_arm_m3_Hwi_doSwiRestore__I)
                  20013128    00000008                  : BIOS.obj (.text:ti_sysbios_family_arm_m3_Hwi_startup__E)
                  20013130    00000006                  : BIOS.obj (.text:ti_sysbios_family_arm_m3_Hwi_restoreFxn__E)
                  20013136    00000002     --HOLE-- [fill = 0]
                  20013138    00000006                  : BIOS.obj (.text:ti_sysbios_gates_GateHwi_leave__E)
                  2001313e    00000002     --HOLE-- [fill = 0]
                  20013140    00000006                  : BIOS.obj (.text:ti_sysbios_heaps_HeapMem_isBlocking__E)
                  20013146    00000002     --HOLE-- [fill = 0]
                  20013148    00000006                  : BIOS.obj (.text:ti_sysbios_knl_Queue_Instance_init__E)
                  2001314e    00000002     --HOLE-- [fill = 0]
                  20013150    00000004                  : BIOS.obj (.text:ti_sysbios_family_arm_m3_Timer_getMaxTicks__E)
                  20013154    00000004     --HOLE-- [fill = 0]
                  20013158    00000004                  : BIOS.obj (.text:ti_sysbios_gates_GateHwi_query__E)
                  2001315c    00000004     --HOLE-- [fill = 0]
                  20013160    00000004                  : BIOS.obj (.text:ti_sysbios_gates_GateMutex_query__E)
                  20013164    00000004     --HOLE-- [fill = 0]
                  20013168    00000004                  : BIOS.obj (.text:ti_sysbios_knl_Task_startup__E)
                  2001316c    00000004     --HOLE-- [fill = 0]
                  20013170    00000002                  : BIOS.obj (.text:ti_sysbios_gates_GateHwi_Instance_init__E)

.const     0    20013178    0000266a     
                  20013178    000018cb     app_pem4.oem4 (.const:xdc_runtime_Text_charTab__A)
                  20014a43    00000101     rtsv7M4_T_le_eabi.lib : ctype.obj (.const:.string:_ctypes_)
                  20014b44    00000100     driverlib.a : pin.obj (.const:g_ulPinToPadMap)
                  20014c44    000000b8     app_pem4.oem4 (.const:xdc_runtime_Text_nodeTab__A)
                  20014cfc    000000a8     driverlib.a : prcm.obj (.const:PRCM_PeriphRegsList)
                  20014da4    00000080                 : interrupt.obj (.const)
                  20014e24    00000058     Effect.obj (.const:.string)
                  20014e7c    00000050     Effect.obj (.const:_effects)
                  20014ecc    00000048     app_pem4.oem4 (.const:.string)
                  20014f14    00000004     app_pem4.oem4 (.const:ti_sysbios_family_arm_m3_Hwi_E_NMI__C)
                  20014f18    00000048     rtsv7M4_T_le_eabi.lib : xexp.obj (.const)
                  20014f60    0000003c     simplelink.a : driver.obj (.const:OpcodeTranslateTable)
                  20014f9c    0000003c                  : wlan.obj (.const)
                  20014fd8    0000003c     app_pem4.oem4 (.const:ti_sysbios_knl_Task_Object__PARAMS__C)
                  20015014    0000003c     app_pem4.oem4 (.const:xdc_runtime_LoggerBuf_Module__FXNS__C)
                  20015050    00000038     simplelink.a : driver.obj (.const:_SlActionLookupTable)
                  20015088    00000038     rtsv7M4_T_le_eabi.lib : xlog.obj (.const:p)
                  200150c0    00000038     simplelink.a : driver.obj (.const)
                  200150f8    00000034                  : socket.obj (.const)
                  2001512c    00000034     app_pem4.oem4 (.const:ti_sysbios_knl_Mailbox_Object__PARAMS__C)
                  20015160    00000030     Spectrum.obj (.const)
                  20015190    00000030     rtsv7M4_T_le_eabi.lib : xdint.obj (.const)
                  200151c0    00000030     app_pem4.oem4 (.const:ti_sysbios_family_arm_m3_Hwi_Object__PARAMS__C)
                  200151f0    00000030     app_pem4.oem4 (.const:xdc_runtime_Startup_sfxnTab__A)
                  20015220    00000028     simplelink.a : netapp.obj (.const)
                  20015248    00000028     app_pem4.oem4 (.const:ti_sysbios_heaps_HeapMem_Module__FXNS__C)
                  20015270    00000024     app_pem4.oem4 (.const:ti_sysbios_gates_GateHwi_Module__FXNS__C)
                  20015294    00000024     app_pem4.oem4 (.const:ti_sysbios_gates_GateMutex_Module__FXNS__C)
                  200152b8    00000024     app_pem4.oem4 (.const:ti_sysbios_heaps_HeapMem_Object__PARAMS__C)
                  200152dc    00000024     app_pem4.oem4 (.const:ti_sysbios_knl_Semaphore_Object__PARAMS__C)
                  20015300    00000024     app_pem4.oem4 (.const:xdc_runtime_LoggerBuf_Object__PARAMS__C)
                  20015324    00000020     app_pem4.oem4 (.const:ti_sysbios_family_arm_m3_Hwi_Object__DESC__C)
                  20015344    00000020     app_pem4.oem4 (.const:ti_sysbios_gates_GateHwi_Object__DESC__C)
                  20015364    00000020     app_pem4.oem4 (.const:ti_sysbios_gates_GateMutex_Object__DESC__C)
                  20015384    00000020     app_pem4.oem4 (.const:ti_sysbios_heaps_HeapMem_Object__DESC__C)
                  200153a4    00000020     app_pem4.oem4 (.const:ti_sysbios_knl_Mailbox_Object__DESC__C)
                  200153c4    00000020     app_pem4.oem4 (.const:ti_sysbios_knl_Queue_Object__DESC__C)
                  200153e4    00000020     app_pem4.oem4 (.const:ti_sysbios_knl_Semaphore_Object__DESC__C)
                  20015404    00000020     app_pem4.oem4 (.const:ti_sysbios_knl_Task_Object__DESC__C)
                  20015424    00000020     app_pem4.oem4 (.const:xdc_runtime_LoggerBuf_Object__DESC__C)
                  20015444    0000001c     simplelink.a : device.obj (.const)
                  20015460    00000018     driverlib.a : spi.obj (.const)
                  20015478    00000018     app_pem4.oem4 (.const:ti_sysbios_gates_GateHwi_Object__PARAMS__C)
                  20015490    00000018     app_pem4.oem4 (.const:ti_sysbios_gates_GateMutex_Object__PARAMS__C)
                  200154a8    00000018     app_pem4.oem4 (.const:ti_sysbios_knl_Queue_Object__PARAMS__C)
                  200154c0    00000018     app_pem4.oem4 (.const:xdc_runtime_Startup_sfxnRts__A)
                  200154d8    00000015     rom_pin_mux_config.obj (.const)
                  200154ed    00000010     simplelink.a : socket.obj (.const:.string)
                  200154fd    00000001     app_pem4.oem4 (.const:xdc_runtime_Error_policy__C)
                  200154fe    00000002     app_pem4.oem4 (.const:ti_sysbios_family_arm_m3_Hwi_Module__id__C)
                  20015500    0000000c     BatteryMonitor.obj (.const)
                  2001550c    0000000c     app_pem4.oem4 (.const:xdc_runtime_Startup_firstFxns__A)
                  20015518    00000008     app_pem4.oem4 (.const:ti_sysbios_family_arm_m3_Hwi_excHookFuncs__A)
                  20015520    00000008     app_pem4.oem4 (.const:ti_sysbios_knl_Idle_funcList__C)
                  20015528    00000008     app_pem4.oem4 (.const:xdc_runtime_Startup_firstFxns__C)
                  20015530    00000008     app_pem4.oem4 (.const:xdc_runtime_Startup_lastFxns__C)
                  20015538    00000005     rom_pin_mux_config.obj (.const:.string)
                  2001553d    00000001     --HOLE-- [fill = 0]
                  2001553e    00000002     app_pem4.oem4 (.const:ti_sysbios_family_arm_m3_Hwi_Module__loggerDefined__C)
                  20015540    00000004     app_pem4.oem4 (.const:ti_sysbios_family_arm_m3_Hwi_E_alreadyDefined__C)
                  20015544    00000004     app_pem4.oem4 (.const:ti_sysbios_family_arm_m3_Hwi_E_busFault__C)
                  20015548    00000004     app_pem4.oem4 (.const:ti_sysbios_family_arm_m3_Hwi_E_debugMon__C)
                  2001554c    00000004     app_pem4.oem4 (.const:ti_sysbios_family_arm_m3_Hwi_E_hardFault__C)
                  20015550    00000004     app_pem4.oem4 (.const:ti_sysbios_family_arm_m3_Hwi_E_memFault__C)
                  20015554    00000004     app_pem4.oem4 (.const:ti_sysbios_family_arm_m3_Hwi_E_noIsr__C)
                  20015558    00000004     app_pem4.oem4 (.const:ti_sysbios_family_arm_m3_Hwi_E_reserved__C)
                  2001555c    00000004     app_pem4.oem4 (.const:ti_sysbios_family_arm_m3_Hwi_E_svCall__C)
                  20015560    00000004     app_pem4.oem4 (.const:ti_sysbios_family_arm_m3_Hwi_E_usageFault__C)
                  20015564    00000004     app_pem4.oem4 (.const:ti_sysbios_family_arm_m3_Hwi_LD_end__C)
                  20015568    00000004     app_pem4.oem4 (.const:ti_sysbios_family_arm_m3_Hwi_LM_begin__C)
                  2001556c    00000004     app_pem4.oem4 (.const:ti_sysbios_family_arm_m3_Hwi_Module__diagsEnabled__C)
                  20015570    00000004     app_pem4.oem4 (.const:ti_sysbios_family_arm_m3_Hwi_Module__diagsIncluded__C)
                  20015574    00000004     app_pem4.oem4 (.const:ti_sysbios_family_arm_m3_Hwi_Module__diagsMask__C)
                  20015578    00000004     app_pem4.oem4 (.const:ti_sysbios_family_arm_m3_Hwi_Module__loggerFxn1__C)
                  2001557c    00000004     app_pem4.oem4 (.const:ti_sysbios_family_arm_m3_Hwi_Module__loggerFxn8__C)
                  20015580    00000004     app_pem4.oem4 (.const:ti_sysbios_family_arm_m3_Hwi_Module__loggerObj__C)
                  20015584    00000004     app_pem4.oem4 (.const:ti_sysbios_family_arm_m3_Hwi_NUM_INTERRUPTS__C)
                  20015588    00000004     app_pem4.oem4 (.const:ti_sysbios_family_arm_m3_Hwi_Object__count__C)
                  2001558c    00000004     app_pem4.oem4 (.const:ti_sysbios_family_arm_m3_Hwi_ccr__C)
                  20015590    00000004     app_pem4.oem4 (.const:ti_sysbios_family_arm_m3_Hwi_excHandlerFunc__C)
                  20015594    00000004     app_pem4.oem4 (.const:ti_sysbios_family_arm_m3_Hwi_excHookFuncs__C)
                  20015598    00000004     app_pem4.oem4 (.const:ti_sysbios_family_arm_m3_Hwi_nullIsrFunc__C)
                  2001559c    00000004     app_pem4.oem4 (.const:ti_sysbios_family_arm_m3_Hwi_priGroup__C)
                  200155a0    00000004     app_pem4.oem4 (.const:ti_sysbios_family_arm_m3_TaskSupport_stackAlignment__C)
                  200155a4    00000004     app_pem4.oem4 (.const:ti_sysbios_family_arm_m3_Timer_E_cannotSupport__C)
                  200155a8    00000004     app_pem4.oem4 (.const:ti_sysbios_family_arm_m3_Timer_startupNeeded__C)
                  200155ac    00000004     app_pem4.oem4 (.const:ti_sysbios_gates_GateMutex_A_badContext__C)
                  200155b0    00000004     app_pem4.oem4 (.const:ti_sysbios_gates_GateMutex_Instance_State_sem__O)
                  200155b4    00000004     app_pem4.oem4 (.const:ti_sysbios_gates_GateMutex_Module__diagsEnabled__C)
                  200155b8    00000004     app_pem4.oem4 (.const:ti_sysbios_gates_GateMutex_Module__diagsIncluded__C)
                  200155bc    00000004     app_pem4.oem4 (.const:ti_sysbios_gates_GateMutex_Module__diagsMask__C)
                  200155c0    00000004     app_pem4.oem4 (.const:ti_sysbios_hal_Hwi_E_stackOverflow__C)
                  200155c4    00000004     app_pem4.oem4 (.const:ti_sysbios_heaps_HeapMem_A_align__C)
                  200155c8    00000004     app_pem4.oem4 (.const:ti_sysbios_heaps_HeapMem_A_heapSize__C)
                  200155cc    00000004     app_pem4.oem4 (.const:ti_sysbios_heaps_HeapMem_A_invalidFree__C)
                  200155d0    00000004     app_pem4.oem4 (.const:ti_sysbios_heaps_HeapMem_A_zeroBlock__C)
                  200155d4    00000004     app_pem4.oem4 (.const:ti_sysbios_heaps_HeapMem_E_memory__C)
                  200155d8    00000004     app_pem4.oem4 (.const:ti_sysbios_heaps_HeapMem_Module__diagsEnabled__C)
                  200155dc    00000004     app_pem4.oem4 (.const:ti_sysbios_heaps_HeapMem_Module__diagsIncluded__C)
                  200155e0    00000004     app_pem4.oem4 (.const:ti_sysbios_heaps_HeapMem_Module__diagsMask__C)
                  200155e4    00000004     app_pem4.oem4 (.const:ti_sysbios_heaps_HeapMem_Module__gateObj__C)
                  200155e8    00000004     app_pem4.oem4 (.const:ti_sysbios_heaps_HeapMem_Object__count__C)
                  200155ec    00000004     app_pem4.oem4 (.const:ti_sysbios_heaps_HeapMem_reqAlign__C)
                  200155f0    00000004     app_pem4.oem4 (.const:ti_sysbios_knl_Clock_LM_begin__C)
                  200155f4    00000004     app_pem4.oem4 (.const:ti_sysbios_knl_Clock_LM_tick__C)
                  200155f8    00000004     app_pem4.oem4 (.const:ti_sysbios_knl_Clock_LW_delayed__C)
                  200155fc    00000004     app_pem4.oem4 (.const:ti_sysbios_knl_Clock_Module_State_clockQ__O)
                  20015600    00000004     app_pem4.oem4 (.const:ti_sysbios_knl_Clock_Module__diagsEnabled__C)
                  20015604    00000004     app_pem4.oem4 (.const:ti_sysbios_knl_Clock_Module__diagsIncluded__C)
                  20015608    00000004     app_pem4.oem4 (.const:ti_sysbios_knl_Clock_Module__diagsMask__C)
                  2001560c    00000004     app_pem4.oem4 (.const:ti_sysbios_knl_Clock_Module__loggerFxn1__C)
                  20015610    00000004     app_pem4.oem4 (.const:ti_sysbios_knl_Clock_Module__loggerFxn2__C)
                  20015614    00000004     app_pem4.oem4 (.const:ti_sysbios_knl_Clock_Module__loggerObj__C)
                  20015618    00000004     app_pem4.oem4 (.const:ti_sysbios_knl_Clock_tickPeriod__C)
                  2001561c    00000004     app_pem4.oem4 (.const:ti_sysbios_knl_Idle_funcList__A)
                  20015620    00000004     app_pem4.oem4 (.const:ti_sysbios_knl_Mailbox_A_invalidBufSize__C)
                  20015624    00000004     app_pem4.oem4 (.const:ti_sysbios_knl_Mailbox_Instance_State_dataQue__O)
                  20015628    00000004     app_pem4.oem4 (.const:ti_sysbios_knl_Mailbox_Instance_State_dataSem__O)
                  2001562c    00000004     app_pem4.oem4 (.const:ti_sysbios_knl_Mailbox_Instance_State_freeQue__O)
                  20015630    00000004     app_pem4.oem4 (.const:ti_sysbios_knl_Mailbox_Instance_State_freeSem__O)
                  20015634    00000004     app_pem4.oem4 (.const:ti_sysbios_knl_Mailbox_Module__diagsEnabled__C)
                  20015638    00000004     app_pem4.oem4 (.const:ti_sysbios_knl_Mailbox_Module__diagsIncluded__C)
                  2001563c    00000004     app_pem4.oem4 (.const:ti_sysbios_knl_Mailbox_Module__diagsMask__C)
                  20015640    00000004     app_pem4.oem4 (.const:ti_sysbios_knl_Mailbox_Object__count__C)
                  20015644    00000004     app_pem4.oem4 (.const:ti_sysbios_knl_Mailbox_maxTypeAlign__C)
                  20015648    00000004     app_pem4.oem4 (.const:ti_sysbios_knl_Semaphore_A_badContext__C)
                  2001564c    00000004     app_pem4.oem4 (.const:ti_sysbios_knl_Semaphore_A_noEvents__C)
                  20015650    00000004     app_pem4.oem4 (.const:ti_sysbios_knl_Semaphore_A_overflow__C)
                  20015654    00000004     app_pem4.oem4 (.const:ti_sysbios_knl_Semaphore_A_pendTaskDisabled__C)
                  20015658    00000004     app_pem4.oem4 (.const:ti_sysbios_knl_Semaphore_Instance_State_pendQ__O)
                  2001565c    00000004     app_pem4.oem4 (.const:ti_sysbios_knl_Semaphore_LM_pend__C)
                  20015660    00000004     app_pem4.oem4 (.const:ti_sysbios_knl_Semaphore_LM_post__C)
                  20015664    00000004     app_pem4.oem4 (.const:ti_sysbios_knl_Semaphore_Module__diagsEnabled__C)
                  20015668    00000004     app_pem4.oem4 (.const:ti_sysbios_knl_Semaphore_Module__diagsIncluded__C)
                  2001566c    00000004     app_pem4.oem4 (.const:ti_sysbios_knl_Semaphore_Module__diagsMask__C)
                  20015670    00000004     app_pem4.oem4 (.const:ti_sysbios_knl_Semaphore_Module__loggerFxn2__C)
                  20015674    00000004     app_pem4.oem4 (.const:ti_sysbios_knl_Semaphore_Module__loggerFxn4__C)
                  20015678    00000004     app_pem4.oem4 (.const:ti_sysbios_knl_Semaphore_Module__loggerObj__C)
                  2001567c    00000004     app_pem4.oem4 (.const:ti_sysbios_knl_Swi_LD_end__C)
                  20015680    00000004     app_pem4.oem4 (.const:ti_sysbios_knl_Swi_LM_begin__C)
                  20015684    00000004     app_pem4.oem4 (.const:ti_sysbios_knl_Swi_LM_post__C)
                  20015688    00000004     app_pem4.oem4 (.const:ti_sysbios_knl_Swi_Module__diagsEnabled__C)
                  2001568c    00000004     app_pem4.oem4 (.const:ti_sysbios_knl_Swi_Module__diagsIncluded__C)
                  20015690    00000004     app_pem4.oem4 (.const:ti_sysbios_knl_Swi_Module__diagsMask__C)
                  20015694    00000004     app_pem4.oem4 (.const:ti_sysbios_knl_Swi_Module__loggerFxn1__C)
                  20015698    00000004     app_pem4.oem4 (.const:ti_sysbios_knl_Swi_Module__loggerFxn4__C)
                  2001569c    00000004     app_pem4.oem4 (.const:ti_sysbios_knl_Swi_Module__loggerObj__C)
                  200156a0    00000004     app_pem4.oem4 (.const:ti_sysbios_knl_Swi_Object__count__C)
                  200156a4    00000004     app_pem4.oem4 (.const:ti_sysbios_knl_Task_A_badPriority__C)
                  200156a8    00000004     app_pem4.oem4 (.const:ti_sysbios_knl_Task_A_badTaskState__C)
                  200156ac    00000004     app_pem4.oem4 (.const:ti_sysbios_knl_Task_A_badThreadType__C)
                  200156b0    00000004     app_pem4.oem4 (.const:ti_sysbios_knl_Task_A_badTimeout__C)
                  200156b4    00000004     app_pem4.oem4 (.const:ti_sysbios_knl_Task_A_noPendElem__C)
                  200156b8    00000004     app_pem4.oem4 (.const:ti_sysbios_knl_Task_A_sleepTaskDisabled__C)
                  200156bc    00000004     app_pem4.oem4 (.const:ti_sysbios_knl_Task_E_spOutOfBounds__C)
                  200156c0    00000004     app_pem4.oem4 (.const:ti_sysbios_knl_Task_E_stackOverflow__C)
                  200156c4    00000004     app_pem4.oem4 (.const:ti_sysbios_knl_Task_LD_block__C)
                  200156c8    00000004     app_pem4.oem4 (.const:ti_sysbios_knl_Task_LD_exit__C)
                  200156cc    00000004     app_pem4.oem4 (.const:ti_sysbios_knl_Task_LD_ready__C)
                  200156d0    00000004     app_pem4.oem4 (.const:ti_sysbios_knl_Task_LM_sleep__C)
                  200156d4    00000004     app_pem4.oem4 (.const:ti_sysbios_knl_Task_LM_switch__C)
                  200156d8    00000004     app_pem4.oem4 (.const:ti_sysbios_knl_Task_LM_yield__C)
                  200156dc    00000004     app_pem4.oem4 (.const:ti_sysbios_knl_Task_Module_State_inactiveQ__O)
                  200156e0    00000004     app_pem4.oem4 (.const:ti_sysbios_knl_Task_Module__diagsEnabled__C)
                  200156e4    00000004     app_pem4.oem4 (.const:ti_sysbios_knl_Task_Module__diagsIncluded__C)
                  200156e8    00000004     app_pem4.oem4 (.const:ti_sysbios_knl_Task_Module__diagsMask__C)
                  200156ec    00000004     app_pem4.oem4 (.const:ti_sysbios_knl_Task_Module__loggerFxn2__C)
                  200156f0    00000004     app_pem4.oem4 (.const:ti_sysbios_knl_Task_Module__loggerFxn4__C)
                  200156f4    00000004     app_pem4.oem4 (.const:ti_sysbios_knl_Task_Module__loggerObj__C)
                  200156f8    00000004     app_pem4.oem4 (.const:ti_sysbios_knl_Task_Object__count__C)
                  200156fc    00000004     app_pem4.oem4 (.const:ti_sysbios_knl_Task_allBlockedFunc__C)
                  20015700    00000004     app_pem4.oem4 (.const:ti_sysbios_knl_Task_defaultStackHeap__C)
                  20015704    00000004     app_pem4.oem4 (.const:ti_sysbios_knl_Task_defaultStackSize__C)
                  20015708    00000004     app_pem4.oem4 (.const:ti_sysbios_knl_Task_numConstructedTasks__C)
                  2001570c    00000004     app_pem4.oem4 (.const:xdc_runtime_Assert_E_assertFailed__C)
                  20015710    00000004     app_pem4.oem4 (.const:xdc_runtime_Core_A_initializedParams__C)
                  20015714    00000004     app_pem4.oem4 (.const:xdc_runtime_Core_Module__diagsEnabled__C)
                  20015718    00000004     app_pem4.oem4 (.const:xdc_runtime_Core_Module__diagsIncluded__C)
                  2001571c    00000004     app_pem4.oem4 (.const:xdc_runtime_Core_Module__diagsMask__C)
                  20015720    00000004     app_pem4.oem4 (.const:xdc_runtime_Error_E_memory__C)
                  20015724    00000004     app_pem4.oem4 (.const:xdc_runtime_Error_Module__diagsEnabled__C)
                  20015728    00000004     app_pem4.oem4 (.const:xdc_runtime_Error_Module__diagsIncluded__C)
                  2001572c    00000004     app_pem4.oem4 (.const:xdc_runtime_Error_Module__diagsMask__C)
                  20015730    00000004     app_pem4.oem4 (.const:xdc_runtime_Error_Module__loggerFxn8__C)
                  20015734    00000004     app_pem4.oem4 (.const:xdc_runtime_Error_Module__loggerObj__C)
                  20015738    00000004     app_pem4.oem4 (.const:xdc_runtime_Error_policyFxn__C)
                  2001573c    00000004     app_pem4.oem4 (.const:xdc_runtime_Error_raiseHook__C)
                  20015740    00000004     app_pem4.oem4 (.const:xdc_runtime_IFilterLogger_Interface__BASE__C)
                  20015744    00000004     app_pem4.oem4 (.const:xdc_runtime_IGateProvider_Interface__BASE__C)
                  20015748    00000004     app_pem4.oem4 (.const:xdc_runtime_IHeap_Interface__BASE__C)
                  2001574c    00000004     app_pem4.oem4 (.const:xdc_runtime_ILogger_Interface__BASE__C)
                  20015750    00000004     app_pem4.oem4 (.const:xdc_runtime_IModule_Interface__BASE__C)
                  20015754    00000004     app_pem4.oem4 (.const:xdc_runtime_Log_L_error__C)
                  20015758    00000004     app_pem4.oem4 (.const:xdc_runtime_LoggerBuf_E_badLevel__C)
                  2001575c    00000004     app_pem4.oem4 (.const:xdc_runtime_LoggerBuf_Module__gateObj__C)
                  20015760    00000004     app_pem4.oem4 (.const:xdc_runtime_LoggerBuf_Object__count__C)
                  20015764    00000004     app_pem4.oem4 (.const:xdc_runtime_LoggerBuf_statusLogger__C)
                  20015768    00000004     app_pem4.oem4 (.const:xdc_runtime_Memory_defaultHeapInstance__C)
                  2001576c    00000004     app_pem4.oem4 (.const:xdc_runtime_Startup_execImpl__C)
                  20015770    00000004     app_pem4.oem4 (.const:xdc_runtime_Startup_maxPasses__C)
                  20015774    00000004     app_pem4.oem4 (.const:xdc_runtime_Startup_sfxnRts__C)
                  20015778    00000004     app_pem4.oem4 (.const:xdc_runtime_Startup_sfxnTab__C)
                  2001577c    00000004     app_pem4.oem4 (.const:xdc_runtime_SysMin_bufSize__C)
                  20015780    00000004     app_pem4.oem4 (.const:xdc_runtime_SysMin_outputFunc__C)
                  20015784    00000004     app_pem4.oem4 (.const:xdc_runtime_System_Module__gateObj__C)
                  20015788    00000004     app_pem4.oem4 (.const:xdc_runtime_System_abortFxn__C)
                  2001578c    00000004     app_pem4.oem4 (.const:xdc_runtime_System_exitFxn__C)
                  20015790    00000004     app_pem4.oem4 (.const:xdc_runtime_System_extendFxn__C)
                  20015794    00000004     app_pem4.oem4 (.const:xdc_runtime_System_maxAtexitHandlers__C)
                  20015798    00000004     app_pem4.oem4 (.const:xdc_runtime_Text_charTab__C)
                  2001579c    00000004     app_pem4.oem4 (.const:xdc_runtime_Text_nameEmpty__C)
                  200157a0    00000004     app_pem4.oem4 (.const:xdc_runtime_Text_nameStatic__C)
                  200157a4    00000004     app_pem4.oem4 (.const:xdc_runtime_Text_nameUnknown__C)
                  200157a8    00000004     app_pem4.oem4 (.const:xdc_runtime_Text_nodeTab__C)
                  200157ac    00000004     app_pem4.oem4 (.const:xdc_runtime_Text_visitRopeFxn__C)
                  200157b0    00000002     app_pem4.oem4 (.const:ti_sysbios_family_arm_m3_Timer_Module__id__C)
                  200157b2    00000002     app_pem4.oem4 (.const:ti_sysbios_family_arm_m3_TimestampProvider_configTimer__C)
                  200157b4    00000002     app_pem4.oem4 (.const:ti_sysbios_gates_GateMutex_Module__id__C)
                  200157b6    00000002     app_pem4.oem4 (.const:ti_sysbios_hal_Hwi_Module__id__C)
                  200157b8    00000002     app_pem4.oem4 (.const:ti_sysbios_heaps_HeapMem_Module__id__C)
                  200157ba    00000002     app_pem4.oem4 (.const:ti_sysbios_knl_Clock_Module__id__C)
                  200157bc    00000002     app_pem4.oem4 (.const:ti_sysbios_knl_Clock_Module__loggerDefined__C)
                  200157be    00000002     app_pem4.oem4 (.const:ti_sysbios_knl_Mailbox_Module__id__C)
                  200157c0    00000002     app_pem4.oem4 (.const:ti_sysbios_knl_Semaphore_Module__id__C)
                  200157c2    00000002     app_pem4.oem4 (.const:ti_sysbios_knl_Semaphore_Module__loggerDefined__C)
                  200157c4    00000002     app_pem4.oem4 (.const:ti_sysbios_knl_Swi_Module__id__C)
                  200157c6    00000002     app_pem4.oem4 (.const:ti_sysbios_knl_Swi_Module__loggerDefined__C)
                  200157c8    00000002     app_pem4.oem4 (.const:ti_sysbios_knl_Task_Module__id__C)
                  200157ca    00000002     app_pem4.oem4 (.const:ti_sysbios_knl_Task_Module__loggerDefined__C)
                  200157cc    00000002     app_pem4.oem4 (.const:xdc_runtime_Core_Module__id__C)
                  200157ce    00000002     app_pem4.oem4 (.const:xdc_runtime_Error_Module__loggerDefined__C)
                  200157d0    00000002     app_pem4.oem4 (.const:xdc_runtime_Error_maxDepth__C)
                  200157d2    00000002     app_pem4.oem4 (.const:xdc_runtime_LoggerBuf_Module__id__C)
                  200157d4    00000002     app_pem4.oem4 (.const:xdc_runtime_LoggerBuf_filterByLevel__C)
                  200157d6    00000002     app_pem4.oem4 (.const:xdc_runtime_Memory_Module__id__C)
                  200157d8    00000002     app_pem4.oem4 (.const:xdc_runtime_SysMin_flushAtExit__C)
                  200157da    00000002     app_pem4.oem4 (.const:xdc_runtime_Text_charCnt__C)
                  200157dc    00000002     app_pem4.oem4 (.const:xdc_runtime_Text_isLoaded__C)
                  200157de    00000002     app_pem4.oem4 (.const:xdc_runtime_Text_registryModsLastId__C)
                  200157e0    00000002     app_pem4.oem4 (.const:xdc_runtime_Text_unnamedModsLastId__C)

.cinit     0    200157e8    000003e0     
                  200157e8    000003b5     (.cinit..data.load) [load image, compression = rle]
                  20015b9d    00000003     --HOLE-- [fill = 0]
                  20015ba0    0000000c     (__TI_handler_table)
                  20015bac    00000004     --HOLE-- [fill = 0]
                  20015bb0    00000008     (.cinit..bss.load) [load image, compression = zero_init]
[...]
20015564  ti_sysbios_family_arm_m3_Hwi_LD_end__C                      
20015568  ti_sysbios_family_arm_m3_Hwi_LM_begin__C                    
2001556c  ti_sysbios_family_arm_m3_Hwi_Module__diagsEnabled__C        
20015570  ti_sysbios_family_arm_m3_Hwi_Module__diagsIncluded__C       
20015574  ti_sysbios_family_arm_m3_Hwi_Module__diagsMask__C           
20015578  ti_sysbios_family_arm_m3_Hwi_Module__loggerFxn1__C          
2001557c  ti_sysbios_family_arm_m3_Hwi_Module__loggerFxn8__C          
20015580  ti_sysbios_family_arm_m3_Hwi_Module__loggerObj__C           
20015584  ti_sysbios_family_arm_m3_Hwi_NUM_INTERRUPTS__C              
20015588  ti_sysbios_family_arm_m3_Hwi_Object__count__C               
2001558c  ti_sysbios_family_arm_m3_Hwi_ccr__C                         
20015590  ti_sysbios_family_arm_m3_Hwi_excHandlerFunc__C              
20015594  ti_sysbios_family_arm_m3_Hwi_excHookFuncs__C                
20015598  ti_sysbios_family_arm_m3_Hwi_nullIsrFunc__C                 
2001559c  ti_sysbios_family_arm_m3_Hwi_priGroup__C                    
200155a0  ti_sysbios_family_arm_m3_TaskSupport_stackAlignment__C      
200155a4  ti_sysbios_family_arm_m3_Timer_E_cannotSupport__C           
200155a8  ti_sysbios_family_arm_m3_Timer_startupNeeded__C             
200155ac  ti_sysbios_gates_GateMutex_A_badContext__C                  
200155b0  ti_sysbios_gates_GateMutex_Instance_State_sem__O            
200155b4  ti_sysbios_gates_GateMutex_Module__diagsEnabled__C          
200155b8  ti_sysbios_gates_GateMutex_Module__diagsIncluded__C         
200155bc  ti_sysbios_gates_GateMutex_Module__diagsMask__C             
200155c0  ti_sysbios_hal_Hwi_E_stackOverflow__C                       
200155c4  ti_sysbios_heaps_HeapMem_A_align__C                         
200155c8  ti_sysbios_heaps_HeapMem_A_heapSize__C                      
200155cc  ti_sysbios_heaps_HeapMem_A_invalidFree__C                   
200155d0  ti_sysbios_heaps_HeapMem_A_zeroBlock__C                     
200155d4  ti_sysbios_heaps_HeapMem_E_memory__C                        
200155d8  ti_sysbios_heaps_HeapMem_Module__diagsEnabled__C            
200155dc  ti_sysbios_heaps_HeapMem_Module__diagsIncluded__C           
200155e0  ti_sysbios_heaps_HeapMem_Module__diagsMask__C               
200155e4  ti_sysbios_heaps_HeapMem_Module__gateObj__C                 
200155e8  ti_sysbios_heaps_HeapMem_Object__count__C                   
200155ec  ti_sysbios_heaps_HeapMem_reqAlign__C                        
200155f0  ti_sysbios_knl_Clock_LM_begin__C                            
200155f4  ti_sysbios_knl_Clock_LM_tick__C                             
200155f8  ti_sysbios_knl_Clock_LW_delayed__C                          
200155fc  ti_sysbios_knl_Clock_Module_State_clockQ__O                 
20015600  ti_sysbios_knl_Clock_Module__diagsEnabled__C                
20015604  ti_sysbios_knl_Clock_Module__diagsIncluded__C               
20015608  ti_sysbios_knl_Clock_Module__diagsMask__C                   
2001560c  ti_sysbios_knl_Clock_Module__loggerFxn1__C                  
20015610  ti_sysbios_knl_Clock_Module__loggerFxn2__C                  
20015614  ti_sysbios_knl_Clock_Module__loggerObj__C                   
20015618  ti_sysbios_knl_Clock_tickPeriod__C                          
2001561c  ti_sysbios_knl_Idle_funcList__A                             
20015620  ti_sysbios_knl_Mailbox_A_invalidBufSize__C                  
20015624  ti_sysbios_knl_Mailbox_Instance_State_dataQue__O            
20015628  ti_sysbios_knl_Mailbox_Instance_State_dataSem__O            
2001562c  ti_sysbios_knl_Mailbox_Instance_State_freeQue__O            
20015630  ti_sysbios_knl_Mailbox_Instance_State_freeSem__O            
20015634  ti_sysbios_knl_Mailbox_Module__diagsEnabled__C              
20015638  ti_sysbios_knl_Mailbox_Module__diagsIncluded__C             
2001563c  ti_sysbios_knl_Mailbox_Module__diagsMask__C                 
20015640  ti_sysbios_knl_Mailbox_Object__count__C                     
20015644  ti_sysbios_knl_Mailbox_maxTypeAlign__C                      
20015648  ti_sysbios_knl_Semaphore_A_badContext__C                    
2001564c  ti_sysbios_knl_Semaphore_A_noEvents__C                      
20015650  ti_sysbios_knl_Semaphore_A_overflow__C                      
20015654  ti_sysbios_knl_Semaphore_A_pendTaskDisabled__C              
20015658  ti_sysbios_knl_Semaphore_Instance_State_pendQ__O            
2001565c  ti_sysbios_knl_Semaphore_LM_pend__C                         
20015660  ti_sysbios_knl_Semaphore_LM_post__C                         
20015664  ti_sysbios_knl_Semaphore_Module__diagsEnabled__C            
20015668  ti_sysbios_knl_Semaphore_Module__diagsIncluded__C           
2001566c  ti_sysbios_knl_Semaphore_Module__diagsMask__C               
20015670  ti_sysbios_knl_Semaphore_Module__loggerFxn2__C              
20015674  ti_sysbios_knl_Semaphore_Module__loggerFxn4__C              
20015678  ti_sysbios_knl_Semaphore_Module__loggerObj__C               
2001567c  ti_sysbios_knl_Swi_LD_end__C                                
20015680  ti_sysbios_knl_Swi_LM_begin__C                              
20015684  ti_sysbios_knl_Swi_LM_post__C                               
20015688  ti_sysbios_knl_Swi_Module__diagsEnabled__C                  
2001568c  ti_sysbios_knl_Swi_Module__diagsIncluded__C                 
20015690  ti_sysbios_knl_Swi_Module__diagsMask__C                     
20015694  ti_sysbios_knl_Swi_Module__loggerFxn1__C                    
20015698  ti_sysbios_knl_Swi_Module__loggerFxn4__C                    
2001569c  ti_sysbios_knl_Swi_Module__loggerObj__C                     
200156a0  ti_sysbios_knl_Swi_Object__count__C                         
200156a4  ti_sysbios_knl_Task_A_badPriority__C                        
200156a8  ti_sysbios_knl_Task_A_badTaskState__C                       
200156ac  ti_sysbios_knl_Task_A_badThreadType__C                      
200156b0  ti_sysbios_knl_Task_A_badTimeout__C                         
200156b4  ti_sysbios_knl_Task_A_noPendElem__C                         
200156b8  ti_sysbios_knl_Task_A_sleepTaskDisabled__C                  
200156bc  ti_sysbios_knl_Task_E_spOutOfBounds__C                      
200156c0  ti_sysbios_knl_Task_E_stackOverflow__C                      
200156c4  ti_sysbios_knl_Task_LD_block__C                             
200156c8  ti_sysbios_knl_Task_LD_exit__C                              
200156cc  ti_sysbios_knl_Task_LD_ready__C                             
200156d0  ti_sysbios_knl_Task_LM_sleep__C                             
200156d4  ti_sysbios_knl_Task_LM_switch__C                            
200156d8  ti_sysbios_knl_Task_LM_yield__C                             
200156dc  ti_sysbios_knl_Task_Module_State_inactiveQ__O               
200156e0  ti_sysbios_knl_Task_Module__diagsEnabled__C                 
200156e4  ti_sysbios_knl_Task_Module__diagsIncluded__C                
200156e8  ti_sysbios_knl_Task_Module__diagsMask__C                    
200156ec  ti_sysbios_knl_Task_Module__loggerFxn2__C                   
200156f0  ti_sysbios_knl_Task_Module__loggerFxn4__C                   
200156f4  ti_sysbios_knl_Task_Module__loggerObj__C                    
200156f8  ti_sysbios_knl_Task_Object__count__C                        
200156fc  ti_sysbios_knl_Task_allBlockedFunc__C                       
20015700  ti_sysbios_knl_Task_defaultStackHeap__C                     
20015704  ti_sysbios_knl_Task_defaultStackSize__C                     
20015708  ti_sysbios_knl_Task_numConstructedTasks__C                  
2001570c  xdc_runtime_Assert_E_assertFailed__C                        
20015710  xdc_runtime_Core_A_initializedParams__C                     
20015714  xdc_runtime_Core_Module__diagsEnabled__C                    
20015718  xdc_runtime_Core_Module__diagsIncluded__C                   
2001571c  xdc_runtime_Core_Module__diagsMask__C                       
20015720  xdc_runtime_Error_E_memory__C                               
20015724  xdc_runtime_Error_Module__diagsEnabled__C                   
20015728  xdc_runtime_Error_Module__diagsIncluded__C                  
2001572c  xdc_runtime_Error_Module__diagsMask__C                      
20015730  xdc_runtime_Error_Module__loggerFxn8__C                     
20015734  xdc_runtime_Error_Module__loggerObj__C                      
20015738  xdc_runtime_Error_policyFxn__C                              
2001573c  xdc_runtime_Error_raiseHook__C                              
20015740  xdc_runtime_IFilterLogger_Interface__BASE__C                
20015744  xdc_runtime_IGateProvider_Interface__BASE__C                
20015748  xdc_runtime_IHeap_Interface__BASE__C                        
2001574c  xdc_runtime_ILogger_Interface__BASE__C                      
20015750  xdc_runtime_IModule_Interface__BASE__C                      
20015754  xdc_runtime_Log_L_error__C                                  
20015758  xdc_runtime_LoggerBuf_E_badLevel__C                         
2001575c  xdc_runtime_LoggerBuf_Module__gateObj__C                    
20015760  xdc_runtime_LoggerBuf_Object__count__C                      
20015764  xdc_runtime_LoggerBuf_statusLogger__C                       
20015768  xdc_runtime_Memory_defaultHeapInstance__C                   
2001576c  xdc_runtime_Startup_execImpl__C                             
20015770  xdc_runtime_Startup_maxPasses__C                            
20015774  xdc_runtime_Startup_sfxnRts__C                              
20015778  xdc_runtime_Startup_sfxnTab__C                              
2001577c  xdc_runtime_SysMin_bufSize__C                               
20015780  xdc_runtime_SysMin_outputFunc__C                            
20015784  xdc_runtime_System_Module__gateObj__C                       
20015788  xdc_runtime_System_abortFxn__C                              
2001578c  xdc_runtime_System_exitFxn__C                               
20015790  xdc_runtime_System_extendFxn__C                             
20015794  xdc_runtime_System_maxAtexitHandlers__C                     
20015798  xdc_runtime_Text_charTab__C                                 
2001579c  xdc_runtime_Text_nameEmpty__C                               
200157a0  xdc_runtime_Text_nameStatic__C                              
200157a4  xdc_runtime_Text_nameUnknown__C                             
200157a8  xdc_runtime_Text_nodeTab__C                                 
200157ac  xdc_runtime_Text_visitRopeFxn__C                            
200157b0  ti_sysbios_family_arm_m3_Timer_Module__id__C                
200157b2  ti_sysbios_family_arm_m3_TimestampProvider_configTimer__C   
200157b4  ti_sysbios_gates_GateMutex_Module__id__C                    
200157b6  ti_sysbios_hal_Hwi_Module__id__C                            
200157b8  ti_sysbios_heaps_HeapMem_Module__id__C                      
200157ba  ti_sysbios_knl_Clock_Module__id__C                          
200157bc  ti_sysbios_knl_Clock_Module__loggerDefined__C               
200157be  ti_sysbios_knl_Mailbox_Module__id__C                        
200157c0  ti_sysbios_knl_Semaphore_Module__id__C                      
200157c2  ti_sysbios_knl_Semaphore_Module__loggerDefined__C           
200157c4  ti_sysbios_knl_Swi_Module__id__C                            
200157c6  ti_sysbios_knl_Swi_Module__loggerDefined__C                 
200157c8  ti_sysbios_knl_Task_Module__id__C                           
200157ca  ti_sysbios_knl_Task_Module__loggerDefined__C                
200157cc  xdc_runtime_Core_Module__id__C                              
200157ce  xdc_runtime_Error_Module__loggerDefined__C                  
200157d0  xdc_runtime_Error_maxDepth__C                               
200157d2  xdc_runtime_LoggerBuf_Module__id__C                         
200157d4  xdc_runtime_LoggerBuf_filterByLevel__C                      
200157d6  xdc_runtime_Memory_Module__id__C                            
200157d8  xdc_runtime_SysMin_flushAtExit__C                           
200157da  xdc_runtime_Text_charCnt__C                                 
200157dc  xdc_runtime_Text_isLoaded__C                                
200157de  xdc_runtime_Text_registryModsLastId__C                      
200157e0  xdc_runtime_Text_unnamedModsLastId__C                       
200157e8  __TI_static_base__                                          
20015ba0  __TI_Handler_Table_Base                                     
20015bac  __TI_Handler_Table_Limit                                    
20015bb8  __TI_CINIT_Base                                             
20015bc8  __TI_CINIT_Limit                                            
20017000  ti_sysbios_heaps_HeapMem_Instance_State_0_buf__A            
2001f000  ti_sysbios_knl_Task_Instance_State_0_stack__A               
2001f800  xdc_runtime_LoggerBuf_Instance_State_0_entryArr__A          
2001fc00  xdc_runtime_SysMin_Module_State_0_outbuf__A                 
20020000  ti_sysbios_family_arm_m3_Hwi_dispatchTable                  
20020484  __CIOBUF_                                                   
20020774  g_ucDinDout                                                 
2002085c  _effectData                                                 
200208b4  DMAMsgQ                                                     
200208b8  SimpleLinkSpawnTaskHndl                                     
200208c0  _clientSocket                                               
200208c4  _socketTaskHandle                                           
200208c8  _tick                                                       
200208d0  g_cDummy                                                    
200208d4  simpleLink_mailbox                                          
200208da  RxIrqCnt                                                    
200208dd  brightness                                                  
200208de  g_bDeviceRestartIsRequired                                  
200208e0  ti_sysbios_family_arm_m3_Hwi_Module__root__V                
200208e8  ti_sysbios_family_arm_m3_Hwi_Object__table__V               
20020900  ti_sysbios_family_arm_m3_Hwi_Module_State_0_excActive__A    
20020904  ti_sysbios_family_arm_m3_Hwi_Module_State_0_excContext__A   
20020908  ti_sysbios_family_arm_m3_Hwi_Module_State_0_excStack__A     
2002090c  ti_sysbios_family_arm_m3_Timer_Module__root__V              
20020914  ti_sysbios_family_arm_m3_Timer_Module__state__V             
20020920  ti_sysbios_family_arm_m3_TimestampProvider_Module__state__V 
20020924  ti_sysbios_gates_GateHwi_Module__root__V                    
2002092c  ti_sysbios_gates_GateHwi_Object__table__V                   
20020930  ti_sysbios_gates_GateMutex_Module__root__V                  
20020938  ti_sysbios_hal_Hwi_Module__root__V                          
20020940  ti_sysbios_hal_Timer_Module__root__V                        
20020948  ti_sysbios_heaps_HeapMem_Module__root__V                    
20020950  ti_sysbios_heaps_HeapMem_Object__table__V                   
20020968  ti_sysbios_knl_Clock_Module__root__V                        
20020970  ti_sysbios_knl_Event_Module__root__V                        
20020978  ti_sysbios_knl_Mailbox_Module__root__V                      
20020980  ti_sysbios_knl_Queue_Module__root__V                        
20020988  ti_sysbios_knl_Semaphore_Module__root__V                    
20020990  ti_sysbios_knl_Swi_Module__root__V                          
20020998  ti_sysbios_knl_Swi_Module__state__V                         
200209b4  ti_sysbios_knl_Task_Module__root__V                         
200209bc  ti_sysbios_knl_Task_Module_State_0_idleTask__A              
200209c0  xdc_runtime_Error_Module__state__V                          
200209c4  xdc_runtime_LoggerBuf_Module__root__V                       
200209cc  xdc_runtime_LoggerBuf_Module__state__V                      
200209d4  xdc_runtime_Memory_Module__state__V                         
200209d8  xdc_runtime_Registry_Module__state__V                       
200209e0  xdc_runtime_Startup_Module__state__V                        
200209e8  xdc_runtime_SysMin_Module__state__V                         
200209f4  xdc_runtime_System_Module_State_0_atexitHandlers__A         
20020a04  xdc_runtime_System_Module__state__V                         
20020a0c  xdc_runtime_Text_Module__state__V                           
20020a14  __xdc__init__addr                                           
20020ac8  _Denorm                                                     
20020ad8  _Eps                                                        
20020ae8  _Hugeval                                                    
20020af8  _Inf                                                        
20020b08  _Nan                                                        
20020b18  _Snan                                                       
20020b28  _Rteps                                                      
20020b38  _Xbig                                                       
20020b40  _Zero                                                       
20020b48  ti_sysbios_knl_Swi_Module_State_0_readyQ__A                 
20020bc8  ti_sysbios_knl_Task_Module_State_0_readyQ__A                
20020c48  _FDenorm                                                    
20020c58  _FEps                                                       
20020c68  _FInf                                                       
20020c78  _FNan                                                       
20020c88  _FSnan                                                      
20020c98  _FRteps                                                     
20020ca8  _FXbig                                                      
20020cac  _FZero                                                      
20020cb0  ti_sysbios_knl_Task_Object__table__V                        
20020cfc  ti_sysbios_knl_Task_Module__state__V                        
20020d40  ti_sysbios_gates_GateMutex_Object__table__V                 
20020d78  ti_sysbios_family_arm_m3_Hwi_Module__state__V               
20020dac  ti_sysbios_family_arm_m3_Timer_Object__table__V             
20020ddc  ti_sysbios_knl_Swi_Object__table__V                         
20020e0c  ti_sysbios_knl_Clock_Module__state__V                       
20020e60  ti_sysbios_BIOS_Module__state__V                            
20020e84  xdc_runtime_LoggerBuf_Object__table__V                      
20020ebd  _apState                                                    
20020ebe  _socketState                                                
20020ec4  g_pCB                                                       
20020ec8  pPingCallBackFunc                                           
20020edc  g_SpiFd                                                     
20020ee0  g_pHostIntHdl                                               
20020ee4  g_ucDMAEnabled                                              
20020ee8  _lock                                                       
20020eec  _unlock                                                     
20020ef0  __TI_cleanup_ptr                                            
20020ef4  __TI_dtors_ptr                                              
20020ef8  _Fenv                                                       
20020efc  _Tls_setup__Fenv                                            
20020f00  _Errno                                                      
20020f04  main_func_sp                                                
2002e000  __stack                                                     
20030000  __STACK_END                                                 
e000e000  ti_sysbios_family_arm_m3_Hwi_nvic                           
ffffffff  __binit__                                                   
ffffffff  __c_args__                                                  
ffffffff  binit                                                       
UNDEFED   SHT$$INIT_ARRAY$$Base                                       
UNDEFED   SHT$$INIT_ARRAY$$Limit                                      

[940 symbols]
