******************************************************************************
                  TI ARM Linker PC v5.2.5                      
******************************************************************************
>> Linked Sun Oct 23 22:46:29 2016

OUTPUT FILE NAME:   <Stickman_V2.out>
ENTRY POINT SYMBOL: "_c_int00"  address: 2000d4f1


MEMORY CONFIGURATION

         name            origin    length      used     unused   attr    fill
----------------------  --------  ---------  --------  --------  ----  --------
  SRAM_CODE             20004000   00013000  0000d72e  000058d2  RW X
  SRAM_DATA             20017000   00019000  0000bc28  0000d3d8  RW X


SEGMENT ALLOCATION MAP

run origin  load origin   length   init length attrs members
----------  ----------- ---------- ----------- ----- -------
20004000    20004000    0000d738   0000d738    r-x
  20004000    20004000    0000030c   0000030c    r-- .resetVecs
  20004310    20004310    0000ac1a   0000ac1a    r-x .text
  2000ef30    2000ef30    00002460   00002460    r-- .const
  20011390    20011390    000003a8   000003a8    r-- .cinit
20017000    20017000    00009c2b   00000000    rw-
  20017000    20017000    00009665   00000000    rw- .bss
  20020668    20020668    000005c3   00000000    rw- .data
2002e000    2002e000    00002000   00000000    rw-
  2002e000    2002e000    00002000   00000000    rw- .stack


SECTION ALLOCATION MAP

 output                                  attributes/
section   page    origin      length       input sections
--------  ----  ----------  ----------   ----------------
.init_array 
*          0    20004000    00000000     UNINITIALIZED

.resetVecs 
*          0    20004000    0000030c     
                  20004000    0000030c     app_pem4.oem4 (.resetVecs)

.text      0    20004310    0000ac1a     
                  20004310    000010a6     rtsv7M4_T_le_eabi.lib : _printfi.obj (.text)
                  200053b6    00000002                           : i_div0.obj (.text)
                  200053b8    00000544     ti_rtos.a : osi_tirtos.obj (.text)
                  200058fc    00000480     rtsv7M4_T_le_eabi.lib : pow.obj (.text)
                  20005d7c    00000004     app_pem4.oem4 (.text:ti_sysbios_BIOS_RtsGateProxy_enter__E)
                  20005d80    00000430     sysbios.aem4 : BIOS.obj (.text:ti_sysbios_family_arm_m3_Hwi_excDumpRegs__I)
                  200061b0    0000038c     Effect.obj (.text)
                  2000653c    0000034c     ti.targets.arm.rtsarm.aem4 : System.oem4 (.text:xdc_runtime_System_doPrint__I)
                  20006888    00000314     sysbios.aem4 : BIOS.obj (.text:ti_sysbios_knl_Semaphore_pend__E)
                  20006b9c    000002e4     rtsv7M4_T_le_eabi.lib : xlog.obj (.text)
                  20006e80    000002d4                           : trgdrv.obj (.text)
                  20007154    000002b4     MSGEQ7.obj (.text)
                  20007408    000002ac     APA102.obj (.text)
                  200076b4    00000004     app_pem4.oem4 (.text:ti_sysbios_BIOS_RtsGateProxy_leave__E)
                  200076b8    00000254     sysbios.aem4 : BIOS.obj (.text:ti_sysbios_heaps_HeapMem_free__E)
                  2000790c    00000004     app_pem4.oem4 (.text:ti_sysbios_family_arm_m3_Hwi_delete)
                  20007910    00000248     sysbios.aem4 : BIOS.obj (.text:ti_sysbios_heaps_HeapMem_alloc__E)
                  20007b58    0000022c                  : BIOS.obj (.text:ti_sysbios_knl_Task_Instance_finalize__E)
                  20007d84    00000004     app_pem4.oem4 (.text:ti_sysbios_family_arm_m3_TaskSupport_Module__startupDone__S)
                  20007d88    00000200     sysbios.aem4 : BIOS.obj (.text:ti_sysbios_knl_Task_sleep__E)
                  20007f88    000001fc     rtsv7M4_T_le_eabi.lib : xexp.obj (.text)
                  20008184    00000004     app_pem4.oem4 (.text:ti_sysbios_heaps_HeapMem_Module_GateProxy_enter__E)
                  20008188    000001fc     sysbios.aem4 : BIOS.obj (.text:ti_sysbios_family_arm_m3_Hwi_excHandlerMax__I)
                  20008384    000001f4     rtsv7M4_T_le_eabi.lib : ull_div_t2.obj (.text)
                  20008578    000001d8     Spectrum.obj (.text)
                  20008750    000001c8     sysbios.aem4 : BIOS.obj (.text:ti_sysbios_knl_Task_Instance_init__E)
                  20008918    000001b6     rtsv7M4_T_le_eabi.lib : fd_add_t2.obj (.text)
                  20008ace    00000002     app_pem4.oem4 (.text:ti_sysbios_BIOS_nullFunc__I)
                  20008ad0    0000019c     sysbios.aem4 : BIOS.obj (.text:ti_sysbios_knl_Task_Module_startup__E)
                  20008c6c    0000018c     rom_pin_mux_config.obj (.text)
                  20008df8    00000178     driverlib.a : prcm.obj (.text:PRCMCC3200MCUInit)
                  20008f70    00000174     sysbios.aem4 : BIOS.obj (.text:ti_sysbios_family_arm_m3_Hwi_excBusFault__I)
                  200090e4    00000004     app_pem4.oem4 (.text:ti_sysbios_heaps_HeapMem_Module_GateProxy_leave__E)
                  200090e8    00000164     sysbios.aem4 : BIOS.obj (.text:ti_sysbios_family_arm_m3_Hwi_excUsageFault__I)
                  2000924c    00000004     app_pem4.oem4 (.text:ti_sysbios_knl_Clock_TimerProxy_getMaxTicks__E)
                  20009250    00000158     sysbios.aem4 : BIOS.obj (.text:ti_sysbios_knl_Mailbox_Instance_init__E)
                  200093a8    00000148                  : BIOS.obj (.text:ti_sysbios_family_arm_m3_Hwi_excMemFault__I)
                  200094f0    00000140                  : BIOS.obj (.text:ti_sysbios_knl_Semaphore_post__E)
                  20009630    0000013c                  : BIOS.obj (.text:ti_sysbios_heaps_HeapMem_Instance_init__E)
                  2000976c    00000004     app_pem4.oem4 (.text:ti_sysbios_knl_Mailbox_delete)
                  20009770    00000138     sysbios.aem4 : BIOS.obj (.text:ti_sysbios_family_arm_m3_Hwi_dispatchC__I)
                  200098a8    00000138     ti.targets.arm.rtsarm.aem4 : LoggerBuf.oem4 (.text:xdc_runtime_LoggerBuf_write8__E)
                  200099e0    00000136     rtsv7M4_T_le_eabi.lib : fd_div_t2.obj (.text)
                  20009b16    00000002     app_pem4.oem4 (.text:xdc_runtime_Startup_reset__I)
                  20009b18    00000134     sysbios.aem4 : BIOS.obj (.text:ti_sysbios_knl_Clock_workFunc__E)
                  20009c4c    00000004     app_pem4.oem4 (.text:ti_sysbios_knl_Queue_destruct)
                  20009c50    0000011c     sysbios.aem4 : BIOS.obj (.text:ti_sysbios_knl_Swi_run__I)
                  20009d6c    00000118     ti.targets.arm.rtsarm.aem4 : Error.oem4 (.text:xdc_runtime_Error_policyDefault__E)
                  20009e84    00000110     BeatDetect.obj (.text)
                  20009f94    00000110     rtsv7M4_T_le_eabi.lib : xdscale.obj (.text)
                  2000a0a4    00000100     ti.targets.arm.rtsarm.aem4 : Core-mem.oem4 (.text:xdc_runtime_Core_createObject__I)
                  2000a1a4    000000fc     rtsv7M4_T_le_eabi.lib : fd_mul_t2.obj (.text)
                  2000a2a0    000000fa                           : fs_add_t2.obj (.text)
                  2000a39a    00000002     --HOLE-- [fill = 0]
                  2000a39c    000000f8     ti.targets.arm.rtsarm.aem4 : Startup.oem4 (.text:xdc_runtime_Startup_startMods__I)
                  2000a494    000000f8     app_pem4.oem4 (.text:xdc_runtime_System_printfExtend__I)
                  2000a58c    000000d4     ti.targets.arm.rtsarm.aem4 : LoggerBuf.oem4 (.text:xdc_runtime_LoggerBuf_write4__E)
                  2000a660    000000d0     driverlib.a : spi.obj (.text:SPITransfer32)
                  2000a730    000000d0     sysbios.aem4 : BIOS.obj (.text:ti_sysbios_family_arm_m3_Hwi_Module_startup__E)
                  2000a800    000000d0                  : m3_Hwi_asm.obj (.text:ti_sysbios_family_arm_m3_Hwi_dispatch__I)
                  2000a8d0    000000ce     driverlib.a : spi.obj (.text:SPITransfer16)
                  2000a99e    00000002     --HOLE-- [fill = 0]
                  2000a9a0    000000cc     sysbios.aem4 : BIOS.obj (.text:ti_sysbios_knl_Task_schedule__I)
                  2000aa6c    000000cc     ti.targets.arm.rtsarm.aem4 : Core-smem.oem4 (.text:xdc_runtime_Core_constructObject__I)
                  2000ab38    000000c0     rtsv7M4_T_le_eabi.lib : xdint.obj (.text)
                  2000abf8    000000be                           : xdnorm.obj (.text)
                  2000acb6    00000002     --HOLE-- [fill = 0]
                  2000acb8    000000bc     sysbios.aem4 : BIOS.obj (.text:ti_sysbios_family_arm_m3_Hwi_excDebugMon__I)
                  2000ad74    00000004     app_pem4.oem4 (.text:ti_sysbios_knl_Semaphore_delete)
                  2000ad78    000000bc     sysbios.aem4 : BIOS.obj (.text:ti_sysbios_family_arm_m3_Hwi_excHardFault__I)
                  2000ae34    00000004     app_pem4.oem4 (.text:ti_sysbios_knl_Semaphore_destruct)
                  2000ae38    000000bc     sysbios.aem4 : BIOS.obj (.text:ti_sysbios_knl_Task_startCore__E)
                  2000aef4    000000b8     driverlib.a : spi.obj (.text:SPITransfer8)
                  2000afac    00000004     app_pem4.oem4 (.text:ti_sysbios_knl_Task_delete)
                  2000afb0    000000b4     sysbios.aem4 : BIOS.obj (.text:ti_sysbios_gates_GateMutex_enter__E)
                  2000b064    00000004     ti.targets.arm.rtsarm.aem4 : Error.oem4 (.text:xdc_runtime_Error_getSite__E)
                  2000b068    000000b4     sysbios.aem4 : BIOS.obj (.text:ti_sysbios_knl_Task_checkStacks__E)
                  2000b11c    00000004     app_pem4.oem4 (.text:xdc_runtime_LoggerBuf_Module_GateProxy_enter__E)
                  2000b120    000000b4     sysbios.aem4 : BIOS.obj (.text:ti_sysbios_knl_Task_yield__E)
                  2000b1d4    000000ac     main.obj (.text)
                  2000b280    000000ac     sysbios.aem4 : BIOS.obj (.text:ti_sysbios_knl_Swi_post__E)
                  2000b32c    000000a8     driverlib.a : interrupt.obj (.text:IntEnable)
                  2000b3d4    00000004     app_pem4.oem4 (.text:xdc_runtime_LoggerBuf_Module_GateProxy_leave__E)
                  2000b3d8    000000a8     sysbios.aem4 : BIOS.obj (.text:ti_sysbios_knl_Task_blockI__E)
                  2000b480    000000a8                  : BIOS.obj (.text:ti_sysbios_knl_Task_postInit__I)
                  2000b528    000000a2     Matrix.obj (.text)
                  2000b5ca    00000002     --HOLE-- [fill = 0]
                  2000b5cc    000000a0     driverlib.a : spi.obj (.text:SPIConfigSetExpClk)
                  2000b66c    000000a0     auto_init.aem4 : auto_init.oem4 (.text)
                  2000b70c    000000a0     ti.targets.arm.rtsarm.aem4 : Text.oem4 (.text:xdc_runtime_Text_putMod__E)
                  2000b7ac    0000009c     rtsv7M4_T_le_eabi.lib : memcpy_t2.obj (.text)
                  2000b848    0000009c     sysbios.aem4 : BIOS.obj (.text:ti_sysbios_knl_Semaphore_Instance_init__E)
                  2000b8e4    0000009c     ti.targets.arm.rtsarm.aem4 : LoggerBuf.oem4 (.text:xdc_runtime_LoggerBuf_setFilterLevel__E)
                  2000b980    0000009a                                : Text.oem4 (.text:xdc_runtime_Text_putSite__E)
                  2000ba1a    00000006     driverlib.a : utils.obj (.text:UtilsDelay)
                  2000ba20    00000098     sysbios.aem4 : BIOS.obj (.text:ti_sysbios_knl_Mailbox_post__E)
                  2000bab8    00000094     driverlib.a : prcm.obj (.text:PRCMPeripheralClockGet)
                  2000bb4c    00000004     app_pem4.oem4 (.text:xdc_runtime_System_Module_GateProxy_enter__E)
                  2000bb50    00000094     sysbios.aem4 : BIOS.obj (.text:ti_sysbios_family_arm_m3_Hwi_Instance_init__E)
                  2000bbe4    00000004     app_pem4.oem4 (.text:xdc_runtime_System_Module_GateProxy_leave__E)
                  2000bbe8    00000094     sysbios.aem4 : BIOS.obj (.text:ti_sysbios_knl_Task_exit__E)
                  2000bc7c    00000092     rtsv7M4_T_le_eabi.lib : fs_div_t2.obj (.text)
                  2000bd0e    00000002     --HOLE-- [fill = 0]
                  2000bd10    00000090     sysbios.aem4 : BIOS.obj (.text:ti_sysbios_knl_Task_unblockI__E)
                  2000bda0    0000008c                  : BIOS.obj (.text:ti_sysbios_knl_Mailbox_pend__E)
                  2000be2c    00000088     driverlib.a : pin.obj (.text:PinConfigSet)
                  2000beb4    00000088                 : spi.obj (.text:SPITransfer)
                  2000bf3c    00000004     ti.targets.arm.rtsarm.aem4 : System.oem4 (.text:xdc_runtime_System_aprintf_va__F)
                  2000bf40    00000088     sysbios.aem4 : BIOS.obj (.text:ti_sysbios_family_arm_m3_Hwi_initNVIC__E)
                  2000bfc8    00000088                  : BIOS.obj (.text:ti_sysbios_knl_Mailbox_Module_startup__E)
                  2000c050    00000086     rtsv7M4_T_le_eabi.lib : fd_cmp_t2.obj (.text:__aeabi_cdcmple)
                  2000c0d6    00000086                           : fd_cmp_t2.obj (.text:__aeabi_cdrcmple)
                  2000c15c    00000004     ti.targets.arm.rtsarm.aem4 : System.oem4 (.text:xdc_runtime_System_printf_va__F)
                  2000c160    00000084     sysbios.aem4 : BIOS.obj (.text:ti_sysbios_family_arm_m3_Hwi_postInit__I)
                  2000c1e4    00000004     --HOLE-- [fill = 0]
                  2000c1e8    0000007c                  : BIOS.obj (.text:ti_sysbios_family_arm_m3_TimestampProvider_get64__E)
                  2000c264    0000007a     rtsv7M4_T_le_eabi.lib : fs_mul_t2.obj (.text)
                  2000c2de    0000007a                           : memset_t2.obj (.text)
                  2000c358    00000078     Console.obj (.text)
                  2000c3d0    00000076     driverlib.a : uart.obj (.text:UARTConfigSetExpClk)
                  2000c446    00000002     --HOLE-- [fill = 0]
                  2000c448    00000074     ti.targets.arm.rtsarm.aem4 : LoggerBuf.oem4 (.text:xdc_runtime_LoggerBuf_getFilterLevel__E)
                  2000c4bc    00000070     driverlib.a : timer.obj (.text:TimerIntRegister)
                  2000c52c    00000004     --HOLE-- [fill = 0]
                  2000c530    00000070     sysbios.aem4 : BIOS.obj (.text:ti_sysbios_knl_Mailbox_Instance_finalize__E)
                  2000c5a0    0000006d     ti.targets.arm.rtsarm.aem4 : System.oem4 (.text:xdc_runtime_System_formatNum__I)
                  2000c60d    00000003     --HOLE-- [fill = 0]
                  2000c610    0000006c     sysbios.aem4 : BIOS.obj (.text:ti_sysbios_knl_Swi_restoreHwi__E)
                  2000c67c    0000006c     ti.targets.arm.rtsarm.aem4 : Error.oem4 (.text:xdc_runtime_Error_print__E)
                  2000c6e8    0000006c                                : Memory.oem4 (.text:xdc_runtime_Memory_alloc__E)
                  2000c754    0000006a     rtsv7M4_T_le_eabi.lib : copy_decompress_rle.obj (.text)
                  2000c7be    00000002     --HOLE-- [fill = 0]
                  2000c7c0    00000068     driverlib.a : adc.obj (.text:ADCIntEnable)
                  2000c828    00000068     rtsv7M4_T_le_eabi.lib : trgmsg.obj (.text)
                  2000c890    00000066                           : xdunscal.obj (.text)
                  2000c8f6    00000066     ti.targets.arm.rtsarm.aem4 : Core-mem.oem4 (.text:xdc_runtime_Core_deleteObject__I)
                  2000c95c    00000064     app_pem4.oem4 (.text:ti_sysbios_family_arm_m3_Hwi_create)
                  2000c9c0    00000064     app_pem4.oem4 (.text:ti_sysbios_knl_Mailbox_create)
                  2000ca24    00000060     rtsv7M4_T_le_eabi.lib : fs_cmp_t2.obj (.text:__aeabi_cfcmple)
                  2000ca84    00000060                           : fs_cmp_t2.obj (.text:__aeabi_cfrcmple)
                  2000cae4    00000004     --HOLE-- [fill = 0]
                  2000cae8    00000060     sysbios.aem4 : BIOS.obj (.text:ti_sysbios_knl_Clock_logTick__E)
                  2000cb48    0000005c     driverlib.a : adc.obj (.text:ADCIntStatus)
                  2000cba4    00000004     --HOLE-- [fill = 0]
                  2000cba8    0000005c     sysbios.aem4 : BIOS.obj (.text:ti_sysbios_knl_Swi_schedule__I)
                  2000cc04    0000005c     app_pem4.oem4 (.text:ti_sysbios_knl_Task_create)
                  2000cc60    0000005c     app_pem4.oem4 (.text:xdc_runtime_LoggerBuf_Object__create__S)
                  2000ccbc    0000005b     ti.targets.arm.rtsarm.aem4 : Text.oem4 (.text:xdc_runtime_Text_putLab__E)
                  2000cd17    00000001     --HOLE-- [fill = 0]
                  2000cd18    00000058     driverlib.a : adc.obj (.text:ADCIntClear)
                  2000cd70    00000058                 : prcm.obj (.text:PRCMPeripheralReset)
                  2000cdc8    00000058     sysbios.aem4 : BIOS.obj (.text:ti_sysbios_family_arm_m3_Timer_setPeriod__E)
                  2000ce20    00000056     rtsv7M4_T_le_eabi.lib : ltoa.obj (.text)
                  2000ce76    00000002     --HOLE-- [fill = 0]
                  2000ce78    00000054     sysbios.aem4 : BIOS.obj (.text:ti_sysbios_family_arm_m3_Timer_start__E)
                  2000cecc    00000054     ti.targets.arm.rtsarm.aem4 : Assert.oem4 (.text:xdc_runtime_Assert_raise__I)
                  2000cf20    00000050                                : Startup.oem4 (.text:xdc_runtime_Startup_exec__E)
                  2000cf70    00000050                                : Text.oem4 (.text:xdc_runtime_Text_visitRope2__I)
                  2000cfc0    0000004c     rtsv7M4_T_le_eabi.lib : atoi.obj (.text)
                  2000d00c    0000004c                           : cpy_tbl.obj (.text)
                  2000d058    0000004c     sysbios.aem4 : m3_TaskSupport_asm.obj (.text:ti_sysbios_family_arm_m3_TaskSupport_buildTaskStack)
                  2000d0a4    00000004     --HOLE-- [fill = 0]
                  2000d0a8    0000004c                  : BIOS.obj (.text:ti_sysbios_heaps_HeapMem_getStats__E)
                  2000d0f4    00000004     --HOLE-- [fill = 0]
                  2000d0f8    0000004c                  : BIOS.obj (.text:ti_sysbios_knl_Swi_runLoop__I)
                  2000d144    00000004     --HOLE-- [fill = 0]
                  2000d148    0000004c                  : BIOS.obj (.text:ti_sysbios_knl_Task_allBlockedFunction__I)
                  2000d194    00000048     rtsv7M4_T_le_eabi.lib : fd_toi_t2.obj (.text)
                  2000d1dc    00000048                           : fd_tos_t2.obj (.text)
                  2000d224    00000048                           : vsprintf.obj (.text)
                  2000d26c    00000004     --HOLE-- [fill = 0]
                  2000d270    00000048     sysbios.aem4 : BIOS.obj (.text:ti_sysbios_family_arm_m3_Hwi_disableInterrupt__E)
                  2000d2b8    00000048                  : BIOS.obj (.text:ti_sysbios_family_arm_m3_Hwi_enableInterrupt__E)
                  2000d300    00000048                  : BIOS.obj (.text:ti_sysbios_family_arm_m3_Hwi_excReserved__I)
                  2000d348    00000048                  : m3_Hwi_asm_switch.obj (.text:ti_sysbios_family_arm_m3_Hwi_initStacks__E)
                  2000d390    00000048                  : BIOS.obj (.text:ti_sysbios_family_arm_m3_Timer_initDevice__I)
                  2000d3d8    00000046     rtsv7M4_T_le_eabi.lib : fmax.obj (.text)
                  2000d41e    00000046                           : ldexp.obj (.text)
                  2000d464    00000046     ti.targets.arm.rtsarm.aem4 : Core-params.oem4 (.text:xdc_runtime_Core_assignParams__I)
                  2000d4aa    00000002     --HOLE-- [fill = 0]
                  2000d4ac    00000044     driverlib.a : timer.obj (.text:TimerConfigure)
                  2000d4f0    00000044     boot.aem4 : boot.oem4 (.text)
                  2000d534    00000044     rtsv7M4_T_le_eabi.lib : exit.obj (.text)
                  2000d578    00000044                           : fd_tou_t2.obj (.text)
                  2000d5bc    00000004     --HOLE-- [fill = 0]
                  2000d5c0    00000044     sysbios.aem4 : BIOS.obj (.text:ti_sysbios_family_arm_m3_Hwi_getStackInfo__E)
                  2000d604    00000004     --HOLE-- [fill = 0]
                  2000d608    00000044                  : BIOS.obj (.text:ti_sysbios_knl_Mailbox_postInit__I)
                  2000d64c    00000044     ti.targets.arm.rtsarm.aem4 : Error.oem4 (.text:xdc_runtime_Error_setX__E)
                  2000d690    00000044                                : LoggerBuf.oem4 (.text:xdc_runtime_LoggerBuf_filterOutEvent__I)
                  2000d6d4    00000044                                : SysMin.oem4 (.text:xdc_runtime_SysMin_flush__E)
                  2000d718    00000044                                : Text.oem4 (.text:xdc_runtime_Text_xprintf__I)
                  2000d75c    00000040     driverlib.a : pin.obj (.text:PinModeSet)
                  2000d79c    00000040     rtsv7M4_T_le_eabi.lib : signal.obj (.text)
                  2000d7dc    00000040                           : u_divt2.obj (.text)
                  2000d81c    00000004     --HOLE-- [fill = 0]
                  2000d820    00000040     sysbios.aem4 : BIOS.obj (.text:ti_sysbios_family_arm_m3_Timer_Module_startup__E)
                  2000d860    0000003e     driverlib.a : adc.obj (.text:ADCIntRegister)
                  2000d89e    00000002     --HOLE-- [fill = 0]
                  2000d8a0    0000003c                 : prcm.obj (.text:PRCMPeripheralClkEnable)
                  2000d8dc    00000004     --HOLE-- [fill = 0]
                  2000d8e0    0000003c     sysbios.aem4 : BIOS.obj (.text:ti_sysbios_family_arm_m3_Hwi_excSvCall__I)
                  2000d91c    00000004     --HOLE-- [fill = 0]
                  2000d920    0000003c                  : BIOS.obj (.text:ti_sysbios_heaps_HeapMem_init__I)
                  2000d95c    00000004     --HOLE-- [fill = 0]
                  2000d960    0000003c                  : BIOS.obj (.text:ti_sysbios_knl_Swi_startup__E)
                  2000d99c    0000003a     ti.targets.arm.rtsarm.aem4 : LoggerBuf.oem4 (.text:xdc_runtime_LoggerBuf_Instance_init__E)
                  2000d9d6    00000038     driverlib.a : adc.obj (.text:ADCChannelEnable)
                  2000da0e    00000038     rtsv7M4_T_le_eabi.lib : fs_tod_t2.obj (.text)
                  2000da46    00000038                           : fs_toi_t2.obj (.text)
                  2000da7e    00000002     --HOLE-- [fill = 0]
                  2000da80    00000038     sysbios.aem4 : BIOS.obj (.text:ti_sysbios_family_arm_m3_Hwi_excNoIsr__I)
                  2000dab8    00000038                  : BIOS.obj (.text:ti_sysbios_knl_Task_processVitalTaskFlag__I)
                  2000daf0    00000038     ti.targets.arm.rtsarm.aem4 : SysMin.oem4 (.text:xdc_runtime_SysMin_putch__E)
                  2000db28    00000038                                : System.oem4 (.text:xdc_runtime_System_atexit__E)
                  2000db60    00000036     driverlib.a : gpio.obj (.text:GPIODirModeSet)
                  2000db96    00000002     --HOLE-- [fill = 0]
                  2000db98    00000034     rtsv7M4_T_le_eabi.lib : feraiseexcept.obj (.text)
                  2000dbcc    00000034                           : fs_tou_t2.obj (.text)
                  2000dc00    00000034     sysbios.aem4 : BIOS.obj (.text:ti_sysbios_family_arm_m3_Hwi_Instance_finalize__E)
                  2000dc34    00000004     --HOLE-- [fill = 0]
                  2000dc38    00000034                  : BIOS.obj (.text:ti_sysbios_family_arm_m3_Hwi_excNmi__I)
                  2000dc6c    00000004     --HOLE-- [fill = 0]
                  2000dc70    00000034                  : BIOS.obj (.text:ti_sysbios_family_arm_m3_Timer_periodicStub__I)
                  2000dca4    00000004     --HOLE-- [fill = 0]
                  2000dca8    00000034                  : BIOS.obj (.text:ti_sysbios_hal_Hwi_checkStack)
                  2000dcdc    00000034     app_pem4.oem4 (.text:ti_sysbios_knl_Semaphore_create)
                  2000dd10    00000034     ti.targets.arm.rtsarm.aem4 : Core-label.oem4 (.text:xdc_runtime_Core_assignLabel__I)
                  2000dd44    00000033                                : Text.oem4 (.text:xdc_runtime_Text_printVisFxn__I)
                  2000dd77    00000001     --HOLE-- [fill = 0]
                  2000dd78    00000032     sysbios.aem4 : BIOS.obj (.text:ti_sysbios_hal_Hwi_initStack)
                  2000ddaa    00000006     ti.targets.arm.rtsarm.aem4 : xdc_noinit.oem4 (.text:__xdc__init)
                  2000ddb0    00000032     sysbios.aem4 : BIOS.obj (.text:ti_sysbios_knl_Semaphore_pendTimeout__I)
                  2000dde2    00000030     driverlib.a : pin.obj (.text:PinTypeGPIO)
                  2000de12    00000002     --HOLE-- [fill = 0]
                  2000de14    00000030                 : uart.obj (.text:UARTDisable)
                  2000de44    00000030     rtsv7M4_T_le_eabi.lib : xferaise.obj (.text)
                  2000de74    00000030     app_pem4.oem4 (.text:ti_sysbios_BIOS_atExitFunc__I)
                  2000dea4    00000004     --HOLE-- [fill = 0]
                  2000dea8    00000030     sysbios.aem4 : BIOS.obj (.text:ti_sysbios_family_arm_m3_TaskSupport_start__E)
                  2000ded8    00000030     app_pem4.oem4 (.text:ti_sysbios_gates_GateHwi_Object__create__S)
                  2000df08    00000030     app_pem4.oem4 (.text:ti_sysbios_gates_GateMutex_Object__create__S)
                  2000df38    00000030     app_pem4.oem4 (.text:ti_sysbios_heaps_HeapMem_Object__create__S)
                  2000df68    00000030     app_pem4.oem4 (.text:ti_sysbios_knl_Semaphore_construct)
                  2000df98    00000030     ti.targets.arm.rtsarm.aem4 : SysMin.oem4 (.text:xdc_runtime_SysMin_abort__E)
                  2000dfc8    00000030                                : System.oem4 (.text:xdc_runtime_System_processAtExit__E)
                  2000dff8    0000002e     app_pem4.oem4 (.text:malloc)
                  2000e026    0000002e     rtsv7M4_T_le_eabi.lib : i_tofd_t2.obj (.text)
                  2000e054    0000002e                           : raise.obj (.text)
                  2000e082    00000002     --HOLE-- [fill = 0]
                  2000e084    0000002c     driverlib.a : prcm.obj (.text:PRCMSysResetCauseGet)
                  2000e0b0    0000002c     app_pem4.oem4 (.text:ti_sysbios_knl_Clock_doTick__I)
                  2000e0dc    0000002c     app_pem4.oem4 (.text:ti_sysbios_knl_Queue_construct)
                  2000e108    0000002c     sysbios.aem4 : BIOS.obj (.text:ti_sysbios_knl_Task_restore__E)
                  2000e134    0000002c     ti.targets.arm.rtsarm.aem4 : Text.oem4 (.text:xdc_runtime_Text_cordText__E)
                  2000e160    0000002a     driverlib.a : timer.obj (.text:TimerLoadSet)
                  2000e18a    0000002a     rtsv7M4_T_le_eabi.lib : xdclass.obj (.text)
                  2000e1b4    0000002a     ti.targets.arm.rtsarm.aem4 : System.oem4 (.text:xdc_runtime_System_putchar__I)
                  2000e1de    00000002     --HOLE-- [fill = 0]
                  2000e1e0    00000028     driverlib.a : prcm.obj (.text:PRCMPeripheralClkDisable)
                  2000e208    00000028     sysbios.aem4 : BIOS.obj (.text:ti_sysbios_knl_Swi_Module_startup__E)
                  2000e230    00000028     ti.targets.arm.rtsarm.aem4 : LoggerBuf.oem4 (.text:xdc_runtime_LoggerBuf_Module_startup__E)
                  2000e258    00000026                                : System.oem4 (.text:xdc_runtime_System_avprintf__E)
                  2000e27e    00000024     driverlib.a : uart.obj (.text:UARTEnable)
                  2000e2a2    00000024     rtsv7M4_T_le_eabi.lib : u_tofs_t2.obj (.text)
                  2000e2c6    00000002     --HOLE-- [fill = 0]
                  2000e2c8    00000024     app_pem4.oem4 (.text:ti_sysbios_BIOS_errorRaiseHook__I)
                  2000e2ec    00000024     app_pem4.oem4 (.text:ti_sysbios_BIOS_registerRTSLock__I)
                  2000e310    00000024     app_pem4.oem4 (.text:ti_sysbios_BIOS_removeRTSLock__I)
                  2000e334    00000024     app_pem4.oem4 (.text:ti_sysbios_BIOS_startFunc__I)
                  2000e358    00000024     sysbios.aem4 : BIOS.obj (.text:ti_sysbios_family_arm_m3_Hwi_doTaskRestore__I)
                  2000e37c    00000004     --HOLE-- [fill = 0]
                  2000e380    00000024                  : BIOS.obj (.text:ti_sysbios_family_arm_m3_Timer_startup__E)
                  2000e3a4    00000024     app_pem4.oem4 (.text:ti_sysbios_gates_GateMutex_Object__delete__S)
                  2000e3c8    00000024     sysbios.aem4 : BIOS.obj (.text:ti_sysbios_knl_Clock_Module_startup__E)
                  2000e3ec    00000024     app_pem4.oem4 (.text:ti_sysbios_knl_Semaphore_Object__delete__S)
                  2000e410    00000024     ti.targets.arm.rtsarm.aem4 : System.oem4 (.text:xdc_runtime_System_vprintf__E)
                  2000e434    00000022     rtsv7M4_T_le_eabi.lib : frexp.obj (.text)
                  2000e456    00000022     app_pem4.oem4 (.text:xdc_runtime_SysMin_output__I)
                  2000e478    00000020     driverlib.a : gpio.obj (.text:GPIOPinWrite)
                  2000e498    00000020                 : interrupt.obj (.text:IntRegister)
                  2000e4b8    00000020     app_pem4.oem4 (.text:ti_sysbios_BIOS_rtsLock__I)
                  2000e4d8    00000020     app_pem4.oem4 (.text:ti_sysbios_family_arm_m3_Hwi_Object__delete__S)
                  2000e4f8    00000020     sysbios.aem4 : m3_Hwi_asm.obj (.text:ti_sysbios_family_arm_m3_Hwi_excHandlerAsm__I)
                  2000e518    00000020                  : BIOS.obj (.text:ti_sysbios_family_arm_m3_Hwi_excHandler__I)
                  2000e538    00000020                  : BIOS.obj (.text:ti_sysbios_family_arm_m3_TimestampProvider_Module_startup__E)
                  2000e558    00000020     app_pem4.oem4 (.text:ti_sysbios_gates_GateHwi_Object__delete__S)
                  2000e578    00000020     app_pem4.oem4 (.text:ti_sysbios_heaps_HeapMem_Object__delete__S)
                  2000e598    00000020     sysbios.aem4 : BIOS.obj (.text:ti_sysbios_knl_Idle_run__E)
                  2000e5b8    00000020     app_pem4.oem4 (.text:ti_sysbios_knl_Mailbox_Object__delete__S)
                  2000e5d8    00000020     app_pem4.oem4 (.text:ti_sysbios_knl_Semaphore_Object__destruct__S)
                  2000e5f8    00000020     app_pem4.oem4 (.text:ti_sysbios_knl_Task_Object__delete__S)
                  2000e618    00000020     app_pem4.oem4 (.text:xdc_runtime_LoggerBuf_Object__delete__S)
                  2000e638    00000020     ti.targets.arm.rtsarm.aem4 : LoggerBuf.oem4 (.text:xdc_runtime_LoggerBuf_reset__E)
                  2000e658    00000020                                : Registry.oem4 (.text:xdc_runtime_Registry_findById__E)
                  2000e678    00000020                                : SysMin.oem4 (.text:xdc_runtime_SysMin_Module_startup__E)
                  2000e698    0000001e     driverlib.a : timer.obj (.text:TimerEnable)
                  2000e6b6    0000001e                 : timer.obj (.text:TimerIntStatus)
                  2000e6d4    0000001e                 : uart.obj (.text:UARTCharPut)
                  2000e6f2    0000001e     sysbios.aem4 : m3_Hwi_asm_switch.obj (.text:ti_sysbios_family_xxx_Hwi_switchAndRunFunc)
                  2000e710    0000001c     driverlib.a : adc.obj (.text:ADCFIFOLvlGet)
                  2000e72c    0000001c                 : timer.obj (.text:TimerValueGet)
                  2000e748    0000001c     rtsv7M4_T_le_eabi.lib : memccpy.obj (.text)
                  2000e764    00000004     --HOLE-- [fill = 0]
                  2000e768    0000001c     sysbios.aem4 : BIOS.obj (.text:ti_sysbios_family_arm_m3_Hwi_setPriority__E)
                  2000e784    00000004     --HOLE-- [fill = 0]
                  2000e788    0000001c                  : BIOS.obj (.text:ti_sysbios_gates_GateMutex_Instance_init__E)
                  2000e7a4    0000001c     app_pem4.oem4 (.text:ti_sysbios_knl_Queue_Object__destruct__S)
                  2000e7c0    0000001c     sysbios.aem4 : BIOS.obj (.text:ti_sysbios_knl_Task_enter__I)
                  2000e7dc    0000001c     ti.targets.arm.rtsarm.aem4 : Error.oem4 (.text:xdc_runtime_Error_raiseX__E)
                  2000e7f8    0000001c                                : Memory.oem4 (.text:xdc_runtime_Memory_valloc__E)
                  2000e814    0000001c                                : SysMin.oem4 (.text:xdc_runtime_SysMin_exit__E)
                  2000e830    0000001c                                : System.oem4 (.text:xdc_runtime_System_abort__E)
                  2000e84c    0000001a     driverlib.a : pin.obj (.text:PinTypeSPI)
                  2000e866    0000001a                 : spi.obj (.text:SPIFIFOEnable)
                  2000e880    0000001a     app_pem4.oem4 (.text:ti_sysbios_family_arm_m3_Hwi_Handle__label__S)
                  2000e89a    0000001a     sysbios.aem4 : m3_Hwi_asm.obj (.text:ti_sysbios_family_arm_m3_Hwi_pendSV__I)
                  2000e8b4    0000001a     app_pem4.oem4 (.text:ti_sysbios_gates_GateHwi_Handle__label__S)
                  2000e8ce    0000001a     app_pem4.oem4 (.text:ti_sysbios_gates_GateMutex_Handle__label__S)
                  2000e8e8    0000001a     app_pem4.oem4 (.text:ti_sysbios_heaps_HeapMem_Handle__label__S)
                  2000e902    0000001a     app_pem4.oem4 (.text:ti_sysbios_knl_Swi_Handle__label__S)
                  2000e91c    0000001a     app_pem4.oem4 (.text:ti_sysbios_knl_Task_Handle__label__S)
                  2000e936    00000002     --HOLE-- [fill = 0]
                  2000e938    0000001a     sysbios.aem4 : BIOS.obj (.text:ti_sysbios_knl_Task_sleepTimeout__I)
                  2000e952    0000001a     app_pem4.oem4 (.text:xdc_runtime_LoggerBuf_Handle__label__S)
                  2000e96c    0000001a     app_pem4.oem4 (.text:xdc_runtime_System_aprintf__E)
                  2000e986    0000001a     app_pem4.oem4 (.text:xdc_runtime_System_printf__E)
                  2000e9a0    00000018     driverlib.a : adc.obj (.text:ADCFIFORead)
                  2000e9b8    00000018                 : spi.obj (.text:SPIEnable)
                  2000e9d0    00000018                 : timer.obj (.text:TimerIntEnable)
                  2000e9e8    00000018                 : uart.obj (.text:UARTFIFOLevelSet)
                  2000ea00    00000018     app_pem4.oem4 (.text:free)
                  2000ea18    00000018     rtsv7M4_T_le_eabi.lib : args_main.obj (.text)
                  2000ea30    00000018     app_pem4.oem4 (.text:ti_sysbios_BIOS_rtsUnlock__I)
                  2000ea48    00000018     app_pem4.oem4 (.text:ti_sysbios_family_arm_m3_Hwi_Module__startupDone__F)
                  2000ea60    00000018     app_pem4.oem4 (.text:ti_sysbios_family_arm_m3_Timer_Module__startupDone__F)
                  2000ea78    00000018     sysbios.aem4 : BIOS.obj (.text:ti_sysbios_gates_GateMutex_leave__E)
                  2000ea90    00000018     ti.targets.arm.rtsarm.aem4 : Error.oem4 (.text:xdc_runtime_Error_check__E)
                  2000eaa8    00000018                                : System.oem4 (.text:xdc_runtime_System_exit__E)
                  2000eac0    00000018                                : Text.oem4 (.text:xdc_runtime_Text_ropeText__E)
                  2000ead8    00000016     driverlib.a : prcm.obj (.text:PRCMHIBRegRead)
                  2000eaee    00000016                 : prcm.obj (.text:PRCMHIBRegWrite)
                  2000eb04    00000016                 : uart.obj (.text:UARTFIFOEnable)
                  2000eb1a    00000016     rtsv7M4_T_le_eabi.lib : strchr.obj (.text)
                  2000eb30    00000016     app_pem4.oem4 (.text:ti_sysbios_BIOS_exitFunc__I)
                  2000eb46    00000014     driverlib.a : adc.obj (.text:ADCEnable)
                  2000eb5a    00000014                 : cpu.obj (.text:CPUcpsie)
                  2000eb6e    00000014                 : pin.obj (.text:PinTypeADC)
                  2000eb82    00000002     --HOLE-- [fill = 0]
                  2000eb84    00000014     rtsv7M4_T_le_eabi.lib : _lock.obj (.text)
                  2000eb98    00000014                           : strcpy.obj (.text)
                  2000ebac    00000014                           : strlen.obj (.text)
                  2000ebc0    00000014     app_pem4.oem4 (.text:ti_sysbios_family_arm_m3_Hwi_Object__get__S)
                  2000ebd4    00000004     --HOLE-- [fill = 0]
                  2000ebd8    00000014     sysbios.aem4 : BIOS.obj (.text:ti_sysbios_family_arm_m3_Hwi_switchFromBootStack__E)
                  2000ebec    00000014     app_pem4.oem4 (.text:ti_sysbios_heaps_HeapMem_Object__get__S)
                  2000ec00    00000014     app_pem4.oem4 (.text:ti_sysbios_knl_Swi_Object__get__S)
                  2000ec14    00000014     app_pem4.oem4 (.text:xdc_runtime_LoggerBuf_Object__get__S)
                  2000ec28    00000012     driverlib.a : timer.obj (.text:TimerIntClear)
                  2000ec3a    00000006     rtsv7M4_T_le_eabi.lib : copy_decompress_rle.obj (.text:decompress:rle24)
                  2000ec40    00000012     sysbios.aem4 : BIOS.obj (.text:ti_sysbios_hal_Hwi_Module_startup__E)
                  2000ec52    00000006     rtsv7M4_T_le_eabi.lib : log.obj (.text)
                  2000ec58    00000012     sysbios.aem4 : BIOS.obj (.text:ti_sysbios_hal_Timer_Module_startup__E)
                  2000ec6a    00000012     ti.targets.arm.rtsarm.aem4 : LoggerBuf.oem4 (.text:xdc_runtime_LoggerBuf_Instance_finalize__E)
                  2000ec7c    00000012                                : LoggerBuf.oem4 (.text:xdc_runtime_LoggerBuf_write1__E)
                  2000ec8e    00000012                                : LoggerBuf.oem4 (.text:xdc_runtime_LoggerBuf_write2__E)
                  2000eca0    00000012     app_pem4.oem4 (.text:xdc_runtime_Startup_exec__I)
                  2000ecb2    00000006     rtsv7M4_T_le_eabi.lib : log10.obj (.text)
                  2000ecb8    00000010     sysbios.aem4 : BIOS.obj (.text:ti_sysbios_BIOS_setThreadType__E)
                  2000ecc8    00000010                  : BIOS.obj (.text:ti_sysbios_BIOS_start__E)
                  2000ecd8    00000010                  : BIOS.obj (.text:ti_sysbios_family_arm_m3_Hwi_getHandle__E)
                  2000ece8    00000010                  : m3_TaskSupport_asm.obj (.text:ti_sysbios_family_arm_m3_TaskSupport_glue)
                  2000ecf8    00000010                  : m3_TaskSupport_asm.obj (.text:ti_sysbios_family_arm_m3_TaskSupport_swap__E)
                  2000ed08    00000010                  : BIOS.obj (.text:ti_sysbios_gates_GateMutex_Instance_finalize__E)
                  2000ed18    00000010     app_pem4.oem4 (.text:ti_sysbios_knl_Mailbox_Object__get__S)
                  2000ed28    00000010     sysbios.aem4 : BIOS.obj (.text:ti_sysbios_knl_Semaphore_Instance_finalize__E)
                  2000ed38    00000010                  : BIOS.obj (.text:ti_sysbios_knl_Swi_disable__E)
                  2000ed48    00000010     app_pem4.oem4 (.text:ti_sysbios_knl_Task_Object__get__S)
                  2000ed58    00000010     sysbios.aem4 : BIOS.obj (.text:ti_sysbios_knl_Task_disable__E)
                  2000ed68    00000010     ti.targets.arm.rtsarm.aem4 : Gate.oem4 (.text:xdc_runtime_Gate_leaveSystem__E)
                  2000ed78    00000010                                : LoggerBuf.oem4 (.text:xdc_runtime_LoggerBuf_write0__E)
                  2000ed88    00000010                                : Memory.oem4 (.text:xdc_runtime_Memory_free__E)
                  2000ed98    00000010                                : SysMin.oem4 (.text:xdc_runtime_SysMin_ready__E)
                  2000eda8    00000010                                : System.oem4 (.text:xdc_runtime_System_vsnprintf__E)
                  2000edb8    00000010     app_pem4.oem4 (.text:xdc_runtime_Text_visitRope__I)
                  2000edc8    0000000e     rtsv7M4_T_le_eabi.lib : copy_decompress_none.obj (.text:decompress:none)
                  2000edd6    00000002     --HOLE-- [fill = 0]
                  2000edd8    0000000e     sysbios.aem4 : BIOS.obj (.text:ti_sysbios_knl_Idle_loop__E)
                  2000ede6    00000002     --HOLE-- [fill = 0]
                  2000ede8    0000000e                  : BIOS.obj (.text:ti_sysbios_knl_Queue_empty__E)
                  2000edf6    0000000c     rtsv7M4_T_le_eabi.lib : copy_zero_init.obj (.text:decompress:ZI)
                  2000ee02    00000002     --HOLE-- [fill = 0]
                  2000ee04    0000000c     app_pem4.oem4 (.text:ti_sysbios_family_arm_m3_Hwi_Params__init__S)
                  2000ee10    0000000c     sysbios.aem4 : BIOS.obj (.text:ti_sysbios_family_arm_m3_Hwi_disableFxn__E)
                  2000ee1c    00000004     --HOLE-- [fill = 0]
                  2000ee20    0000000c                  : BIOS.obj (.text:ti_sysbios_family_arm_m3_TaskSupport_checkStack__E)
                  2000ee2c    00000004     --HOLE-- [fill = 0]
                  2000ee30    0000000c                  : BIOS.obj (.text:ti_sysbios_family_arm_m3_TaskSupport_getStackAlignment__E)
                  2000ee3c    00000004     --HOLE-- [fill = 0]
                  2000ee40    0000000c                  : BIOS.obj (.text:ti_sysbios_gates_GateHwi_enter__E)
                  2000ee4c    0000000c     app_pem4.oem4 (.text:ti_sysbios_knl_Queue_Object__get__S)
                  2000ee58    0000000c     app_pem4.oem4 (.text:ti_sysbios_knl_Semaphore_Params__init__S)
                  2000ee64    0000000c     app_pem4.oem4 (.text:ti_sysbios_knl_Task_Params__init__S)
                  2000ee70    0000000c     ti.targets.arm.rtsarm.aem4 : Error.oem4 (.text:xdc_runtime_Error_init__E)
                  2000ee7c    0000000c                                : Gate.oem4 (.text:xdc_runtime_Gate_enterSystem__E)
                  2000ee88    0000000c                                : Memory.oem4 (.text:xdc_runtime_Memory_calloc__E)
                  2000ee94    0000000c                                : Memory.oem4 (.text:xdc_runtime_Memory_getMaxDefaultTypeAlign__E)
                  2000eea0    0000000a     driverlib.a : interrupt.obj (.text:IntMasterEnable)
                  2000eeaa    0000000a     app_pem4.oem4 (.text:xdc_runtime_IHeap_alloc)
                  2000eeb4    0000000a     app_pem4.oem4 (.text:xdc_runtime_IHeap_free)
                  2000eebe    0000000a     ti.targets.arm.rtsarm.aem4 : LoggerBuf.oem4 (.text:xdc_runtime_LoggerBuf_disable__E)
                  2000eec8    0000000a                                : LoggerBuf.oem4 (.text:xdc_runtime_LoggerBuf_enable__E)
                  2000eed2    00000006                                : System.oem4 (.text:xdc_runtime_System_Module_startup__E)
                  2000eed8    00000008     sysbios.aem4 : BIOS.obj (.text:ti_sysbios_family_arm_m3_Hwi_doSwiRestore__I)
                  2000eee0    00000008                  : BIOS.obj (.text:ti_sysbios_family_arm_m3_Hwi_startup__E)
                  2000eee8    00000006                  : BIOS.obj (.text:ti_sysbios_family_arm_m3_Hwi_restoreFxn__E)
                  2000eeee    00000002     --HOLE-- [fill = 0]
                  2000eef0    00000006                  : BIOS.obj (.text:ti_sysbios_gates_GateHwi_leave__E)
                  2000eef6    00000002     --HOLE-- [fill = 0]
                  2000eef8    00000006                  : BIOS.obj (.text:ti_sysbios_heaps_HeapMem_isBlocking__E)
                  2000eefe    00000002     --HOLE-- [fill = 0]
                  2000ef00    00000006                  : BIOS.obj (.text:ti_sysbios_knl_Queue_Instance_init__E)
                  2000ef06    00000002     --HOLE-- [fill = 0]
                  2000ef08    00000004                  : BIOS.obj (.text:ti_sysbios_family_arm_m3_Timer_getMaxTicks__E)
                  2000ef0c    00000004     --HOLE-- [fill = 0]
                  2000ef10    00000004                  : BIOS.obj (.text:ti_sysbios_gates_GateHwi_query__E)
                  2000ef14    00000004     --HOLE-- [fill = 0]
                  2000ef18    00000004                  : BIOS.obj (.text:ti_sysbios_gates_GateMutex_query__E)
                  2000ef1c    00000004     --HOLE-- [fill = 0]
                  2000ef20    00000004                  : BIOS.obj (.text:ti_sysbios_knl_Task_startup__E)
                  2000ef24    00000004     --HOLE-- [fill = 0]
                  2000ef28    00000002                  : BIOS.obj (.text:ti_sysbios_gates_GateHwi_Instance_init__E)

.const     0    2000ef30    00002460     
                  2000ef30    000018cb     app_pem4.oem4 (.const:xdc_runtime_Text_charTab__A)
                  200107fb    00000101     rtsv7M4_T_le_eabi.lib : ctype.obj (.const:.string:_ctypes_)
                  200108fc    00000100     driverlib.a : pin.obj (.const:g_ulPinToPadMap)
                  200109fc    000000b8     app_pem4.oem4 (.const:xdc_runtime_Text_nodeTab__A)
                  20010ab4    000000a8     driverlib.a : prcm.obj (.const:PRCM_PeriphRegsList)
                  20010b5c    00000080                 : interrupt.obj (.const)
                  20010bdc    00000050     Effect.obj (.const:_effects)
                  20010c2c    00000048     app_pem4.oem4 (.const:.string)
                  20010c74    00000004     app_pem4.oem4 (.const:ti_sysbios_family_arm_m3_Hwi_E_NMI__C)
                  20010c78    00000048     rtsv7M4_T_le_eabi.lib : xexp.obj (.const)
                  20010cc0    0000003c     app_pem4.oem4 (.const:ti_sysbios_knl_Task_Object__PARAMS__C)
                  20010cfc    0000003c     app_pem4.oem4 (.const:xdc_runtime_LoggerBuf_Module__FXNS__C)
                  20010d38    00000038     rtsv7M4_T_le_eabi.lib : xlog.obj (.const:p)
                  20010d70    00000034     app_pem4.oem4 (.const:ti_sysbios_knl_Mailbox_Object__PARAMS__C)
                  20010da4    00000030     rtsv7M4_T_le_eabi.lib : xdint.obj (.const)
                  20010dd4    00000030     app_pem4.oem4 (.const:ti_sysbios_family_arm_m3_Hwi_Object__PARAMS__C)
                  20010e04    00000030     app_pem4.oem4 (.const:xdc_runtime_Startup_sfxnTab__A)
                  20010e34    00000028     app_pem4.oem4 (.const:ti_sysbios_heaps_HeapMem_Module__FXNS__C)
                  20010e5c    00000024     app_pem4.oem4 (.const:ti_sysbios_gates_GateHwi_Module__FXNS__C)
                  20010e80    00000024     app_pem4.oem4 (.const:ti_sysbios_gates_GateMutex_Module__FXNS__C)
                  20010ea4    00000024     app_pem4.oem4 (.const:ti_sysbios_heaps_HeapMem_Object__PARAMS__C)
                  20010ec8    00000024     app_pem4.oem4 (.const:ti_sysbios_knl_Semaphore_Object__PARAMS__C)
                  20010eec    00000024     app_pem4.oem4 (.const:xdc_runtime_LoggerBuf_Object__PARAMS__C)
                  20010f10    00000020     app_pem4.oem4 (.const:ti_sysbios_family_arm_m3_Hwi_Object__DESC__C)
                  20010f30    00000020     app_pem4.oem4 (.const:ti_sysbios_gates_GateHwi_Object__DESC__C)
                  20010f50    00000020     app_pem4.oem4 (.const:ti_sysbios_gates_GateMutex_Object__DESC__C)
                  20010f70    00000020     app_pem4.oem4 (.const:ti_sysbios_heaps_HeapMem_Object__DESC__C)
                  20010f90    00000020     app_pem4.oem4 (.const:ti_sysbios_knl_Mailbox_Object__DESC__C)
                  20010fb0    00000020     app_pem4.oem4 (.const:ti_sysbios_knl_Queue_Object__DESC__C)
                  20010fd0    00000020     app_pem4.oem4 (.const:ti_sysbios_knl_Semaphore_Object__DESC__C)
                  20010ff0    00000020     app_pem4.oem4 (.const:ti_sysbios_knl_Task_Object__DESC__C)
                  20011010    00000020     app_pem4.oem4 (.const:xdc_runtime_LoggerBuf_Object__DESC__C)
                  20011030    00000018     app_pem4.oem4 (.const:ti_sysbios_gates_GateHwi_Object__PARAMS__C)
                  20011048    00000018     app_pem4.oem4 (.const:ti_sysbios_gates_GateMutex_Object__PARAMS__C)
                  20011060    00000018     app_pem4.oem4 (.const:ti_sysbios_knl_Queue_Object__PARAMS__C)
                  20011078    00000018     app_pem4.oem4 (.const:xdc_runtime_Startup_sfxnRts__A)
                  20011090    00000015     rom_pin_mux_config.obj (.const)
                  200110a5    00000012     Effect.obj (.const:.string)
                  200110b7    00000001     app_pem4.oem4 (.const:xdc_runtime_Error_policy__C)
                  200110b8    0000000c     app_pem4.oem4 (.const:xdc_runtime_Startup_firstFxns__A)
                  200110c4    00000008     app_pem4.oem4 (.const:ti_sysbios_family_arm_m3_Hwi_excHookFuncs__A)
                  200110cc    00000008     app_pem4.oem4 (.const:ti_sysbios_knl_Idle_funcList__C)
                  200110d4    00000008     app_pem4.oem4 (.const:xdc_runtime_Startup_firstFxns__C)
                  200110dc    00000008     app_pem4.oem4 (.const:xdc_runtime_Startup_lastFxns__C)
                  200110e4    00000005     rom_pin_mux_config.obj (.const:.string)
                  200110e9    00000001     --HOLE-- [fill = 0]
                  200110ea    00000002     app_pem4.oem4 (.const:ti_sysbios_family_arm_m3_Hwi_Module__id__C)
                  200110ec    00000004     app_pem4.oem4 (.const:ti_sysbios_family_arm_m3_Hwi_E_alreadyDefined__C)
                  200110f0    00000004     app_pem4.oem4 (.const:ti_sysbios_family_arm_m3_Hwi_E_busFault__C)
                  200110f4    00000004     app_pem4.oem4 (.const:ti_sysbios_family_arm_m3_Hwi_E_debugMon__C)
                  200110f8    00000004     app_pem4.oem4 (.const:ti_sysbios_family_arm_m3_Hwi_E_hardFault__C)
                  200110fc    00000004     app_pem4.oem4 (.const:ti_sysbios_family_arm_m3_Hwi_E_memFault__C)
                  20011100    00000004     app_pem4.oem4 (.const:ti_sysbios_family_arm_m3_Hwi_E_noIsr__C)
                  20011104    00000004     app_pem4.oem4 (.const:ti_sysbios_family_arm_m3_Hwi_E_reserved__C)
                  20011108    00000004     app_pem4.oem4 (.const:ti_sysbios_family_arm_m3_Hwi_E_svCall__C)
                  2001110c    00000004     app_pem4.oem4 (.const:ti_sysbios_family_arm_m3_Hwi_E_usageFault__C)
                  20011110    00000004     app_pem4.oem4 (.const:ti_sysbios_family_arm_m3_Hwi_LD_end__C)
                  20011114    00000004     app_pem4.oem4 (.const:ti_sysbios_family_arm_m3_Hwi_LM_begin__C)
                  20011118    00000004     app_pem4.oem4 (.const:ti_sysbios_family_arm_m3_Hwi_Module__diagsEnabled__C)
                  2001111c    00000004     app_pem4.oem4 (.const:ti_sysbios_family_arm_m3_Hwi_Module__diagsIncluded__C)
                  20011120    00000004     app_pem4.oem4 (.const:ti_sysbios_family_arm_m3_Hwi_Module__diagsMask__C)
                  20011124    00000004     app_pem4.oem4 (.const:ti_sysbios_family_arm_m3_Hwi_Module__loggerFxn1__C)
                  20011128    00000004     app_pem4.oem4 (.const:ti_sysbios_family_arm_m3_Hwi_Module__loggerFxn8__C)
                  2001112c    00000004     app_pem4.oem4 (.const:ti_sysbios_family_arm_m3_Hwi_Module__loggerObj__C)
                  20011130    00000004     app_pem4.oem4 (.const:ti_sysbios_family_arm_m3_Hwi_NUM_INTERRUPTS__C)
                  20011134    00000004     app_pem4.oem4 (.const:ti_sysbios_family_arm_m3_Hwi_Object__count__C)
                  20011138    00000004     app_pem4.oem4 (.const:ti_sysbios_family_arm_m3_Hwi_ccr__C)
                  2001113c    00000004     app_pem4.oem4 (.const:ti_sysbios_family_arm_m3_Hwi_excHandlerFunc__C)
                  20011140    00000004     app_pem4.oem4 (.const:ti_sysbios_family_arm_m3_Hwi_excHookFuncs__C)
                  20011144    00000004     app_pem4.oem4 (.const:ti_sysbios_family_arm_m3_Hwi_nullIsrFunc__C)
                  20011148    00000004     app_pem4.oem4 (.const:ti_sysbios_family_arm_m3_Hwi_priGroup__C)
                  2001114c    00000004     app_pem4.oem4 (.const:ti_sysbios_family_arm_m3_TaskSupport_stackAlignment__C)
                  20011150    00000004     app_pem4.oem4 (.const:ti_sysbios_family_arm_m3_Timer_E_cannotSupport__C)
                  20011154    00000004     app_pem4.oem4 (.const:ti_sysbios_family_arm_m3_Timer_startupNeeded__C)
                  20011158    00000004     app_pem4.oem4 (.const:ti_sysbios_gates_GateMutex_A_badContext__C)
                  2001115c    00000004     app_pem4.oem4 (.const:ti_sysbios_gates_GateMutex_Instance_State_sem__O)
                  20011160    00000004     app_pem4.oem4 (.const:ti_sysbios_gates_GateMutex_Module__diagsEnabled__C)
                  20011164    00000004     app_pem4.oem4 (.const:ti_sysbios_gates_GateMutex_Module__diagsIncluded__C)
                  20011168    00000004     app_pem4.oem4 (.const:ti_sysbios_gates_GateMutex_Module__diagsMask__C)
                  2001116c    00000004     app_pem4.oem4 (.const:ti_sysbios_hal_Hwi_E_stackOverflow__C)
                  20011170    00000004     app_pem4.oem4 (.const:ti_sysbios_heaps_HeapMem_A_align__C)
                  20011174    00000004     app_pem4.oem4 (.const:ti_sysbios_heaps_HeapMem_A_heapSize__C)
                  20011178    00000004     app_pem4.oem4 (.const:ti_sysbios_heaps_HeapMem_A_invalidFree__C)
                  2001117c    00000004     app_pem4.oem4 (.const:ti_sysbios_heaps_HeapMem_A_zeroBlock__C)
                  20011180    00000004     app_pem4.oem4 (.const:ti_sysbios_heaps_HeapMem_E_memory__C)
                  20011184    00000004     app_pem4.oem4 (.const:ti_sysbios_heaps_HeapMem_Module__diagsEnabled__C)
                  20011188    00000004     app_pem4.oem4 (.const:ti_sysbios_heaps_HeapMem_Module__diagsIncluded__C)
                  2001118c    00000004     app_pem4.oem4 (.const:ti_sysbios_heaps_HeapMem_Module__diagsMask__C)
                  20011190    00000004     app_pem4.oem4 (.const:ti_sysbios_heaps_HeapMem_Module__gateObj__C)
                  20011194    00000004     app_pem4.oem4 (.const:ti_sysbios_heaps_HeapMem_Object__count__C)
                  20011198    00000004     app_pem4.oem4 (.const:ti_sysbios_heaps_HeapMem_reqAlign__C)
                  2001119c    00000004     app_pem4.oem4 (.const:ti_sysbios_knl_Clock_LM_begin__C)
                  200111a0    00000004     app_pem4.oem4 (.const:ti_sysbios_knl_Clock_LM_tick__C)
                  200111a4    00000004     app_pem4.oem4 (.const:ti_sysbios_knl_Clock_LW_delayed__C)
                  200111a8    00000004     app_pem4.oem4 (.const:ti_sysbios_knl_Clock_Module_State_clockQ__O)
                  200111ac    00000004     app_pem4.oem4 (.const:ti_sysbios_knl_Clock_Module__diagsEnabled__C)
                  200111b0    00000004     app_pem4.oem4 (.const:ti_sysbios_knl_Clock_Module__diagsIncluded__C)
                  200111b4    00000004     app_pem4.oem4 (.const:ti_sysbios_knl_Clock_Module__diagsMask__C)
                  200111b8    00000004     app_pem4.oem4 (.const:ti_sysbios_knl_Clock_Module__loggerFxn1__C)
                  200111bc    00000004     app_pem4.oem4 (.const:ti_sysbios_knl_Clock_Module__loggerFxn2__C)
                  200111c0    00000004     app_pem4.oem4 (.const:ti_sysbios_knl_Clock_Module__loggerObj__C)
                  200111c4    00000004     app_pem4.oem4 (.const:ti_sysbios_knl_Clock_tickPeriod__C)
                  200111c8    00000004     app_pem4.oem4 (.const:ti_sysbios_knl_Idle_funcList__A)
                  200111cc    00000004     app_pem4.oem4 (.const:ti_sysbios_knl_Mailbox_A_invalidBufSize__C)
                  200111d0    00000004     app_pem4.oem4 (.const:ti_sysbios_knl_Mailbox_Instance_State_dataQue__O)
                  200111d4    00000004     app_pem4.oem4 (.const:ti_sysbios_knl_Mailbox_Instance_State_dataSem__O)
                  200111d8    00000004     app_pem4.oem4 (.const:ti_sysbios_knl_Mailbox_Instance_State_freeQue__O)
                  200111dc    00000004     app_pem4.oem4 (.const:ti_sysbios_knl_Mailbox_Instance_State_freeSem__O)
                  200111e0    00000004     app_pem4.oem4 (.const:ti_sysbios_knl_Mailbox_Module__diagsEnabled__C)
                  200111e4    00000004     app_pem4.oem4 (.const:ti_sysbios_knl_Mailbox_Module__diagsIncluded__C)
                  200111e8    00000004     app_pem4.oem4 (.const:ti_sysbios_knl_Mailbox_Module__diagsMask__C)
                  200111ec    00000004     app_pem4.oem4 (.const:ti_sysbios_knl_Mailbox_Object__count__C)
                  200111f0    00000004     app_pem4.oem4 (.const:ti_sysbios_knl_Mailbox_maxTypeAlign__C)
                  200111f4    00000004     app_pem4.oem4 (.const:ti_sysbios_knl_Semaphore_A_badContext__C)
                  200111f8    00000004     app_pem4.oem4 (.const:ti_sysbios_knl_Semaphore_A_noEvents__C)
                  200111fc    00000004     app_pem4.oem4 (.const:ti_sysbios_knl_Semaphore_A_overflow__C)
                  20011200    00000004     app_pem4.oem4 (.const:ti_sysbios_knl_Semaphore_A_pendTaskDisabled__C)
                  20011204    00000004     app_pem4.oem4 (.const:ti_sysbios_knl_Semaphore_Instance_State_pendQ__O)
                  20011208    00000004     app_pem4.oem4 (.const:ti_sysbios_knl_Semaphore_LM_pend__C)
                  2001120c    00000004     app_pem4.oem4 (.const:ti_sysbios_knl_Semaphore_LM_post__C)
                  20011210    00000004     app_pem4.oem4 (.const:ti_sysbios_knl_Semaphore_Module__diagsEnabled__C)
                  20011214    00000004     app_pem4.oem4 (.const:ti_sysbios_knl_Semaphore_Module__diagsIncluded__C)
                  20011218    00000004     app_pem4.oem4 (.const:ti_sysbios_knl_Semaphore_Module__diagsMask__C)
                  2001121c    00000004     app_pem4.oem4 (.const:ti_sysbios_knl_Semaphore_Module__loggerFxn2__C)
                  20011220    00000004     app_pem4.oem4 (.const:ti_sysbios_knl_Semaphore_Module__loggerFxn4__C)
                  20011224    00000004     app_pem4.oem4 (.const:ti_sysbios_knl_Semaphore_Module__loggerObj__C)
                  20011228    00000004     app_pem4.oem4 (.const:ti_sysbios_knl_Swi_LD_end__C)
                  2001122c    00000004     app_pem4.oem4 (.const:ti_sysbios_knl_Swi_LM_begin__C)
                  20011230    00000004     app_pem4.oem4 (.const:ti_sysbios_knl_Swi_LM_post__C)
                  20011234    00000004     app_pem4.oem4 (.const:ti_sysbios_knl_Swi_Module__diagsEnabled__C)
                  20011238    00000004     app_pem4.oem4 (.const:ti_sysbios_knl_Swi_Module__diagsIncluded__C)
                  2001123c    00000004     app_pem4.oem4 (.const:ti_sysbios_knl_Swi_Module__diagsMask__C)
                  20011240    00000004     app_pem4.oem4 (.const:ti_sysbios_knl_Swi_Module__loggerFxn1__C)
                  20011244    00000004     app_pem4.oem4 (.const:ti_sysbios_knl_Swi_Module__loggerFxn4__C)
                  20011248    00000004     app_pem4.oem4 (.const:ti_sysbios_knl_Swi_Module__loggerObj__C)
                  2001124c    00000004     app_pem4.oem4 (.const:ti_sysbios_knl_Swi_Object__count__C)
                  20011250    00000004     app_pem4.oem4 (.const:ti_sysbios_knl_Task_A_badPriority__C)
                  20011254    00000004     app_pem4.oem4 (.const:ti_sysbios_knl_Task_A_badTaskState__C)
                  20011258    00000004     app_pem4.oem4 (.const:ti_sysbios_knl_Task_A_badThreadType__C)
                  2001125c    00000004     app_pem4.oem4 (.const:ti_sysbios_knl_Task_A_badTimeout__C)
                  20011260    00000004     app_pem4.oem4 (.const:ti_sysbios_knl_Task_A_noPendElem__C)
                  20011264    00000004     app_pem4.oem4 (.const:ti_sysbios_knl_Task_A_sleepTaskDisabled__C)
                  20011268    00000004     app_pem4.oem4 (.const:ti_sysbios_knl_Task_E_spOutOfBounds__C)
                  2001126c    00000004     app_pem4.oem4 (.const:ti_sysbios_knl_Task_E_stackOverflow__C)
                  20011270    00000004     app_pem4.oem4 (.const:ti_sysbios_knl_Task_LD_block__C)
                  20011274    00000004     app_pem4.oem4 (.const:ti_sysbios_knl_Task_LD_exit__C)
                  20011278    00000004     app_pem4.oem4 (.const:ti_sysbios_knl_Task_LD_ready__C)
                  2001127c    00000004     app_pem4.oem4 (.const:ti_sysbios_knl_Task_LM_sleep__C)
                  20011280    00000004     app_pem4.oem4 (.const:ti_sysbios_knl_Task_LM_switch__C)
                  20011284    00000004     app_pem4.oem4 (.const:ti_sysbios_knl_Task_LM_yield__C)
                  20011288    00000004     app_pem4.oem4 (.const:ti_sysbios_knl_Task_Module_State_inactiveQ__O)
                  2001128c    00000004     app_pem4.oem4 (.const:ti_sysbios_knl_Task_Module__diagsEnabled__C)
                  20011290    00000004     app_pem4.oem4 (.const:ti_sysbios_knl_Task_Module__diagsIncluded__C)
                  20011294    00000004     app_pem4.oem4 (.const:ti_sysbios_knl_Task_Module__diagsMask__C)
                  20011298    00000004     app_pem4.oem4 (.const:ti_sysbios_knl_Task_Module__loggerFxn2__C)
                  2001129c    00000004     app_pem4.oem4 (.const:ti_sysbios_knl_Task_Module__loggerFxn4__C)
                  200112a0    00000004     app_pem4.oem4 (.const:ti_sysbios_knl_Task_Module__loggerObj__C)
                  200112a4    00000004     app_pem4.oem4 (.const:ti_sysbios_knl_Task_Object__count__C)
                  200112a8    00000004     app_pem4.oem4 (.const:ti_sysbios_knl_Task_allBlockedFunc__C)
                  200112ac    00000004     app_pem4.oem4 (.const:ti_sysbios_knl_Task_defaultStackHeap__C)
                  200112b0    00000004     app_pem4.oem4 (.const:ti_sysbios_knl_Task_defaultStackSize__C)
                  200112b4    00000004     app_pem4.oem4 (.const:ti_sysbios_knl_Task_numConstructedTasks__C)
                  200112b8    00000004     app_pem4.oem4 (.const:xdc_runtime_Assert_E_assertFailed__C)
                  200112bc    00000004     app_pem4.oem4 (.const:xdc_runtime_Core_A_initializedParams__C)
                  200112c0    00000004     app_pem4.oem4 (.const:xdc_runtime_Core_Module__diagsEnabled__C)
                  200112c4    00000004     app_pem4.oem4 (.const:xdc_runtime_Core_Module__diagsIncluded__C)
                  200112c8    00000004     app_pem4.oem4 (.const:xdc_runtime_Core_Module__diagsMask__C)
                  200112cc    00000004     app_pem4.oem4 (.const:xdc_runtime_Error_E_memory__C)
                  200112d0    00000004     app_pem4.oem4 (.const:xdc_runtime_Error_Module__diagsEnabled__C)
                  200112d4    00000004     app_pem4.oem4 (.const:xdc_runtime_Error_Module__diagsIncluded__C)
                  200112d8    00000004     app_pem4.oem4 (.const:xdc_runtime_Error_Module__diagsMask__C)
                  200112dc    00000004     app_pem4.oem4 (.const:xdc_runtime_Error_Module__loggerFxn8__C)
                  200112e0    00000004     app_pem4.oem4 (.const:xdc_runtime_Error_Module__loggerObj__C)
                  200112e4    00000004     app_pem4.oem4 (.const:xdc_runtime_Error_policyFxn__C)
                  200112e8    00000004     app_pem4.oem4 (.const:xdc_runtime_Error_raiseHook__C)
                  200112ec    00000004     app_pem4.oem4 (.const:xdc_runtime_IFilterLogger_Interface__BASE__C)
                  200112f0    00000004     app_pem4.oem4 (.const:xdc_runtime_IGateProvider_Interface__BASE__C)
                  200112f4    00000004     app_pem4.oem4 (.const:xdc_runtime_IHeap_Interface__BASE__C)
                  200112f8    00000004     app_pem4.oem4 (.const:xdc_runtime_ILogger_Interface__BASE__C)
                  200112fc    00000004     app_pem4.oem4 (.const:xdc_runtime_IModule_Interface__BASE__C)
                  20011300    00000004     app_pem4.oem4 (.const:xdc_runtime_Log_L_error__C)
                  20011304    00000004     app_pem4.oem4 (.const:xdc_runtime_LoggerBuf_E_badLevel__C)
                  20011308    00000004     app_pem4.oem4 (.const:xdc_runtime_LoggerBuf_Module__gateObj__C)
                  2001130c    00000004     app_pem4.oem4 (.const:xdc_runtime_LoggerBuf_Object__count__C)
                  20011310    00000004     app_pem4.oem4 (.const:xdc_runtime_LoggerBuf_statusLogger__C)
                  20011314    00000004     app_pem4.oem4 (.const:xdc_runtime_Memory_defaultHeapInstance__C)
                  20011318    00000004     app_pem4.oem4 (.const:xdc_runtime_Startup_execImpl__C)
                  2001131c    00000004     app_pem4.oem4 (.const:xdc_runtime_Startup_maxPasses__C)
                  20011320    00000004     app_pem4.oem4 (.const:xdc_runtime_Startup_sfxnRts__C)
                  20011324    00000004     app_pem4.oem4 (.const:xdc_runtime_Startup_sfxnTab__C)
                  20011328    00000004     app_pem4.oem4 (.const:xdc_runtime_SysMin_bufSize__C)
                  2001132c    00000004     app_pem4.oem4 (.const:xdc_runtime_SysMin_outputFunc__C)
                  20011330    00000004     app_pem4.oem4 (.const:xdc_runtime_System_Module__gateObj__C)
                  20011334    00000004     app_pem4.oem4 (.const:xdc_runtime_System_abortFxn__C)
                  20011338    00000004     app_pem4.oem4 (.const:xdc_runtime_System_exitFxn__C)
                  2001133c    00000004     app_pem4.oem4 (.const:xdc_runtime_System_extendFxn__C)
                  20011340    00000004     app_pem4.oem4 (.const:xdc_runtime_System_maxAtexitHandlers__C)
                  20011344    00000004     app_pem4.oem4 (.const:xdc_runtime_Text_charTab__C)
                  20011348    00000004     app_pem4.oem4 (.const:xdc_runtime_Text_nameEmpty__C)
                  2001134c    00000004     app_pem4.oem4 (.const:xdc_runtime_Text_nameStatic__C)
                  20011350    00000004     app_pem4.oem4 (.const:xdc_runtime_Text_nameUnknown__C)
                  20011354    00000004     app_pem4.oem4 (.const:xdc_runtime_Text_nodeTab__C)
                  20011358    00000004     app_pem4.oem4 (.const:xdc_runtime_Text_visitRopeFxn__C)
                  2001135c    00000002     app_pem4.oem4 (.const:ti_sysbios_family_arm_m3_Hwi_Module__loggerDefined__C)
                  2001135e    00000002     app_pem4.oem4 (.const:ti_sysbios_family_arm_m3_Timer_Module__id__C)
                  20011360    00000002     app_pem4.oem4 (.const:ti_sysbios_family_arm_m3_TimestampProvider_configTimer__C)
                  20011362    00000002     app_pem4.oem4 (.const:ti_sysbios_gates_GateMutex_Module__id__C)
                  20011364    00000002     app_pem4.oem4 (.const:ti_sysbios_hal_Hwi_Module__id__C)
                  20011366    00000002     app_pem4.oem4 (.const:ti_sysbios_heaps_HeapMem_Module__id__C)
                  20011368    00000002     app_pem4.oem4 (.const:ti_sysbios_knl_Clock_Module__id__C)
                  2001136a    00000002     app_pem4.oem4 (.const:ti_sysbios_knl_Clock_Module__loggerDefined__C)
                  2001136c    00000002     app_pem4.oem4 (.const:ti_sysbios_knl_Mailbox_Module__id__C)
                  2001136e    00000002     app_pem4.oem4 (.const:ti_sysbios_knl_Semaphore_Module__id__C)
                  20011370    00000002     app_pem4.oem4 (.const:ti_sysbios_knl_Semaphore_Module__loggerDefined__C)
                  20011372    00000002     app_pem4.oem4 (.const:ti_sysbios_knl_Swi_Module__id__C)
                  20011374    00000002     app_pem4.oem4 (.const:ti_sysbios_knl_Swi_Module__loggerDefined__C)
                  20011376    00000002     app_pem4.oem4 (.const:ti_sysbios_knl_Task_Module__id__C)
                  20011378    00000002     app_pem4.oem4 (.const:ti_sysbios_knl_Task_Module__loggerDefined__C)
                  2001137a    00000002     app_pem4.oem4 (.const:xdc_runtime_Core_Module__id__C)
                  2001137c    00000002     app_pem4.oem4 (.const:xdc_runtime_Error_Module__loggerDefined__C)
                  2001137e    00000002     app_pem4.oem4 (.const:xdc_runtime_Error_maxDepth__C)
                  20011380    00000002     app_pem4.oem4 (.const:xdc_runtime_LoggerBuf_Module__id__C)
                  20011382    00000002     app_pem4.oem4 (.const:xdc_runtime_LoggerBuf_filterByLevel__C)
                  20011384    00000002     app_pem4.oem4 (.const:xdc_runtime_Memory_Module__id__C)
                  20011386    00000002     app_pem4.oem4 (.const:xdc_runtime_SysMin_flushAtExit__C)
                  20011388    00000002     app_pem4.oem4 (.const:xdc_runtime_Text_charCnt__C)
                  2001138a    00000002     app_pem4.oem4 (.const:xdc_runtime_Text_isLoaded__C)
                  2001138c    00000002     app_pem4.oem4 (.const:xdc_runtime_Text_registryModsLastId__C)
                  2001138e    00000002     app_pem4.oem4 (.const:xdc_runtime_Text_unnamedModsLastId__C)

.cinit     0    20011390    000003a8     
                  20011390    0000037e     (.cinit..data.load) [load image, compression = rle]
                  2001170e    00000002     --HOLE-- [fill = 0]
                  20011710    0000000c     (__TI_handler_table)
                  2001171c    00000004     --HOLE-- [fill = 0]
                  20011720    00000008     (.cinit..bss.load) [load image, compression = zero_init]
                  20011728    00000010     (__TI_cinit_table)

.bss       0    20017000    00009665     UNINITIALIZED
                  20017000    00008000     app_pem4.oem4 (.bss:ti_sysbios_heaps_HeapMem_Instance_State_0_buf__A)
                  2001f000    00000800     app_pem4.oem4 (.bss:taskStackSection)
                  2001f800    00000400     app_pem4.oem4 (.bss:xdc_runtime_LoggerBuf_Instance_State_0_entryArr__A)
                  2001fc00    00000400     app_pem4.oem4 (.bss:xdc_runtime_SysMin_Module_State_0_outbuf__A)
                  20020000    0000030c     app_pem4.oem4 (.bss:ti_sysbios_family_arm_m3_Hwi_dispatchTable)
                  2002030c    00000120     rtsv7M4_T_le_eabi.lib : trgmsg.obj (.bss:__CIOBUF_)
                  2002042c    00000100     APA102.obj (.bss:_gamma)
                  2002052c    00000050     Effect.obj (.bss:bassBeat$6)
                  2002057c    00000050     Effect.obj (.bss:trebbleBeat$7)
                  200205cc    0000001c     (.common:_levels)
                  200205e8    00000014     (.common:spectrum$5)
                  200205fc    00000010     (.common:_effectData)
                  2002060c    00000010     (.common:matrix)
                  2002061c    0000000c     (.common:armLeft)
                  20020628    0000000c     (.common:armRight)
                  20020634    0000000c     (.common:legLeft)
                  20020640    0000000c     (.common:legRight)
                  2002064c    00000008     (.common:parmbuf)
                  20020654    00000004     (.common:SimpleLinkSpawnTaskHndl)
                  20020658    00000004     (.common:_adcCount)
                  2002065c    00000004     (.common:_tick)
                  20020660    00000004     (.common:simpleLink_mailbox)
                  20020664    00000001     (.common:_state)

.data      0    20020668    000005c3     UNINITIALIZED
                  20020668    00000138     app_pem4.oem4 (.data)
                  200207a0    000000b0     rtsv7M4_T_le_eabi.lib : signal.obj (.data:sigtable)
                  20020850    00000080                           : xvalues.obj (.data)
                  200208d0    00000080     app_pem4.oem4 (.data:ti_sysbios_knl_Swi_Module_State_0_readyQ__A)
                  20020950    00000080     app_pem4.oem4 (.data:ti_sysbios_knl_Task_Module_State_0_readyQ__A)
                  200209d0    00000068     rtsv7M4_T_le_eabi.lib : xfvalues.obj (.data)
                  20020a38    0000004c     app_pem4.oem4 (.data:ti_sysbios_knl_Task_Object__table__V)
                  20020a84    00000044     app_pem4.oem4 (.data:ti_sysbios_knl_Task_Module__state__V)
                  20020ac8    00000038     app_pem4.oem4 (.data:ti_sysbios_gates_GateMutex_Object__table__V)
                  20020b00    00000034     app_pem4.oem4 (.data:ti_sysbios_family_arm_m3_Hwi_Module__state__V)
                  20020b34    00000030     app_pem4.oem4 (.data:ti_sysbios_family_arm_m3_Timer_Object__table__V)
                  20020b64    00000030     app_pem4.oem4 (.data:ti_sysbios_knl_Swi_Object__table__V)
                  20020b94    0000002c     app_pem4.oem4 (.data:ti_sysbios_knl_Clock_Module__state__V)
                  20020bc0    00000024     app_pem4.oem4 (.data:ti_sysbios_BIOS_Module__state__V)
                  20020be4    00000024     app_pem4.oem4 (.data:xdc_runtime_LoggerBuf_Object__table__V)
                  20020c08    00000008     rtsv7M4_T_le_eabi.lib : _lock.obj (.data)
                  20020c10    00000008                           : exit.obj (.data)
                  20020c18    00000008                           : feraiseexcept.obj (.data)
                  20020c20    00000004                           : errno.obj (.data)
                  20020c24    00000004                           : stkdepth_vars.obj (.data)
                  20020c28    00000003     Effect.obj (.data)

.stack     0    2002e000    00002000     UNINITIALIZED
                  2002e000    00002000     --HOLE--

.bootVecs 
*          0    00000000    00000008     DSECT
                  00000000    00000008     boot.aem4 : boot.oem4 (.bootVecs)

.vecs      0    20004000    00000000     DSECT

xdc.meta   0    00000000    000000f8     COPY SECTION
                  00000000    000000f8     app_pem4.oem4 (xdc.meta)

.TI.noinit 
*          0    20017000    00000000     UNINITIALIZED

.TI.persistent 
*          0    20020668    00000000     UNINITIALIZED


LINKER GENERATED COPY TABLES

__TI_cinit_table @ 20011728 records: 2, size/record: 8, table size: 16
	.data: load addr=20011390, load size=0000037e bytes, run addr=20020668, run size=000005c3 bytes, compression=rle
	.bss: load addr=20011720, load size=00000008 bytes, run addr=20017000, run size=00009665 bytes, compression=zero_init


LINKER GENERATED HANDLER TABLE

__TI_handler_table @ 20011710 records: 3, size/record: 4, table size: 12
	index: 0, handler: __TI_decompress_rle24
	index: 1, handler: __TI_decompress_none
	index: 2, handler: __TI_zero_init


GLOBAL SYMBOLS: SORTED ALPHABETICALLY BY Name 

address   name                                                        
-------   ----                                                        
2000d9d7  ADCChannelEnable                                            
2000eb47  ADCEnable                                                   
2000e711  ADCFIFOLvlGet                                               
2000e9a1  ADCFIFORead                                                 
2000cd19  ADCIntClear                                                 
2000c7c1  ADCIntEnable                                                
2000d861  ADCIntRegister                                              
2000cb49  ADCIntStatus                                                
20007533  APA102_clearStrip                                           
20007409  APA102_init                                                 
200074c7  APA102_initStrip                                            
200075b9  APA102_setAll                                               
2000756f  APA102_setColor                                             
2000761d  APA102_updateStrip                                          
20009edf  BeatDetector_detect                                         
20009e85  BeatDetector_init                                           
2000d535  C$$EXIT                                                     
2000c857  C$$IO$$                                                     
2000eb5b  CPUcpsie                                                    
200110a4  CS_COUNT                                                    
200110e4  CS_PIN                                                      
20011090  CS_PORT                                                     
2000c359  Console_init                                                
2000c39f  Console_printf                                              
2000c381  Console_puts                                                
200061b1  Effect_start                                                
2000db61  GPIODirModeSet                                              
2000e479  GPIOPinWrite                                                
2000710d  HOSTclock                                                   
200070d5  HOSTclose                                                   
20007097  HOSTgetenv                                                  
2000703b  HOSTlseek                                                   
20006fe9  HOSTopen                                                    
20006f9d  HOSTread                                                    
20006f3f  HOSTrename                                                  
20006f05  HOSTtime                                                    
20006ecd  HOSTunlink                                                  
20006e81  HOSTwrite                                                   
2000b32d  IntEnable                                                   
2000eea1  IntMasterEnable                                             
2000e499  IntRegister                                                 
2000e639  LoggerBuf_instanceStartup                                   
200071ff  MSGEQ7_get                                                  
20007155  MSGEQ7_init                                                 
2000b561  Matrix_clear                                                
2000b529  Matrix_init                                                 
2000b56d  Matrix_setPixel                                             
2000b5bf  Matrix_update                                               
20008df9  PRCMCC3200MCUInit                                           
2000ead9  PRCMHIBRegRead                                              
2000eaef  PRCMHIBRegWrite                                             
2000e1e1  PRCMPeripheralClkDisable                                    
2000d8a1  PRCMPeripheralClkEnable                                     
2000bab9  PRCMPeripheralClockGet                                      
2000cd71  PRCMPeripheralReset                                         
2000e085  PRCMSysResetCauseGet                                        
2000be2d  PinConfigSet                                                
2000d75d  PinModeSet                                                  
20008c6d  PinMuxConfig                                                
2000eb6f  PinTypeADC                                                  
2000dde3  PinTypeGPIO                                                 
2000e84d  PinTypeSPI                                                  
UNDEFED   SHT$$INIT_ARRAY$$Base                                       
UNDEFED   SHT$$INIT_ARRAY$$Limit                                      
2000b5cd  SPIConfigSetExpClk                                          
2000e9b9  SPIEnable                                                   
2000e867  SPIFIFOEnable                                               
2000beb5  SPITransfer                                                 
20020654  SimpleLinkSpawnTaskHndl                                     
200085af  Spectrum_fromMSGEQ7                                         
20008579  Spectrum_init                                               
20007241  Spectrum_toDb                                               
2000d4ad  TimerConfigure                                              
2000e699  TimerEnable                                                 
2000ec29  TimerIntClear                                               
2000e9d1  TimerIntEnable                                              
2000c4bd  TimerIntRegister                                            
2000e6b7  TimerIntStatus                                              
[...]
200110cc  ti_sysbios_knl_Idle_funcList__C                             
200110d4  xdc_runtime_Startup_firstFxns__C                            
200110dc  xdc_runtime_Startup_lastFxns__C                             
200110e4  CS_PIN                                                      
200110ea  ti_sysbios_family_arm_m3_Hwi_Module__id__C                  
200110ec  ti_sysbios_family_arm_m3_Hwi_E_alreadyDefined__C            
200110f0  ti_sysbios_family_arm_m3_Hwi_E_busFault__C                  
200110f4  ti_sysbios_family_arm_m3_Hwi_E_debugMon__C                  
200110f8  ti_sysbios_family_arm_m3_Hwi_E_hardFault__C                 
200110fc  ti_sysbios_family_arm_m3_Hwi_E_memFault__C                  
20011100  ti_sysbios_family_arm_m3_Hwi_E_noIsr__C                     
20011104  ti_sysbios_family_arm_m3_Hwi_E_reserved__C                  
20011108  ti_sysbios_family_arm_m3_Hwi_E_svCall__C                    
2001110c  ti_sysbios_family_arm_m3_Hwi_E_usageFault__C                
20011110  ti_sysbios_family_arm_m3_Hwi_LD_end__C                      
20011114  ti_sysbios_family_arm_m3_Hwi_LM_begin__C                    
20011118  ti_sysbios_family_arm_m3_Hwi_Module__diagsEnabled__C        
2001111c  ti_sysbios_family_arm_m3_Hwi_Module__diagsIncluded__C       
20011120  ti_sysbios_family_arm_m3_Hwi_Module__diagsMask__C           
20011124  ti_sysbios_family_arm_m3_Hwi_Module__loggerFxn1__C          
20011128  ti_sysbios_family_arm_m3_Hwi_Module__loggerFxn8__C          
2001112c  ti_sysbios_family_arm_m3_Hwi_Module__loggerObj__C           
20011130  ti_sysbios_family_arm_m3_Hwi_NUM_INTERRUPTS__C              
20011134  ti_sysbios_family_arm_m3_Hwi_Object__count__C               
20011138  ti_sysbios_family_arm_m3_Hwi_ccr__C                         
2001113c  ti_sysbios_family_arm_m3_Hwi_excHandlerFunc__C              
20011140  ti_sysbios_family_arm_m3_Hwi_excHookFuncs__C                
20011144  ti_sysbios_family_arm_m3_Hwi_nullIsrFunc__C                 
20011148  ti_sysbios_family_arm_m3_Hwi_priGroup__C                    
2001114c  ti_sysbios_family_arm_m3_TaskSupport_stackAlignment__C      
20011150  ti_sysbios_family_arm_m3_Timer_E_cannotSupport__C           
20011154  ti_sysbios_family_arm_m3_Timer_startupNeeded__C             
20011158  ti_sysbios_gates_GateMutex_A_badContext__C                  
2001115c  ti_sysbios_gates_GateMutex_Instance_State_sem__O            
20011160  ti_sysbios_gates_GateMutex_Module__diagsEnabled__C          
20011164  ti_sysbios_gates_GateMutex_Module__diagsIncluded__C         
20011168  ti_sysbios_gates_GateMutex_Module__diagsMask__C             
2001116c  ti_sysbios_hal_Hwi_E_stackOverflow__C                       
20011170  ti_sysbios_heaps_HeapMem_A_align__C                         
20011174  ti_sysbios_heaps_HeapMem_A_heapSize__C                      
20011178  ti_sysbios_heaps_HeapMem_A_invalidFree__C                   
2001117c  ti_sysbios_heaps_HeapMem_A_zeroBlock__C                     
20011180  ti_sysbios_heaps_HeapMem_E_memory__C                        
20011184  ti_sysbios_heaps_HeapMem_Module__diagsEnabled__C            
20011188  ti_sysbios_heaps_HeapMem_Module__diagsIncluded__C           
2001118c  ti_sysbios_heaps_HeapMem_Module__diagsMask__C               
20011190  ti_sysbios_heaps_HeapMem_Module__gateObj__C                 
20011194  ti_sysbios_heaps_HeapMem_Object__count__C                   
20011198  ti_sysbios_heaps_HeapMem_reqAlign__C                        
2001119c  ti_sysbios_knl_Clock_LM_begin__C                            
200111a0  ti_sysbios_knl_Clock_LM_tick__C                             
200111a4  ti_sysbios_knl_Clock_LW_delayed__C                          
200111a8  ti_sysbios_knl_Clock_Module_State_clockQ__O                 
200111ac  ti_sysbios_knl_Clock_Module__diagsEnabled__C                
200111b0  ti_sysbios_knl_Clock_Module__diagsIncluded__C               
200111b4  ti_sysbios_knl_Clock_Module__diagsMask__C                   
200111b8  ti_sysbios_knl_Clock_Module__loggerFxn1__C                  
200111bc  ti_sysbios_knl_Clock_Module__loggerFxn2__C                  
200111c0  ti_sysbios_knl_Clock_Module__loggerObj__C                   
200111c4  ti_sysbios_knl_Clock_tickPeriod__C                          
200111c8  ti_sysbios_knl_Idle_funcList__A                             
200111cc  ti_sysbios_knl_Mailbox_A_invalidBufSize__C                  
200111d0  ti_sysbios_knl_Mailbox_Instance_State_dataQue__O            
200111d4  ti_sysbios_knl_Mailbox_Instance_State_dataSem__O            
200111d8  ti_sysbios_knl_Mailbox_Instance_State_freeQue__O            
200111dc  ti_sysbios_knl_Mailbox_Instance_State_freeSem__O            
200111e0  ti_sysbios_knl_Mailbox_Module__diagsEnabled__C              
200111e4  ti_sysbios_knl_Mailbox_Module__diagsIncluded__C             
200111e8  ti_sysbios_knl_Mailbox_Module__diagsMask__C                 
200111ec  ti_sysbios_knl_Mailbox_Object__count__C                     
200111f0  ti_sysbios_knl_Mailbox_maxTypeAlign__C                      
200111f4  ti_sysbios_knl_Semaphore_A_badContext__C                    
200111f8  ti_sysbios_knl_Semaphore_A_noEvents__C                      
200111fc  ti_sysbios_knl_Semaphore_A_overflow__C                      
20011200  ti_sysbios_knl_Semaphore_A_pendTaskDisabled__C              
20011204  ti_sysbios_knl_Semaphore_Instance_State_pendQ__O            
20011208  ti_sysbios_knl_Semaphore_LM_pend__C                         
2001120c  ti_sysbios_knl_Semaphore_LM_post__C                         
20011210  ti_sysbios_knl_Semaphore_Module__diagsEnabled__C            
20011214  ti_sysbios_knl_Semaphore_Module__diagsIncluded__C           
20011218  ti_sysbios_knl_Semaphore_Module__diagsMask__C               
2001121c  ti_sysbios_knl_Semaphore_Module__loggerFxn2__C              
20011220  ti_sysbios_knl_Semaphore_Module__loggerFxn4__C              
20011224  ti_sysbios_knl_Semaphore_Module__loggerObj__C               
20011228  ti_sysbios_knl_Swi_LD_end__C                                
2001122c  ti_sysbios_knl_Swi_LM_begin__C                              
20011230  ti_sysbios_knl_Swi_LM_post__C                               
20011234  ti_sysbios_knl_Swi_Module__diagsEnabled__C                  
20011238  ti_sysbios_knl_Swi_Module__diagsIncluded__C                 
2001123c  ti_sysbios_knl_Swi_Module__diagsMask__C                     
20011240  ti_sysbios_knl_Swi_Module__loggerFxn1__C                    
20011244  ti_sysbios_knl_Swi_Module__loggerFxn4__C                    
20011248  ti_sysbios_knl_Swi_Module__loggerObj__C                     
2001124c  ti_sysbios_knl_Swi_Object__count__C                         
20011250  ti_sysbios_knl_Task_A_badPriority__C                        
20011254  ti_sysbios_knl_Task_A_badTaskState__C                       
20011258  ti_sysbios_knl_Task_A_badThreadType__C                      
2001125c  ti_sysbios_knl_Task_A_badTimeout__C                         
20011260  ti_sysbios_knl_Task_A_noPendElem__C                         
20011264  ti_sysbios_knl_Task_A_sleepTaskDisabled__C                  
20011268  ti_sysbios_knl_Task_E_spOutOfBounds__C                      
2001126c  ti_sysbios_knl_Task_E_stackOverflow__C                      
20011270  ti_sysbios_knl_Task_LD_block__C                             
20011274  ti_sysbios_knl_Task_LD_exit__C                              
20011278  ti_sysbios_knl_Task_LD_ready__C                             
2001127c  ti_sysbios_knl_Task_LM_sleep__C                             
20011280  ti_sysbios_knl_Task_LM_switch__C                            
20011284  ti_sysbios_knl_Task_LM_yield__C                             
20011288  ti_sysbios_knl_Task_Module_State_inactiveQ__O               
2001128c  ti_sysbios_knl_Task_Module__diagsEnabled__C                 
20011290  ti_sysbios_knl_Task_Module__diagsIncluded__C                
20011294  ti_sysbios_knl_Task_Module__diagsMask__C                    
20011298  ti_sysbios_knl_Task_Module__loggerFxn2__C                   
2001129c  ti_sysbios_knl_Task_Module__loggerFxn4__C                   
200112a0  ti_sysbios_knl_Task_Module__loggerObj__C                    
200112a4  ti_sysbios_knl_Task_Object__count__C                        
200112a8  ti_sysbios_knl_Task_allBlockedFunc__C                       
200112ac  ti_sysbios_knl_Task_defaultStackHeap__C                     
200112b0  ti_sysbios_knl_Task_defaultStackSize__C                     
200112b4  ti_sysbios_knl_Task_numConstructedTasks__C                  
200112b8  xdc_runtime_Assert_E_assertFailed__C                        
200112bc  xdc_runtime_Core_A_initializedParams__C                     
200112c0  xdc_runtime_Core_Module__diagsEnabled__C                    
200112c4  xdc_runtime_Core_Module__diagsIncluded__C                   
200112c8  xdc_runtime_Core_Module__diagsMask__C                       
200112cc  xdc_runtime_Error_E_memory__C                               
200112d0  xdc_runtime_Error_Module__diagsEnabled__C                   
200112d4  xdc_runtime_Error_Module__diagsIncluded__C                  
200112d8  xdc_runtime_Error_Module__diagsMask__C                      
200112dc  xdc_runtime_Error_Module__loggerFxn8__C                     
200112e0  xdc_runtime_Error_Module__loggerObj__C                      
200112e4  xdc_runtime_Error_policyFxn__C                              
200112e8  xdc_runtime_Error_raiseHook__C                              
200112ec  xdc_runtime_IFilterLogger_Interface__BASE__C                
200112f0  xdc_runtime_IGateProvider_Interface__BASE__C                
200112f4  xdc_runtime_IHeap_Interface__BASE__C                        
200112f8  xdc_runtime_ILogger_Interface__BASE__C                      
200112fc  xdc_runtime_IModule_Interface__BASE__C                      
20011300  xdc_runtime_Log_L_error__C                                  
20011304  xdc_runtime_LoggerBuf_E_badLevel__C                         
20011308  xdc_runtime_LoggerBuf_Module__gateObj__C                    
2001130c  xdc_runtime_LoggerBuf_Object__count__C                      
20011310  xdc_runtime_LoggerBuf_statusLogger__C                       
20011314  xdc_runtime_Memory_defaultHeapInstance__C                   
20011318  xdc_runtime_Startup_execImpl__C                             
2001131c  xdc_runtime_Startup_maxPasses__C                            
20011320  xdc_runtime_Startup_sfxnRts__C                              
20011324  xdc_runtime_Startup_sfxnTab__C                              
20011328  xdc_runtime_SysMin_bufSize__C                               
2001132c  xdc_runtime_SysMin_outputFunc__C                            
20011330  xdc_runtime_System_Module__gateObj__C                       
20011334  xdc_runtime_System_abortFxn__C                              
20011338  xdc_runtime_System_exitFxn__C                               
2001133c  xdc_runtime_System_extendFxn__C                             
20011340  xdc_runtime_System_maxAtexitHandlers__C                     
20011344  xdc_runtime_Text_charTab__C                                 
20011348  xdc_runtime_Text_nameEmpty__C                               
2001134c  xdc_runtime_Text_nameStatic__C                              
20011350  xdc_runtime_Text_nameUnknown__C                             
20011354  xdc_runtime_Text_nodeTab__C                                 
20011358  xdc_runtime_Text_visitRopeFxn__C                            
2001135c  ti_sysbios_family_arm_m3_Hwi_Module__loggerDefined__C       
2001135e  ti_sysbios_family_arm_m3_Timer_Module__id__C                
20011360  ti_sysbios_family_arm_m3_TimestampProvider_configTimer__C   
20011362  ti_sysbios_gates_GateMutex_Module__id__C                    
20011364  ti_sysbios_hal_Hwi_Module__id__C                            
20011366  ti_sysbios_heaps_HeapMem_Module__id__C                      
20011368  ti_sysbios_knl_Clock_Module__id__C                          
2001136a  ti_sysbios_knl_Clock_Module__loggerDefined__C               
2001136c  ti_sysbios_knl_Mailbox_Module__id__C                        
2001136e  ti_sysbios_knl_Semaphore_Module__id__C                      
20011370  ti_sysbios_knl_Semaphore_Module__loggerDefined__C           
20011372  ti_sysbios_knl_Swi_Module__id__C                            
20011374  ti_sysbios_knl_Swi_Module__loggerDefined__C                 
20011376  ti_sysbios_knl_Task_Module__id__C                           
20011378  ti_sysbios_knl_Task_Module__loggerDefined__C                
2001137a  xdc_runtime_Core_Module__id__C                              
2001137c  xdc_runtime_Error_Module__loggerDefined__C                  
2001137e  xdc_runtime_Error_maxDepth__C                               
20011380  xdc_runtime_LoggerBuf_Module__id__C                         
20011382  xdc_runtime_LoggerBuf_filterByLevel__C                      
20011384  xdc_runtime_Memory_Module__id__C                            
20011386  xdc_runtime_SysMin_flushAtExit__C                           
20011388  xdc_runtime_Text_charCnt__C                                 
2001138a  xdc_runtime_Text_isLoaded__C                                
2001138c  xdc_runtime_Text_registryModsLastId__C                      
2001138e  xdc_runtime_Text_unnamedModsLastId__C                       
20011390  __TI_static_base__                                          
20011710  __TI_Handler_Table_Base                                     
2001171c  __TI_Handler_Table_Limit                                    
20011728  __TI_CINIT_Base                                             
20011738  __TI_CINIT_Limit                                            
20017000  ti_sysbios_heaps_HeapMem_Instance_State_0_buf__A            
2001f000  ti_sysbios_knl_Task_Instance_State_0_stack__A               
2001f800  xdc_runtime_LoggerBuf_Instance_State_0_entryArr__A          
2001fc00  xdc_runtime_SysMin_Module_State_0_outbuf__A                 
20020000  ti_sysbios_family_arm_m3_Hwi_dispatchTable                  
2002030c  __CIOBUF_                                                   
200205fc  _effectData                                                 
20020654  SimpleLinkSpawnTaskHndl                                     
2002065c  _tick                                                       
20020660  simpleLink_mailbox                                          
20020668  ti_sysbios_family_arm_m3_Hwi_Module__root__V                
20020670  ti_sysbios_family_arm_m3_Hwi_Object__table__V               
20020688  ti_sysbios_family_arm_m3_Hwi_Module_State_0_excActive__A    
2002068c  ti_sysbios_family_arm_m3_Hwi_Module_State_0_excContext__A   
20020690  ti_sysbios_family_arm_m3_Hwi_Module_State_0_excStack__A     
20020694  ti_sysbios_family_arm_m3_Timer_Module__root__V              
2002069c  ti_sysbios_family_arm_m3_Timer_Module__state__V             
200206a8  ti_sysbios_family_arm_m3_TimestampProvider_Module__state__V 
200206ac  ti_sysbios_gates_GateHwi_Module__root__V                    
200206b4  ti_sysbios_gates_GateHwi_Object__table__V                   
200206b8  ti_sysbios_gates_GateMutex_Module__root__V                  
200206c0  ti_sysbios_hal_Hwi_Module__root__V                          
200206c8  ti_sysbios_hal_Timer_Module__root__V                        
200206d0  ti_sysbios_heaps_HeapMem_Module__root__V                    
200206d8  ti_sysbios_heaps_HeapMem_Object__table__V                   
200206f0  ti_sysbios_knl_Clock_Module__root__V                        
200206f8  ti_sysbios_knl_Event_Module__root__V                        
20020700  ti_sysbios_knl_Mailbox_Module__root__V                      
20020708  ti_sysbios_knl_Queue_Module__root__V                        
20020710  ti_sysbios_knl_Semaphore_Module__root__V                    
20020718  ti_sysbios_knl_Swi_Module__root__V                          
20020720  ti_sysbios_knl_Swi_Module__state__V                         
2002073c  ti_sysbios_knl_Task_Module__root__V                         
20020744  ti_sysbios_knl_Task_Module_State_0_idleTask__A              
20020748  xdc_runtime_Error_Module__state__V                          
2002074c  xdc_runtime_LoggerBuf_Module__root__V                       
20020754  xdc_runtime_LoggerBuf_Module__state__V                      
2002075c  xdc_runtime_Memory_Module__state__V                         
20020760  xdc_runtime_Registry_Module__state__V                       
20020768  xdc_runtime_Startup_Module__state__V                        
20020770  xdc_runtime_SysMin_Module__state__V                         
2002077c  xdc_runtime_System_Module_State_0_atexitHandlers__A         
2002078c  xdc_runtime_System_Module__state__V                         
20020794  xdc_runtime_Text_Module__state__V                           
2002079c  __xdc__init__addr                                           
20020850  _Denorm                                                     
20020860  _Eps                                                        
20020870  _Hugeval                                                    
20020880  _Inf                                                        
20020890  _Nan                                                        
200208a0  _Snan                                                       
200208b0  _Rteps                                                      
200208c0  _Xbig                                                       
200208c8  _Zero                                                       
200208d0  ti_sysbios_knl_Swi_Module_State_0_readyQ__A                 
20020950  ti_sysbios_knl_Task_Module_State_0_readyQ__A                
200209d0  _FDenorm                                                    
200209e0  _FEps                                                       
200209f0  _FInf                                                       
20020a00  _FNan                                                       
20020a10  _FSnan                                                      
20020a20  _FRteps                                                     
20020a30  _FXbig                                                      
20020a34  _FZero                                                      
20020a38  ti_sysbios_knl_Task_Object__table__V                        
20020a84  ti_sysbios_knl_Task_Module__state__V                        
20020ac8  ti_sysbios_gates_GateMutex_Object__table__V                 
20020b00  ti_sysbios_family_arm_m3_Hwi_Module__state__V               
20020b34  ti_sysbios_family_arm_m3_Timer_Object__table__V             
20020b64  ti_sysbios_knl_Swi_Object__table__V                         
20020b94  ti_sysbios_knl_Clock_Module__state__V                       
20020bc0  ti_sysbios_BIOS_Module__state__V                            
20020be4  xdc_runtime_LoggerBuf_Object__table__V                      
20020c08  _lock                                                       
20020c0c  _unlock                                                     
20020c10  __TI_cleanup_ptr                                            
20020c14  __TI_dtors_ptr                                              
20020c18  _Fenv                                                       
20020c1c  _Tls_setup__Fenv                                            
20020c20  _Errno                                                      
20020c24  main_func_sp                                                
2002e000  __stack                                                     
20030000  __STACK_END                                                 
e000e000  ti_sysbios_family_arm_m3_Hwi_nvic                           
ffffffff  __binit__                                                   
ffffffff  __c_args__                                                  
ffffffff  binit                                                       
UNDEFED   SHT$$INIT_ARRAY$$Base                                       
UNDEFED   SHT$$INIT_ARRAY$$Limit                                      

[821 symbols]
