******************************************************************************
                  TI ARM Linker PC v5.2.5                      
******************************************************************************
>> Linked Sat Oct 22 03:08:39 2016

OUTPUT FILE NAME:   <Stickman_V2.out>
ENTRY POINT SYMBOL: "_c_int00"  address: 2000c019


MEMORY CONFIGURATION

         name            origin    length      used     unused   attr    fill
----------------------  --------  ---------  --------  --------  ----  --------
  SRAM_CODE             20004000   00013000  0000beba  00007146  RW X
  SRAM_DATA             20017000   00019000  0000bb1d  0000d4e3  RW X


SEGMENT ALLOCATION MAP

run origin  load origin   length   init length attrs members
----------  ----------- ---------- ----------- ----- -------
20004000    20004000    0000bec8   0000bec8    r-x
  20004000    20004000    0000030c   0000030c    r-- .resetVecs
  20004310    20004310    0000955a   0000955a    r-x .text
  2000d870    2000d870    000022ac   000022ac    r-- .const
  2000fb20    2000fb20    000003a8   000003a8    r-- .cinit
20017000    20017000    00009b20   00000000    rw-
  20017000    20017000    00009555   00000000    rw- .bss
  20020558    20020558    000005c8   00000000    rw- .data
2002e000    2002e000    00002000   00000000    rw-
  2002e000    2002e000    00002000   00000000    rw- .stack


SECTION ALLOCATION MAP

 output                                  attributes/
section   page    origin      length       input sections
--------  ----  ----------  ----------   ----------------
.init_array 
*          0    20004000    00000000     UNINITIALIZED

.resetVecs 
*          0    20004000    0000030c     
                  20004000    0000030c     app_pem4.oem4 (.resetVecs)

.text      0    20004310    0000955a     
                  20004310    000010a6     rtsv7M4_T_le_eabi.lib : _printfi.obj (.text)
                  200053b6    00000002                           : i_div0.obj (.text)
                  200053b8    00000480                           : pow.obj (.text)
                  20005838    00000430     sysbios.aem4 : BIOS.obj (.text:ti_sysbios_family_arm_m3_Hwi_excDumpRegs__I)
                  20005c68    0000034c     ti.targets.arm.rtsarm.aem4 : System.oem4 (.text:xdc_runtime_System_doPrint__I)
                  20005fb4    00000004     app_pem4.oem4 (.text:ti_sysbios_BIOS_RtsGateProxy_enter__E)
                  20005fb8    00000314     sysbios.aem4 : BIOS.obj (.text:ti_sysbios_knl_Semaphore_pend__E)
                  200062cc    000002e4     rtsv7M4_T_le_eabi.lib : xlog.obj (.text)
                  200065b0    000002d4                           : trgdrv.obj (.text)
                  20006884    000002ac     APA102.obj (.text)
                  20006b30    000002a4     MSGEQ7.obj (.text)
                  20006dd4    00000278     main.obj (.text)
                  2000704c    00000004     app_pem4.oem4 (.text:ti_sysbios_BIOS_RtsGateProxy_leave__E)
                  20007050    00000254     sysbios.aem4 : BIOS.obj (.text:ti_sysbios_heaps_HeapMem_free__E)
                  200072a4    00000004     app_pem4.oem4 (.text:ti_sysbios_family_arm_m3_TaskSupport_Module__startupDone__S)
                  200072a8    00000248     sysbios.aem4 : BIOS.obj (.text:ti_sysbios_heaps_HeapMem_alloc__E)
                  200074f0    000001fc     rtsv7M4_T_le_eabi.lib : xexp.obj (.text)
                  200076ec    00000004     app_pem4.oem4 (.text:ti_sysbios_heaps_HeapMem_Module_GateProxy_enter__E)
                  200076f0    000001fc     sysbios.aem4 : BIOS.obj (.text:ti_sysbios_family_arm_m3_Hwi_excHandlerMax__I)
                  200078ec    000001f4     rtsv7M4_T_le_eabi.lib : ull_div_t2.obj (.text)
                  20007ae0    000001b6                           : fd_add_t2.obj (.text)
                  20007c96    00000002     app_pem4.oem4 (.text:ti_sysbios_BIOS_nullFunc__I)
                  20007c98    000001b0     Spectrum.obj (.text)
                  20007e48    0000019c     sysbios.aem4 : BIOS.obj (.text:ti_sysbios_knl_Task_Module_startup__E)
                  20007fe4    0000018c     rom_pin_mux_config.obj (.text)
                  20008170    00000178     driverlib.a : prcm.obj (.text:PRCMCC3200MCUInit)
                  200082e8    00000174     sysbios.aem4 : BIOS.obj (.text:ti_sysbios_family_arm_m3_Hwi_excBusFault__I)
                  2000845c    00000004     app_pem4.oem4 (.text:ti_sysbios_heaps_HeapMem_Module_GateProxy_leave__E)
                  20008460    00000164     sysbios.aem4 : BIOS.obj (.text:ti_sysbios_family_arm_m3_Hwi_excUsageFault__I)
                  200085c4    00000004     app_pem4.oem4 (.text:ti_sysbios_knl_Clock_TimerProxy_getMaxTicks__E)
                  200085c8    00000148     sysbios.aem4 : BIOS.obj (.text:ti_sysbios_family_arm_m3_Hwi_excMemFault__I)
                  20008710    00000140                  : BIOS.obj (.text:ti_sysbios_knl_Semaphore_post__E)
                  20008850    0000013c                  : BIOS.obj (.text:ti_sysbios_heaps_HeapMem_Instance_init__E)
                  2000898c    00000004     app_pem4.oem4 (.text:ti_sysbios_knl_Queue_destruct)
                  20008990    00000138     sysbios.aem4 : BIOS.obj (.text:ti_sysbios_family_arm_m3_Hwi_dispatchC__I)
                  20008ac8    00000138     ti.targets.arm.rtsarm.aem4 : LoggerBuf.oem4 (.text:xdc_runtime_LoggerBuf_write8__E)
                  20008c00    00000136     rtsv7M4_T_le_eabi.lib : fd_div_t2.obj (.text)
                  20008d36    00000002     app_pem4.oem4 (.text:xdc_runtime_Startup_reset__I)
                  20008d38    00000134     sysbios.aem4 : BIOS.obj (.text:ti_sysbios_knl_Clock_workFunc__E)
                  20008e6c    00000004     app_pem4.oem4 (.text:ti_sysbios_knl_Semaphore_destruct)
                  20008e70    0000011c     sysbios.aem4 : BIOS.obj (.text:ti_sysbios_knl_Swi_run__I)
                  20008f8c    00000118     ti.targets.arm.rtsarm.aem4 : Error.oem4 (.text:xdc_runtime_Error_policyDefault__E)
                  200090a4    00000110     rtsv7M4_T_le_eabi.lib : xdscale.obj (.text)
                  200091b4    00000100     ti.targets.arm.rtsarm.aem4 : Core-mem.oem4 (.text:xdc_runtime_Core_createObject__I)
                  200092b4    000000fc     rtsv7M4_T_le_eabi.lib : fd_mul_t2.obj (.text)
                  200093b0    000000fa                           : fs_add_t2.obj (.text)
                  200094aa    00000002     --HOLE-- [fill = 0]
                  200094ac    000000f8     ti.targets.arm.rtsarm.aem4 : Startup.oem4 (.text:xdc_runtime_Startup_startMods__I)
                  200095a4    000000f8     app_pem4.oem4 (.text:xdc_runtime_System_printfExtend__I)
                  2000969c    000000d4     ti.targets.arm.rtsarm.aem4 : LoggerBuf.oem4 (.text:xdc_runtime_LoggerBuf_write4__E)
                  20009770    000000d0     driverlib.a : spi.obj (.text:SPITransfer32)
                  20009840    000000d0     sysbios.aem4 : BIOS.obj (.text:ti_sysbios_family_arm_m3_Hwi_Module_startup__E)
                  20009910    000000d0                  : m3_Hwi_asm.obj (.text:ti_sysbios_family_arm_m3_Hwi_dispatch__I)
                  200099e0    000000ce     driverlib.a : spi.obj (.text:SPITransfer16)
                  20009aae    00000002     --HOLE-- [fill = 0]
                  20009ab0    000000cc     sysbios.aem4 : BIOS.obj (.text:ti_sysbios_knl_Task_schedule__I)
                  20009b7c    000000cc     ti.targets.arm.rtsarm.aem4 : Core-smem.oem4 (.text:xdc_runtime_Core_constructObject__I)
                  20009c48    000000c0     rtsv7M4_T_le_eabi.lib : xdint.obj (.text)
                  20009d08    000000be                           : xdnorm.obj (.text)
                  20009dc6    00000002     --HOLE-- [fill = 0]
                  20009dc8    000000bc     sysbios.aem4 : BIOS.obj (.text:ti_sysbios_family_arm_m3_Hwi_excDebugMon__I)
                  20009e84    00000004     ti.targets.arm.rtsarm.aem4 : Error.oem4 (.text:xdc_runtime_Error_getSite__E)
                  20009e88    000000bc     sysbios.aem4 : BIOS.obj (.text:ti_sysbios_family_arm_m3_Hwi_excHardFault__I)
                  20009f44    00000004     app_pem4.oem4 (.text:xdc_runtime_LoggerBuf_Module_GateProxy_enter__E)
                  20009f48    000000bc     sysbios.aem4 : BIOS.obj (.text:ti_sysbios_knl_Task_startCore__E)
                  2000a004    000000b8     driverlib.a : spi.obj (.text:SPITransfer8)
                  2000a0bc    00000004     app_pem4.oem4 (.text:xdc_runtime_LoggerBuf_Module_GateProxy_leave__E)
                  2000a0c0    000000b4     sysbios.aem4 : BIOS.obj (.text:ti_sysbios_gates_GateMutex_enter__E)
                  2000a174    00000004     app_pem4.oem4 (.text:xdc_runtime_System_Module_GateProxy_enter__E)
                  2000a178    000000b4     sysbios.aem4 : BIOS.obj (.text:ti_sysbios_knl_Task_checkStacks__E)
                  2000a22c    00000004     app_pem4.oem4 (.text:xdc_runtime_System_Module_GateProxy_leave__E)
                  2000a230    000000ac     sysbios.aem4 : BIOS.obj (.text:ti_sysbios_knl_Swi_post__E)
                  2000a2dc    000000a8     driverlib.a : interrupt.obj (.text:IntEnable)
                  2000a384    00000004     ti.targets.arm.rtsarm.aem4 : System.oem4 (.text:xdc_runtime_System_aprintf_va__F)
                  2000a388    000000a8     sysbios.aem4 : BIOS.obj (.text:ti_sysbios_knl_Task_blockI__E)
                  2000a430    000000a2     Matrix.obj (.text)
                  2000a4d2    00000002     --HOLE-- [fill = 0]
                  2000a4d4    000000a0     driverlib.a : spi.obj (.text:SPIConfigSetExpClk)
                  2000a574    000000a0     auto_init.aem4 : auto_init.oem4 (.text)
                  2000a614    000000a0     ti.targets.arm.rtsarm.aem4 : Text.oem4 (.text:xdc_runtime_Text_putMod__E)
                  2000a6b4    0000009c     rtsv7M4_T_le_eabi.lib : memcpy_t2.obj (.text)
                  2000a750    0000009c     sysbios.aem4 : BIOS.obj (.text:ti_sysbios_knl_Semaphore_Instance_init__E)
                  2000a7ec    0000009c     ti.targets.arm.rtsarm.aem4 : LoggerBuf.oem4 (.text:xdc_runtime_LoggerBuf_setFilterLevel__E)
                  2000a888    0000009a                                : Text.oem4 (.text:xdc_runtime_Text_putSite__E)
                  2000a922    00000002     --HOLE-- [fill = 0]
                  2000a924    00000094     driverlib.a : prcm.obj (.text:PRCMPeripheralClockGet)
                  2000a9b8    00000094     sysbios.aem4 : BIOS.obj (.text:ti_sysbios_knl_Task_exit__E)
                  2000aa4c    00000092     rtsv7M4_T_le_eabi.lib : fs_div_t2.obj (.text)
                  2000aade    00000002     --HOLE-- [fill = 0]
                  2000aae0    00000090     sysbios.aem4 : BIOS.obj (.text:ti_sysbios_knl_Task_unblockI__E)
                  2000ab70    00000088     driverlib.a : pin.obj (.text:PinConfigSet)
                  2000abf8    00000088                 : spi.obj (.text:SPITransfer)
                  2000ac80    00000088     sysbios.aem4 : BIOS.obj (.text:ti_sysbios_family_arm_m3_Hwi_initNVIC__E)
                  2000ad08    00000088                  : BIOS.obj (.text:ti_sysbios_knl_Mailbox_Module_startup__E)
                  2000ad90    00000086     rtsv7M4_T_le_eabi.lib : fd_cmp_t2.obj (.text:__aeabi_cdcmple)
                  2000ae16    00000086                           : fd_cmp_t2.obj (.text:__aeabi_cdrcmple)
                  2000ae9c    00000004     ti.targets.arm.rtsarm.aem4 : System.oem4 (.text:xdc_runtime_System_printf_va__F)
                  2000aea0    0000007c     sysbios.aem4 : BIOS.obj (.text:ti_sysbios_family_arm_m3_TimestampProvider_get64__E)
                  2000af1c    0000007a     rtsv7M4_T_le_eabi.lib : fs_mul_t2.obj (.text)
                  2000af96    0000007a                           : memset_t2.obj (.text)
                  2000b010    00000078     Console.obj (.text)
                  2000b088    00000076     driverlib.a : uart.obj (.text:UARTConfigSetExpClk)
                  2000b0fe    00000002     --HOLE-- [fill = 0]
                  2000b100    00000074     ti.targets.arm.rtsarm.aem4 : LoggerBuf.oem4 (.text:xdc_runtime_LoggerBuf_getFilterLevel__E)
                  2000b174    00000070     driverlib.a : timer.obj (.text:TimerIntRegister)
                  2000b1e4    0000006d     ti.targets.arm.rtsarm.aem4 : System.oem4 (.text:xdc_runtime_System_formatNum__I)
                  2000b251    00000001     --HOLE-- [fill = 0]
                  2000b252    00000006     driverlib.a : utils.obj (.text:UtilsDelay)
                  2000b258    0000006c     sysbios.aem4 : BIOS.obj (.text:ti_sysbios_knl_Swi_restoreHwi__E)
                  2000b2c4    0000006c     ti.targets.arm.rtsarm.aem4 : Error.oem4 (.text:xdc_runtime_Error_print__E)
                  2000b330    0000006c                                : Memory.oem4 (.text:xdc_runtime_Memory_alloc__E)
                  2000b39c    0000006a     rtsv7M4_T_le_eabi.lib : copy_decompress_rle.obj (.text)
                  2000b406    00000002     --HOLE-- [fill = 0]
                  2000b408    00000068     driverlib.a : adc.obj (.text:ADCIntEnable)
                  2000b470    00000068     rtsv7M4_T_le_eabi.lib : trgmsg.obj (.text)
                  2000b4d8    00000066                           : xdunscal.obj (.text)
                  2000b53e    00000066     ti.targets.arm.rtsarm.aem4 : Core-mem.oem4 (.text:xdc_runtime_Core_deleteObject__I)
                  2000b5a4    00000060     rtsv7M4_T_le_eabi.lib : fs_cmp_t2.obj (.text:__aeabi_cfcmple)
                  2000b604    00000060                           : fs_cmp_t2.obj (.text:__aeabi_cfrcmple)
                  2000b664    00000004     --HOLE-- [fill = 0]
                  2000b668    00000060     sysbios.aem4 : BIOS.obj (.text:ti_sysbios_knl_Clock_logTick__E)
                  2000b6c8    0000005c     driverlib.a : adc.obj (.text:ADCIntStatus)
                  2000b724    00000004     --HOLE-- [fill = 0]
                  2000b728    0000005c     sysbios.aem4 : BIOS.obj (.text:ti_sysbios_knl_Swi_schedule__I)
                  2000b784    0000005c     app_pem4.oem4 (.text:xdc_runtime_LoggerBuf_Object__create__S)
                  2000b7e0    0000005b     ti.targets.arm.rtsarm.aem4 : Text.oem4 (.text:xdc_runtime_Text_putLab__E)
                  2000b83b    00000001     --HOLE-- [fill = 0]
                  2000b83c    00000058     driverlib.a : adc.obj (.text:ADCIntClear)
                  2000b894    00000058                 : prcm.obj (.text:PRCMPeripheralReset)
                  2000b8ec    00000004     --HOLE-- [fill = 0]
                  2000b8f0    00000058     sysbios.aem4 : BIOS.obj (.text:ti_sysbios_family_arm_m3_Timer_setPeriod__E)
                  2000b948    00000056     rtsv7M4_T_le_eabi.lib : ltoa.obj (.text)
                  2000b99e    00000002     --HOLE-- [fill = 0]
                  2000b9a0    00000054     sysbios.aem4 : BIOS.obj (.text:ti_sysbios_family_arm_m3_Timer_start__E)
                  2000b9f4    00000054     ti.targets.arm.rtsarm.aem4 : Assert.oem4 (.text:xdc_runtime_Assert_raise__I)
                  2000ba48    00000050                                : Startup.oem4 (.text:xdc_runtime_Startup_exec__E)
                  2000ba98    00000050                                : Text.oem4 (.text:xdc_runtime_Text_visitRope2__I)
                  2000bae8    0000004c     rtsv7M4_T_le_eabi.lib : atoi.obj (.text)
                  2000bb34    0000004c                           : cpy_tbl.obj (.text)
                  2000bb80    0000004c     sysbios.aem4 : m3_TaskSupport_asm.obj (.text:ti_sysbios_family_arm_m3_TaskSupport_buildTaskStack)
                  2000bbcc    00000004     --HOLE-- [fill = 0]
                  2000bbd0    0000004c                  : BIOS.obj (.text:ti_sysbios_heaps_HeapMem_getStats__E)
                  2000bc1c    00000004     --HOLE-- [fill = 0]
                  2000bc20    0000004c                  : BIOS.obj (.text:ti_sysbios_knl_Swi_runLoop__I)
                  2000bc6c    00000004     --HOLE-- [fill = 0]
                  2000bc70    0000004c                  : BIOS.obj (.text:ti_sysbios_knl_Task_allBlockedFunction__I)
                  2000bcbc    00000048     rtsv7M4_T_le_eabi.lib : fd_toi_t2.obj (.text)
                  2000bd04    00000048                           : fd_tos_t2.obj (.text)
                  2000bd4c    00000048                           : vsprintf.obj (.text)
                  2000bd94    00000004     --HOLE-- [fill = 0]
                  2000bd98    00000048     sysbios.aem4 : BIOS.obj (.text:ti_sysbios_family_arm_m3_Hwi_disableInterrupt__E)
                  2000bde0    00000048                  : BIOS.obj (.text:ti_sysbios_family_arm_m3_Hwi_enableInterrupt__E)
                  2000be28    00000048                  : BIOS.obj (.text:ti_sysbios_family_arm_m3_Hwi_excReserved__I)
                  2000be70    00000048                  : m3_Hwi_asm_switch.obj (.text:ti_sysbios_family_arm_m3_Hwi_initStacks__E)
                  2000beb8    00000048                  : BIOS.obj (.text:ti_sysbios_family_arm_m3_Timer_initDevice__I)
                  2000bf00    00000046     rtsv7M4_T_le_eabi.lib : fmax.obj (.text)
                  2000bf46    00000046                           : ldexp.obj (.text)
                  2000bf8c    00000046     ti.targets.arm.rtsarm.aem4 : Core-params.oem4 (.text:xdc_runtime_Core_assignParams__I)
                  2000bfd2    00000002     --HOLE-- [fill = 0]
                  2000bfd4    00000044     driverlib.a : timer.obj (.text:TimerConfigure)
                  2000c018    00000044     boot.aem4 : boot.oem4 (.text)
                  2000c05c    00000044     rtsv7M4_T_le_eabi.lib : exit.obj (.text)
                  2000c0a0    00000044                           : fd_tou_t2.obj (.text)
                  2000c0e4    00000004     --HOLE-- [fill = 0]
                  2000c0e8    00000044     sysbios.aem4 : BIOS.obj (.text:ti_sysbios_family_arm_m3_Hwi_getStackInfo__E)
                  2000c12c    00000044     ti.targets.arm.rtsarm.aem4 : Error.oem4 (.text:xdc_runtime_Error_setX__E)
                  2000c170    00000044                                : LoggerBuf.oem4 (.text:xdc_runtime_LoggerBuf_filterOutEvent__I)
                  2000c1b4    00000044                                : SysMin.oem4 (.text:xdc_runtime_SysMin_flush__E)
                  2000c1f8    00000044                                : Text.oem4 (.text:xdc_runtime_Text_xprintf__I)
                  2000c23c    00000040     driverlib.a : pin.obj (.text:PinModeSet)
                  2000c27c    00000040     rtsv7M4_T_le_eabi.lib : signal.obj (.text)
                  2000c2bc    00000040                           : u_divt2.obj (.text)
                  2000c2fc    00000004     --HOLE-- [fill = 0]
                  2000c300    00000040     sysbios.aem4 : BIOS.obj (.text:ti_sysbios_family_arm_m3_Timer_Module_startup__E)
                  2000c340    0000003e     driverlib.a : adc.obj (.text:ADCIntRegister)
                  2000c37e    00000002     --HOLE-- [fill = 0]
                  2000c380    0000003c                 : prcm.obj (.text:PRCMPeripheralClkEnable)
                  2000c3bc    00000004     --HOLE-- [fill = 0]
                  2000c3c0    0000003c     sysbios.aem4 : BIOS.obj (.text:ti_sysbios_family_arm_m3_Hwi_excSvCall__I)
                  2000c3fc    00000004     --HOLE-- [fill = 0]
                  2000c400    0000003c                  : BIOS.obj (.text:ti_sysbios_heaps_HeapMem_init__I)
                  2000c43c    00000004     --HOLE-- [fill = 0]
                  2000c440    0000003c                  : BIOS.obj (.text:ti_sysbios_knl_Swi_startup__E)
                  2000c47c    0000003a     ti.targets.arm.rtsarm.aem4 : LoggerBuf.oem4 (.text:xdc_runtime_LoggerBuf_Instance_init__E)
                  2000c4b6    00000038     driverlib.a : adc.obj (.text:ADCChannelEnable)
                  2000c4ee    00000038     rtsv7M4_T_le_eabi.lib : fs_tod_t2.obj (.text)
                  2000c526    00000038                           : fs_toi_t2.obj (.text)
                  2000c55e    00000002     --HOLE-- [fill = 0]
                  2000c560    00000038     sysbios.aem4 : BIOS.obj (.text:ti_sysbios_family_arm_m3_Hwi_excNoIsr__I)
                  2000c598    00000038                  : BIOS.obj (.text:ti_sysbios_knl_Task_processVitalTaskFlag__I)
                  2000c5d0    00000038     ti.targets.arm.rtsarm.aem4 : SysMin.oem4 (.text:xdc_runtime_SysMin_putch__E)
                  2000c608    00000038                                : System.oem4 (.text:xdc_runtime_System_atexit__E)
                  2000c640    00000036     driverlib.a : gpio.obj (.text:GPIODirModeSet)
                  2000c676    00000002     --HOLE-- [fill = 0]
                  2000c678    00000034     rtsv7M4_T_le_eabi.lib : feraiseexcept.obj (.text)
                  2000c6ac    00000034                           : fs_tou_t2.obj (.text)
                  2000c6e0    00000034     sysbios.aem4 : BIOS.obj (.text:ti_sysbios_family_arm_m3_Hwi_excNmi__I)
                  2000c714    00000004     --HOLE-- [fill = 0]
                  2000c718    00000034                  : BIOS.obj (.text:ti_sysbios_family_arm_m3_Timer_periodicStub__I)
                  2000c74c    00000004     --HOLE-- [fill = 0]
                  2000c750    00000034                  : BIOS.obj (.text:ti_sysbios_hal_Hwi_checkStack)
                  2000c784    00000034     ti.targets.arm.rtsarm.aem4 : Core-label.oem4 (.text:xdc_runtime_Core_assignLabel__I)
                  2000c7b8    00000033                                : Text.oem4 (.text:xdc_runtime_Text_printVisFxn__I)
                  2000c7eb    00000005     --HOLE-- [fill = 0]
                  2000c7f0    00000032     sysbios.aem4 : BIOS.obj (.text:ti_sysbios_hal_Hwi_initStack)
                  2000c822    00000006     ti.targets.arm.rtsarm.aem4 : xdc_noinit.oem4 (.text:__xdc__init)
                  2000c828    00000032     sysbios.aem4 : BIOS.obj (.text:ti_sysbios_knl_Semaphore_pendTimeout__I)
                  2000c85a    00000030     driverlib.a : pin.obj (.text:PinTypeGPIO)
                  2000c88a    00000002     --HOLE-- [fill = 0]
                  2000c88c    00000030                 : uart.obj (.text:UARTDisable)
                  2000c8bc    00000030     rtsv7M4_T_le_eabi.lib : xferaise.obj (.text)
                  2000c8ec    00000030     app_pem4.oem4 (.text:ti_sysbios_BIOS_atExitFunc__I)
                  2000c91c    00000004     --HOLE-- [fill = 0]
                  2000c920    00000030     sysbios.aem4 : BIOS.obj (.text:ti_sysbios_family_arm_m3_TaskSupport_start__E)
                  2000c950    00000030     app_pem4.oem4 (.text:ti_sysbios_gates_GateHwi_Object__create__S)
                  2000c980    00000030     app_pem4.oem4 (.text:ti_sysbios_gates_GateMutex_Object__create__S)
                  2000c9b0    00000030     app_pem4.oem4 (.text:ti_sysbios_heaps_HeapMem_Object__create__S)
                  2000c9e0    00000030     app_pem4.oem4 (.text:ti_sysbios_knl_Semaphore_construct)
                  2000ca10    00000030     ti.targets.arm.rtsarm.aem4 : SysMin.oem4 (.text:xdc_runtime_SysMin_abort__E)
                  2000ca40    00000030                                : System.oem4 (.text:xdc_runtime_System_processAtExit__E)
                  2000ca70    0000002e     app_pem4.oem4 (.text:malloc)
                  2000ca9e    0000002e     rtsv7M4_T_le_eabi.lib : i_tofd_t2.obj (.text)
                  2000cacc    0000002e                           : raise.obj (.text)
                  2000cafa    00000002     --HOLE-- [fill = 0]
                  2000cafc    0000002c     driverlib.a : prcm.obj (.text:PRCMSysResetCauseGet)
                  2000cb28    0000002c     app_pem4.oem4 (.text:ti_sysbios_knl_Clock_doTick__I)
                  2000cb54    0000002c     app_pem4.oem4 (.text:ti_sysbios_knl_Queue_construct)
                  2000cb80    0000002c     sysbios.aem4 : BIOS.obj (.text:ti_sysbios_knl_Task_restore__E)
                  2000cbac    0000002c     ti.targets.arm.rtsarm.aem4 : Text.oem4 (.text:xdc_runtime_Text_cordText__E)
                  2000cbd8    0000002a     driverlib.a : timer.obj (.text:TimerLoadSet)
                  2000cc02    0000002a     rtsv7M4_T_le_eabi.lib : xdclass.obj (.text)
                  2000cc2c    0000002a     ti.targets.arm.rtsarm.aem4 : System.oem4 (.text:xdc_runtime_System_putchar__I)
                  2000cc56    00000002     --HOLE-- [fill = 0]
                  2000cc58    00000028     driverlib.a : prcm.obj (.text:PRCMPeripheralClkDisable)
                  2000cc80    00000028     sysbios.aem4 : BIOS.obj (.text:ti_sysbios_knl_Swi_Module_startup__E)
                  2000cca8    00000028     ti.targets.arm.rtsarm.aem4 : LoggerBuf.oem4 (.text:xdc_runtime_LoggerBuf_Module_startup__E)
                  2000ccd0    00000026                                : System.oem4 (.text:xdc_runtime_System_avprintf__E)
                  2000ccf6    00000024     driverlib.a : uart.obj (.text:UARTEnable)
                  2000cd1a    00000024     rtsv7M4_T_le_eabi.lib : u_tofs_t2.obj (.text)
                  2000cd3e    00000002     --HOLE-- [fill = 0]
                  2000cd40    00000024     app_pem4.oem4 (.text:ti_sysbios_BIOS_errorRaiseHook__I)
                  2000cd64    00000024     app_pem4.oem4 (.text:ti_sysbios_BIOS_registerRTSLock__I)
                  2000cd88    00000024     app_pem4.oem4 (.text:ti_sysbios_BIOS_removeRTSLock__I)
                  2000cdac    00000024     app_pem4.oem4 (.text:ti_sysbios_BIOS_startFunc__I)
                  2000cdd0    00000024     sysbios.aem4 : BIOS.obj (.text:ti_sysbios_family_arm_m3_Hwi_doTaskRestore__I)
                  2000cdf4    00000004     --HOLE-- [fill = 0]
                  2000cdf8    00000024                  : BIOS.obj (.text:ti_sysbios_family_arm_m3_Timer_startup__E)
                  2000ce1c    00000024     app_pem4.oem4 (.text:ti_sysbios_gates_GateMutex_Object__delete__S)
                  2000ce40    00000024     sysbios.aem4 : BIOS.obj (.text:ti_sysbios_knl_Clock_Module_startup__E)
                  2000ce64    00000024     ti.targets.arm.rtsarm.aem4 : System.oem4 (.text:xdc_runtime_System_vprintf__E)
                  2000ce88    00000022     rtsv7M4_T_le_eabi.lib : frexp.obj (.text)
                  2000ceaa    00000022     app_pem4.oem4 (.text:xdc_runtime_SysMin_output__I)
                  2000cecc    00000020     driverlib.a : gpio.obj (.text:GPIOPinWrite)
                  2000ceec    00000020                 : interrupt.obj (.text:IntRegister)
                  2000cf0c    00000020     app_pem4.oem4 (.text:ti_sysbios_BIOS_rtsLock__I)
                  2000cf2c    00000020     sysbios.aem4 : m3_Hwi_asm.obj (.text:ti_sysbios_family_arm_m3_Hwi_excHandlerAsm__I)
                  2000cf4c    00000004     --HOLE-- [fill = 0]
                  2000cf50    00000020                  : BIOS.obj (.text:ti_sysbios_family_arm_m3_Hwi_excHandler__I)
                  2000cf70    00000020                  : BIOS.obj (.text:ti_sysbios_family_arm_m3_TimestampProvider_Module_startup__E)
                  2000cf90    00000020     app_pem4.oem4 (.text:ti_sysbios_gates_GateHwi_Object__delete__S)
                  2000cfb0    00000020     app_pem4.oem4 (.text:ti_sysbios_heaps_HeapMem_Object__delete__S)
                  2000cfd0    00000020     sysbios.aem4 : BIOS.obj (.text:ti_sysbios_knl_Idle_run__E)
                  2000cff0    00000020     app_pem4.oem4 (.text:ti_sysbios_knl_Semaphore_Object__destruct__S)
                  2000d010    00000020     app_pem4.oem4 (.text:xdc_runtime_LoggerBuf_Object__delete__S)
                  2000d030    00000020     ti.targets.arm.rtsarm.aem4 : LoggerBuf.oem4 (.text:xdc_runtime_LoggerBuf_reset__E)
                  2000d050    00000020                                : Registry.oem4 (.text:xdc_runtime_Registry_findById__E)
                  2000d070    00000020                                : SysMin.oem4 (.text:xdc_runtime_SysMin_Module_startup__E)
                  2000d090    0000001e     driverlib.a : timer.obj (.text:TimerEnable)
                  2000d0ae    0000001e                 : timer.obj (.text:TimerIntStatus)
                  2000d0cc    0000001e                 : uart.obj (.text:UARTCharPut)
                  2000d0ea    0000001e     sysbios.aem4 : m3_Hwi_asm_switch.obj (.text:ti_sysbios_family_xxx_Hwi_switchAndRunFunc)
                  2000d108    0000001c     driverlib.a : adc.obj (.text:ADCFIFOLvlGet)
                  2000d124    0000001c                 : timer.obj (.text:TimerValueGet)
                  2000d140    0000001c     rtsv7M4_T_le_eabi.lib : memccpy.obj (.text)
                  2000d15c    00000004     --HOLE-- [fill = 0]
                  2000d160    0000001c     sysbios.aem4 : BIOS.obj (.text:ti_sysbios_gates_GateMutex_Instance_init__E)
                  2000d17c    0000001c     app_pem4.oem4 (.text:ti_sysbios_knl_Queue_Object__destruct__S)
                  2000d198    0000001c     sysbios.aem4 : BIOS.obj (.text:ti_sysbios_knl_Task_enter__I)
                  2000d1b4    0000001c     ti.targets.arm.rtsarm.aem4 : Error.oem4 (.text:xdc_runtime_Error_raiseX__E)
                  2000d1d0    0000001c                                : Memory.oem4 (.text:xdc_runtime_Memory_valloc__E)
                  2000d1ec    0000001c                                : SysMin.oem4 (.text:xdc_runtime_SysMin_exit__E)
                  2000d208    0000001c                                : System.oem4 (.text:xdc_runtime_System_abort__E)
                  2000d224    0000001a     driverlib.a : pin.obj (.text:PinTypeSPI)
                  2000d23e    0000001a                 : spi.obj (.text:SPIFIFOEnable)
                  2000d258    0000001a     app_pem4.oem4 (.text:ti_sysbios_family_arm_m3_Hwi_Handle__label__S)
                  2000d272    0000001a     sysbios.aem4 : m3_Hwi_asm.obj (.text:ti_sysbios_family_arm_m3_Hwi_pendSV__I)
                  2000d28c    0000001a     app_pem4.oem4 (.text:ti_sysbios_gates_GateHwi_Handle__label__S)
                  2000d2a6    0000001a     app_pem4.oem4 (.text:ti_sysbios_gates_GateMutex_Handle__label__S)
                  2000d2c0    0000001a     app_pem4.oem4 (.text:ti_sysbios_heaps_HeapMem_Handle__label__S)
                  2000d2da    0000001a     app_pem4.oem4 (.text:ti_sysbios_knl_Swi_Handle__label__S)
                  2000d2f4    0000001a     app_pem4.oem4 (.text:ti_sysbios_knl_Task_Handle__label__S)
                  2000d30e    0000001a     app_pem4.oem4 (.text:xdc_runtime_LoggerBuf_Handle__label__S)
                  2000d328    0000001a     app_pem4.oem4 (.text:xdc_runtime_System_aprintf__E)
                  2000d342    0000001a     app_pem4.oem4 (.text:xdc_runtime_System_printf__E)
                  2000d35c    00000018     driverlib.a : adc.obj (.text:ADCFIFORead)
                  2000d374    00000018                 : spi.obj (.text:SPIEnable)
                  2000d38c    00000018                 : timer.obj (.text:TimerIntEnable)
                  2000d3a4    00000018                 : uart.obj (.text:UARTFIFOLevelSet)
                  2000d3bc    00000018     rtsv7M4_T_le_eabi.lib : args_main.obj (.text)
                  2000d3d4    00000018     app_pem4.oem4 (.text:ti_sysbios_BIOS_rtsUnlock__I)
                  2000d3ec    00000018     app_pem4.oem4 (.text:ti_sysbios_family_arm_m3_Hwi_Module__startupDone__F)
                  2000d404    00000018     app_pem4.oem4 (.text:ti_sysbios_family_arm_m3_Timer_Module__startupDone__F)
                  2000d41c    00000004     --HOLE-- [fill = 0]
                  2000d420    00000018     sysbios.aem4 : BIOS.obj (.text:ti_sysbios_gates_GateMutex_leave__E)
                  2000d438    00000018     ti.targets.arm.rtsarm.aem4 : Error.oem4 (.text:xdc_runtime_Error_check__E)
                  2000d450    00000018                                : System.oem4 (.text:xdc_runtime_System_exit__E)
                  2000d468    00000018                                : Text.oem4 (.text:xdc_runtime_Text_ropeText__E)
                  2000d480    00000016     driverlib.a : prcm.obj (.text:PRCMHIBRegRead)
                  2000d496    00000016                 : prcm.obj (.text:PRCMHIBRegWrite)
                  2000d4ac    00000016                 : uart.obj (.text:UARTFIFOEnable)
                  2000d4c2    00000016     rtsv7M4_T_le_eabi.lib : strchr.obj (.text)
                  2000d4d8    00000016     app_pem4.oem4 (.text:ti_sysbios_BIOS_exitFunc__I)
                  2000d4ee    00000014     driverlib.a : adc.obj (.text:ADCEnable)
                  2000d502    00000014                 : cpu.obj (.text:CPUcpsie)
                  2000d516    00000014                 : pin.obj (.text:PinTypeADC)
                  2000d52a    00000002     --HOLE-- [fill = 0]
                  2000d52c    00000014     rtsv7M4_T_le_eabi.lib : _lock.obj (.text)
                  2000d540    00000014                           : strcpy.obj (.text)
                  2000d554    00000014                           : strlen.obj (.text)
                  2000d568    00000014     app_pem4.oem4 (.text:ti_sysbios_family_arm_m3_Hwi_Object__get__S)
                  2000d57c    00000004     --HOLE-- [fill = 0]
                  2000d580    00000014     sysbios.aem4 : BIOS.obj (.text:ti_sysbios_family_arm_m3_Hwi_switchFromBootStack__E)
                  2000d594    00000014     app_pem4.oem4 (.text:ti_sysbios_heaps_HeapMem_Object__get__S)
                  2000d5a8    00000014     app_pem4.oem4 (.text:ti_sysbios_knl_Swi_Object__get__S)
                  2000d5bc    00000014     app_pem4.oem4 (.text:xdc_runtime_LoggerBuf_Object__get__S)
                  2000d5d0    00000012     driverlib.a : timer.obj (.text:TimerIntClear)
                  2000d5e2    00000006     rtsv7M4_T_le_eabi.lib : copy_decompress_rle.obj (.text:decompress:rle24)
                  2000d5e8    00000012     sysbios.aem4 : BIOS.obj (.text:ti_sysbios_hal_Hwi_Module_startup__E)
                  2000d5fa    00000006     rtsv7M4_T_le_eabi.lib : log.obj (.text)
                  2000d600    00000012     sysbios.aem4 : BIOS.obj (.text:ti_sysbios_hal_Timer_Module_startup__E)
                  2000d612    00000012     ti.targets.arm.rtsarm.aem4 : LoggerBuf.oem4 (.text:xdc_runtime_LoggerBuf_Instance_finalize__E)
                  2000d624    00000012                                : LoggerBuf.oem4 (.text:xdc_runtime_LoggerBuf_write1__E)
                  2000d636    00000012                                : LoggerBuf.oem4 (.text:xdc_runtime_LoggerBuf_write2__E)
                  2000d648    00000012     app_pem4.oem4 (.text:xdc_runtime_Startup_exec__I)
                  2000d65a    00000006     rtsv7M4_T_le_eabi.lib : log10.obj (.text)
                  2000d660    00000010     sysbios.aem4 : BIOS.obj (.text:ti_sysbios_BIOS_setThreadType__E)
                  2000d670    00000010                  : m3_TaskSupport_asm.obj (.text:ti_sysbios_family_arm_m3_TaskSupport_glue)
                  2000d680    00000010                  : m3_TaskSupport_asm.obj (.text:ti_sysbios_family_arm_m3_TaskSupport_swap__E)
                  2000d690    00000010                  : BIOS.obj (.text:ti_sysbios_gates_GateMutex_Instance_finalize__E)
                  2000d6a0    00000010     app_pem4.oem4 (.text:ti_sysbios_knl_Mailbox_Object__get__S)
                  2000d6b0    00000010     sysbios.aem4 : BIOS.obj (.text:ti_sysbios_knl_Semaphore_Instance_finalize__E)
                  2000d6c0    00000010                  : BIOS.obj (.text:ti_sysbios_knl_Swi_disable__E)
                  2000d6d0    00000010     app_pem4.oem4 (.text:ti_sysbios_knl_Task_Object__get__S)
                  2000d6e0    00000010     sysbios.aem4 : BIOS.obj (.text:ti_sysbios_knl_Task_disable__E)
                  2000d6f0    00000010     ti.targets.arm.rtsarm.aem4 : Gate.oem4 (.text:xdc_runtime_Gate_leaveSystem__E)
                  2000d700    00000010                                : LoggerBuf.oem4 (.text:xdc_runtime_LoggerBuf_write0__E)
                  2000d710    00000010                                : Memory.oem4 (.text:xdc_runtime_Memory_free__E)
                  2000d720    00000010                                : SysMin.oem4 (.text:xdc_runtime_SysMin_ready__E)
                  2000d730    00000010                                : System.oem4 (.text:xdc_runtime_System_vsnprintf__E)
                  2000d740    00000010     app_pem4.oem4 (.text:xdc_runtime_Text_visitRope__I)
                  2000d750    0000000e     rtsv7M4_T_le_eabi.lib : copy_decompress_none.obj (.text:decompress:none)
                  2000d75e    00000002     --HOLE-- [fill = 0]
                  2000d760    0000000e     sysbios.aem4 : BIOS.obj (.text:ti_sysbios_knl_Idle_loop__E)
                  2000d76e    00000002     --HOLE-- [fill = 0]
                  2000d770    0000000e                  : BIOS.obj (.text:ti_sysbios_knl_Queue_empty__E)
                  2000d77e    0000000c     rtsv7M4_T_le_eabi.lib : copy_zero_init.obj (.text:decompress:ZI)
                  2000d78a    00000006     ti.targets.arm.rtsarm.aem4 : System.oem4 (.text:xdc_runtime_System_Module_startup__E)
                  2000d790    0000000c     sysbios.aem4 : BIOS.obj (.text:ti_sysbios_family_arm_m3_TaskSupport_checkStack__E)
                  2000d79c    00000004     --HOLE-- [fill = 0]
                  2000d7a0    0000000c                  : BIOS.obj (.text:ti_sysbios_gates_GateHwi_enter__E)
                  2000d7ac    0000000c     app_pem4.oem4 (.text:ti_sysbios_knl_Queue_Object__get__S)
                  2000d7b8    0000000c     ti.targets.arm.rtsarm.aem4 : Error.oem4 (.text:xdc_runtime_Error_init__E)
                  2000d7c4    0000000c                                : Gate.oem4 (.text:xdc_runtime_Gate_enterSystem__E)
                  2000d7d0    0000000c                                : Memory.oem4 (.text:xdc_runtime_Memory_calloc__E)
                  2000d7dc    0000000c                                : Memory.oem4 (.text:xdc_runtime_Memory_getMaxDefaultTypeAlign__E)
                  2000d7e8    0000000a     driverlib.a : interrupt.obj (.text:IntMasterEnable)
                  2000d7f2    0000000a     app_pem4.oem4 (.text:xdc_runtime_IHeap_alloc)
                  2000d7fc    0000000a     app_pem4.oem4 (.text:xdc_runtime_IHeap_free)
                  2000d806    0000000a     ti.targets.arm.rtsarm.aem4 : LoggerBuf.oem4 (.text:xdc_runtime_LoggerBuf_disable__E)
                  2000d810    0000000a                                : LoggerBuf.oem4 (.text:xdc_runtime_LoggerBuf_enable__E)
                  2000d81a    00000006     --HOLE-- [fill = 0]
                  2000d820    00000008     sysbios.aem4 : BIOS.obj (.text:ti_sysbios_family_arm_m3_Hwi_doSwiRestore__I)
                  2000d828    00000008                  : BIOS.obj (.text:ti_sysbios_family_arm_m3_Hwi_startup__E)
                  2000d830    00000006                  : BIOS.obj (.text:ti_sysbios_gates_GateHwi_leave__E)
                  2000d836    00000002     --HOLE-- [fill = 0]
                  2000d838    00000006                  : BIOS.obj (.text:ti_sysbios_heaps_HeapMem_isBlocking__E)
                  2000d83e    00000002     --HOLE-- [fill = 0]
                  2000d840    00000006                  : BIOS.obj (.text:ti_sysbios_knl_Queue_Instance_init__E)
                  2000d846    00000002     --HOLE-- [fill = 0]
                  2000d848    00000004                  : BIOS.obj (.text:ti_sysbios_family_arm_m3_Timer_getMaxTicks__E)
                  2000d84c    00000004     --HOLE-- [fill = 0]
                  2000d850    00000004                  : BIOS.obj (.text:ti_sysbios_gates_GateHwi_query__E)
                  2000d854    00000004     --HOLE-- [fill = 0]
                  2000d858    00000004                  : BIOS.obj (.text:ti_sysbios_gates_GateMutex_query__E)
                  2000d85c    00000004     --HOLE-- [fill = 0]
                  2000d860    00000004                  : BIOS.obj (.text:ti_sysbios_knl_Task_startup__E)
                  2000d864    00000004     --HOLE-- [fill = 0]
                  2000d868    00000002                  : BIOS.obj (.text:ti_sysbios_gates_GateHwi_Instance_init__E)

.const     0    2000d870    000022ac     
                  2000d870    000018cb     app_pem4.oem4 (.const:xdc_runtime_Text_charTab__A)
                  2000f13b    00000101     rtsv7M4_T_le_eabi.lib : ctype.obj (.const:.string:_ctypes_)
                  2000f23c    00000100     driverlib.a : pin.obj (.const:g_ulPinToPadMap)
                  2000f33c    000000b8     app_pem4.oem4 (.const:xdc_runtime_Text_nodeTab__A)
                  2000f3f4    000000a8     driverlib.a : prcm.obj (.const:PRCM_PeriphRegsList)
                  2000f49c    00000080                 : interrupt.obj (.const)
                  2000f51c    00000048     app_pem4.oem4 (.const:.string)
                  2000f564    00000004     app_pem4.oem4 (.const:ti_sysbios_family_arm_m3_Hwi_E_NMI__C)
                  2000f568    00000048     rtsv7M4_T_le_eabi.lib : xexp.obj (.const)
                  2000f5b0    0000003c     app_pem4.oem4 (.const:xdc_runtime_LoggerBuf_Module__FXNS__C)
                  2000f5ec    00000004     app_pem4.oem4 (.const:ti_sysbios_family_arm_m3_Hwi_E_busFault__C)
                  2000f5f0    00000038     rtsv7M4_T_le_eabi.lib : xlog.obj (.const:p)
                  2000f628    00000030                           : xdint.obj (.const)
                  2000f658    00000030     app_pem4.oem4 (.const:xdc_runtime_Startup_sfxnTab__A)
                  2000f688    00000028     app_pem4.oem4 (.const:ti_sysbios_heaps_HeapMem_Module__FXNS__C)
                  2000f6b0    00000024     app_pem4.oem4 (.const:ti_sysbios_gates_GateHwi_Module__FXNS__C)
                  2000f6d4    00000024     app_pem4.oem4 (.const:ti_sysbios_gates_GateMutex_Module__FXNS__C)
                  2000f6f8    00000024     app_pem4.oem4 (.const:ti_sysbios_heaps_HeapMem_Object__PARAMS__C)
                  2000f71c    00000024     app_pem4.oem4 (.const:ti_sysbios_knl_Semaphore_Object__PARAMS__C)
                  2000f740    00000024     app_pem4.oem4 (.const:xdc_runtime_LoggerBuf_Object__PARAMS__C)
                  2000f764    00000020     app_pem4.oem4 (.const:ti_sysbios_gates_GateHwi_Object__DESC__C)
                  2000f784    00000020     app_pem4.oem4 (.const:ti_sysbios_gates_GateMutex_Object__DESC__C)
                  2000f7a4    00000020     app_pem4.oem4 (.const:ti_sysbios_heaps_HeapMem_Object__DESC__C)
                  2000f7c4    00000020     app_pem4.oem4 (.const:ti_sysbios_knl_Queue_Object__DESC__C)
                  2000f7e4    00000020     app_pem4.oem4 (.const:ti_sysbios_knl_Semaphore_Object__DESC__C)
                  2000f804    00000020     app_pem4.oem4 (.const:xdc_runtime_LoggerBuf_Object__DESC__C)
                  2000f824    00000018     app_pem4.oem4 (.const:ti_sysbios_gates_GateHwi_Object__PARAMS__C)
                  2000f83c    00000018     app_pem4.oem4 (.const:ti_sysbios_gates_GateMutex_Object__PARAMS__C)
                  2000f854    00000018     app_pem4.oem4 (.const:ti_sysbios_knl_Queue_Object__PARAMS__C)
                  2000f86c    00000018     app_pem4.oem4 (.const:xdc_runtime_Startup_sfxnRts__A)
                  2000f884    00000015     rom_pin_mux_config.obj (.const)
                  2000f899    00000001     app_pem4.oem4 (.const:xdc_runtime_Error_policy__C)
                  2000f89a    00000002     app_pem4.oem4 (.const:ti_sysbios_family_arm_m3_Hwi_Module__id__C)
                  2000f89c    0000000c     app_pem4.oem4 (.const:xdc_runtime_Startup_firstFxns__A)
                  2000f8a8    00000008     app_pem4.oem4 (.const:ti_sysbios_family_arm_m3_Hwi_excHookFuncs__A)
                  2000f8b0    00000008     app_pem4.oem4 (.const:ti_sysbios_knl_Idle_funcList__C)
                  2000f8b8    00000008     app_pem4.oem4 (.const:xdc_runtime_Startup_firstFxns__C)
                  2000f8c0    00000008     app_pem4.oem4 (.const:xdc_runtime_Startup_lastFxns__C)
                  2000f8c8    00000005     rom_pin_mux_config.obj (.const:.string)
                  2000f8cd    00000001     --HOLE-- [fill = 0]
                  2000f8ce    00000002     app_pem4.oem4 (.const:ti_sysbios_family_arm_m3_Hwi_Module__loggerDefined__C)
                  2000f8d0    00000004     app_pem4.oem4 (.const:ti_sysbios_family_arm_m3_Hwi_E_debugMon__C)
                  2000f8d4    00000004     app_pem4.oem4 (.const:ti_sysbios_family_arm_m3_Hwi_E_hardFault__C)
                  2000f8d8    00000004     app_pem4.oem4 (.const:ti_sysbios_family_arm_m3_Hwi_E_memFault__C)
                  2000f8dc    00000004     app_pem4.oem4 (.const:ti_sysbios_family_arm_m3_Hwi_E_noIsr__C)
                  2000f8e0    00000004     app_pem4.oem4 (.const:ti_sysbios_family_arm_m3_Hwi_E_reserved__C)
                  2000f8e4    00000004     app_pem4.oem4 (.const:ti_sysbios_family_arm_m3_Hwi_E_svCall__C)
                  2000f8e8    00000004     app_pem4.oem4 (.const:ti_sysbios_family_arm_m3_Hwi_E_usageFault__C)
                  2000f8ec    00000004     app_pem4.oem4 (.const:ti_sysbios_family_arm_m3_Hwi_LD_end__C)
                  2000f8f0    00000004     app_pem4.oem4 (.const:ti_sysbios_family_arm_m3_Hwi_LM_begin__C)
                  2000f8f4    00000004     app_pem4.oem4 (.const:ti_sysbios_family_arm_m3_Hwi_Module__diagsEnabled__C)
                  2000f8f8    00000004     app_pem4.oem4 (.const:ti_sysbios_family_arm_m3_Hwi_Module__diagsIncluded__C)
                  2000f8fc    00000004     app_pem4.oem4 (.const:ti_sysbios_family_arm_m3_Hwi_Module__diagsMask__C)
                  2000f900    00000004     app_pem4.oem4 (.const:ti_sysbios_family_arm_m3_Hwi_Module__loggerFxn1__C)
                  2000f904    00000004     app_pem4.oem4 (.const:ti_sysbios_family_arm_m3_Hwi_Module__loggerFxn8__C)
                  2000f908    00000004     app_pem4.oem4 (.const:ti_sysbios_family_arm_m3_Hwi_Module__loggerObj__C)
                  2000f90c    00000004     app_pem4.oem4 (.const:ti_sysbios_family_arm_m3_Hwi_NUM_INTERRUPTS__C)
                  2000f910    00000004     app_pem4.oem4 (.const:ti_sysbios_family_arm_m3_Hwi_Object__count__C)
                  2000f914    00000004     app_pem4.oem4 (.const:ti_sysbios_family_arm_m3_Hwi_ccr__C)
                  2000f918    00000004     app_pem4.oem4 (.const:ti_sysbios_family_arm_m3_Hwi_excHandlerFunc__C)
                  2000f91c    00000004     app_pem4.oem4 (.const:ti_sysbios_family_arm_m3_Hwi_excHookFuncs__C)
                  2000f920    00000004     app_pem4.oem4 (.const:ti_sysbios_family_arm_m3_Hwi_nullIsrFunc__C)
                  2000f924    00000004     app_pem4.oem4 (.const:ti_sysbios_family_arm_m3_Hwi_priGroup__C)
                  2000f928    00000004     app_pem4.oem4 (.const:ti_sysbios_family_arm_m3_Timer_E_cannotSupport__C)
                  2000f92c    00000004     app_pem4.oem4 (.const:ti_sysbios_family_arm_m3_Timer_startupNeeded__C)
                  2000f930    00000004     app_pem4.oem4 (.const:ti_sysbios_gates_GateMutex_A_badContext__C)
                  2000f934    00000004     app_pem4.oem4 (.const:ti_sysbios_gates_GateMutex_Instance_State_sem__O)
                  2000f938    00000004     app_pem4.oem4 (.const:ti_sysbios_gates_GateMutex_Module__diagsEnabled__C)
                  2000f93c    00000004     app_pem4.oem4 (.const:ti_sysbios_gates_GateMutex_Module__diagsIncluded__C)
                  2000f940    00000004     app_pem4.oem4 (.const:ti_sysbios_gates_GateMutex_Module__diagsMask__C)
                  2000f944    00000004     app_pem4.oem4 (.const:ti_sysbios_hal_Hwi_E_stackOverflow__C)
                  2000f948    00000004     app_pem4.oem4 (.const:ti_sysbios_heaps_HeapMem_A_align__C)
                  2000f94c    00000004     app_pem4.oem4 (.const:ti_sysbios_heaps_HeapMem_A_heapSize__C)
                  2000f950    00000004     app_pem4.oem4 (.const:ti_sysbios_heaps_HeapMem_A_invalidFree__C)
                  2000f954    00000004     app_pem4.oem4 (.const:ti_sysbios_heaps_HeapMem_A_zeroBlock__C)
                  2000f958    00000004     app_pem4.oem4 (.const:ti_sysbios_heaps_HeapMem_E_memory__C)
                  2000f95c    00000004     app_pem4.oem4 (.const:ti_sysbios_heaps_HeapMem_Module__diagsEnabled__C)
                  2000f960    00000004     app_pem4.oem4 (.const:ti_sysbios_heaps_HeapMem_Module__diagsIncluded__C)
                  2000f964    00000004     app_pem4.oem4 (.const:ti_sysbios_heaps_HeapMem_Module__diagsMask__C)
                  2000f968    00000004     app_pem4.oem4 (.const:ti_sysbios_heaps_HeapMem_Module__gateObj__C)
                  2000f96c    00000004     app_pem4.oem4 (.const:ti_sysbios_heaps_HeapMem_Object__count__C)
                  2000f970    00000004     app_pem4.oem4 (.const:ti_sysbios_heaps_HeapMem_reqAlign__C)
                  2000f974    00000004     app_pem4.oem4 (.const:ti_sysbios_knl_Clock_LM_begin__C)
                  2000f978    00000004     app_pem4.oem4 (.const:ti_sysbios_knl_Clock_LM_tick__C)
                  2000f97c    00000004     app_pem4.oem4 (.const:ti_sysbios_knl_Clock_LW_delayed__C)
                  2000f980    00000004     app_pem4.oem4 (.const:ti_sysbios_knl_Clock_Module_State_clockQ__O)
                  2000f984    00000004     app_pem4.oem4 (.const:ti_sysbios_knl_Clock_Module__diagsEnabled__C)
                  2000f988    00000004     app_pem4.oem4 (.const:ti_sysbios_knl_Clock_Module__diagsIncluded__C)
                  2000f98c    00000004     app_pem4.oem4 (.const:ti_sysbios_knl_Clock_Module__diagsMask__C)
                  2000f990    00000004     app_pem4.oem4 (.const:ti_sysbios_knl_Clock_Module__loggerFxn1__C)
                  2000f994    00000004     app_pem4.oem4 (.const:ti_sysbios_knl_Clock_Module__loggerFxn2__C)
                  2000f998    00000004     app_pem4.oem4 (.const:ti_sysbios_knl_Clock_Module__loggerObj__C)
                  2000f99c    00000004     app_pem4.oem4 (.const:ti_sysbios_knl_Idle_funcList__A)
                  2000f9a0    00000004     app_pem4.oem4 (.const:ti_sysbios_knl_Mailbox_Instance_State_freeQue__O)
                  2000f9a4    00000004     app_pem4.oem4 (.const:ti_sysbios_knl_Mailbox_Object__count__C)
                  2000f9a8    00000004     app_pem4.oem4 (.const:ti_sysbios_knl_Mailbox_maxTypeAlign__C)
                  2000f9ac    00000004     app_pem4.oem4 (.const:ti_sysbios_knl_Semaphore_A_badContext__C)
                  2000f9b0    00000004     app_pem4.oem4 (.const:ti_sysbios_knl_Semaphore_A_noEvents__C)
                  2000f9b4    00000004     app_pem4.oem4 (.const:ti_sysbios_knl_Semaphore_A_overflow__C)
                  2000f9b8    00000004     app_pem4.oem4 (.const:ti_sysbios_knl_Semaphore_A_pendTaskDisabled__C)
                  2000f9bc    00000004     app_pem4.oem4 (.const:ti_sysbios_knl_Semaphore_Instance_State_pendQ__O)
                  2000f9c0    00000004     app_pem4.oem4 (.const:ti_sysbios_knl_Semaphore_LM_pend__C)
                  2000f9c4    00000004     app_pem4.oem4 (.const:ti_sysbios_knl_Semaphore_LM_post__C)
                  2000f9c8    00000004     app_pem4.oem4 (.const:ti_sysbios_knl_Semaphore_Module__diagsEnabled__C)
                  2000f9cc    00000004     app_pem4.oem4 (.const:ti_sysbios_knl_Semaphore_Module__diagsIncluded__C)
                  2000f9d0    00000004     app_pem4.oem4 (.const:ti_sysbios_knl_Semaphore_Module__diagsMask__C)
                  2000f9d4    00000004     app_pem4.oem4 (.const:ti_sysbios_knl_Semaphore_Module__loggerFxn2__C)
                  2000f9d8    00000004     app_pem4.oem4 (.const:ti_sysbios_knl_Semaphore_Module__loggerFxn4__C)
                  2000f9dc    00000004     app_pem4.oem4 (.const:ti_sysbios_knl_Semaphore_Module__loggerObj__C)
                  2000f9e0    00000004     app_pem4.oem4 (.const:ti_sysbios_knl_Swi_LD_end__C)
                  2000f9e4    00000004     app_pem4.oem4 (.const:ti_sysbios_knl_Swi_LM_begin__C)
                  2000f9e8    00000004     app_pem4.oem4 (.const:ti_sysbios_knl_Swi_LM_post__C)
                  2000f9ec    00000004     app_pem4.oem4 (.const:ti_sysbios_knl_Swi_Module__diagsEnabled__C)
                  2000f9f0    00000004     app_pem4.oem4 (.const:ti_sysbios_knl_Swi_Module__diagsIncluded__C)
                  2000f9f4    00000004     app_pem4.oem4 (.const:ti_sysbios_knl_Swi_Module__diagsMask__C)
                  2000f9f8    00000004     app_pem4.oem4 (.const:ti_sysbios_knl_Swi_Module__loggerFxn1__C)
                  2000f9fc    00000004     app_pem4.oem4 (.const:ti_sysbios_knl_Swi_Module__loggerFxn4__C)
                  2000fa00    00000004     app_pem4.oem4 (.const:ti_sysbios_knl_Swi_Module__loggerObj__C)
                  2000fa04    00000004     app_pem4.oem4 (.const:ti_sysbios_knl_Swi_Object__count__C)
                  2000fa08    00000004     app_pem4.oem4 (.const:ti_sysbios_knl_Task_E_spOutOfBounds__C)
                  2000fa0c    00000004     app_pem4.oem4 (.const:ti_sysbios_knl_Task_E_stackOverflow__C)
                  2000fa10    00000004     app_pem4.oem4 (.const:ti_sysbios_knl_Task_LD_block__C)
                  2000fa14    00000004     app_pem4.oem4 (.const:ti_sysbios_knl_Task_LD_exit__C)
                  2000fa18    00000004     app_pem4.oem4 (.const:ti_sysbios_knl_Task_LD_ready__C)
                  2000fa1c    00000004     app_pem4.oem4 (.const:ti_sysbios_knl_Task_LM_switch__C)
                  2000fa20    00000004     app_pem4.oem4 (.const:ti_sysbios_knl_Task_Module_State_inactiveQ__O)
                  2000fa24    00000004     app_pem4.oem4 (.const:ti_sysbios_knl_Task_Module__diagsEnabled__C)
                  2000fa28    00000004     app_pem4.oem4 (.const:ti_sysbios_knl_Task_Module__diagsIncluded__C)
                  2000fa2c    00000004     app_pem4.oem4 (.const:ti_sysbios_knl_Task_Module__diagsMask__C)
                  2000fa30    00000004     app_pem4.oem4 (.const:ti_sysbios_knl_Task_Module__loggerFxn2__C)
                  2000fa34    00000004     app_pem4.oem4 (.const:ti_sysbios_knl_Task_Module__loggerFxn4__C)
                  2000fa38    00000004     app_pem4.oem4 (.const:ti_sysbios_knl_Task_Module__loggerObj__C)
                  2000fa3c    00000004     app_pem4.oem4 (.const:ti_sysbios_knl_Task_Object__count__C)
                  2000fa40    00000004     app_pem4.oem4 (.const:ti_sysbios_knl_Task_allBlockedFunc__C)
                  2000fa44    00000004     app_pem4.oem4 (.const:ti_sysbios_knl_Task_numConstructedTasks__C)
                  2000fa48    00000004     app_pem4.oem4 (.const:xdc_runtime_Assert_E_assertFailed__C)
                  2000fa4c    00000004     app_pem4.oem4 (.const:xdc_runtime_Core_A_initializedParams__C)
                  2000fa50    00000004     app_pem4.oem4 (.const:xdc_runtime_Core_Module__diagsEnabled__C)
                  2000fa54    00000004     app_pem4.oem4 (.const:xdc_runtime_Core_Module__diagsIncluded__C)
                  2000fa58    00000004     app_pem4.oem4 (.const:xdc_runtime_Core_Module__diagsMask__C)
                  2000fa5c    00000004     app_pem4.oem4 (.const:xdc_runtime_Error_E_memory__C)
                  2000fa60    00000004     app_pem4.oem4 (.const:xdc_runtime_Error_Module__diagsEnabled__C)
                  2000fa64    00000004     app_pem4.oem4 (.const:xdc_runtime_Error_Module__diagsIncluded__C)
                  2000fa68    00000004     app_pem4.oem4 (.const:xdc_runtime_Error_Module__diagsMask__C)
                  2000fa6c    00000004     app_pem4.oem4 (.const:xdc_runtime_Error_Module__loggerFxn8__C)
                  2000fa70    00000004     app_pem4.oem4 (.const:xdc_runtime_Error_Module__loggerObj__C)
                  2000fa74    00000004     app_pem4.oem4 (.const:xdc_runtime_Error_policyFxn__C)
                  2000fa78    00000004     app_pem4.oem4 (.const:xdc_runtime_Error_raiseHook__C)
                  2000fa7c    00000004     app_pem4.oem4 (.const:xdc_runtime_IFilterLogger_Interface__BASE__C)
                  2000fa80    00000004     app_pem4.oem4 (.const:xdc_runtime_IGateProvider_Interface__BASE__C)
                  2000fa84    00000004     app_pem4.oem4 (.const:xdc_runtime_IHeap_Interface__BASE__C)
                  2000fa88    00000004     app_pem4.oem4 (.const:xdc_runtime_ILogger_Interface__BASE__C)
                  2000fa8c    00000004     app_pem4.oem4 (.const:xdc_runtime_IModule_Interface__BASE__C)
                  2000fa90    00000004     app_pem4.oem4 (.const:xdc_runtime_Log_L_error__C)
                  2000fa94    00000004     app_pem4.oem4 (.const:xdc_runtime_LoggerBuf_E_badLevel__C)
                  2000fa98    00000004     app_pem4.oem4 (.const:xdc_runtime_LoggerBuf_Module__gateObj__C)
                  2000fa9c    00000004     app_pem4.oem4 (.const:xdc_runtime_LoggerBuf_Object__count__C)
                  2000faa0    00000004     app_pem4.oem4 (.const:xdc_runtime_LoggerBuf_statusLogger__C)
                  2000faa4    00000004     app_pem4.oem4 (.const:xdc_runtime_Memory_defaultHeapInstance__C)
                  2000faa8    00000004     app_pem4.oem4 (.const:xdc_runtime_Startup_execImpl__C)
                  2000faac    00000004     app_pem4.oem4 (.const:xdc_runtime_Startup_maxPasses__C)
                  2000fab0    00000004     app_pem4.oem4 (.const:xdc_runtime_Startup_sfxnRts__C)
                  2000fab4    00000004     app_pem4.oem4 (.const:xdc_runtime_Startup_sfxnTab__C)
                  2000fab8    00000004     app_pem4.oem4 (.const:xdc_runtime_SysMin_bufSize__C)
                  2000fabc    00000004     app_pem4.oem4 (.const:xdc_runtime_SysMin_outputFunc__C)
                  2000fac0    00000004     app_pem4.oem4 (.const:xdc_runtime_System_Module__gateObj__C)
                  2000fac4    00000004     app_pem4.oem4 (.const:xdc_runtime_System_abortFxn__C)
                  2000fac8    00000004     app_pem4.oem4 (.const:xdc_runtime_System_exitFxn__C)
                  2000facc    00000004     app_pem4.oem4 (.const:xdc_runtime_System_extendFxn__C)
                  2000fad0    00000004     app_pem4.oem4 (.const:xdc_runtime_System_maxAtexitHandlers__C)
                  2000fad4    00000004     app_pem4.oem4 (.const:xdc_runtime_Text_charTab__C)
                  2000fad8    00000004     app_pem4.oem4 (.const:xdc_runtime_Text_nameEmpty__C)
                  2000fadc    00000004     app_pem4.oem4 (.const:xdc_runtime_Text_nameStatic__C)
                  2000fae0    00000004     app_pem4.oem4 (.const:xdc_runtime_Text_nameUnknown__C)
                  2000fae4    00000004     app_pem4.oem4 (.const:xdc_runtime_Text_nodeTab__C)
                  2000fae8    00000004     app_pem4.oem4 (.const:xdc_runtime_Text_visitRopeFxn__C)
                  2000faec    00000002     app_pem4.oem4 (.const:ti_sysbios_family_arm_m3_Timer_Module__id__C)
                  2000faee    00000002     app_pem4.oem4 (.const:ti_sysbios_family_arm_m3_TimestampProvider_configTimer__C)
                  2000faf0    00000002     app_pem4.oem4 (.const:ti_sysbios_gates_GateMutex_Module__id__C)
                  2000faf2    00000002     app_pem4.oem4 (.const:ti_sysbios_hal_Hwi_Module__id__C)
                  2000faf4    00000002     app_pem4.oem4 (.const:ti_sysbios_heaps_HeapMem_Module__id__C)
                  2000faf6    00000002     app_pem4.oem4 (.const:ti_sysbios_knl_Clock_Module__id__C)
                  2000faf8    00000002     app_pem4.oem4 (.const:ti_sysbios_knl_Clock_Module__loggerDefined__C)
                  2000fafa    00000002     app_pem4.oem4 (.const:ti_sysbios_knl_Semaphore_Module__id__C)
                  2000fafc    00000002     app_pem4.oem4 (.const:ti_sysbios_knl_Semaphore_Module__loggerDefined__C)
                  2000fafe    00000002     app_pem4.oem4 (.const:ti_sysbios_knl_Swi_Module__id__C)
                  2000fb00    00000002     app_pem4.oem4 (.const:ti_sysbios_knl_Swi_Module__loggerDefined__C)
                  2000fb02    00000002     app_pem4.oem4 (.const:ti_sysbios_knl_Task_Module__id__C)
                  2000fb04    00000002     app_pem4.oem4 (.const:ti_sysbios_knl_Task_Module__loggerDefined__C)
                  2000fb06    00000002     app_pem4.oem4 (.const:xdc_runtime_Core_Module__id__C)
                  2000fb08    00000002     app_pem4.oem4 (.const:xdc_runtime_Error_Module__loggerDefined__C)
                  2000fb0a    00000002     app_pem4.oem4 (.const:xdc_runtime_Error_maxDepth__C)
                  2000fb0c    00000002     app_pem4.oem4 (.const:xdc_runtime_LoggerBuf_Module__id__C)
                  2000fb0e    00000002     app_pem4.oem4 (.const:xdc_runtime_LoggerBuf_filterByLevel__C)
                  2000fb10    00000002     app_pem4.oem4 (.const:xdc_runtime_Memory_Module__id__C)
                  2000fb12    00000002     app_pem4.oem4 (.const:xdc_runtime_SysMin_flushAtExit__C)
                  2000fb14    00000002     app_pem4.oem4 (.const:xdc_runtime_Text_charCnt__C)
                  2000fb16    00000002     app_pem4.oem4 (.const:xdc_runtime_Text_isLoaded__C)
                  2000fb18    00000002     app_pem4.oem4 (.const:xdc_runtime_Text_registryModsLastId__C)
                  2000fb1a    00000002     app_pem4.oem4 (.const:xdc_runtime_Text_unnamedModsLastId__C)

.cinit     0    2000fb20    000003a8     
                  2000fb20    00000380     (.cinit..data.load) [load image, compression = rle]
                  2000fea0    0000000c     (__TI_handler_table)
                  2000feac    00000004     --HOLE-- [fill = 0]
                  2000feb0    00000008     (.cinit..bss.load) [load image, compression = zero_init]
                  2000feb8    00000010     (__TI_cinit_table)

.bss       0    20017000    00009555     UNINITIALIZED
                  20017000    00008000     app_pem4.oem4 (.bss:ti_sysbios_heaps_HeapMem_Instance_State_0_buf__A)
                  2001f000    00000800     app_pem4.oem4 (.bss:taskStackSection)
                  2001f800    00000400     app_pem4.oem4 (.bss:xdc_runtime_LoggerBuf_Instance_State_0_entryArr__A)
                  2001fc00    00000400     app_pem4.oem4 (.bss:xdc_runtime_SysMin_Module_State_0_outbuf__A)
                  20020000    0000030c     app_pem4.oem4 (.bss:ti_sysbios_family_arm_m3_Hwi_dispatchTable)
                  2002030c    00000120     rtsv7M4_T_le_eabi.lib : trgmsg.obj (.bss:__CIOBUF_)
                  2002042c    00000100     APA102.obj (.bss:_gamma)
                  2002052c    0000001c     (.common:_levels)
                  20020548    00000008     (.common:parmbuf)
                  20020550    00000004     (.common:_adcCount)
                  20020554    00000001     (.common:_state)

.data      0    20020558    000005c8     UNINITIALIZED
                  20020558    00000138     app_pem4.oem4 (.data)
                  20020690    000000b0     rtsv7M4_T_le_eabi.lib : signal.obj (.data:sigtable)
                  20020740    00000080                           : xvalues.obj (.data)
                  200207c0    00000080     app_pem4.oem4 (.data:ti_sysbios_knl_Swi_Module_State_0_readyQ__A)
                  20020840    00000080     app_pem4.oem4 (.data:ti_sysbios_knl_Task_Module_State_0_readyQ__A)
                  200208c0    00000068     rtsv7M4_T_le_eabi.lib : xfvalues.obj (.data)
                  20020928    0000004c     app_pem4.oem4 (.data:ti_sysbios_knl_Task_Object__table__V)
                  20020974    00000044     app_pem4.oem4 (.data:ti_sysbios_knl_Task_Module__state__V)
                  200209b8    00000038     app_pem4.oem4 (.data:ti_sysbios_gates_GateMutex_Object__table__V)
                  200209f0    00000034     app_pem4.oem4 (.data:ti_sysbios_family_arm_m3_Hwi_Module__state__V)
                  20020a24    00000030     app_pem4.oem4 (.data:ti_sysbios_family_arm_m3_Timer_Object__table__V)
                  20020a54    00000030     app_pem4.oem4 (.data:ti_sysbios_knl_Swi_Object__table__V)
                  20020a84    0000002c     app_pem4.oem4 (.data:ti_sysbios_knl_Clock_Module__state__V)
                  20020ab0    00000024     app_pem4.oem4 (.data:ti_sysbios_BIOS_Module__state__V)
                  20020ad4    00000024     app_pem4.oem4 (.data:xdc_runtime_LoggerBuf_Object__table__V)
                  20020af8    00000008     rtsv7M4_T_le_eabi.lib : _lock.obj (.data)
                  20020b00    00000008                           : exit.obj (.data)
                  20020b08    00000008                           : feraiseexcept.obj (.data)
                  20020b10    00000006     main.obj (.data)
                  20020b16    00000002     --HOLE--
                  20020b18    00000004     rtsv7M4_T_le_eabi.lib : errno.obj (.data)
                  20020b1c    00000004                           : stkdepth_vars.obj (.data)

.stack     0    2002e000    00002000     UNINITIALIZED
                  2002e000    00002000     --HOLE--

.bootVecs 
*          0    00000000    00000008     DSECT
                  00000000    00000008     boot.aem4 : boot.oem4 (.bootVecs)

.vecs      0    20004000    00000000     DSECT

xdc.meta   0    00000000    000000f8     COPY SECTION
                  00000000    000000f8     app_pem4.oem4 (xdc.meta)

.TI.noinit 
*          0    20017000    00000000     UNINITIALIZED

.TI.persistent 
*          0    20020558    00000000     UNINITIALIZED


LINKER GENERATED COPY TABLES

__TI_cinit_table @ 2000feb8 records: 2, size/record: 8, table size: 16
	.data: load addr=2000fb20, load size=00000380 bytes, run addr=20020558, run size=000005c8 bytes, compression=rle
	.bss: load addr=2000feb0, load size=00000008 bytes, run addr=20017000, run size=00009555 bytes, compression=zero_init


LINKER GENERATED HANDLER TABLE

__TI_handler_table @ 2000fea0 records: 3, size/record: 4, table size: 12
	index: 0, handler: __TI_decompress_rle24
	index: 1, handler: __TI_decompress_none
	index: 2, handler: __TI_zero_init


GLOBAL SYMBOLS: SORTED ALPHABETICALLY BY Name 

address   name                                                        
-------   ----                                                        
2000c4b7  ADCChannelEnable                                            
2000d4ef  ADCEnable                                                   
2000d109  ADCFIFOLvlGet                                               
2000d35d  ADCFIFORead                                                 
2000b83d  ADCIntClear                                                 
2000b409  ADCIntEnable                                                
2000c341  ADCIntRegister                                              
2000b6c9  ADCIntStatus                                                
200069af  APA102_clearStrip                                           
20006885  APA102_init                                                 
20006943  APA102_initStrip                                            
20006a33  APA102_setAll                                               
200069e9  APA102_setColor                                             
20006a97  APA102_updateStrip                                          
2000c05d  C$$EXIT                                                     
2000b49f  C$$IO$$                                                     
2000d503  CPUcpsie                                                    
2000f898  CS_COUNT                                                    
2000f8c8  CS_PIN                                                      
2000f884  CS_PORT                                                     
2000b011  Console_init                                                
2000b057  Console_printf                                              
2000b039  Console_puts                                                
2000c641  GPIODirModeSet                                              
2000cecd  GPIOPinWrite                                                
2000683d  HOSTclock                                                   
20006805  HOSTclose                                                   
200067c7  HOSTgetenv                                                  
2000676b  HOSTlseek                                                   
20006719  HOSTopen                                                    
200066cd  HOSTread                                                    
2000666f  HOSTrename                                                  
20006635  HOSTtime                                                    
200065fd  HOSTunlink                                                  
200065b1  HOSTwrite                                                   
2000a2dd  IntEnable                                                   
2000d7e9  IntMasterEnable                                             
2000ceed  IntRegister                                                 
2000d031  LoggerBuf_instanceStartup                                   
20006bd5  MSGEQ7_get                                                  
20006b31  MSGEQ7_init                                                 
2000a469  Matrix_clear                                                
2000a431  Matrix_init                                                 
2000a475  Matrix_setPixel                                             
2000a4c7  Matrix_update                                               
20008171  PRCMCC3200MCUInit                                           
2000d481  PRCMHIBRegRead                                              
2000d497  PRCMHIBRegWrite                                             
2000cc59  PRCMPeripheralClkDisable                                    
2000c381  PRCMPeripheralClkEnable                                     
2000a925  PRCMPeripheralClockGet                                      
2000b895  PRCMPeripheralReset                                         
2000cafd  PRCMSysResetCauseGet                                        
2000ab71  PinConfigSet                                                
2000c23d  PinModeSet                                                  
20007fe5  PinMuxConfig                                                
2000d517  PinTypeADC                                                  
2000c85b  PinTypeGPIO                                                 
2000d225  PinTypeSPI                                                  
UNDEFED   SHT$$INIT_ARRAY$$Base                                       
UNDEFED   SHT$$INIT_ARRAY$$Limit                                      
2000a4d5  SPIConfigSetExpClk                                          
2000d375  SPIEnable                                                   
2000d23f  SPIFIFOEnable                                               
2000abf9  SPITransfer                                                 
20007ccf  Spectrum_fromMSGEQ7                                         
20007c99  Spectrum_init                                               
20006c17  Spectrum_toDb                                               
2000bfd5  TimerConfigure                                              
2000d091  TimerEnable                                                 
2000d5d1  TimerIntClear                                               
2000d38d  TimerIntEnable                                              
2000b175  TimerIntRegister                                            
2000d0af  TimerIntStatus                                              
2000cbd9  TimerLoadSet                                                
2000d125  TimerValueGet                                               
2000d0cd  UARTCharPut                                                 
2000b089  UARTConfigSetExpClk                                         
2000c88d  UARTDisable                                                 
2000ccf7  UARTEnable                                                  
2000d4ad  UARTFIFOEnable                                              
2000d3a5  UARTFIFOLevelSet                                            
2000b253  UtilsDelay                                                  
2000cc03  _Dclass                                                     
20020740  _Denorm                                                     
20009c49  _Dint                                                       
20009d09  _Dnorm                                                      
200090a5  _Dscale                                                     
2000b4d9  _Dunscale                                                   
20020750  _Eps                                                        
20020b18  _Errno                                                      
200074f1  _Exp                                                        
200208c0  _FDenorm                                                    
200208d0  _FEps                                                       
200208e0  _FInf                                                       
200208f0  _FNan                                                       
20020910  _FRteps                                                     
20020900  _FSnan                                                      
20020920  _FXbig                                                      
20020924  _FZero                                                      
20020b08  _Fenv                                                       
2000c8bd  _Feraise                                                    
20020760  _Hugeval                                                    
20020770  _Inf                                                        
200062cd  _Log                                                        
20020780  _Nan                                                        
200207a0  _Rteps                                                      
20020790  _Snan                                                       
20020b0c  _Tls_setup__Fenv                                            
200207b0  _Xbig                                                       
200207b8  _Zero                                                       
00000000  __ASM__                                                     
2002030c  __CIOBUF_                                                   
00000071  __ISA__                                                     
00000084  __PLAT__                                                    
20030000  __STACK_END                                                 
00002000  __STACK_SIZE                                                
000000ab  __TARG__                                                    
2000feb8  __TI_CINIT_Base                                             
2000fec8  __TI_CINIT_Limit                                            
2000fea0  __TI_Handler_Table_Base                                     
2000feac  __TI_Handler_Table_Limit                                    
2000a575  __TI_auto_init                                              
20020b00  __TI_cleanup_ptr                                            
2000d751  __TI_decompress_none                                        
2000d5e3  __TI_decompress_rle24                                       
20020b04  __TI_dtors_ptr                                              
200050b1  __TI_printfi                                                
2000b4a3  __TI_readmsg                                                
2000fb20  __TI_static_base__                                          
2000b471  __TI_writemsg                                               
2000d77f  __TI_zero_init                                              
000000d0  __TRDR__                                                    
2000ad91  __aeabi_cdcmpeq                                             
2000ad91  __aeabi_cdcmple                                             
2000ae17  __aeabi_cdrcmple                                            
2000b5a5  __aeabi_cfcmpeq                                             
2000b5a5  __aeabi_cfcmple                                             
2000b605  __aeabi_cfrcmple                                            
2000bd05  __aeabi_d2f                                                 
2000bcbd  __aeabi_d2iz                                                
2000c0a1  __aeabi_d2uiz                                               
20007aeb  __aeabi_dadd                                                
20008c01  __aeabi_ddiv                                                
200092b5  __aeabi_dmul                                                
20007ae1  __aeabi_dsub                                                
2000c4ef  __aeabi_f2d                                                 
2000c527  __aeabi_f2iz                                                
2000c6ad  __aeabi_f2uiz                                               
200093b5  __aeabi_fadd                                                
2000aa4d  __aeabi_fdiv                                                
2000af1d  __aeabi_fmul                                                
200093b1  __aeabi_fsub                                                
2000ca9f  __aeabi_i2d                                                 
200053b7  __aeabi_idiv0                                               
2000af97  __aeabi_memclr                                              
2000af97  __aeabi_memclr4                                             
2000af97  __aeabi_memclr8                                             
2000a6b5  __aeabi_memcpy                                              
2000a6b5  __aeabi_memcpy4                                             
2000a6b5  __aeabi_memcpy8                                             
2000af99  __aeabi_memset                                              
2000af99  __aeabi_memset4                                             
2000af99  __aeabi_memset8                                             
2000cd1b  __aeabi_ui2f                                                
2000c2bd  __aeabi_uidiv                                               
2000c2bd  __aeabi_uidivmod                                            
200078ed  __aeabi_uldivmod                                            
ffffffff  __binit__                                                   
ffffffff  __c_args__                                                  
2002e000  __stack                                                     
2000c823  __xdc__init                                                 
2002068c  __xdc__init__addr                                           
2000d3bd  _args_main                                                  
2000c019  _c_int00                                                    
2000f13b  _ctypes_                                                    
20020af8  _lock                                                       
2000d53b  _nop                                                        
2000d533  _register_lock                                              
2000d52d  _register_unlock                                            
20020afc  _unlock                                                     
2000c061  abort                                                       
2000bae9  atoi                                                        
ffffffff  binit                                                       
2000bb35  copy_in                                                     
20006de7  displayLevel                                                
2000c069  exit                                                        
2000c679  feraiseexcept                                               
2000bf01  fmax                                                        
2000ce89  frexp                                                       
2000bf47  ldexp                                                       
2000d5fb  log                                                         
2000d65b  log10                                                       
2000b949  ltoa                                                        
[...]
2000f33c  xdc_runtime_Text_nodeTab__A                                 
2000f564  ti_sysbios_family_arm_m3_Hwi_E_NMI__C                       
2000f5b0  xdc_runtime_LoggerBuf_Module__FXNS__C                       
2000f5ec  ti_sysbios_family_arm_m3_Hwi_E_busFault__C                  
2000f658  xdc_runtime_Startup_sfxnTab__A                              
2000f688  ti_sysbios_heaps_HeapMem_Module__FXNS__C                    
2000f6b0  ti_sysbios_gates_GateHwi_Module__FXNS__C                    
2000f6d4  ti_sysbios_gates_GateMutex_Module__FXNS__C                  
2000f6f8  ti_sysbios_heaps_HeapMem_Object__PARAMS__C                  
2000f71c  ti_sysbios_knl_Semaphore_Object__PARAMS__C                  
2000f740  xdc_runtime_LoggerBuf_Object__PARAMS__C                     
2000f764  ti_sysbios_gates_GateHwi_Object__DESC__C                    
2000f784  ti_sysbios_gates_GateMutex_Object__DESC__C                  
2000f7a4  ti_sysbios_heaps_HeapMem_Object__DESC__C                    
2000f7c4  ti_sysbios_knl_Queue_Object__DESC__C                        
2000f7e4  ti_sysbios_knl_Semaphore_Object__DESC__C                    
2000f804  xdc_runtime_LoggerBuf_Object__DESC__C                       
2000f824  ti_sysbios_gates_GateHwi_Object__PARAMS__C                  
2000f83c  ti_sysbios_gates_GateMutex_Object__PARAMS__C                
2000f854  ti_sysbios_knl_Queue_Object__PARAMS__C                      
2000f86c  xdc_runtime_Startup_sfxnRts__A                              
2000f884  CS_PORT                                                     
2000f898  CS_COUNT                                                    
2000f899  xdc_runtime_Error_policy__C                                 
2000f89a  ti_sysbios_family_arm_m3_Hwi_Module__id__C                  
2000f89c  xdc_runtime_Startup_firstFxns__A                            
2000f8a8  ti_sysbios_family_arm_m3_Hwi_excHookFuncs__A                
2000f8b0  ti_sysbios_knl_Idle_funcList__C                             
2000f8b8  xdc_runtime_Startup_firstFxns__C                            
2000f8c0  xdc_runtime_Startup_lastFxns__C                             
2000f8c8  CS_PIN                                                      
2000f8ce  ti_sysbios_family_arm_m3_Hwi_Module__loggerDefined__C       
2000f8d0  ti_sysbios_family_arm_m3_Hwi_E_debugMon__C                  
2000f8d4  ti_sysbios_family_arm_m3_Hwi_E_hardFault__C                 
2000f8d8  ti_sysbios_family_arm_m3_Hwi_E_memFault__C                  
2000f8dc  ti_sysbios_family_arm_m3_Hwi_E_noIsr__C                     
2000f8e0  ti_sysbios_family_arm_m3_Hwi_E_reserved__C                  
2000f8e4  ti_sysbios_family_arm_m3_Hwi_E_svCall__C                    
2000f8e8  ti_sysbios_family_arm_m3_Hwi_E_usageFault__C                
2000f8ec  ti_sysbios_family_arm_m3_Hwi_LD_end__C                      
2000f8f0  ti_sysbios_family_arm_m3_Hwi_LM_begin__C                    
2000f8f4  ti_sysbios_family_arm_m3_Hwi_Module__diagsEnabled__C        
2000f8f8  ti_sysbios_family_arm_m3_Hwi_Module__diagsIncluded__C       
2000f8fc  ti_sysbios_family_arm_m3_Hwi_Module__diagsMask__C           
2000f900  ti_sysbios_family_arm_m3_Hwi_Module__loggerFxn1__C          
2000f904  ti_sysbios_family_arm_m3_Hwi_Module__loggerFxn8__C          
2000f908  ti_sysbios_family_arm_m3_Hwi_Module__loggerObj__C           
2000f90c  ti_sysbios_family_arm_m3_Hwi_NUM_INTERRUPTS__C              
2000f910  ti_sysbios_family_arm_m3_Hwi_Object__count__C               
2000f914  ti_sysbios_family_arm_m3_Hwi_ccr__C                         
2000f918  ti_sysbios_family_arm_m3_Hwi_excHandlerFunc__C              
2000f91c  ti_sysbios_family_arm_m3_Hwi_excHookFuncs__C                
2000f920  ti_sysbios_family_arm_m3_Hwi_nullIsrFunc__C                 
2000f924  ti_sysbios_family_arm_m3_Hwi_priGroup__C                    
2000f928  ti_sysbios_family_arm_m3_Timer_E_cannotSupport__C           
2000f92c  ti_sysbios_family_arm_m3_Timer_startupNeeded__C             
2000f930  ti_sysbios_gates_GateMutex_A_badContext__C                  
2000f934  ti_sysbios_gates_GateMutex_Instance_State_sem__O            
2000f938  ti_sysbios_gates_GateMutex_Module__diagsEnabled__C          
2000f93c  ti_sysbios_gates_GateMutex_Module__diagsIncluded__C         
2000f940  ti_sysbios_gates_GateMutex_Module__diagsMask__C             
2000f944  ti_sysbios_hal_Hwi_E_stackOverflow__C                       
2000f948  ti_sysbios_heaps_HeapMem_A_align__C                         
2000f94c  ti_sysbios_heaps_HeapMem_A_heapSize__C                      
2000f950  ti_sysbios_heaps_HeapMem_A_invalidFree__C                   
2000f954  ti_sysbios_heaps_HeapMem_A_zeroBlock__C                     
2000f958  ti_sysbios_heaps_HeapMem_E_memory__C                        
2000f95c  ti_sysbios_heaps_HeapMem_Module__diagsEnabled__C            
2000f960  ti_sysbios_heaps_HeapMem_Module__diagsIncluded__C           
2000f964  ti_sysbios_heaps_HeapMem_Module__diagsMask__C               
2000f968  ti_sysbios_heaps_HeapMem_Module__gateObj__C                 
2000f96c  ti_sysbios_heaps_HeapMem_Object__count__C                   
2000f970  ti_sysbios_heaps_HeapMem_reqAlign__C                        
2000f974  ti_sysbios_knl_Clock_LM_begin__C                            
2000f978  ti_sysbios_knl_Clock_LM_tick__C                             
2000f97c  ti_sysbios_knl_Clock_LW_delayed__C                          
2000f980  ti_sysbios_knl_Clock_Module_State_clockQ__O                 
2000f984  ti_sysbios_knl_Clock_Module__diagsEnabled__C                
2000f988  ti_sysbios_knl_Clock_Module__diagsIncluded__C               
2000f98c  ti_sysbios_knl_Clock_Module__diagsMask__C                   
2000f990  ti_sysbios_knl_Clock_Module__loggerFxn1__C                  
2000f994  ti_sysbios_knl_Clock_Module__loggerFxn2__C                  
2000f998  ti_sysbios_knl_Clock_Module__loggerObj__C                   
2000f99c  ti_sysbios_knl_Idle_funcList__A                             
2000f9a0  ti_sysbios_knl_Mailbox_Instance_State_freeQue__O            
2000f9a4  ti_sysbios_knl_Mailbox_Object__count__C                     
2000f9a8  ti_sysbios_knl_Mailbox_maxTypeAlign__C                      
2000f9ac  ti_sysbios_knl_Semaphore_A_badContext__C                    
2000f9b0  ti_sysbios_knl_Semaphore_A_noEvents__C                      
2000f9b4  ti_sysbios_knl_Semaphore_A_overflow__C                      
2000f9b8  ti_sysbios_knl_Semaphore_A_pendTaskDisabled__C              
2000f9bc  ti_sysbios_knl_Semaphore_Instance_State_pendQ__O            
2000f9c0  ti_sysbios_knl_Semaphore_LM_pend__C                         
2000f9c4  ti_sysbios_knl_Semaphore_LM_post__C                         
2000f9c8  ti_sysbios_knl_Semaphore_Module__diagsEnabled__C            
2000f9cc  ti_sysbios_knl_Semaphore_Module__diagsIncluded__C           
2000f9d0  ti_sysbios_knl_Semaphore_Module__diagsMask__C               
2000f9d4  ti_sysbios_knl_Semaphore_Module__loggerFxn2__C              
2000f9d8  ti_sysbios_knl_Semaphore_Module__loggerFxn4__C              
2000f9dc  ti_sysbios_knl_Semaphore_Module__loggerObj__C               
2000f9e0  ti_sysbios_knl_Swi_LD_end__C                                
2000f9e4  ti_sysbios_knl_Swi_LM_begin__C                              
2000f9e8  ti_sysbios_knl_Swi_LM_post__C                               
2000f9ec  ti_sysbios_knl_Swi_Module__diagsEnabled__C                  
2000f9f0  ti_sysbios_knl_Swi_Module__diagsIncluded__C                 
2000f9f4  ti_sysbios_knl_Swi_Module__diagsMask__C                     
2000f9f8  ti_sysbios_knl_Swi_Module__loggerFxn1__C                    
2000f9fc  ti_sysbios_knl_Swi_Module__loggerFxn4__C                    
2000fa00  ti_sysbios_knl_Swi_Module__loggerObj__C                     
2000fa04  ti_sysbios_knl_Swi_Object__count__C                         
2000fa08  ti_sysbios_knl_Task_E_spOutOfBounds__C                      
2000fa0c  ti_sysbios_knl_Task_E_stackOverflow__C                      
2000fa10  ti_sysbios_knl_Task_LD_block__C                             
2000fa14  ti_sysbios_knl_Task_LD_exit__C                              
2000fa18  ti_sysbios_knl_Task_LD_ready__C                             
2000fa1c  ti_sysbios_knl_Task_LM_switch__C                            
2000fa20  ti_sysbios_knl_Task_Module_State_inactiveQ__O               
2000fa24  ti_sysbios_knl_Task_Module__diagsEnabled__C                 
2000fa28  ti_sysbios_knl_Task_Module__diagsIncluded__C                
2000fa2c  ti_sysbios_knl_Task_Module__diagsMask__C                    
2000fa30  ti_sysbios_knl_Task_Module__loggerFxn2__C                   
2000fa34  ti_sysbios_knl_Task_Module__loggerFxn4__C                   
2000fa38  ti_sysbios_knl_Task_Module__loggerObj__C                    
2000fa3c  ti_sysbios_knl_Task_Object__count__C                        
2000fa40  ti_sysbios_knl_Task_allBlockedFunc__C                       
2000fa44  ti_sysbios_knl_Task_numConstructedTasks__C                  
2000fa48  xdc_runtime_Assert_E_assertFailed__C                        
2000fa4c  xdc_runtime_Core_A_initializedParams__C                     
2000fa50  xdc_runtime_Core_Module__diagsEnabled__C                    
2000fa54  xdc_runtime_Core_Module__diagsIncluded__C                   
2000fa58  xdc_runtime_Core_Module__diagsMask__C                       
2000fa5c  xdc_runtime_Error_E_memory__C                               
2000fa60  xdc_runtime_Error_Module__diagsEnabled__C                   
2000fa64  xdc_runtime_Error_Module__diagsIncluded__C                  
2000fa68  xdc_runtime_Error_Module__diagsMask__C                      
2000fa6c  xdc_runtime_Error_Module__loggerFxn8__C                     
2000fa70  xdc_runtime_Error_Module__loggerObj__C                      
2000fa74  xdc_runtime_Error_policyFxn__C                              
2000fa78  xdc_runtime_Error_raiseHook__C                              
2000fa7c  xdc_runtime_IFilterLogger_Interface__BASE__C                
2000fa80  xdc_runtime_IGateProvider_Interface__BASE__C                
2000fa84  xdc_runtime_IHeap_Interface__BASE__C                        
2000fa88  xdc_runtime_ILogger_Interface__BASE__C                      
2000fa8c  xdc_runtime_IModule_Interface__BASE__C                      
2000fa90  xdc_runtime_Log_L_error__C                                  
2000fa94  xdc_runtime_LoggerBuf_E_badLevel__C                         
2000fa98  xdc_runtime_LoggerBuf_Module__gateObj__C                    
2000fa9c  xdc_runtime_LoggerBuf_Object__count__C                      
2000faa0  xdc_runtime_LoggerBuf_statusLogger__C                       
2000faa4  xdc_runtime_Memory_defaultHeapInstance__C                   
2000faa8  xdc_runtime_Startup_execImpl__C                             
2000faac  xdc_runtime_Startup_maxPasses__C                            
2000fab0  xdc_runtime_Startup_sfxnRts__C                              
2000fab4  xdc_runtime_Startup_sfxnTab__C                              
2000fab8  xdc_runtime_SysMin_bufSize__C                               
2000fabc  xdc_runtime_SysMin_outputFunc__C                            
2000fac0  xdc_runtime_System_Module__gateObj__C                       
2000fac4  xdc_runtime_System_abortFxn__C                              
2000fac8  xdc_runtime_System_exitFxn__C                               
2000facc  xdc_runtime_System_extendFxn__C                             
2000fad0  xdc_runtime_System_maxAtexitHandlers__C                     
2000fad4  xdc_runtime_Text_charTab__C                                 
2000fad8  xdc_runtime_Text_nameEmpty__C                               
2000fadc  xdc_runtime_Text_nameStatic__C                              
2000fae0  xdc_runtime_Text_nameUnknown__C                             
2000fae4  xdc_runtime_Text_nodeTab__C                                 
2000fae8  xdc_runtime_Text_visitRopeFxn__C                            
2000faec  ti_sysbios_family_arm_m3_Timer_Module__id__C                
2000faee  ti_sysbios_family_arm_m3_TimestampProvider_configTimer__C   
2000faf0  ti_sysbios_gates_GateMutex_Module__id__C                    
2000faf2  ti_sysbios_hal_Hwi_Module__id__C                            
2000faf4  ti_sysbios_heaps_HeapMem_Module__id__C                      
2000faf6  ti_sysbios_knl_Clock_Module__id__C                          
2000faf8  ti_sysbios_knl_Clock_Module__loggerDefined__C               
2000fafa  ti_sysbios_knl_Semaphore_Module__id__C                      
2000fafc  ti_sysbios_knl_Semaphore_Module__loggerDefined__C           
2000fafe  ti_sysbios_knl_Swi_Module__id__C                            
2000fb00  ti_sysbios_knl_Swi_Module__loggerDefined__C                 
2000fb02  ti_sysbios_knl_Task_Module__id__C                           
2000fb04  ti_sysbios_knl_Task_Module__loggerDefined__C                
2000fb06  xdc_runtime_Core_Module__id__C                              
2000fb08  xdc_runtime_Error_Module__loggerDefined__C                  
2000fb0a  xdc_runtime_Error_maxDepth__C                               
2000fb0c  xdc_runtime_LoggerBuf_Module__id__C                         
2000fb0e  xdc_runtime_LoggerBuf_filterByLevel__C                      
2000fb10  xdc_runtime_Memory_Module__id__C                            
2000fb12  xdc_runtime_SysMin_flushAtExit__C                           
2000fb14  xdc_runtime_Text_charCnt__C                                 
2000fb16  xdc_runtime_Text_isLoaded__C                                
2000fb18  xdc_runtime_Text_registryModsLastId__C                      
2000fb1a  xdc_runtime_Text_unnamedModsLastId__C                       
2000fb20  __TI_static_base__                                          
2000fea0  __TI_Handler_Table_Base                                     
2000feac  __TI_Handler_Table_Limit                                    
2000feb8  __TI_CINIT_Base                                             
2000fec8  __TI_CINIT_Limit                                            
20017000  ti_sysbios_heaps_HeapMem_Instance_State_0_buf__A            
2001f000  ti_sysbios_knl_Task_Instance_State_0_stack__A               
2001f800  xdc_runtime_LoggerBuf_Instance_State_0_entryArr__A          
2001fc00  xdc_runtime_SysMin_Module_State_0_outbuf__A                 
20020000  ti_sysbios_family_arm_m3_Hwi_dispatchTable                  
2002030c  __CIOBUF_                                                   
20020558  ti_sysbios_family_arm_m3_Hwi_Module__root__V                
20020560  ti_sysbios_family_arm_m3_Hwi_Object__table__V               
20020578  ti_sysbios_family_arm_m3_Hwi_Module_State_0_excActive__A    
2002057c  ti_sysbios_family_arm_m3_Hwi_Module_State_0_excContext__A   
20020580  ti_sysbios_family_arm_m3_Hwi_Module_State_0_excStack__A     
20020584  ti_sysbios_family_arm_m3_Timer_Module__root__V              
2002058c  ti_sysbios_family_arm_m3_Timer_Module__state__V             
20020598  ti_sysbios_family_arm_m3_TimestampProvider_Module__state__V 
2002059c  ti_sysbios_gates_GateHwi_Module__root__V                    
200205a4  ti_sysbios_gates_GateHwi_Object__table__V                   
200205a8  ti_sysbios_gates_GateMutex_Module__root__V                  
200205b0  ti_sysbios_hal_Hwi_Module__root__V                          
200205b8  ti_sysbios_hal_Timer_Module__root__V                        
200205c0  ti_sysbios_heaps_HeapMem_Module__root__V                    
200205c8  ti_sysbios_heaps_HeapMem_Object__table__V                   
200205e0  ti_sysbios_knl_Clock_Module__root__V                        
200205e8  ti_sysbios_knl_Event_Module__root__V                        
200205f0  ti_sysbios_knl_Mailbox_Module__root__V                      
200205f8  ti_sysbios_knl_Queue_Module__root__V                        
20020600  ti_sysbios_knl_Semaphore_Module__root__V                    
20020608  ti_sysbios_knl_Swi_Module__root__V                          
20020610  ti_sysbios_knl_Swi_Module__state__V                         
2002062c  ti_sysbios_knl_Task_Module__root__V                         
20020634  ti_sysbios_knl_Task_Module_State_0_idleTask__A              
20020638  xdc_runtime_Error_Module__state__V                          
2002063c  xdc_runtime_LoggerBuf_Module__root__V                       
20020644  xdc_runtime_LoggerBuf_Module__state__V                      
2002064c  xdc_runtime_Memory_Module__state__V                         
20020650  xdc_runtime_Registry_Module__state__V                       
20020658  xdc_runtime_Startup_Module__state__V                        
20020660  xdc_runtime_SysMin_Module__state__V                         
2002066c  xdc_runtime_System_Module_State_0_atexitHandlers__A         
2002067c  xdc_runtime_System_Module__state__V                         
20020684  xdc_runtime_Text_Module__state__V                           
2002068c  __xdc__init__addr                                           
20020740  _Denorm                                                     
20020750  _Eps                                                        
20020760  _Hugeval                                                    
20020770  _Inf                                                        
20020780  _Nan                                                        
20020790  _Snan                                                       
200207a0  _Rteps                                                      
200207b0  _Xbig                                                       
200207b8  _Zero                                                       
200207c0  ti_sysbios_knl_Swi_Module_State_0_readyQ__A                 
20020840  ti_sysbios_knl_Task_Module_State_0_readyQ__A                
200208c0  _FDenorm                                                    
200208d0  _FEps                                                       
200208e0  _FInf                                                       
200208f0  _FNan                                                       
20020900  _FSnan                                                      
20020910  _FRteps                                                     
20020920  _FXbig                                                      
20020924  _FZero                                                      
20020928  ti_sysbios_knl_Task_Object__table__V                        
20020974  ti_sysbios_knl_Task_Module__state__V                        
200209b8  ti_sysbios_gates_GateMutex_Object__table__V                 
200209f0  ti_sysbios_family_arm_m3_Hwi_Module__state__V               
20020a24  ti_sysbios_family_arm_m3_Timer_Object__table__V             
20020a54  ti_sysbios_knl_Swi_Object__table__V                         
20020a84  ti_sysbios_knl_Clock_Module__state__V                       
20020ab0  ti_sysbios_BIOS_Module__state__V                            
20020ad4  xdc_runtime_LoggerBuf_Object__table__V                      
20020af8  _lock                                                       
20020afc  _unlock                                                     
20020b00  __TI_cleanup_ptr                                            
20020b04  __TI_dtors_ptr                                              
20020b08  _Fenv                                                       
20020b0c  _Tls_setup__Fenv                                            
20020b18  _Errno                                                      
20020b1c  main_func_sp                                                
2002e000  __stack                                                     
20030000  __STACK_END                                                 
e000e000  ti_sysbios_family_arm_m3_Hwi_nvic                           
ffffffff  __binit__                                                   
ffffffff  __c_args__                                                  
ffffffff  binit                                                       
UNDEFED   SHT$$INIT_ARRAY$$Base                                       
UNDEFED   SHT$$INIT_ARRAY$$Limit                                      

[713 symbols]
