******************************************************************************
                  TI ARM Linker PC v5.2.5                      
******************************************************************************
>> Linked Sat Oct 22 03:48:48 2016

OUTPUT FILE NAME:   <Stickman_V2.out>
ENTRY POINT SYMBOL: "_c_int00"  address: 2000c051


MEMORY CONFIGURATION

         name            origin    length      used     unused   attr    fill
----------------------  --------  ---------  --------  --------  ----  --------
  SRAM_CODE             20004000   00013000  0000bef2  0000710e  RW X
  SRAM_DATA             20017000   00019000  0000bb1d  0000d4e3  RW X


SEGMENT ALLOCATION MAP

run origin  load origin   length   init length attrs members
----------  ----------- ---------- ----------- ----- -------
20004000    20004000    0000bf00   0000bf00    r-x
  20004000    20004000    0000030c   0000030c    r-- .resetVecs
  20004310    20004310    00009592   00009592    r-x .text
  2000d8a8    2000d8a8    000022ac   000022ac    r-- .const
  2000fb58    2000fb58    000003a8   000003a8    r-- .cinit
20017000    20017000    00009b20   00000000    rw-
  20017000    20017000    00009555   00000000    rw- .bss
  20020558    20020558    000005c8   00000000    rw- .data
2002e000    2002e000    00002000   00000000    rw-
  2002e000    2002e000    00002000   00000000    rw- .stack


SECTION ALLOCATION MAP

 output                                  attributes/
section   page    origin      length       input sections
--------  ----  ----------  ----------   ----------------
.init_array 
*          0    20004000    00000000     UNINITIALIZED

.resetVecs 
*          0    20004000    0000030c     
                  20004000    0000030c     app_pem4.oem4 (.resetVecs)

.text      0    20004310    00009592     
                  20004310    000010a6     rtsv7M4_T_le_eabi.lib : _printfi.obj (.text)
                  200053b6    00000002                           : i_div0.obj (.text)
                  200053b8    00000480                           : pow.obj (.text)
                  20005838    00000430     sysbios.aem4 : BIOS.obj (.text:ti_sysbios_family_arm_m3_Hwi_excDumpRegs__I)
                  20005c68    0000034c     ti.targets.arm.rtsarm.aem4 : System.oem4 (.text:xdc_runtime_System_doPrint__I)
                  20005fb4    00000004     app_pem4.oem4 (.text:ti_sysbios_BIOS_RtsGateProxy_enter__E)
                  20005fb8    00000314     sysbios.aem4 : BIOS.obj (.text:ti_sysbios_knl_Semaphore_pend__E)
                  200062cc    000002e4     rtsv7M4_T_le_eabi.lib : xlog.obj (.text)
                  200065b0    000002d4                           : trgdrv.obj (.text)
                  20006884    000002b0     main.obj (.text)
                  20006b34    000002ac     APA102.obj (.text)
                  20006de0    000002a4     MSGEQ7.obj (.text)
                  20007084    00000004     app_pem4.oem4 (.text:ti_sysbios_BIOS_RtsGateProxy_leave__E)
                  20007088    00000254     sysbios.aem4 : BIOS.obj (.text:ti_sysbios_heaps_HeapMem_free__E)
                  200072dc    00000004     app_pem4.oem4 (.text:ti_sysbios_family_arm_m3_TaskSupport_Module__startupDone__S)
                  200072e0    00000248     sysbios.aem4 : BIOS.obj (.text:ti_sysbios_heaps_HeapMem_alloc__E)
                  20007528    000001fc     rtsv7M4_T_le_eabi.lib : xexp.obj (.text)
                  20007724    00000004     app_pem4.oem4 (.text:ti_sysbios_heaps_HeapMem_Module_GateProxy_enter__E)
                  20007728    000001fc     sysbios.aem4 : BIOS.obj (.text:ti_sysbios_family_arm_m3_Hwi_excHandlerMax__I)
                  20007924    000001f4     rtsv7M4_T_le_eabi.lib : ull_div_t2.obj (.text)
                  20007b18    000001b6                           : fd_add_t2.obj (.text)
                  20007cce    00000002     app_pem4.oem4 (.text:ti_sysbios_BIOS_nullFunc__I)
                  20007cd0    000001b0     Spectrum.obj (.text)
                  20007e80    0000019c     sysbios.aem4 : BIOS.obj (.text:ti_sysbios_knl_Task_Module_startup__E)
                  2000801c    0000018c     rom_pin_mux_config.obj (.text)
                  200081a8    00000178     driverlib.a : prcm.obj (.text:PRCMCC3200MCUInit)
                  20008320    00000174     sysbios.aem4 : BIOS.obj (.text:ti_sysbios_family_arm_m3_Hwi_excBusFault__I)
                  20008494    00000004     app_pem4.oem4 (.text:ti_sysbios_heaps_HeapMem_Module_GateProxy_leave__E)
                  20008498    00000164     sysbios.aem4 : BIOS.obj (.text:ti_sysbios_family_arm_m3_Hwi_excUsageFault__I)
                  200085fc    00000004     app_pem4.oem4 (.text:ti_sysbios_knl_Clock_TimerProxy_getMaxTicks__E)
                  20008600    00000148     sysbios.aem4 : BIOS.obj (.text:ti_sysbios_family_arm_m3_Hwi_excMemFault__I)
                  20008748    00000140                  : BIOS.obj (.text:ti_sysbios_knl_Semaphore_post__E)
                  20008888    0000013c                  : BIOS.obj (.text:ti_sysbios_heaps_HeapMem_Instance_init__E)
                  200089c4    00000004     app_pem4.oem4 (.text:ti_sysbios_knl_Queue_destruct)
                  200089c8    00000138     sysbios.aem4 : BIOS.obj (.text:ti_sysbios_family_arm_m3_Hwi_dispatchC__I)
                  20008b00    00000138     ti.targets.arm.rtsarm.aem4 : LoggerBuf.oem4 (.text:xdc_runtime_LoggerBuf_write8__E)
                  20008c38    00000136     rtsv7M4_T_le_eabi.lib : fd_div_t2.obj (.text)
                  20008d6e    00000002     app_pem4.oem4 (.text:xdc_runtime_Startup_reset__I)
                  20008d70    00000134     sysbios.aem4 : BIOS.obj (.text:ti_sysbios_knl_Clock_workFunc__E)
                  20008ea4    00000004     app_pem4.oem4 (.text:ti_sysbios_knl_Semaphore_destruct)
                  20008ea8    0000011c     sysbios.aem4 : BIOS.obj (.text:ti_sysbios_knl_Swi_run__I)
                  20008fc4    00000118     ti.targets.arm.rtsarm.aem4 : Error.oem4 (.text:xdc_runtime_Error_policyDefault__E)
                  200090dc    00000110     rtsv7M4_T_le_eabi.lib : xdscale.obj (.text)
                  200091ec    00000100     ti.targets.arm.rtsarm.aem4 : Core-mem.oem4 (.text:xdc_runtime_Core_createObject__I)
                  200092ec    000000fc     rtsv7M4_T_le_eabi.lib : fd_mul_t2.obj (.text)
                  200093e8    000000fa                           : fs_add_t2.obj (.text)
                  200094e2    00000002     --HOLE-- [fill = 0]
                  200094e4    000000f8     ti.targets.arm.rtsarm.aem4 : Startup.oem4 (.text:xdc_runtime_Startup_startMods__I)
                  200095dc    000000f8     app_pem4.oem4 (.text:xdc_runtime_System_printfExtend__I)
                  200096d4    000000d4     ti.targets.arm.rtsarm.aem4 : LoggerBuf.oem4 (.text:xdc_runtime_LoggerBuf_write4__E)
                  200097a8    000000d0     driverlib.a : spi.obj (.text:SPITransfer32)
                  20009878    000000d0     sysbios.aem4 : BIOS.obj (.text:ti_sysbios_family_arm_m3_Hwi_Module_startup__E)
                  20009948    000000d0                  : m3_Hwi_asm.obj (.text:ti_sysbios_family_arm_m3_Hwi_dispatch__I)
                  20009a18    000000ce     driverlib.a : spi.obj (.text:SPITransfer16)
                  20009ae6    00000002     --HOLE-- [fill = 0]
                  20009ae8    000000cc     sysbios.aem4 : BIOS.obj (.text:ti_sysbios_knl_Task_schedule__I)
                  20009bb4    000000cc     ti.targets.arm.rtsarm.aem4 : Core-smem.oem4 (.text:xdc_runtime_Core_constructObject__I)
                  20009c80    000000c0     rtsv7M4_T_le_eabi.lib : xdint.obj (.text)
                  20009d40    000000be                           : xdnorm.obj (.text)
                  20009dfe    00000002     --HOLE-- [fill = 0]
                  20009e00    000000bc     sysbios.aem4 : BIOS.obj (.text:ti_sysbios_family_arm_m3_Hwi_excDebugMon__I)
                  20009ebc    00000004     ti.targets.arm.rtsarm.aem4 : Error.oem4 (.text:xdc_runtime_Error_getSite__E)
                  20009ec0    000000bc     sysbios.aem4 : BIOS.obj (.text:ti_sysbios_family_arm_m3_Hwi_excHardFault__I)
                  20009f7c    00000004     app_pem4.oem4 (.text:xdc_runtime_LoggerBuf_Module_GateProxy_enter__E)
                  20009f80    000000bc     sysbios.aem4 : BIOS.obj (.text:ti_sysbios_knl_Task_startCore__E)
                  2000a03c    000000b8     driverlib.a : spi.obj (.text:SPITransfer8)
                  2000a0f4    00000004     app_pem4.oem4 (.text:xdc_runtime_LoggerBuf_Module_GateProxy_leave__E)
                  2000a0f8    000000b4     sysbios.aem4 : BIOS.obj (.text:ti_sysbios_gates_GateMutex_enter__E)
                  2000a1ac    00000004     app_pem4.oem4 (.text:xdc_runtime_System_Module_GateProxy_enter__E)
                  2000a1b0    000000b4     sysbios.aem4 : BIOS.obj (.text:ti_sysbios_knl_Task_checkStacks__E)
                  2000a264    00000004     app_pem4.oem4 (.text:xdc_runtime_System_Module_GateProxy_leave__E)
                  2000a268    000000ac     sysbios.aem4 : BIOS.obj (.text:ti_sysbios_knl_Swi_post__E)
                  2000a314    000000a8     driverlib.a : interrupt.obj (.text:IntEnable)
                  2000a3bc    00000004     ti.targets.arm.rtsarm.aem4 : System.oem4 (.text:xdc_runtime_System_aprintf_va__F)
                  2000a3c0    000000a8     sysbios.aem4 : BIOS.obj (.text:ti_sysbios_knl_Task_blockI__E)
                  2000a468    000000a2     Matrix.obj (.text)
                  2000a50a    00000002     --HOLE-- [fill = 0]
                  2000a50c    000000a0     driverlib.a : spi.obj (.text:SPIConfigSetExpClk)
                  2000a5ac    000000a0     auto_init.aem4 : auto_init.oem4 (.text)
                  2000a64c    000000a0     ti.targets.arm.rtsarm.aem4 : Text.oem4 (.text:xdc_runtime_Text_putMod__E)
                  2000a6ec    0000009c     rtsv7M4_T_le_eabi.lib : memcpy_t2.obj (.text)
                  2000a788    0000009c     sysbios.aem4 : BIOS.obj (.text:ti_sysbios_knl_Semaphore_Instance_init__E)
                  2000a824    0000009c     ti.targets.arm.rtsarm.aem4 : LoggerBuf.oem4 (.text:xdc_runtime_LoggerBuf_setFilterLevel__E)
                  2000a8c0    0000009a                                : Text.oem4 (.text:xdc_runtime_Text_putSite__E)
                  2000a95a    00000002     --HOLE-- [fill = 0]
                  2000a95c    00000094     driverlib.a : prcm.obj (.text:PRCMPeripheralClockGet)
                  2000a9f0    00000094     sysbios.aem4 : BIOS.obj (.text:ti_sysbios_knl_Task_exit__E)
                  2000aa84    00000092     rtsv7M4_T_le_eabi.lib : fs_div_t2.obj (.text)
                  2000ab16    00000002     --HOLE-- [fill = 0]
                  2000ab18    00000090     sysbios.aem4 : BIOS.obj (.text:ti_sysbios_knl_Task_unblockI__E)
                  2000aba8    00000088     driverlib.a : pin.obj (.text:PinConfigSet)
                  2000ac30    00000088                 : spi.obj (.text:SPITransfer)
                  2000acb8    00000088     sysbios.aem4 : BIOS.obj (.text:ti_sysbios_family_arm_m3_Hwi_initNVIC__E)
                  2000ad40    00000088                  : BIOS.obj (.text:ti_sysbios_knl_Mailbox_Module_startup__E)
                  2000adc8    00000086     rtsv7M4_T_le_eabi.lib : fd_cmp_t2.obj (.text:__aeabi_cdcmple)
                  2000ae4e    00000086                           : fd_cmp_t2.obj (.text:__aeabi_cdrcmple)
                  2000aed4    00000004     ti.targets.arm.rtsarm.aem4 : System.oem4 (.text:xdc_runtime_System_printf_va__F)
                  2000aed8    0000007c     sysbios.aem4 : BIOS.obj (.text:ti_sysbios_family_arm_m3_TimestampProvider_get64__E)
                  2000af54    0000007a     rtsv7M4_T_le_eabi.lib : fs_mul_t2.obj (.text)
                  2000afce    0000007a                           : memset_t2.obj (.text)
                  2000b048    00000078     Console.obj (.text)
                  2000b0c0    00000076     driverlib.a : uart.obj (.text:UARTConfigSetExpClk)
                  2000b136    00000002     --HOLE-- [fill = 0]
                  2000b138    00000074     ti.targets.arm.rtsarm.aem4 : LoggerBuf.oem4 (.text:xdc_runtime_LoggerBuf_getFilterLevel__E)
                  2000b1ac    00000070     driverlib.a : timer.obj (.text:TimerIntRegister)
                  2000b21c    0000006d     ti.targets.arm.rtsarm.aem4 : System.oem4 (.text:xdc_runtime_System_formatNum__I)
                  2000b289    00000001     --HOLE-- [fill = 0]
                  2000b28a    00000006     driverlib.a : utils.obj (.text:UtilsDelay)
                  2000b290    0000006c     sysbios.aem4 : BIOS.obj (.text:ti_sysbios_knl_Swi_restoreHwi__E)
                  2000b2fc    0000006c     ti.targets.arm.rtsarm.aem4 : Error.oem4 (.text:xdc_runtime_Error_print__E)
                  2000b368    0000006c                                : Memory.oem4 (.text:xdc_runtime_Memory_alloc__E)
                  2000b3d4    0000006a     rtsv7M4_T_le_eabi.lib : copy_decompress_rle.obj (.text)
                  2000b43e    00000002     --HOLE-- [fill = 0]
                  2000b440    00000068     driverlib.a : adc.obj (.text:ADCIntEnable)
                  2000b4a8    00000068     rtsv7M4_T_le_eabi.lib : trgmsg.obj (.text)
                  2000b510    00000066                           : xdunscal.obj (.text)
                  2000b576    00000066     ti.targets.arm.rtsarm.aem4 : Core-mem.oem4 (.text:xdc_runtime_Core_deleteObject__I)
                  2000b5dc    00000060     rtsv7M4_T_le_eabi.lib : fs_cmp_t2.obj (.text:__aeabi_cfcmple)
                  2000b63c    00000060                           : fs_cmp_t2.obj (.text:__aeabi_cfrcmple)
                  2000b69c    00000004     --HOLE-- [fill = 0]
                  2000b6a0    00000060     sysbios.aem4 : BIOS.obj (.text:ti_sysbios_knl_Clock_logTick__E)
                  2000b700    0000005c     driverlib.a : adc.obj (.text:ADCIntStatus)
                  2000b75c    00000004     --HOLE-- [fill = 0]
                  2000b760    0000005c     sysbios.aem4 : BIOS.obj (.text:ti_sysbios_knl_Swi_schedule__I)
                  2000b7bc    0000005c     app_pem4.oem4 (.text:xdc_runtime_LoggerBuf_Object__create__S)
                  2000b818    0000005b     ti.targets.arm.rtsarm.aem4 : Text.oem4 (.text:xdc_runtime_Text_putLab__E)
                  2000b873    00000001     --HOLE-- [fill = 0]
                  2000b874    00000058     driverlib.a : adc.obj (.text:ADCIntClear)
                  2000b8cc    00000058                 : prcm.obj (.text:PRCMPeripheralReset)
                  2000b924    00000004     --HOLE-- [fill = 0]
                  2000b928    00000058     sysbios.aem4 : BIOS.obj (.text:ti_sysbios_family_arm_m3_Timer_setPeriod__E)
                  2000b980    00000056     rtsv7M4_T_le_eabi.lib : ltoa.obj (.text)
                  2000b9d6    00000002     --HOLE-- [fill = 0]
                  2000b9d8    00000054     sysbios.aem4 : BIOS.obj (.text:ti_sysbios_family_arm_m3_Timer_start__E)
                  2000ba2c    00000054     ti.targets.arm.rtsarm.aem4 : Assert.oem4 (.text:xdc_runtime_Assert_raise__I)
                  2000ba80    00000050                                : Startup.oem4 (.text:xdc_runtime_Startup_exec__E)
                  2000bad0    00000050                                : Text.oem4 (.text:xdc_runtime_Text_visitRope2__I)
                  2000bb20    0000004c     rtsv7M4_T_le_eabi.lib : atoi.obj (.text)
                  2000bb6c    0000004c                           : cpy_tbl.obj (.text)
                  2000bbb8    0000004c     sysbios.aem4 : m3_TaskSupport_asm.obj (.text:ti_sysbios_family_arm_m3_TaskSupport_buildTaskStack)
                  2000bc04    00000004     --HOLE-- [fill = 0]
                  2000bc08    0000004c                  : BIOS.obj (.text:ti_sysbios_heaps_HeapMem_getStats__E)
                  2000bc54    00000004     --HOLE-- [fill = 0]
                  2000bc58    0000004c                  : BIOS.obj (.text:ti_sysbios_knl_Swi_runLoop__I)
                  2000bca4    00000004     --HOLE-- [fill = 0]
                  2000bca8    0000004c                  : BIOS.obj (.text:ti_sysbios_knl_Task_allBlockedFunction__I)
                  2000bcf4    00000048     rtsv7M4_T_le_eabi.lib : fd_toi_t2.obj (.text)
                  2000bd3c    00000048                           : fd_tos_t2.obj (.text)
                  2000bd84    00000048                           : vsprintf.obj (.text)
                  2000bdcc    00000004     --HOLE-- [fill = 0]
                  2000bdd0    00000048     sysbios.aem4 : BIOS.obj (.text:ti_sysbios_family_arm_m3_Hwi_disableInterrupt__E)
                  2000be18    00000048                  : BIOS.obj (.text:ti_sysbios_family_arm_m3_Hwi_enableInterrupt__E)
                  2000be60    00000048                  : BIOS.obj (.text:ti_sysbios_family_arm_m3_Hwi_excReserved__I)
                  2000bea8    00000048                  : m3_Hwi_asm_switch.obj (.text:ti_sysbios_family_arm_m3_Hwi_initStacks__E)
                  2000bef0    00000048                  : BIOS.obj (.text:ti_sysbios_family_arm_m3_Timer_initDevice__I)
                  2000bf38    00000046     rtsv7M4_T_le_eabi.lib : fmax.obj (.text)
                  2000bf7e    00000046                           : ldexp.obj (.text)
                  2000bfc4    00000046     ti.targets.arm.rtsarm.aem4 : Core-params.oem4 (.text:xdc_runtime_Core_assignParams__I)
                  2000c00a    00000002     --HOLE-- [fill = 0]
                  2000c00c    00000044     driverlib.a : timer.obj (.text:TimerConfigure)
                  2000c050    00000044     boot.aem4 : boot.oem4 (.text)
                  2000c094    00000044     rtsv7M4_T_le_eabi.lib : exit.obj (.text)
                  2000c0d8    00000044                           : fd_tou_t2.obj (.text)
                  2000c11c    00000004     --HOLE-- [fill = 0]
                  2000c120    00000044     sysbios.aem4 : BIOS.obj (.text:ti_sysbios_family_arm_m3_Hwi_getStackInfo__E)
                  2000c164    00000044     ti.targets.arm.rtsarm.aem4 : Error.oem4 (.text:xdc_runtime_Error_setX__E)
                  2000c1a8    00000044                                : LoggerBuf.oem4 (.text:xdc_runtime_LoggerBuf_filterOutEvent__I)
                  2000c1ec    00000044                                : SysMin.oem4 (.text:xdc_runtime_SysMin_flush__E)
                  2000c230    00000044                                : Text.oem4 (.text:xdc_runtime_Text_xprintf__I)
                  2000c274    00000040     driverlib.a : pin.obj (.text:PinModeSet)
                  2000c2b4    00000040     rtsv7M4_T_le_eabi.lib : signal.obj (.text)
                  2000c2f4    00000040                           : u_divt2.obj (.text)
                  2000c334    00000004     --HOLE-- [fill = 0]
                  2000c338    00000040     sysbios.aem4 : BIOS.obj (.text:ti_sysbios_family_arm_m3_Timer_Module_startup__E)
                  2000c378    0000003e     driverlib.a : adc.obj (.text:ADCIntRegister)
                  2000c3b6    00000002     --HOLE-- [fill = 0]
                  2000c3b8    0000003c                 : prcm.obj (.text:PRCMPeripheralClkEnable)
                  2000c3f4    00000004     --HOLE-- [fill = 0]
                  2000c3f8    0000003c     sysbios.aem4 : BIOS.obj (.text:ti_sysbios_family_arm_m3_Hwi_excSvCall__I)
                  2000c434    00000004     --HOLE-- [fill = 0]
                  2000c438    0000003c                  : BIOS.obj (.text:ti_sysbios_heaps_HeapMem_init__I)
                  2000c474    00000004     --HOLE-- [fill = 0]
                  2000c478    0000003c                  : BIOS.obj (.text:ti_sysbios_knl_Swi_startup__E)
                  2000c4b4    0000003a     ti.targets.arm.rtsarm.aem4 : LoggerBuf.oem4 (.text:xdc_runtime_LoggerBuf_Instance_init__E)
                  2000c4ee    00000038     driverlib.a : adc.obj (.text:ADCChannelEnable)
                  2000c526    00000038     rtsv7M4_T_le_eabi.lib : fs_tod_t2.obj (.text)
                  2000c55e    00000038                           : fs_toi_t2.obj (.text)
                  2000c596    00000002     --HOLE-- [fill = 0]
                  2000c598    00000038     sysbios.aem4 : BIOS.obj (.text:ti_sysbios_family_arm_m3_Hwi_excNoIsr__I)
                  2000c5d0    00000038                  : BIOS.obj (.text:ti_sysbios_knl_Task_processVitalTaskFlag__I)
                  2000c608    00000038     ti.targets.arm.rtsarm.aem4 : SysMin.oem4 (.text:xdc_runtime_SysMin_putch__E)
                  2000c640    00000038                                : System.oem4 (.text:xdc_runtime_System_atexit__E)
                  2000c678    00000036     driverlib.a : gpio.obj (.text:GPIODirModeSet)
                  2000c6ae    00000002     --HOLE-- [fill = 0]
                  2000c6b0    00000034     rtsv7M4_T_le_eabi.lib : feraiseexcept.obj (.text)
                  2000c6e4    00000034                           : fs_tou_t2.obj (.text)
                  2000c718    00000034     sysbios.aem4 : BIOS.obj (.text:ti_sysbios_family_arm_m3_Hwi_excNmi__I)
                  2000c74c    00000004     --HOLE-- [fill = 0]
                  2000c750    00000034                  : BIOS.obj (.text:ti_sysbios_family_arm_m3_Timer_periodicStub__I)
                  2000c784    00000004     --HOLE-- [fill = 0]
                  2000c788    00000034                  : BIOS.obj (.text:ti_sysbios_hal_Hwi_checkStack)
                  2000c7bc    00000034     ti.targets.arm.rtsarm.aem4 : Core-label.oem4 (.text:xdc_runtime_Core_assignLabel__I)
                  2000c7f0    00000033                                : Text.oem4 (.text:xdc_runtime_Text_printVisFxn__I)
                  2000c823    00000005     --HOLE-- [fill = 0]
                  2000c828    00000032     sysbios.aem4 : BIOS.obj (.text:ti_sysbios_hal_Hwi_initStack)
                  2000c85a    00000006     ti.targets.arm.rtsarm.aem4 : xdc_noinit.oem4 (.text:__xdc__init)
                  2000c860    00000032     sysbios.aem4 : BIOS.obj (.text:ti_sysbios_knl_Semaphore_pendTimeout__I)
                  2000c892    00000030     driverlib.a : pin.obj (.text:PinTypeGPIO)
                  2000c8c2    00000002     --HOLE-- [fill = 0]
                  2000c8c4    00000030                 : uart.obj (.text:UARTDisable)
                  2000c8f4    00000030     rtsv7M4_T_le_eabi.lib : xferaise.obj (.text)
                  2000c924    00000030     app_pem4.oem4 (.text:ti_sysbios_BIOS_atExitFunc__I)
                  2000c954    00000004     --HOLE-- [fill = 0]
                  2000c958    00000030     sysbios.aem4 : BIOS.obj (.text:ti_sysbios_family_arm_m3_TaskSupport_start__E)
                  2000c988    00000030     app_pem4.oem4 (.text:ti_sysbios_gates_GateHwi_Object__create__S)
                  2000c9b8    00000030     app_pem4.oem4 (.text:ti_sysbios_gates_GateMutex_Object__create__S)
                  2000c9e8    00000030     app_pem4.oem4 (.text:ti_sysbios_heaps_HeapMem_Object__create__S)
                  2000ca18    00000030     app_pem4.oem4 (.text:ti_sysbios_knl_Semaphore_construct)
                  2000ca48    00000030     ti.targets.arm.rtsarm.aem4 : SysMin.oem4 (.text:xdc_runtime_SysMin_abort__E)
                  2000ca78    00000030                                : System.oem4 (.text:xdc_runtime_System_processAtExit__E)
                  2000caa8    0000002e     app_pem4.oem4 (.text:malloc)
                  2000cad6    0000002e     rtsv7M4_T_le_eabi.lib : i_tofd_t2.obj (.text)
                  2000cb04    0000002e                           : raise.obj (.text)
                  2000cb32    00000002     --HOLE-- [fill = 0]
                  2000cb34    0000002c     driverlib.a : prcm.obj (.text:PRCMSysResetCauseGet)
                  2000cb60    0000002c     app_pem4.oem4 (.text:ti_sysbios_knl_Clock_doTick__I)
                  2000cb8c    0000002c     app_pem4.oem4 (.text:ti_sysbios_knl_Queue_construct)
                  2000cbb8    0000002c     sysbios.aem4 : BIOS.obj (.text:ti_sysbios_knl_Task_restore__E)
                  2000cbe4    0000002c     ti.targets.arm.rtsarm.aem4 : Text.oem4 (.text:xdc_runtime_Text_cordText__E)
                  2000cc10    0000002a     driverlib.a : timer.obj (.text:TimerLoadSet)
                  2000cc3a    0000002a     rtsv7M4_T_le_eabi.lib : xdclass.obj (.text)
                  2000cc64    0000002a     ti.targets.arm.rtsarm.aem4 : System.oem4 (.text:xdc_runtime_System_putchar__I)
                  2000cc8e    00000002     --HOLE-- [fill = 0]
                  2000cc90    00000028     driverlib.a : prcm.obj (.text:PRCMPeripheralClkDisable)
                  2000ccb8    00000028     sysbios.aem4 : BIOS.obj (.text:ti_sysbios_knl_Swi_Module_startup__E)
                  2000cce0    00000028     ti.targets.arm.rtsarm.aem4 : LoggerBuf.oem4 (.text:xdc_runtime_LoggerBuf_Module_startup__E)
                  2000cd08    00000026                                : System.oem4 (.text:xdc_runtime_System_avprintf__E)
                  2000cd2e    00000024     driverlib.a : uart.obj (.text:UARTEnable)
                  2000cd52    00000024     rtsv7M4_T_le_eabi.lib : u_tofs_t2.obj (.text)
                  2000cd76    00000002     --HOLE-- [fill = 0]
                  2000cd78    00000024     app_pem4.oem4 (.text:ti_sysbios_BIOS_errorRaiseHook__I)
                  2000cd9c    00000024     app_pem4.oem4 (.text:ti_sysbios_BIOS_registerRTSLock__I)
                  2000cdc0    00000024     app_pem4.oem4 (.text:ti_sysbios_BIOS_removeRTSLock__I)
                  2000cde4    00000024     app_pem4.oem4 (.text:ti_sysbios_BIOS_startFunc__I)
                  2000ce08    00000024     sysbios.aem4 : BIOS.obj (.text:ti_sysbios_family_arm_m3_Hwi_doTaskRestore__I)
                  2000ce2c    00000004     --HOLE-- [fill = 0]
                  2000ce30    00000024                  : BIOS.obj (.text:ti_sysbios_family_arm_m3_Timer_startup__E)
                  2000ce54    00000024     app_pem4.oem4 (.text:ti_sysbios_gates_GateMutex_Object__delete__S)
                  2000ce78    00000024     sysbios.aem4 : BIOS.obj (.text:ti_sysbios_knl_Clock_Module_startup__E)
                  2000ce9c    00000024     ti.targets.arm.rtsarm.aem4 : System.oem4 (.text:xdc_runtime_System_vprintf__E)
                  2000cec0    00000022     rtsv7M4_T_le_eabi.lib : frexp.obj (.text)
                  2000cee2    00000022     app_pem4.oem4 (.text:xdc_runtime_SysMin_output__I)
                  2000cf04    00000020     driverlib.a : gpio.obj (.text:GPIOPinWrite)
                  2000cf24    00000020                 : interrupt.obj (.text:IntRegister)
                  2000cf44    00000020     app_pem4.oem4 (.text:ti_sysbios_BIOS_rtsLock__I)
                  2000cf64    00000020     sysbios.aem4 : m3_Hwi_asm.obj (.text:ti_sysbios_family_arm_m3_Hwi_excHandlerAsm__I)
                  2000cf84    00000004     --HOLE-- [fill = 0]
                  2000cf88    00000020                  : BIOS.obj (.text:ti_sysbios_family_arm_m3_Hwi_excHandler__I)
                  2000cfa8    00000020                  : BIOS.obj (.text:ti_sysbios_family_arm_m3_TimestampProvider_Module_startup__E)
                  2000cfc8    00000020     app_pem4.oem4 (.text:ti_sysbios_gates_GateHwi_Object__delete__S)
                  2000cfe8    00000020     app_pem4.oem4 (.text:ti_sysbios_heaps_HeapMem_Object__delete__S)
                  2000d008    00000020     sysbios.aem4 : BIOS.obj (.text:ti_sysbios_knl_Idle_run__E)
                  2000d028    00000020     app_pem4.oem4 (.text:ti_sysbios_knl_Semaphore_Object__destruct__S)
                  2000d048    00000020     app_pem4.oem4 (.text:xdc_runtime_LoggerBuf_Object__delete__S)
                  2000d068    00000020     ti.targets.arm.rtsarm.aem4 : LoggerBuf.oem4 (.text:xdc_runtime_LoggerBuf_reset__E)
                  2000d088    00000020                                : Registry.oem4 (.text:xdc_runtime_Registry_findById__E)
                  2000d0a8    00000020                                : SysMin.oem4 (.text:xdc_runtime_SysMin_Module_startup__E)
                  2000d0c8    0000001e     driverlib.a : timer.obj (.text:TimerEnable)
                  2000d0e6    0000001e                 : timer.obj (.text:TimerIntStatus)
                  2000d104    0000001e                 : uart.obj (.text:UARTCharPut)
                  2000d122    0000001e     sysbios.aem4 : m3_Hwi_asm_switch.obj (.text:ti_sysbios_family_xxx_Hwi_switchAndRunFunc)
                  2000d140    0000001c     driverlib.a : adc.obj (.text:ADCFIFOLvlGet)
                  2000d15c    0000001c                 : timer.obj (.text:TimerValueGet)
                  2000d178    0000001c     rtsv7M4_T_le_eabi.lib : memccpy.obj (.text)
                  2000d194    00000004     --HOLE-- [fill = 0]
                  2000d198    0000001c     sysbios.aem4 : BIOS.obj (.text:ti_sysbios_gates_GateMutex_Instance_init__E)
                  2000d1b4    0000001c     app_pem4.oem4 (.text:ti_sysbios_knl_Queue_Object__destruct__S)
                  2000d1d0    0000001c     sysbios.aem4 : BIOS.obj (.text:ti_sysbios_knl_Task_enter__I)
                  2000d1ec    0000001c     ti.targets.arm.rtsarm.aem4 : Error.oem4 (.text:xdc_runtime_Error_raiseX__E)
                  2000d208    0000001c                                : Memory.oem4 (.text:xdc_runtime_Memory_valloc__E)
                  2000d224    0000001c                                : SysMin.oem4 (.text:xdc_runtime_SysMin_exit__E)
                  2000d240    0000001c                                : System.oem4 (.text:xdc_runtime_System_abort__E)
                  2000d25c    0000001a     driverlib.a : pin.obj (.text:PinTypeSPI)
                  2000d276    0000001a                 : spi.obj (.text:SPIFIFOEnable)
                  2000d290    0000001a     app_pem4.oem4 (.text:ti_sysbios_family_arm_m3_Hwi_Handle__label__S)
                  2000d2aa    0000001a     sysbios.aem4 : m3_Hwi_asm.obj (.text:ti_sysbios_family_arm_m3_Hwi_pendSV__I)
                  2000d2c4    0000001a     app_pem4.oem4 (.text:ti_sysbios_gates_GateHwi_Handle__label__S)
                  2000d2de    0000001a     app_pem4.oem4 (.text:ti_sysbios_gates_GateMutex_Handle__label__S)
                  2000d2f8    0000001a     app_pem4.oem4 (.text:ti_sysbios_heaps_HeapMem_Handle__label__S)
                  2000d312    0000001a     app_pem4.oem4 (.text:ti_sysbios_knl_Swi_Handle__label__S)
                  2000d32c    0000001a     app_pem4.oem4 (.text:ti_sysbios_knl_Task_Handle__label__S)
                  2000d346    0000001a     app_pem4.oem4 (.text:xdc_runtime_LoggerBuf_Handle__label__S)
                  2000d360    0000001a     app_pem4.oem4 (.text:xdc_runtime_System_aprintf__E)
                  2000d37a    0000001a     app_pem4.oem4 (.text:xdc_runtime_System_printf__E)
                  2000d394    00000018     driverlib.a : adc.obj (.text:ADCFIFORead)
                  2000d3ac    00000018                 : spi.obj (.text:SPIEnable)
                  2000d3c4    00000018                 : timer.obj (.text:TimerIntEnable)
                  2000d3dc    00000018                 : uart.obj (.text:UARTFIFOLevelSet)
                  2000d3f4    00000018     rtsv7M4_T_le_eabi.lib : args_main.obj (.text)
                  2000d40c    00000018     app_pem4.oem4 (.text:ti_sysbios_BIOS_rtsUnlock__I)
                  2000d424    00000018     app_pem4.oem4 (.text:ti_sysbios_family_arm_m3_Hwi_Module__startupDone__F)
                  2000d43c    00000018     app_pem4.oem4 (.text:ti_sysbios_family_arm_m3_Timer_Module__startupDone__F)
                  2000d454    00000004     --HOLE-- [fill = 0]
                  2000d458    00000018     sysbios.aem4 : BIOS.obj (.text:ti_sysbios_gates_GateMutex_leave__E)
                  2000d470    00000018     ti.targets.arm.rtsarm.aem4 : Error.oem4 (.text:xdc_runtime_Error_check__E)
                  2000d488    00000018                                : System.oem4 (.text:xdc_runtime_System_exit__E)
                  2000d4a0    00000018                                : Text.oem4 (.text:xdc_runtime_Text_ropeText__E)
                  2000d4b8    00000016     driverlib.a : prcm.obj (.text:PRCMHIBRegRead)
                  2000d4ce    00000016                 : prcm.obj (.text:PRCMHIBRegWrite)
                  2000d4e4    00000016                 : uart.obj (.text:UARTFIFOEnable)
                  2000d4fa    00000016     rtsv7M4_T_le_eabi.lib : strchr.obj (.text)
                  2000d510    00000016     app_pem4.oem4 (.text:ti_sysbios_BIOS_exitFunc__I)
                  2000d526    00000014     driverlib.a : adc.obj (.text:ADCEnable)
                  2000d53a    00000014                 : cpu.obj (.text:CPUcpsie)
                  2000d54e    00000014                 : pin.obj (.text:PinTypeADC)
                  2000d562    00000002     --HOLE-- [fill = 0]
                  2000d564    00000014     rtsv7M4_T_le_eabi.lib : _lock.obj (.text)
                  2000d578    00000014                           : strcpy.obj (.text)
                  2000d58c    00000014                           : strlen.obj (.text)
                  2000d5a0    00000014     app_pem4.oem4 (.text:ti_sysbios_family_arm_m3_Hwi_Object__get__S)
                  2000d5b4    00000004     --HOLE-- [fill = 0]
                  2000d5b8    00000014     sysbios.aem4 : BIOS.obj (.text:ti_sysbios_family_arm_m3_Hwi_switchFromBootStack__E)
                  2000d5cc    00000014     app_pem4.oem4 (.text:ti_sysbios_heaps_HeapMem_Object__get__S)
                  2000d5e0    00000014     app_pem4.oem4 (.text:ti_sysbios_knl_Swi_Object__get__S)
                  2000d5f4    00000014     app_pem4.oem4 (.text:xdc_runtime_LoggerBuf_Object__get__S)
                  2000d608    00000012     driverlib.a : timer.obj (.text:TimerIntClear)
                  2000d61a    00000006     rtsv7M4_T_le_eabi.lib : copy_decompress_rle.obj (.text:decompress:rle24)
                  2000d620    00000012     sysbios.aem4 : BIOS.obj (.text:ti_sysbios_hal_Hwi_Module_startup__E)
                  2000d632    00000006     rtsv7M4_T_le_eabi.lib : log.obj (.text)
                  2000d638    00000012     sysbios.aem4 : BIOS.obj (.text:ti_sysbios_hal_Timer_Module_startup__E)
                  2000d64a    00000012     ti.targets.arm.rtsarm.aem4 : LoggerBuf.oem4 (.text:xdc_runtime_LoggerBuf_Instance_finalize__E)
                  2000d65c    00000012                                : LoggerBuf.oem4 (.text:xdc_runtime_LoggerBuf_write1__E)
                  2000d66e    00000012                                : LoggerBuf.oem4 (.text:xdc_runtime_LoggerBuf_write2__E)
                  2000d680    00000012     app_pem4.oem4 (.text:xdc_runtime_Startup_exec__I)
                  2000d692    00000006     rtsv7M4_T_le_eabi.lib : log10.obj (.text)
                  2000d698    00000010     sysbios.aem4 : BIOS.obj (.text:ti_sysbios_BIOS_setThreadType__E)
                  2000d6a8    00000010                  : m3_TaskSupport_asm.obj (.text:ti_sysbios_family_arm_m3_TaskSupport_glue)
                  2000d6b8    00000010                  : m3_TaskSupport_asm.obj (.text:ti_sysbios_family_arm_m3_TaskSupport_swap__E)
                  2000d6c8    00000010                  : BIOS.obj (.text:ti_sysbios_gates_GateMutex_Instance_finalize__E)
                  2000d6d8    00000010     app_pem4.oem4 (.text:ti_sysbios_knl_Mailbox_Object__get__S)
                  2000d6e8    00000010     sysbios.aem4 : BIOS.obj (.text:ti_sysbios_knl_Semaphore_Instance_finalize__E)
                  2000d6f8    00000010                  : BIOS.obj (.text:ti_sysbios_knl_Swi_disable__E)
                  2000d708    00000010     app_pem4.oem4 (.text:ti_sysbios_knl_Task_Object__get__S)
                  2000d718    00000010     sysbios.aem4 : BIOS.obj (.text:ti_sysbios_knl_Task_disable__E)
                  2000d728    00000010     ti.targets.arm.rtsarm.aem4 : Gate.oem4 (.text:xdc_runtime_Gate_leaveSystem__E)
                  2000d738    00000010                                : LoggerBuf.oem4 (.text:xdc_runtime_LoggerBuf_write0__E)
                  2000d748    00000010                                : Memory.oem4 (.text:xdc_runtime_Memory_free__E)
                  2000d758    00000010                                : SysMin.oem4 (.text:xdc_runtime_SysMin_ready__E)
                  2000d768    00000010                                : System.oem4 (.text:xdc_runtime_System_vsnprintf__E)
                  2000d778    00000010     app_pem4.oem4 (.text:xdc_runtime_Text_visitRope__I)
                  2000d788    0000000e     rtsv7M4_T_le_eabi.lib : copy_decompress_none.obj (.text:decompress:none)
                  2000d796    00000002     --HOLE-- [fill = 0]
                  2000d798    0000000e     sysbios.aem4 : BIOS.obj (.text:ti_sysbios_knl_Idle_loop__E)
                  2000d7a6    00000002     --HOLE-- [fill = 0]
                  2000d7a8    0000000e                  : BIOS.obj (.text:ti_sysbios_knl_Queue_empty__E)
                  2000d7b6    0000000c     rtsv7M4_T_le_eabi.lib : copy_zero_init.obj (.text:decompress:ZI)
                  2000d7c2    00000006     ti.targets.arm.rtsarm.aem4 : System.oem4 (.text:xdc_runtime_System_Module_startup__E)
                  2000d7c8    0000000c     sysbios.aem4 : BIOS.obj (.text:ti_sysbios_family_arm_m3_TaskSupport_checkStack__E)
                  2000d7d4    00000004     --HOLE-- [fill = 0]
                  2000d7d8    0000000c                  : BIOS.obj (.text:ti_sysbios_gates_GateHwi_enter__E)
                  2000d7e4    0000000c     app_pem4.oem4 (.text:ti_sysbios_knl_Queue_Object__get__S)
                  2000d7f0    0000000c     ti.targets.arm.rtsarm.aem4 : Error.oem4 (.text:xdc_runtime_Error_init__E)
                  2000d7fc    0000000c                                : Gate.oem4 (.text:xdc_runtime_Gate_enterSystem__E)
                  2000d808    0000000c                                : Memory.oem4 (.text:xdc_runtime_Memory_calloc__E)
                  2000d814    0000000c                                : Memory.oem4 (.text:xdc_runtime_Memory_getMaxDefaultTypeAlign__E)
                  2000d820    0000000a     driverlib.a : interrupt.obj (.text:IntMasterEnable)
                  2000d82a    0000000a     app_pem4.oem4 (.text:xdc_runtime_IHeap_alloc)
                  2000d834    0000000a     app_pem4.oem4 (.text:xdc_runtime_IHeap_free)
                  2000d83e    0000000a     ti.targets.arm.rtsarm.aem4 : LoggerBuf.oem4 (.text:xdc_runtime_LoggerBuf_disable__E)
                  2000d848    0000000a                                : LoggerBuf.oem4 (.text:xdc_runtime_LoggerBuf_enable__E)
                  2000d852    00000006     --HOLE-- [fill = 0]
                  2000d858    00000008     sysbios.aem4 : BIOS.obj (.text:ti_sysbios_family_arm_m3_Hwi_doSwiRestore__I)
                  2000d860    00000008                  : BIOS.obj (.text:ti_sysbios_family_arm_m3_Hwi_startup__E)
                  2000d868    00000006                  : BIOS.obj (.text:ti_sysbios_gates_GateHwi_leave__E)
                  2000d86e    00000002     --HOLE-- [fill = 0]
                  2000d870    00000006                  : BIOS.obj (.text:ti_sysbios_heaps_HeapMem_isBlocking__E)
                  2000d876    00000002     --HOLE-- [fill = 0]
                  2000d878    00000006                  : BIOS.obj (.text:ti_sysbios_knl_Queue_Instance_init__E)
                  2000d87e    00000002     --HOLE-- [fill = 0]
                  2000d880    00000004                  : BIOS.obj (.text:ti_sysbios_family_arm_m3_Timer_getMaxTicks__E)
                  2000d884    00000004     --HOLE-- [fill = 0]
                  2000d888    00000004                  : BIOS.obj (.text:ti_sysbios_gates_GateHwi_query__E)
                  2000d88c    00000004     --HOLE-- [fill = 0]
                  2000d890    00000004                  : BIOS.obj (.text:ti_sysbios_gates_GateMutex_query__E)
                  2000d894    00000004     --HOLE-- [fill = 0]
                  2000d898    00000004                  : BIOS.obj (.text:ti_sysbios_knl_Task_startup__E)
                  2000d89c    00000004     --HOLE-- [fill = 0]
                  2000d8a0    00000002                  : BIOS.obj (.text:ti_sysbios_gates_GateHwi_Instance_init__E)

.const     0    2000d8a8    000022ac     
                  2000d8a8    000018cb     app_pem4.oem4 (.const:xdc_runtime_Text_charTab__A)
                  2000f173    00000101     rtsv7M4_T_le_eabi.lib : ctype.obj (.const:.string:_ctypes_)
                  2000f274    00000100     driverlib.a : pin.obj (.const:g_ulPinToPadMap)
                  2000f374    000000b8     app_pem4.oem4 (.const:xdc_runtime_Text_nodeTab__A)
                  2000f42c    000000a8     driverlib.a : prcm.obj (.const:PRCM_PeriphRegsList)
                  2000f4d4    00000080                 : interrupt.obj (.const)
                  2000f554    00000048     app_pem4.oem4 (.const:.string)
                  2000f59c    00000004     app_pem4.oem4 (.const:ti_sysbios_family_arm_m3_Hwi_E_NMI__C)
                  2000f5a0    00000048     rtsv7M4_T_le_eabi.lib : xexp.obj (.const)
                  2000f5e8    0000003c     app_pem4.oem4 (.const:xdc_runtime_LoggerBuf_Module__FXNS__C)
                  2000f624    00000004     app_pem4.oem4 (.const:ti_sysbios_family_arm_m3_Hwi_E_busFault__C)
                  2000f628    00000038     rtsv7M4_T_le_eabi.lib : xlog.obj (.const:p)
                  2000f660    00000030                           : xdint.obj (.const)
                  2000f690    00000030     app_pem4.oem4 (.const:xdc_runtime_Startup_sfxnTab__A)
                  2000f6c0    00000028     app_pem4.oem4 (.const:ti_sysbios_heaps_HeapMem_Module__FXNS__C)
                  2000f6e8    00000024     app_pem4.oem4 (.const:ti_sysbios_gates_GateHwi_Module__FXNS__C)
                  2000f70c    00000024     app_pem4.oem4 (.const:ti_sysbios_gates_GateMutex_Module__FXNS__C)
                  2000f730    00000024     app_pem4.oem4 (.const:ti_sysbios_heaps_HeapMem_Object__PARAMS__C)
                  2000f754    00000024     app_pem4.oem4 (.const:ti_sysbios_knl_Semaphore_Object__PARAMS__C)
                  2000f778    00000024     app_pem4.oem4 (.const:xdc_runtime_LoggerBuf_Object__PARAMS__C)
                  2000f79c    00000020     app_pem4.oem4 (.const:ti_sysbios_gates_GateHwi_Object__DESC__C)
                  2000f7bc    00000020     app_pem4.oem4 (.const:ti_sysbios_gates_GateMutex_Object__DESC__C)
                  2000f7dc    00000020     app_pem4.oem4 (.const:ti_sysbios_heaps_HeapMem_Object__DESC__C)
                  2000f7fc    00000020     app_pem4.oem4 (.const:ti_sysbios_knl_Queue_Object__DESC__C)
                  2000f81c    00000020     app_pem4.oem4 (.const:ti_sysbios_knl_Semaphore_Object__DESC__C)
                  2000f83c    00000020     app_pem4.oem4 (.const:xdc_runtime_LoggerBuf_Object__DESC__C)
                  2000f85c    00000018     app_pem4.oem4 (.const:ti_sysbios_gates_GateHwi_Object__PARAMS__C)
                  2000f874    00000018     app_pem4.oem4 (.const:ti_sysbios_gates_GateMutex_Object__PARAMS__C)
                  2000f88c    00000018     app_pem4.oem4 (.const:ti_sysbios_knl_Queue_Object__PARAMS__C)
                  2000f8a4    00000018     app_pem4.oem4 (.const:xdc_runtime_Startup_sfxnRts__A)
                  2000f8bc    00000015     rom_pin_mux_config.obj (.const)
                  2000f8d1    00000001     app_pem4.oem4 (.const:xdc_runtime_Error_policy__C)
                  2000f8d2    00000002     app_pem4.oem4 (.const:ti_sysbios_family_arm_m3_Hwi_Module__id__C)
                  2000f8d4    0000000c     app_pem4.oem4 (.const:xdc_runtime_Startup_firstFxns__A)
                  2000f8e0    00000008     app_pem4.oem4 (.const:ti_sysbios_family_arm_m3_Hwi_excHookFuncs__A)
                  2000f8e8    00000008     app_pem4.oem4 (.const:ti_sysbios_knl_Idle_funcList__C)
                  2000f8f0    00000008     app_pem4.oem4 (.const:xdc_runtime_Startup_firstFxns__C)
                  2000f8f8    00000008     app_pem4.oem4 (.const:xdc_runtime_Startup_lastFxns__C)
                  2000f900    00000005     rom_pin_mux_config.obj (.const:.string)
                  2000f905    00000001     --HOLE-- [fill = 0]
                  2000f906    00000002     app_pem4.oem4 (.const:ti_sysbios_family_arm_m3_Hwi_Module__loggerDefined__C)
                  2000f908    00000004     app_pem4.oem4 (.const:ti_sysbios_family_arm_m3_Hwi_E_debugMon__C)
                  2000f90c    00000004     app_pem4.oem4 (.const:ti_sysbios_family_arm_m3_Hwi_E_hardFault__C)
                  2000f910    00000004     app_pem4.oem4 (.const:ti_sysbios_family_arm_m3_Hwi_E_memFault__C)
                  2000f914    00000004     app_pem4.oem4 (.const:ti_sysbios_family_arm_m3_Hwi_E_noIsr__C)
                  2000f918    00000004     app_pem4.oem4 (.const:ti_sysbios_family_arm_m3_Hwi_E_reserved__C)
                  2000f91c    00000004     app_pem4.oem4 (.const:ti_sysbios_family_arm_m3_Hwi_E_svCall__C)
                  2000f920    00000004     app_pem4.oem4 (.const:ti_sysbios_family_arm_m3_Hwi_E_usageFault__C)
                  2000f924    00000004     app_pem4.oem4 (.const:ti_sysbios_family_arm_m3_Hwi_LD_end__C)
                  2000f928    00000004     app_pem4.oem4 (.const:ti_sysbios_family_arm_m3_Hwi_LM_begin__C)
                  2000f92c    00000004     app_pem4.oem4 (.const:ti_sysbios_family_arm_m3_Hwi_Module__diagsEnabled__C)
                  2000f930    00000004     app_pem4.oem4 (.const:ti_sysbios_family_arm_m3_Hwi_Module__diagsIncluded__C)
                  2000f934    00000004     app_pem4.oem4 (.const:ti_sysbios_family_arm_m3_Hwi_Module__diagsMask__C)
                  2000f938    00000004     app_pem4.oem4 (.const:ti_sysbios_family_arm_m3_Hwi_Module__loggerFxn1__C)
                  2000f93c    00000004     app_pem4.oem4 (.const:ti_sysbios_family_arm_m3_Hwi_Module__loggerFxn8__C)
                  2000f940    00000004     app_pem4.oem4 (.const:ti_sysbios_family_arm_m3_Hwi_Module__loggerObj__C)
                  2000f944    00000004     app_pem4.oem4 (.const:ti_sysbios_family_arm_m3_Hwi_NUM_INTERRUPTS__C)
                  2000f948    00000004     app_pem4.oem4 (.const:ti_sysbios_family_arm_m3_Hwi_Object__count__C)
                  2000f94c    00000004     app_pem4.oem4 (.const:ti_sysbios_family_arm_m3_Hwi_ccr__C)
                  2000f950    00000004     app_pem4.oem4 (.const:ti_sysbios_family_arm_m3_Hwi_excHandlerFunc__C)
                  2000f954    00000004     app_pem4.oem4 (.const:ti_sysbios_family_arm_m3_Hwi_excHookFuncs__C)
                  2000f958    00000004     app_pem4.oem4 (.const:ti_sysbios_family_arm_m3_Hwi_nullIsrFunc__C)
                  2000f95c    00000004     app_pem4.oem4 (.const:ti_sysbios_family_arm_m3_Hwi_priGroup__C)
                  2000f960    00000004     app_pem4.oem4 (.const:ti_sysbios_family_arm_m3_Timer_E_cannotSupport__C)
                  2000f964    00000004     app_pem4.oem4 (.const:ti_sysbios_family_arm_m3_Timer_startupNeeded__C)
                  2000f968    00000004     app_pem4.oem4 (.const:ti_sysbios_gates_GateMutex_A_badContext__C)
                  2000f96c    00000004     app_pem4.oem4 (.const:ti_sysbios_gates_GateMutex_Instance_State_sem__O)
                  2000f970    00000004     app_pem4.oem4 (.const:ti_sysbios_gates_GateMutex_Module__diagsEnabled__C)
                  2000f974    00000004     app_pem4.oem4 (.const:ti_sysbios_gates_GateMutex_Module__diagsIncluded__C)
                  2000f978    00000004     app_pem4.oem4 (.const:ti_sysbios_gates_GateMutex_Module__diagsMask__C)
                  2000f97c    00000004     app_pem4.oem4 (.const:ti_sysbios_hal_Hwi_E_stackOverflow__C)
                  2000f980    00000004     app_pem4.oem4 (.const:ti_sysbios_heaps_HeapMem_A_align__C)
                  2000f984    00000004     app_pem4.oem4 (.const:ti_sysbios_heaps_HeapMem_A_heapSize__C)
                  2000f988    00000004     app_pem4.oem4 (.const:ti_sysbios_heaps_HeapMem_A_invalidFree__C)
                  2000f98c    00000004     app_pem4.oem4 (.const:ti_sysbios_heaps_HeapMem_A_zeroBlock__C)
                  2000f990    00000004     app_pem4.oem4 (.const:ti_sysbios_heaps_HeapMem_E_memory__C)
                  2000f994    00000004     app_pem4.oem4 (.const:ti_sysbios_heaps_HeapMem_Module__diagsEnabled__C)
                  2000f998    00000004     app_pem4.oem4 (.const:ti_sysbios_heaps_HeapMem_Module__diagsIncluded__C)
                  2000f99c    00000004     app_pem4.oem4 (.const:ti_sysbios_heaps_HeapMem_Module__diagsMask__C)
                  2000f9a0    00000004     app_pem4.oem4 (.const:ti_sysbios_heaps_HeapMem_Module__gateObj__C)
                  2000f9a4    00000004     app_pem4.oem4 (.const:ti_sysbios_heaps_HeapMem_Object__count__C)
                  2000f9a8    00000004     app_pem4.oem4 (.const:ti_sysbios_heaps_HeapMem_reqAlign__C)
                  2000f9ac    00000004     app_pem4.oem4 (.const:ti_sysbios_knl_Clock_LM_begin__C)
                  2000f9b0    00000004     app_pem4.oem4 (.const:ti_sysbios_knl_Clock_LM_tick__C)
                  2000f9b4    00000004     app_pem4.oem4 (.const:ti_sysbios_knl_Clock_LW_delayed__C)
                  2000f9b8    00000004     app_pem4.oem4 (.const:ti_sysbios_knl_Clock_Module_State_clockQ__O)
                  2000f9bc    00000004     app_pem4.oem4 (.const:ti_sysbios_knl_Clock_Module__diagsEnabled__C)
                  2000f9c0    00000004     app_pem4.oem4 (.const:ti_sysbios_knl_Clock_Module__diagsIncluded__C)
                  2000f9c4    00000004     app_pem4.oem4 (.const:ti_sysbios_knl_Clock_Module__diagsMask__C)
                  2000f9c8    00000004     app_pem4.oem4 (.const:ti_sysbios_knl_Clock_Module__loggerFxn1__C)
                  2000f9cc    00000004     app_pem4.oem4 (.const:ti_sysbios_knl_Clock_Module__loggerFxn2__C)
                  2000f9d0    00000004     app_pem4.oem4 (.const:ti_sysbios_knl_Clock_Module__loggerObj__C)
                  2000f9d4    00000004     app_pem4.oem4 (.const:ti_sysbios_knl_Idle_funcList__A)
                  2000f9d8    00000004     app_pem4.oem4 (.const:ti_sysbios_knl_Mailbox_Instance_State_freeQue__O)
                  2000f9dc    00000004     app_pem4.oem4 (.const:ti_sysbios_knl_Mailbox_Object__count__C)
                  2000f9e0    00000004     app_pem4.oem4 (.const:ti_sysbios_knl_Mailbox_maxTypeAlign__C)
                  2000f9e4    00000004     app_pem4.oem4 (.const:ti_sysbios_knl_Semaphore_A_badContext__C)
                  2000f9e8    00000004     app_pem4.oem4 (.const:ti_sysbios_knl_Semaphore_A_noEvents__C)
                  2000f9ec    00000004     app_pem4.oem4 (.const:ti_sysbios_knl_Semaphore_A_overflow__C)
                  2000f9f0    00000004     app_pem4.oem4 (.const:ti_sysbios_knl_Semaphore_A_pendTaskDisabled__C)
                  2000f9f4    00000004     app_pem4.oem4 (.const:ti_sysbios_knl_Semaphore_Instance_State_pendQ__O)
                  2000f9f8    00000004     app_pem4.oem4 (.const:ti_sysbios_knl_Semaphore_LM_pend__C)
                  2000f9fc    00000004     app_pem4.oem4 (.const:ti_sysbios_knl_Semaphore_LM_post__C)
                  2000fa00    00000004     app_pem4.oem4 (.const:ti_sysbios_knl_Semaphore_Module__diagsEnabled__C)
                  2000fa04    00000004     app_pem4.oem4 (.const:ti_sysbios_knl_Semaphore_Module__diagsIncluded__C)
                  2000fa08    00000004     app_pem4.oem4 (.const:ti_sysbios_knl_Semaphore_Module__diagsMask__C)
                  2000fa0c    00000004     app_pem4.oem4 (.const:ti_sysbios_knl_Semaphore_Module__loggerFxn2__C)
                  2000fa10    00000004     app_pem4.oem4 (.const:ti_sysbios_knl_Semaphore_Module__loggerFxn4__C)
                  2000fa14    00000004     app_pem4.oem4 (.const:ti_sysbios_knl_Semaphore_Module__loggerObj__C)
                  2000fa18    00000004     app_pem4.oem4 (.const:ti_sysbios_knl_Swi_LD_end__C)
                  2000fa1c    00000004     app_pem4.oem4 (.const:ti_sysbios_knl_Swi_LM_begin__C)
                  2000fa20    00000004     app_pem4.oem4 (.const:ti_sysbios_knl_Swi_LM_post__C)
                  2000fa24    00000004     app_pem4.oem4 (.const:ti_sysbios_knl_Swi_Module__diagsEnabled__C)
                  2000fa28    00000004     app_pem4.oem4 (.const:ti_sysbios_knl_Swi_Module__diagsIncluded__C)
                  2000fa2c    00000004     app_pem4.oem4 (.const:ti_sysbios_knl_Swi_Module__diagsMask__C)
                  2000fa30    00000004     app_pem4.oem4 (.const:ti_sysbios_knl_Swi_Module__loggerFxn1__C)
                  2000fa34    00000004     app_pem4.oem4 (.const:ti_sysbios_knl_Swi_Module__loggerFxn4__C)
                  2000fa38    00000004     app_pem4.oem4 (.const:ti_sysbios_knl_Swi_Module__loggerObj__C)
                  2000fa3c    00000004     app_pem4.oem4 (.const:ti_sysbios_knl_Swi_Object__count__C)
                  2000fa40    00000004     app_pem4.oem4 (.const:ti_sysbios_knl_Task_E_spOutOfBounds__C)
                  2000fa44    00000004     app_pem4.oem4 (.const:ti_sysbios_knl_Task_E_stackOverflow__C)
                  2000fa48    00000004     app_pem4.oem4 (.const:ti_sysbios_knl_Task_LD_block__C)
                  2000fa4c    00000004     app_pem4.oem4 (.const:ti_sysbios_knl_Task_LD_exit__C)
                  2000fa50    00000004     app_pem4.oem4 (.const:ti_sysbios_knl_Task_LD_ready__C)
                  2000fa54    00000004     app_pem4.oem4 (.const:ti_sysbios_knl_Task_LM_switch__C)
                  2000fa58    00000004     app_pem4.oem4 (.const:ti_sysbios_knl_Task_Module_State_inactiveQ__O)
                  2000fa5c    00000004     app_pem4.oem4 (.const:ti_sysbios_knl_Task_Module__diagsEnabled__C)
                  2000fa60    00000004     app_pem4.oem4 (.const:ti_sysbios_knl_Task_Module__diagsIncluded__C)
                  2000fa64    00000004     app_pem4.oem4 (.const:ti_sysbios_knl_Task_Module__diagsMask__C)
                  2000fa68    00000004     app_pem4.oem4 (.const:ti_sysbios_knl_Task_Module__loggerFxn2__C)
                  2000fa6c    00000004     app_pem4.oem4 (.const:ti_sysbios_knl_Task_Module__loggerFxn4__C)
                  2000fa70    00000004     app_pem4.oem4 (.const:ti_sysbios_knl_Task_Module__loggerObj__C)
                  2000fa74    00000004     app_pem4.oem4 (.const:ti_sysbios_knl_Task_Object__count__C)
                  2000fa78    00000004     app_pem4.oem4 (.const:ti_sysbios_knl_Task_allBlockedFunc__C)
                  2000fa7c    00000004     app_pem4.oem4 (.const:ti_sysbios_knl_Task_numConstructedTasks__C)
                  2000fa80    00000004     app_pem4.oem4 (.const:xdc_runtime_Assert_E_assertFailed__C)
                  2000fa84    00000004     app_pem4.oem4 (.const:xdc_runtime_Core_A_initializedParams__C)
                  2000fa88    00000004     app_pem4.oem4 (.const:xdc_runtime_Core_Module__diagsEnabled__C)
                  2000fa8c    00000004     app_pem4.oem4 (.const:xdc_runtime_Core_Module__diagsIncluded__C)
                  2000fa90    00000004     app_pem4.oem4 (.const:xdc_runtime_Core_Module__diagsMask__C)
                  2000fa94    00000004     app_pem4.oem4 (.const:xdc_runtime_Error_E_memory__C)
                  2000fa98    00000004     app_pem4.oem4 (.const:xdc_runtime_Error_Module__diagsEnabled__C)
                  2000fa9c    00000004     app_pem4.oem4 (.const:xdc_runtime_Error_Module__diagsIncluded__C)
                  2000faa0    00000004     app_pem4.oem4 (.const:xdc_runtime_Error_Module__diagsMask__C)
                  2000faa4    00000004     app_pem4.oem4 (.const:xdc_runtime_Error_Module__loggerFxn8__C)
                  2000faa8    00000004     app_pem4.oem4 (.const:xdc_runtime_Error_Module__loggerObj__C)
                  2000faac    00000004     app_pem4.oem4 (.const:xdc_runtime_Error_policyFxn__C)
                  2000fab0    00000004     app_pem4.oem4 (.const:xdc_runtime_Error_raiseHook__C)
                  2000fab4    00000004     app_pem4.oem4 (.const:xdc_runtime_IFilterLogger_Interface__BASE__C)
                  2000fab8    00000004     app_pem4.oem4 (.const:xdc_runtime_IGateProvider_Interface__BASE__C)
                  2000fabc    00000004     app_pem4.oem4 (.const:xdc_runtime_IHeap_Interface__BASE__C)
                  2000fac0    00000004     app_pem4.oem4 (.const:xdc_runtime_ILogger_Interface__BASE__C)
                  2000fac4    00000004     app_pem4.oem4 (.const:xdc_runtime_IModule_Interface__BASE__C)
                  2000fac8    00000004     app_pem4.oem4 (.const:xdc_runtime_Log_L_error__C)
                  2000facc    00000004     app_pem4.oem4 (.const:xdc_runtime_LoggerBuf_E_badLevel__C)
                  2000fad0    00000004     app_pem4.oem4 (.const:xdc_runtime_LoggerBuf_Module__gateObj__C)
                  2000fad4    00000004     app_pem4.oem4 (.const:xdc_runtime_LoggerBuf_Object__count__C)
                  2000fad8    00000004     app_pem4.oem4 (.const:xdc_runtime_LoggerBuf_statusLogger__C)
                  2000fadc    00000004     app_pem4.oem4 (.const:xdc_runtime_Memory_defaultHeapInstance__C)
                  2000fae0    00000004     app_pem4.oem4 (.const:xdc_runtime_Startup_execImpl__C)
                  2000fae4    00000004     app_pem4.oem4 (.const:xdc_runtime_Startup_maxPasses__C)
                  2000fae8    00000004     app_pem4.oem4 (.const:xdc_runtime_Startup_sfxnRts__C)
                  2000faec    00000004     app_pem4.oem4 (.const:xdc_runtime_Startup_sfxnTab__C)
                  2000faf0    00000004     app_pem4.oem4 (.const:xdc_runtime_SysMin_bufSize__C)
                  2000faf4    00000004     app_pem4.oem4 (.const:xdc_runtime_SysMin_outputFunc__C)
                  2000faf8    00000004     app_pem4.oem4 (.const:xdc_runtime_System_Module__gateObj__C)
                  2000fafc    00000004     app_pem4.oem4 (.const:xdc_runtime_System_abortFxn__C)
                  2000fb00    00000004     app_pem4.oem4 (.const:xdc_runtime_System_exitFxn__C)
                  2000fb04    00000004     app_pem4.oem4 (.const:xdc_runtime_System_extendFxn__C)
                  2000fb08    00000004     app_pem4.oem4 (.const:xdc_runtime_System_maxAtexitHandlers__C)
                  2000fb0c    00000004     app_pem4.oem4 (.const:xdc_runtime_Text_charTab__C)
                  2000fb10    00000004     app_pem4.oem4 (.const:xdc_runtime_Text_nameEmpty__C)
                  2000fb14    00000004     app_pem4.oem4 (.const:xdc_runtime_Text_nameStatic__C)
                  2000fb18    00000004     app_pem4.oem4 (.const:xdc_runtime_Text_nameUnknown__C)
                  2000fb1c    00000004     app_pem4.oem4 (.const:xdc_runtime_Text_nodeTab__C)
                  2000fb20    00000004     app_pem4.oem4 (.const:xdc_runtime_Text_visitRopeFxn__C)
                  2000fb24    00000002     app_pem4.oem4 (.const:ti_sysbios_family_arm_m3_Timer_Module__id__C)
                  2000fb26    00000002     app_pem4.oem4 (.const:ti_sysbios_family_arm_m3_TimestampProvider_configTimer__C)
                  2000fb28    00000002     app_pem4.oem4 (.const:ti_sysbios_gates_GateMutex_Module__id__C)
                  2000fb2a    00000002     app_pem4.oem4 (.const:ti_sysbios_hal_Hwi_Module__id__C)
                  2000fb2c    00000002     app_pem4.oem4 (.const:ti_sysbios_heaps_HeapMem_Module__id__C)
                  2000fb2e    00000002     app_pem4.oem4 (.const:ti_sysbios_knl_Clock_Module__id__C)
                  2000fb30    00000002     app_pem4.oem4 (.const:ti_sysbios_knl_Clock_Module__loggerDefined__C)
                  2000fb32    00000002     app_pem4.oem4 (.const:ti_sysbios_knl_Semaphore_Module__id__C)
                  2000fb34    00000002     app_pem4.oem4 (.const:ti_sysbios_knl_Semaphore_Module__loggerDefined__C)
                  2000fb36    00000002     app_pem4.oem4 (.const:ti_sysbios_knl_Swi_Module__id__C)
                  2000fb38    00000002     app_pem4.oem4 (.const:ti_sysbios_knl_Swi_Module__loggerDefined__C)
                  2000fb3a    00000002     app_pem4.oem4 (.const:ti_sysbios_knl_Task_Module__id__C)
                  2000fb3c    00000002     app_pem4.oem4 (.const:ti_sysbios_knl_Task_Module__loggerDefined__C)
                  2000fb3e    00000002     app_pem4.oem4 (.const:xdc_runtime_Core_Module__id__C)
                  2000fb40    00000002     app_pem4.oem4 (.const:xdc_runtime_Error_Module__loggerDefined__C)
                  2000fb42    00000002     app_pem4.oem4 (.const:xdc_runtime_Error_maxDepth__C)
                  2000fb44    00000002     app_pem4.oem4 (.const:xdc_runtime_LoggerBuf_Module__id__C)
                  2000fb46    00000002     app_pem4.oem4 (.const:xdc_runtime_LoggerBuf_filterByLevel__C)
                  2000fb48    00000002     app_pem4.oem4 (.const:xdc_runtime_Memory_Module__id__C)
                  2000fb4a    00000002     app_pem4.oem4 (.const:xdc_runtime_SysMin_flushAtExit__C)
                  2000fb4c    00000002     app_pem4.oem4 (.const:xdc_runtime_Text_charCnt__C)
                  2000fb4e    00000002     app_pem4.oem4 (.const:xdc_runtime_Text_isLoaded__C)
                  2000fb50    00000002     app_pem4.oem4 (.const:xdc_runtime_Text_registryModsLastId__C)
                  2000fb52    00000002     app_pem4.oem4 (.const:xdc_runtime_Text_unnamedModsLastId__C)

.cinit     0    2000fb58    000003a8     
                  2000fb58    00000380     (.cinit..data.load) [load image, compression = rle]
                  2000fed8    0000000c     (__TI_handler_table)
                  2000fee4    00000004     --HOLE-- [fill = 0]
                  2000fee8    00000008     (.cinit..bss.load) [load image, compression = zero_init]
                  2000fef0    00000010     (__TI_cinit_table)

.bss       0    20017000    00009555     UNINITIALIZED
                  20017000    00008000     app_pem4.oem4 (.bss:ti_sysbios_heaps_HeapMem_Instance_State_0_buf__A)
                  2001f000    00000800     app_pem4.oem4 (.bss:taskStackSection)
                  2001f800    00000400     app_pem4.oem4 (.bss:xdc_runtime_LoggerBuf_Instance_State_0_entryArr__A)
                  2001fc00    00000400     app_pem4.oem4 (.bss:xdc_runtime_SysMin_Module_State_0_outbuf__A)
                  20020000    0000030c     app_pem4.oem4 (.bss:ti_sysbios_family_arm_m3_Hwi_dispatchTable)
                  2002030c    00000120     rtsv7M4_T_le_eabi.lib : trgmsg.obj (.bss:__CIOBUF_)
                  2002042c    00000100     APA102.obj (.bss:_gamma)
                  2002052c    0000001c     (.common:_levels)
                  20020548    00000008     (.common:parmbuf)
                  20020550    00000004     (.common:_adcCount)
                  20020554    00000001     (.common:_state)

.data      0    20020558    000005c8     UNINITIALIZED
                  20020558    00000138     app_pem4.oem4 (.data)
                  20020690    000000b0     rtsv7M4_T_le_eabi.lib : signal.obj (.data:sigtable)
                  20020740    00000080                           : xvalues.obj (.data)
                  200207c0    00000080     app_pem4.oem4 (.data:ti_sysbios_knl_Swi_Module_State_0_readyQ__A)
                  20020840    00000080     app_pem4.oem4 (.data:ti_sysbios_knl_Task_Module_State_0_readyQ__A)
                  200208c0    00000068     rtsv7M4_T_le_eabi.lib : xfvalues.obj (.data)
                  20020928    0000004c     app_pem4.oem4 (.data:ti_sysbios_knl_Task_Object__table__V)
                  20020974    00000044     app_pem4.oem4 (.data:ti_sysbios_knl_Task_Module__state__V)
                  200209b8    00000038     app_pem4.oem4 (.data:ti_sysbios_gates_GateMutex_Object__table__V)
                  200209f0    00000034     app_pem4.oem4 (.data:ti_sysbios_family_arm_m3_Hwi_Module__state__V)
                  20020a24    00000030     app_pem4.oem4 (.data:ti_sysbios_family_arm_m3_Timer_Object__table__V)
                  20020a54    00000030     app_pem4.oem4 (.data:ti_sysbios_knl_Swi_Object__table__V)
                  20020a84    0000002c     app_pem4.oem4 (.data:ti_sysbios_knl_Clock_Module__state__V)
                  20020ab0    00000024     app_pem4.oem4 (.data:ti_sysbios_BIOS_Module__state__V)
                  20020ad4    00000024     app_pem4.oem4 (.data:xdc_runtime_LoggerBuf_Object__table__V)
                  20020af8    00000008     rtsv7M4_T_le_eabi.lib : _lock.obj (.data)
                  20020b00    00000008                           : exit.obj (.data)
                  20020b08    00000008                           : feraiseexcept.obj (.data)
                  20020b10    00000006     main.obj (.data)
                  20020b16    00000002     --HOLE--
                  20020b18    00000004     rtsv7M4_T_le_eabi.lib : errno.obj (.data)
                  20020b1c    00000004                           : stkdepth_vars.obj (.data)

.stack     0    2002e000    00002000     UNINITIALIZED
                  2002e000    00002000     --HOLE--

.bootVecs 
*          0    00000000    00000008     DSECT
                  00000000    00000008     boot.aem4 : boot.oem4 (.bootVecs)

.vecs      0    20004000    00000000     DSECT

xdc.meta   0    00000000    000000f8     COPY SECTION
                  00000000    000000f8     app_pem4.oem4 (xdc.meta)

.TI.noinit 
*          0    20017000    00000000     UNINITIALIZED

.TI.persistent 
*          0    20020558    00000000     UNINITIALIZED


LINKER GENERATED COPY TABLES

__TI_cinit_table @ 2000fef0 records: 2, size/record: 8, table size: 16
	.data: load addr=2000fb58, load size=00000380 bytes, run addr=20020558, run size=000005c8 bytes, compression=rle
	.bss: load addr=2000fee8, load size=00000008 bytes, run addr=20017000, run size=00009555 bytes, compression=zero_init


LINKER GENERATED HANDLER TABLE

__TI_handler_table @ 2000fed8 records: 3, size/record: 4, table size: 12
	index: 0, handler: __TI_decompress_rle24
	index: 1, handler: __TI_decompress_none
	index: 2, handler: __TI_zero_init


GLOBAL SYMBOLS: SORTED ALPHABETICALLY BY Name 

address   name                                                        
-------   ----                                                        
2000c4ef  ADCChannelEnable                                            
2000d527  ADCEnable                                                   
2000d141  ADCFIFOLvlGet                                               
2000d395  ADCFIFORead                                                 
2000b875  ADCIntClear                                                 
2000b441  ADCIntEnable                                                
2000c379  ADCIntRegister                                              
2000b701  ADCIntStatus                                                
20006c5f  APA102_clearStrip                                           
20006b35  APA102_init                                                 
20006bf3  APA102_initStrip                                            
20006ce3  APA102_setAll                                               
20006c99  APA102_setColor                                             
20006d47  APA102_updateStrip                                          
2000c095  C$$EXIT                                                     
2000b4d7  C$$IO$$                                                     
2000d53b  CPUcpsie                                                    
2000f8d0  CS_COUNT                                                    
2000f900  CS_PIN                                                      
2000f8bc  CS_PORT                                                     
2000b049  Console_init                                                
2000b08f  Console_printf                                              
2000b071  Console_puts                                                
2000c679  GPIODirModeSet                                              
2000cf05  GPIOPinWrite                                                
2000683d  HOSTclock                                                   
20006805  HOSTclose                                                   
200067c7  HOSTgetenv                                                  
2000676b  HOSTlseek                                                   
20006719  HOSTopen                                                    
200066cd  HOSTread                                                    
2000666f  HOSTrename                                                  
20006635  HOSTtime                                                    
200065fd  HOSTunlink                                                  
200065b1  HOSTwrite                                                   
2000a315  IntEnable                                                   
2000d821  IntMasterEnable                                             
2000cf25  IntRegister                                                 
2000d069  LoggerBuf_instanceStartup                                   
20006e85  MSGEQ7_get                                                  
20006de1  MSGEQ7_init                                                 
2000a4a1  Matrix_clear                                                
2000a469  Matrix_init                                                 
2000a4ad  Matrix_setPixel                                             
2000a4ff  Matrix_update                                               
200081a9  PRCMCC3200MCUInit                                           
2000d4b9  PRCMHIBRegRead                                              
2000d4cf  PRCMHIBRegWrite                                             
2000cc91  PRCMPeripheralClkDisable                                    
2000c3b9  PRCMPeripheralClkEnable                                     
2000a95d  PRCMPeripheralClockGet                                      
2000b8cd  PRCMPeripheralReset                                         
2000cb35  PRCMSysResetCauseGet                                        
2000aba9  PinConfigSet                                                
2000c275  PinModeSet                                                  
2000801d  PinMuxConfig                                                
2000d54f  PinTypeADC                                                  
2000c893  PinTypeGPIO                                                 
2000d25d  PinTypeSPI                                                  
UNDEFED   SHT$$INIT_ARRAY$$Base                                       
UNDEFED   SHT$$INIT_ARRAY$$Limit                                      
2000a50d  SPIConfigSetExpClk                                          
2000d3ad  SPIEnable                                                   
2000d277  SPIFIFOEnable                                               
2000ac31  SPITransfer                                                 
20007d07  Spectrum_fromMSGEQ7                                         
20007cd1  Spectrum_init                                               
20006ec7  Spectrum_toDb                                               
2000c00d  TimerConfigure                                              
2000d0c9  TimerEnable                                                 
2000d609  TimerIntClear                                               
2000d3c5  TimerIntEnable                                              
2000b1ad  TimerIntRegister                                            
2000d0e7  TimerIntStatus                                              
2000cc11  TimerLoadSet                                                
2000d15d  TimerValueGet                                               
2000d105  UARTCharPut                                                 
2000b0c1  UARTConfigSetExpClk                                         
2000c8c5  UARTDisable                                                 
2000cd2f  UARTEnable                                                  
2000d4e5  UARTFIFOEnable                                              
2000d3dd  UARTFIFOLevelSet                                            
2000b28b  UtilsDelay                                                  
2000cc3b  _Dclass                                                     
20020740  _Denorm                                                     
20009c81  _Dint                                                       
20009d41  _Dnorm                                                      
200090dd  _Dscale                                                     
2000b511  _Dunscale                                                   
20020750  _Eps                                                        
20020b18  _Errno                                                      
20007529  _Exp                                                        
200208c0  _FDenorm                                                    
200208d0  _FEps                                                       
200208e0  _FInf                                                       
200208f0  _FNan                                                       
20020910  _FRteps                                                     
20020900  _FSnan                                                      
20020920  _FXbig                                                      
20020924  _FZero                                                      
20020b08  _Fenv                                                       
2000c8f5  _Feraise                                                    
20020760  _Hugeval                                                    
20020770  _Inf                                                        
200062cd  _Log                                                        
20020780  _Nan                                                        
200207a0  _Rteps                                                      
20020790  _Snan                                                       
20020b0c  _Tls_setup__Fenv                                            
200207b0  _Xbig                                                       
200207b8  _Zero                                                       
00000000  __ASM__                                                     
2002030c  __CIOBUF_                                                   
00000071  __ISA__                                                     
00000084  __PLAT__                                                    
20030000  __STACK_END                                                 
00002000  __STACK_SIZE                                                
000000ab  __TARG__                                                    
2000fef0  __TI_CINIT_Base                                             
2000ff00  __TI_CINIT_Limit                                            
2000fed8  __TI_Handler_Table_Base                                     
2000fee4  __TI_Handler_Table_Limit                                    
2000a5ad  __TI_auto_init                                              
20020b00  __TI_cleanup_ptr                                            
2000d789  __TI_decompress_none                                        
2000d61b  __TI_decompress_rle24                                       
20020b04  __TI_dtors_ptr                                              
200050b1  __TI_printfi                                                
2000b4db  __TI_readmsg                                                
2000fb58  __TI_static_base__                                          
2000b4a9  __TI_writemsg                                               
2000d7b7  __TI_zero_init                                              
000000d0  __TRDR__                                                    
2000adc9  __aeabi_cdcmpeq                                             
2000adc9  __aeabi_cdcmple                                             
2000ae4f  __aeabi_cdrcmple                                            
2000b5dd  __aeabi_cfcmpeq                                             
2000b5dd  __aeabi_cfcmple                                             
2000b63d  __aeabi_cfrcmple                                            
2000bd3d  __aeabi_d2f                                                 
2000bcf5  __aeabi_d2iz                                                
2000c0d9  __aeabi_d2uiz                                               
20007b23  __aeabi_dadd                                                
20008c39  __aeabi_ddiv                                                
200092ed  __aeabi_dmul                                                
20007b19  __aeabi_dsub                                                
2000c527  __aeabi_f2d                                                 
2000c55f  __aeabi_f2iz                                                
2000c6e5  __aeabi_f2uiz                                               
200093ed  __aeabi_fadd                                                
2000aa85  __aeabi_fdiv                                                
2000af55  __aeabi_fmul                                                
200093e9  __aeabi_fsub                                                
2000cad7  __aeabi_i2d                                                 
200053b7  __aeabi_idiv0                                               
2000afcf  __aeabi_memclr                                              
2000afcf  __aeabi_memclr4                                             
2000afcf  __aeabi_memclr8                                             
2000a6ed  __aeabi_memcpy                                              
2000a6ed  __aeabi_memcpy4                                             
2000a6ed  __aeabi_memcpy8                                             
2000afd1  __aeabi_memset                                              
2000afd1  __aeabi_memset4                                             
2000afd1  __aeabi_memset8                                             
2000cd53  __aeabi_ui2f                                                
2000c2f5  __aeabi_uidiv                                               
2000c2f5  __aeabi_uidivmod                                            
20007925  __aeabi_uldivmod                                            
ffffffff  __binit__                                                   
ffffffff  __c_args__                                                  
2002e000  __stack                                                     
2000c85b  __xdc__init                                                 
2002068c  __xdc__init__addr                                           
2000d3f5  _args_main                                                  
2000c051  _c_int00                                                    
2000f173  _ctypes_                                                    
20020af8  _lock                                                       
2000d573  _nop                                                        
2000d56b  _register_lock                                              
2000d565  _register_unlock                                            
20020afc  _unlock                                                     
2000c099  abort                                                       
2000bb21  atoi                                                        
ffffffff  binit                                                       
2000bb6d  copy_in                                                     
20006897  displayLevel                                                
2000c0a1  exit                                                        
2000c6b1  feraiseexcept                                               
2000bf39  fmax                                                        
2000cec1  frexp                                                       
2000bf7f  ldexp                                                       
2000d633  log                                                         
2000d693  log10                                                       
2000b981  ltoa                                                        
[...]
2000f374  xdc_runtime_Text_nodeTab__A                                 
2000f59c  ti_sysbios_family_arm_m3_Hwi_E_NMI__C                       
2000f5e8  xdc_runtime_LoggerBuf_Module__FXNS__C                       
2000f624  ti_sysbios_family_arm_m3_Hwi_E_busFault__C                  
2000f690  xdc_runtime_Startup_sfxnTab__A                              
2000f6c0  ti_sysbios_heaps_HeapMem_Module__FXNS__C                    
2000f6e8  ti_sysbios_gates_GateHwi_Module__FXNS__C                    
2000f70c  ti_sysbios_gates_GateMutex_Module__FXNS__C                  
2000f730  ti_sysbios_heaps_HeapMem_Object__PARAMS__C                  
2000f754  ti_sysbios_knl_Semaphore_Object__PARAMS__C                  
2000f778  xdc_runtime_LoggerBuf_Object__PARAMS__C                     
2000f79c  ti_sysbios_gates_GateHwi_Object__DESC__C                    
2000f7bc  ti_sysbios_gates_GateMutex_Object__DESC__C                  
2000f7dc  ti_sysbios_heaps_HeapMem_Object__DESC__C                    
2000f7fc  ti_sysbios_knl_Queue_Object__DESC__C                        
2000f81c  ti_sysbios_knl_Semaphore_Object__DESC__C                    
2000f83c  xdc_runtime_LoggerBuf_Object__DESC__C                       
2000f85c  ti_sysbios_gates_GateHwi_Object__PARAMS__C                  
2000f874  ti_sysbios_gates_GateMutex_Object__PARAMS__C                
2000f88c  ti_sysbios_knl_Queue_Object__PARAMS__C                      
2000f8a4  xdc_runtime_Startup_sfxnRts__A                              
2000f8bc  CS_PORT                                                     
2000f8d0  CS_COUNT                                                    
2000f8d1  xdc_runtime_Error_policy__C                                 
2000f8d2  ti_sysbios_family_arm_m3_Hwi_Module__id__C                  
2000f8d4  xdc_runtime_Startup_firstFxns__A                            
2000f8e0  ti_sysbios_family_arm_m3_Hwi_excHookFuncs__A                
2000f8e8  ti_sysbios_knl_Idle_funcList__C                             
2000f8f0  xdc_runtime_Startup_firstFxns__C                            
2000f8f8  xdc_runtime_Startup_lastFxns__C                             
2000f900  CS_PIN                                                      
2000f906  ti_sysbios_family_arm_m3_Hwi_Module__loggerDefined__C       
2000f908  ti_sysbios_family_arm_m3_Hwi_E_debugMon__C                  
2000f90c  ti_sysbios_family_arm_m3_Hwi_E_hardFault__C                 
2000f910  ti_sysbios_family_arm_m3_Hwi_E_memFault__C                  
2000f914  ti_sysbios_family_arm_m3_Hwi_E_noIsr__C                     
2000f918  ti_sysbios_family_arm_m3_Hwi_E_reserved__C                  
2000f91c  ti_sysbios_family_arm_m3_Hwi_E_svCall__C                    
2000f920  ti_sysbios_family_arm_m3_Hwi_E_usageFault__C                
2000f924  ti_sysbios_family_arm_m3_Hwi_LD_end__C                      
2000f928  ti_sysbios_family_arm_m3_Hwi_LM_begin__C                    
2000f92c  ti_sysbios_family_arm_m3_Hwi_Module__diagsEnabled__C        
2000f930  ti_sysbios_family_arm_m3_Hwi_Module__diagsIncluded__C       
2000f934  ti_sysbios_family_arm_m3_Hwi_Module__diagsMask__C           
2000f938  ti_sysbios_family_arm_m3_Hwi_Module__loggerFxn1__C          
2000f93c  ti_sysbios_family_arm_m3_Hwi_Module__loggerFxn8__C          
2000f940  ti_sysbios_family_arm_m3_Hwi_Module__loggerObj__C           
2000f944  ti_sysbios_family_arm_m3_Hwi_NUM_INTERRUPTS__C              
2000f948  ti_sysbios_family_arm_m3_Hwi_Object__count__C               
2000f94c  ti_sysbios_family_arm_m3_Hwi_ccr__C                         
2000f950  ti_sysbios_family_arm_m3_Hwi_excHandlerFunc__C              
2000f954  ti_sysbios_family_arm_m3_Hwi_excHookFuncs__C                
2000f958  ti_sysbios_family_arm_m3_Hwi_nullIsrFunc__C                 
2000f95c  ti_sysbios_family_arm_m3_Hwi_priGroup__C                    
2000f960  ti_sysbios_family_arm_m3_Timer_E_cannotSupport__C           
2000f964  ti_sysbios_family_arm_m3_Timer_startupNeeded__C             
2000f968  ti_sysbios_gates_GateMutex_A_badContext__C                  
2000f96c  ti_sysbios_gates_GateMutex_Instance_State_sem__O            
2000f970  ti_sysbios_gates_GateMutex_Module__diagsEnabled__C          
2000f974  ti_sysbios_gates_GateMutex_Module__diagsIncluded__C         
2000f978  ti_sysbios_gates_GateMutex_Module__diagsMask__C             
2000f97c  ti_sysbios_hal_Hwi_E_stackOverflow__C                       
2000f980  ti_sysbios_heaps_HeapMem_A_align__C                         
2000f984  ti_sysbios_heaps_HeapMem_A_heapSize__C                      
2000f988  ti_sysbios_heaps_HeapMem_A_invalidFree__C                   
2000f98c  ti_sysbios_heaps_HeapMem_A_zeroBlock__C                     
2000f990  ti_sysbios_heaps_HeapMem_E_memory__C                        
2000f994  ti_sysbios_heaps_HeapMem_Module__diagsEnabled__C            
2000f998  ti_sysbios_heaps_HeapMem_Module__diagsIncluded__C           
2000f99c  ti_sysbios_heaps_HeapMem_Module__diagsMask__C               
2000f9a0  ti_sysbios_heaps_HeapMem_Module__gateObj__C                 
2000f9a4  ti_sysbios_heaps_HeapMem_Object__count__C                   
2000f9a8  ti_sysbios_heaps_HeapMem_reqAlign__C                        
2000f9ac  ti_sysbios_knl_Clock_LM_begin__C                            
2000f9b0  ti_sysbios_knl_Clock_LM_tick__C                             
2000f9b4  ti_sysbios_knl_Clock_LW_delayed__C                          
2000f9b8  ti_sysbios_knl_Clock_Module_State_clockQ__O                 
2000f9bc  ti_sysbios_knl_Clock_Module__diagsEnabled__C                
2000f9c0  ti_sysbios_knl_Clock_Module__diagsIncluded__C               
2000f9c4  ti_sysbios_knl_Clock_Module__diagsMask__C                   
2000f9c8  ti_sysbios_knl_Clock_Module__loggerFxn1__C                  
2000f9cc  ti_sysbios_knl_Clock_Module__loggerFxn2__C                  
2000f9d0  ti_sysbios_knl_Clock_Module__loggerObj__C                   
2000f9d4  ti_sysbios_knl_Idle_funcList__A                             
2000f9d8  ti_sysbios_knl_Mailbox_Instance_State_freeQue__O            
2000f9dc  ti_sysbios_knl_Mailbox_Object__count__C                     
2000f9e0  ti_sysbios_knl_Mailbox_maxTypeAlign__C                      
2000f9e4  ti_sysbios_knl_Semaphore_A_badContext__C                    
2000f9e8  ti_sysbios_knl_Semaphore_A_noEvents__C                      
2000f9ec  ti_sysbios_knl_Semaphore_A_overflow__C                      
2000f9f0  ti_sysbios_knl_Semaphore_A_pendTaskDisabled__C              
2000f9f4  ti_sysbios_knl_Semaphore_Instance_State_pendQ__O            
2000f9f8  ti_sysbios_knl_Semaphore_LM_pend__C                         
2000f9fc  ti_sysbios_knl_Semaphore_LM_post__C                         
2000fa00  ti_sysbios_knl_Semaphore_Module__diagsEnabled__C            
2000fa04  ti_sysbios_knl_Semaphore_Module__diagsIncluded__C           
2000fa08  ti_sysbios_knl_Semaphore_Module__diagsMask__C               
2000fa0c  ti_sysbios_knl_Semaphore_Module__loggerFxn2__C              
2000fa10  ti_sysbios_knl_Semaphore_Module__loggerFxn4__C              
2000fa14  ti_sysbios_knl_Semaphore_Module__loggerObj__C               
2000fa18  ti_sysbios_knl_Swi_LD_end__C                                
2000fa1c  ti_sysbios_knl_Swi_LM_begin__C                              
2000fa20  ti_sysbios_knl_Swi_LM_post__C                               
2000fa24  ti_sysbios_knl_Swi_Module__diagsEnabled__C                  
2000fa28  ti_sysbios_knl_Swi_Module__diagsIncluded__C                 
2000fa2c  ti_sysbios_knl_Swi_Module__diagsMask__C                     
2000fa30  ti_sysbios_knl_Swi_Module__loggerFxn1__C                    
2000fa34  ti_sysbios_knl_Swi_Module__loggerFxn4__C                    
2000fa38  ti_sysbios_knl_Swi_Module__loggerObj__C                     
2000fa3c  ti_sysbios_knl_Swi_Object__count__C                         
2000fa40  ti_sysbios_knl_Task_E_spOutOfBounds__C                      
2000fa44  ti_sysbios_knl_Task_E_stackOverflow__C                      
2000fa48  ti_sysbios_knl_Task_LD_block__C                             
2000fa4c  ti_sysbios_knl_Task_LD_exit__C                              
2000fa50  ti_sysbios_knl_Task_LD_ready__C                             
2000fa54  ti_sysbios_knl_Task_LM_switch__C                            
2000fa58  ti_sysbios_knl_Task_Module_State_inactiveQ__O               
2000fa5c  ti_sysbios_knl_Task_Module__diagsEnabled__C                 
2000fa60  ti_sysbios_knl_Task_Module__diagsIncluded__C                
2000fa64  ti_sysbios_knl_Task_Module__diagsMask__C                    
2000fa68  ti_sysbios_knl_Task_Module__loggerFxn2__C                   
2000fa6c  ti_sysbios_knl_Task_Module__loggerFxn4__C                   
2000fa70  ti_sysbios_knl_Task_Module__loggerObj__C                    
2000fa74  ti_sysbios_knl_Task_Object__count__C                        
2000fa78  ti_sysbios_knl_Task_allBlockedFunc__C                       
2000fa7c  ti_sysbios_knl_Task_numConstructedTasks__C                  
2000fa80  xdc_runtime_Assert_E_assertFailed__C                        
2000fa84  xdc_runtime_Core_A_initializedParams__C                     
2000fa88  xdc_runtime_Core_Module__diagsEnabled__C                    
2000fa8c  xdc_runtime_Core_Module__diagsIncluded__C                   
2000fa90  xdc_runtime_Core_Module__diagsMask__C                       
2000fa94  xdc_runtime_Error_E_memory__C                               
2000fa98  xdc_runtime_Error_Module__diagsEnabled__C                   
2000fa9c  xdc_runtime_Error_Module__diagsIncluded__C                  
2000faa0  xdc_runtime_Error_Module__diagsMask__C                      
2000faa4  xdc_runtime_Error_Module__loggerFxn8__C                     
2000faa8  xdc_runtime_Error_Module__loggerObj__C                      
2000faac  xdc_runtime_Error_policyFxn__C                              
2000fab0  xdc_runtime_Error_raiseHook__C                              
2000fab4  xdc_runtime_IFilterLogger_Interface__BASE__C                
2000fab8  xdc_runtime_IGateProvider_Interface__BASE__C                
2000fabc  xdc_runtime_IHeap_Interface__BASE__C                        
2000fac0  xdc_runtime_ILogger_Interface__BASE__C                      
2000fac4  xdc_runtime_IModule_Interface__BASE__C                      
2000fac8  xdc_runtime_Log_L_error__C                                  
2000facc  xdc_runtime_LoggerBuf_E_badLevel__C                         
2000fad0  xdc_runtime_LoggerBuf_Module__gateObj__C                    
2000fad4  xdc_runtime_LoggerBuf_Object__count__C                      
2000fad8  xdc_runtime_LoggerBuf_statusLogger__C                       
2000fadc  xdc_runtime_Memory_defaultHeapInstance__C                   
2000fae0  xdc_runtime_Startup_execImpl__C                             
2000fae4  xdc_runtime_Startup_maxPasses__C                            
2000fae8  xdc_runtime_Startup_sfxnRts__C                              
2000faec  xdc_runtime_Startup_sfxnTab__C                              
2000faf0  xdc_runtime_SysMin_bufSize__C                               
2000faf4  xdc_runtime_SysMin_outputFunc__C                            
2000faf8  xdc_runtime_System_Module__gateObj__C                       
2000fafc  xdc_runtime_System_abortFxn__C                              
2000fb00  xdc_runtime_System_exitFxn__C                               
2000fb04  xdc_runtime_System_extendFxn__C                             
2000fb08  xdc_runtime_System_maxAtexitHandlers__C                     
2000fb0c  xdc_runtime_Text_charTab__C                                 
2000fb10  xdc_runtime_Text_nameEmpty__C                               
2000fb14  xdc_runtime_Text_nameStatic__C                              
2000fb18  xdc_runtime_Text_nameUnknown__C                             
2000fb1c  xdc_runtime_Text_nodeTab__C                                 
2000fb20  xdc_runtime_Text_visitRopeFxn__C                            
2000fb24  ti_sysbios_family_arm_m3_Timer_Module__id__C                
2000fb26  ti_sysbios_family_arm_m3_TimestampProvider_configTimer__C   
2000fb28  ti_sysbios_gates_GateMutex_Module__id__C                    
2000fb2a  ti_sysbios_hal_Hwi_Module__id__C                            
2000fb2c  ti_sysbios_heaps_HeapMem_Module__id__C                      
2000fb2e  ti_sysbios_knl_Clock_Module__id__C                          
2000fb30  ti_sysbios_knl_Clock_Module__loggerDefined__C               
2000fb32  ti_sysbios_knl_Semaphore_Module__id__C                      
2000fb34  ti_sysbios_knl_Semaphore_Module__loggerDefined__C           
2000fb36  ti_sysbios_knl_Swi_Module__id__C                            
2000fb38  ti_sysbios_knl_Swi_Module__loggerDefined__C                 
2000fb3a  ti_sysbios_knl_Task_Module__id__C                           
2000fb3c  ti_sysbios_knl_Task_Module__loggerDefined__C                
2000fb3e  xdc_runtime_Core_Module__id__C                              
2000fb40  xdc_runtime_Error_Module__loggerDefined__C                  
2000fb42  xdc_runtime_Error_maxDepth__C                               
2000fb44  xdc_runtime_LoggerBuf_Module__id__C                         
2000fb46  xdc_runtime_LoggerBuf_filterByLevel__C                      
2000fb48  xdc_runtime_Memory_Module__id__C                            
2000fb4a  xdc_runtime_SysMin_flushAtExit__C                           
2000fb4c  xdc_runtime_Text_charCnt__C                                 
2000fb4e  xdc_runtime_Text_isLoaded__C                                
2000fb50  xdc_runtime_Text_registryModsLastId__C                      
2000fb52  xdc_runtime_Text_unnamedModsLastId__C                       
2000fb58  __TI_static_base__                                          
2000fed8  __TI_Handler_Table_Base                                     
2000fee4  __TI_Handler_Table_Limit                                    
2000fef0  __TI_CINIT_Base                                             
2000ff00  __TI_CINIT_Limit                                            
20017000  ti_sysbios_heaps_HeapMem_Instance_State_0_buf__A            
2001f000  ti_sysbios_knl_Task_Instance_State_0_stack__A               
2001f800  xdc_runtime_LoggerBuf_Instance_State_0_entryArr__A          
2001fc00  xdc_runtime_SysMin_Module_State_0_outbuf__A                 
20020000  ti_sysbios_family_arm_m3_Hwi_dispatchTable                  
2002030c  __CIOBUF_                                                   
20020558  ti_sysbios_family_arm_m3_Hwi_Module__root__V                
20020560  ti_sysbios_family_arm_m3_Hwi_Object__table__V               
20020578  ti_sysbios_family_arm_m3_Hwi_Module_State_0_excActive__A    
2002057c  ti_sysbios_family_arm_m3_Hwi_Module_State_0_excContext__A   
20020580  ti_sysbios_family_arm_m3_Hwi_Module_State_0_excStack__A     
20020584  ti_sysbios_family_arm_m3_Timer_Module__root__V              
2002058c  ti_sysbios_family_arm_m3_Timer_Module__state__V             
20020598  ti_sysbios_family_arm_m3_TimestampProvider_Module__state__V 
2002059c  ti_sysbios_gates_GateHwi_Module__root__V                    
200205a4  ti_sysbios_gates_GateHwi_Object__table__V                   
200205a8  ti_sysbios_gates_GateMutex_Module__root__V                  
200205b0  ti_sysbios_hal_Hwi_Module__root__V                          
200205b8  ti_sysbios_hal_Timer_Module__root__V                        
200205c0  ti_sysbios_heaps_HeapMem_Module__root__V                    
200205c8  ti_sysbios_heaps_HeapMem_Object__table__V                   
200205e0  ti_sysbios_knl_Clock_Module__root__V                        
200205e8  ti_sysbios_knl_Event_Module__root__V                        
200205f0  ti_sysbios_knl_Mailbox_Module__root__V                      
200205f8  ti_sysbios_knl_Queue_Module__root__V                        
20020600  ti_sysbios_knl_Semaphore_Module__root__V                    
20020608  ti_sysbios_knl_Swi_Module__root__V                          
20020610  ti_sysbios_knl_Swi_Module__state__V                         
2002062c  ti_sysbios_knl_Task_Module__root__V                         
20020634  ti_sysbios_knl_Task_Module_State_0_idleTask__A              
20020638  xdc_runtime_Error_Module__state__V                          
2002063c  xdc_runtime_LoggerBuf_Module__root__V                       
20020644  xdc_runtime_LoggerBuf_Module__state__V                      
2002064c  xdc_runtime_Memory_Module__state__V                         
20020650  xdc_runtime_Registry_Module__state__V                       
20020658  xdc_runtime_Startup_Module__state__V                        
20020660  xdc_runtime_SysMin_Module__state__V                         
2002066c  xdc_runtime_System_Module_State_0_atexitHandlers__A         
2002067c  xdc_runtime_System_Module__state__V                         
20020684  xdc_runtime_Text_Module__state__V                           
2002068c  __xdc__init__addr                                           
20020740  _Denorm                                                     
20020750  _Eps                                                        
20020760  _Hugeval                                                    
20020770  _Inf                                                        
20020780  _Nan                                                        
20020790  _Snan                                                       
200207a0  _Rteps                                                      
200207b0  _Xbig                                                       
200207b8  _Zero                                                       
200207c0  ti_sysbios_knl_Swi_Module_State_0_readyQ__A                 
20020840  ti_sysbios_knl_Task_Module_State_0_readyQ__A                
200208c0  _FDenorm                                                    
200208d0  _FEps                                                       
200208e0  _FInf                                                       
200208f0  _FNan                                                       
20020900  _FSnan                                                      
20020910  _FRteps                                                     
20020920  _FXbig                                                      
20020924  _FZero                                                      
20020928  ti_sysbios_knl_Task_Object__table__V                        
20020974  ti_sysbios_knl_Task_Module__state__V                        
200209b8  ti_sysbios_gates_GateMutex_Object__table__V                 
200209f0  ti_sysbios_family_arm_m3_Hwi_Module__state__V               
20020a24  ti_sysbios_family_arm_m3_Timer_Object__table__V             
20020a54  ti_sysbios_knl_Swi_Object__table__V                         
20020a84  ti_sysbios_knl_Clock_Module__state__V                       
20020ab0  ti_sysbios_BIOS_Module__state__V                            
20020ad4  xdc_runtime_LoggerBuf_Object__table__V                      
20020af8  _lock                                                       
20020afc  _unlock                                                     
20020b00  __TI_cleanup_ptr                                            
20020b04  __TI_dtors_ptr                                              
20020b08  _Fenv                                                       
20020b0c  _Tls_setup__Fenv                                            
20020b18  _Errno                                                      
20020b1c  main_func_sp                                                
2002e000  __stack                                                     
20030000  __STACK_END                                                 
e000e000  ti_sysbios_family_arm_m3_Hwi_nvic                           
ffffffff  __binit__                                                   
ffffffff  __c_args__                                                  
ffffffff  binit                                                       
UNDEFED   SHT$$INIT_ARRAY$$Base                                       
UNDEFED   SHT$$INIT_ARRAY$$Limit                                      

[713 symbols]
